  Determining projects to restore...
  Restored /home/runner/work/Market-Data-Collector/Market-Data-Collector/src/MarketDataCollector.Uwp/MarketDataCollector.Uwp.csproj (in 2.34 sec).
  Restored /home/runner/work/Market-Data-Collector/Market-Data-Collector/src/MarketDataCollector.Contracts/MarketDataCollector.Contracts.csproj (in 2.4 sec).
  Restored /home/runner/work/Market-Data-Collector/Market-Data-Collector/src/MarketDataCollector.FSharp/MarketDataCollector.FSharp.fsproj (in 31 ms).
  Restored /home/runner/work/Market-Data-Collector/Market-Data-Collector/src/MarketDataCollector.Ui.Shared/MarketDataCollector.Ui.Shared.csproj (in 9.81 sec).
  Restored /home/runner/work/Market-Data-Collector/Market-Data-Collector/benchmarks/MarketDataCollector.Benchmarks/MarketDataCollector.Benchmarks.csproj (in 12.2 sec).
  Restored /home/runner/work/Market-Data-Collector/Market-Data-Collector/tests/MarketDataCollector.Tests/MarketDataCollector.Tests.csproj (in 9.74 sec).
  Restored /home/runner/work/Market-Data-Collector/Market-Data-Collector/src/MarketDataCollector.Wpf/MarketDataCollector.Wpf.csproj (in 2 ms).
  Restored /home/runner/work/Market-Data-Collector/Market-Data-Collector/tests/MarketDataCollector.FSharp.Tests/MarketDataCollector.FSharp.Tests.fsproj (in 1.16 sec).
  Restored /home/runner/work/Market-Data-Collector/Market-Data-Collector/src/MarketDataCollector.Ui/MarketDataCollector.Ui.csproj (in 13.96 sec).
  Restored /home/runner/work/Market-Data-Collector/Market-Data-Collector/src/MarketDataCollector/MarketDataCollector.csproj (in 1.8 sec).
  MarketDataCollector.Uwp -> /home/runner/work/Market-Data-Collector/Market-Data-Collector/src/MarketDataCollector.Uwp/bin/x64/Release/net9.0/MarketDataCollector.Uwp.dll
  MarketDataCollector.Wpf -> /home/runner/work/Market-Data-Collector/Market-Data-Collector/src/MarketDataCollector.Wpf/bin/Release/net9.0/MarketDataCollector.Wpf.dll
  Generated C# interop wrappers at /home/runner/work/Market-Data-Collector/Market-Data-Collector/src/MarketDataCollector.FSharp/Generated/MarketDataCollector.FSharp.Interop.g.cs
/home/runner/work/Market-Data-Collector/Market-Data-Collector/src/MarketDataCollector.Contracts/Api/StatusEndpointModels.cs(11,17): warning CS1591: Missing XML comment for publicly visible type or member 'BackpressureStatusDto.IsActive' [/home/runner/work/Market-Data-Collector/Market-Data-Collector/src/MarketDataCollector.Contracts/MarketDataCollector.Contracts.csproj]
/home/runner/work/Market-Data-Collector/Market-Data-Collector/src/MarketDataCollector.Contracts/Api/StatusEndpointModels.cs(14,19): warning CS1591: Missing XML comment for publicly visible type or member 'BackpressureStatusDto.Level' [/home/runner/work/Market-Data-Collector/Market-Data-Collector/src/MarketDataCollector.Contracts/MarketDataCollector.Contracts.csproj]
/home/runner/work/Market-Data-Collector/Market-Data-Collector/src/MarketDataCollector.Contracts/Api/StatusEndpointModels.cs(17,19): warning CS1591: Missing XML comment for publicly visible type or member 'BackpressureStatusDto.QueueUtilization' [/home/runner/work/Market-Data-Collector/Market-Data-Collector/src/MarketDataCollector.Contracts/MarketDataCollector.Contracts.csproj]
/home/runner/work/Market-Data-Collector/Market-Data-Collector/src/MarketDataCollector.Contracts/Api/StatusEndpointModels.cs(20,17): warning CS1591: Missing XML comment for publicly visible type or member 'BackpressureStatusDto.DroppedEvents' [/home/runner/work/Market-Data-Collector/Market-Data-Collector/src/MarketDataCollector.Contracts/MarketDataCollector.Contracts.csproj]
/home/runner/work/Market-Data-Collector/Market-Data-Collector/src/MarketDataCollector.Contracts/Api/StatusEndpointModels.cs(23,19): warning CS1591: Missing XML comment for publicly visible type or member 'BackpressureStatusDto.DropRate' [/home/runner/work/Market-Data-Collector/Market-Data-Collector/src/MarketDataCollector.Contracts/MarketDataCollector.Contracts.csproj]
/home/runner/work/Market-Data-Collector/Market-Data-Collector/src/MarketDataCollector.Contracts/Api/StatusEndpointModels.cs(26,19): warning CS1591: Missing XML comment for publicly visible type or member 'BackpressureStatusDto.DurationSeconds' [/home/runner/work/Market-Data-Collector/Market-Data-Collector/src/MarketDataCollector.Contracts/MarketDataCollector.Contracts.csproj]
/home/runner/work/Market-Data-Collector/Market-Data-Collector/src/MarketDataCollector.Contracts/Api/StatusEndpointModels.cs(29,20): warning CS1591: Missing XML comment for publicly visible type or member 'BackpressureStatusDto.Message' [/home/runner/work/Market-Data-Collector/Market-Data-Collector/src/MarketDataCollector.Contracts/MarketDataCollector.Contracts.csproj]
/home/runner/work/Market-Data-Collector/Market-Data-Collector/src/MarketDataCollector.Contracts/Api/StatusEndpointModels.cs(38,19): warning CS1591: Missing XML comment for publicly visible type or member 'ProviderLatencyStatsDto.Provider' [/home/runner/work/Market-Data-Collector/Market-Data-Collector/src/MarketDataCollector.Contracts/MarketDataCollector.Contracts.csproj]
/home/runner/work/Market-Data-Collector/Market-Data-Collector/src/MarketDataCollector.Contracts/Api/StatusEndpointModels.cs(41,19): warning CS1591: Missing XML comment for publicly visible type or member 'ProviderLatencyStatsDto.AverageMs' [/home/runner/work/Market-Data-Collector/Market-Data-Collector/src/MarketDataCollector.Contracts/MarketDataCollector.Contracts.csproj]
/home/runner/work/Market-Data-Collector/Market-Data-Collector/src/MarketDataCollector.Contracts/Api/StatusEndpointModels.cs(44,19): warning CS1591: Missing XML comment for publicly visible type or member 'ProviderLatencyStatsDto.MinMs' [/home/runner/work/Market-Data-Collector/Market-Data-Collector/src/MarketDataCollector.Contracts/MarketDataCollector.Contracts.csproj]
/home/runner/work/Market-Data-Collector/Market-Data-Collector/src/MarketDataCollector.Contracts/Api/StatusEndpointModels.cs(47,19): warning CS1591: Missing XML comment for publicly visible type or member 'ProviderLatencyStatsDto.MaxMs' [/home/runner/work/Market-Data-Collector/Market-Data-Collector/src/MarketDataCollector.Contracts/MarketDataCollector.Contracts.csproj]
/home/runner/work/Market-Data-Collector/Market-Data-Collector/src/MarketDataCollector.Contracts/Api/StatusEndpointModels.cs(50,19): warning CS1591: Missing XML comment for publicly visible type or member 'ProviderLatencyStatsDto.P50Ms' [/home/runner/work/Market-Data-Collector/Market-Data-Collector/src/MarketDataCollector.Contracts/MarketDataCollector.Contracts.csproj]
/home/runner/work/Market-Data-Collector/Market-Data-Collector/src/MarketDataCollector.Contracts/Api/StatusEndpointModels.cs(53,19): warning CS1591: Missing XML comment for publicly visible type or member 'ProviderLatencyStatsDto.P95Ms' [/home/runner/work/Market-Data-Collector/Market-Data-Collector/src/MarketDataCollector.Contracts/MarketDataCollector.Contracts.csproj]
/home/runner/work/Market-Data-Collector/Market-Data-Collector/src/MarketDataCollector.Contracts/Api/StatusEndpointModels.cs(56,19): warning CS1591: Missing XML comment for publicly visible type or member 'ProviderLatencyStatsDto.P99Ms' [/home/runner/work/Market-Data-Collector/Market-Data-Collector/src/MarketDataCollector.Contracts/MarketDataCollector.Contracts.csproj]
/home/runner/work/Market-Data-Collector/Market-Data-Collector/src/MarketDataCollector.Contracts/Api/StatusEndpointModels.cs(59,17): warning CS1591: Missing XML comment for publicly visible type or member 'ProviderLatencyStatsDto.SampleCount' [/home/runner/work/Market-Data-Collector/Market-Data-Collector/src/MarketDataCollector.Contracts/MarketDataCollector.Contracts.csproj]
/home/runner/work/Market-Data-Collector/Market-Data-Collector/src/MarketDataCollector.Contracts/Api/StatusEndpointModels.cs(62,17): warning CS1591: Missing XML comment for publicly visible type or member 'ProviderLatencyStatsDto.IsHealthy' [/home/runner/work/Market-Data-Collector/Market-Data-Collector/src/MarketDataCollector.Contracts/MarketDataCollector.Contracts.csproj]
/home/runner/work/Market-Data-Collector/Market-Data-Collector/src/MarketDataCollector.Contracts/Api/StatusEndpointModels.cs(71,27): warning CS1591: Missing XML comment for publicly visible type or member 'ProviderLatencySummaryDto.Timestamp' [/home/runner/work/Market-Data-Collector/Market-Data-Collector/src/MarketDataCollector.Contracts/MarketDataCollector.Contracts.csproj]
/home/runner/work/Market-Data-Collector/Market-Data-Collector/src/MarketDataCollector.Contracts/Api/StatusEndpointModels.cs(74,51): warning CS1591: Missing XML comment for publicly visible type or member 'ProviderLatencySummaryDto.Providers' [/home/runner/work/Market-Data-Collector/Market-Data-Collector/src/MarketDataCollector.Contracts/MarketDataCollector.Contracts.csproj]
/home/runner/work/Market-Data-Collector/Market-Data-Collector/src/MarketDataCollector.Contracts/Api/StatusEndpointModels.cs(77,19): warning CS1591: Missing XML comment for publicly visible type or member 'ProviderLatencySummaryDto.GlobalAverageMs' [/home/runner/work/Market-Data-Collector/Market-Data-Collector/src/MarketDataCollector.Contracts/MarketDataCollector.Contracts.csproj]
/home/runner/work/Market-Data-Collector/Market-Data-Collector/src/MarketDataCollector.Contracts/Api/StatusEndpointModels.cs(80,19): warning CS1591: Missing XML comment for publicly visible type or member 'ProviderLatencySummaryDto.GlobalP99Ms' [/home/runner/work/Market-Data-Collector/Market-Data-Collector/src/MarketDataCollector.Contracts/MarketDataCollector.Contracts.csproj]
/home/runner/work/Market-Data-Collector/Market-Data-Collector/src/MarketDataCollector.Contracts/Api/StatusEndpointModels.cs(89,19): warning CS1591: Missing XML comment for publicly visible type or member 'ConnectionHealthDto.ConnectionId' [/home/runner/work/Market-Data-Collector/Market-Data-Collector/src/MarketDataCollector.Contracts/MarketDataCollector.Contracts.csproj]
/home/runner/work/Market-Data-Collector/Market-Data-Collector/src/MarketDataCollector.Contracts/Api/StatusEndpointModels.cs(92,19): warning CS1591: Missing XML comment for publicly visible type or member 'ConnectionHealthDto.ProviderName' [/home/runner/work/Market-Data-Collector/Market-Data-Collector/src/MarketDataCollector.Contracts/MarketDataCollector.Contracts.csproj]
/home/runner/work/Market-Data-Collector/Market-Data-Collector/src/MarketDataCollector.Contracts/Api/StatusEndpointModels.cs(95,17): warning CS1591: Missing XML comment for publicly visible type or member 'ConnectionHealthDto.IsConnected' [/home/runner/work/Market-Data-Collector/Market-Data-Collector/src/MarketDataCollector.Contracts/MarketDataCollector.Contracts.csproj]
/home/runner/work/Market-Data-Collector/Market-Data-Collector/src/MarketDataCollector.Contracts/Api/StatusEndpointModels.cs(98,17): warning CS1591: Missing XML comment for publicly visible type or member 'ConnectionHealthDto.IsHealthy' [/home/runner/work/Market-Data-Collector/Market-Data-Collector/src/MarketDataCollector.Contracts/MarketDataCollector.Contracts.csproj]
/home/runner/work/Market-Data-Collector/Market-Data-Collector/src/MarketDataCollector.Contracts/Api/StatusEndpointModels.cs(101,28): warning CS1591: Missing XML comment for publicly visible type or member 'ConnectionHealthDto.LastHeartbeatTime' [/home/runner/work/Market-Data-Collector/Market-Data-Collector/src/MarketDataCollector.Contracts/MarketDataCollector.Contracts.csproj]
/home/runner/work/Market-Data-Collector/Market-Data-Collector/src/MarketDataCollector.Contracts/Api/StatusEndpointModels.cs(104,16): warning CS1591: Missing XML comment for publicly visible type or member 'ConnectionHealthDto.MissedHeartbeats' [/home/runner/work/Market-Data-Collector/Market-Data-Collector/src/MarketDataCollector.Contracts/MarketDataCollector.Contracts.csproj]
/home/runner/work/Market-Data-Collector/Market-Data-Collector/src/MarketDataCollector.Contracts/Api/StatusEndpointModels.cs(107,19): warning CS1591: Missing XML comment for publicly visible type or member 'ConnectionHealthDto.UptimeSeconds' [/home/runner/work/Market-Data-Collector/Market-Data-Collector/src/MarketDataCollector.Contracts/MarketDataCollector.Contracts.csproj]
/home/runner/work/Market-Data-Collector/Market-Data-Collector/src/MarketDataCollector.Contracts/Api/StatusEndpointModels.cs(110,19): warning CS1591: Missing XML comment for publicly visible type or member 'ConnectionHealthDto.AverageLatencyMs' [/home/runner/work/Market-Data-Collector/Market-Data-Collector/src/MarketDataCollector.Contracts/MarketDataCollector.Contracts.csproj]
/home/runner/work/Market-Data-Collector/Market-Data-Collector/src/MarketDataCollector.Contracts/Api/StatusEndpointModels.cs(119,27): warning CS1591: Missing XML comment for publicly visible type or member 'ConnectionHealthSnapshotDto.Timestamp' [/home/runner/work/Market-Data-Collector/Market-Data-Collector/src/MarketDataCollector.Contracts/MarketDataCollector.Contracts.csproj]
/home/runner/work/Market-Data-Collector/Market-Data-Collector/src/MarketDataCollector.Contracts/Api/StatusEndpointModels.cs(122,16): warning CS1591: Missing XML comment for publicly visible type or member 'ConnectionHealthSnapshotDto.TotalConnections' [/home/runner/work/Market-Data-Collector/Market-Data-Collector/src/MarketDataCollector.Contracts/MarketDataCollector.Contracts.csproj]
/home/runner/work/Market-Data-Collector/Market-Data-Collector/src/MarketDataCollector.Contracts/Api/StatusEndpointModels.cs(125,16): warning CS1591: Missing XML comment for publicly visible type or member 'ConnectionHealthSnapshotDto.HealthyConnections' [/home/runner/work/Market-Data-Collector/Market-Data-Collector/src/MarketDataCollector.Contracts/MarketDataCollector.Contracts.csproj]
/home/runner/work/Market-Data-Collector/Market-Data-Collector/src/MarketDataCollector.Contracts/Api/StatusEndpointModels.cs(128,16): warning CS1591: Missing XML comment for publicly visible type or member 'ConnectionHealthSnapshotDto.UnhealthyConnections' [/home/runner/work/Market-Data-Collector/Market-Data-Collector/src/MarketDataCollector.Contracts/MarketDataCollector.Contracts.csproj]
/home/runner/work/Market-Data-Collector/Market-Data-Collector/src/MarketDataCollector.Contracts/Api/StatusEndpointModels.cs(131,19): warning CS1591: Missing XML comment for publicly visible type or member 'ConnectionHealthSnapshotDto.GlobalAverageLatencyMs' [/home/runner/work/Market-Data-Collector/Market-Data-Collector/src/MarketDataCollector.Contracts/MarketDataCollector.Contracts.csproj]
/home/runner/work/Market-Data-Collector/Market-Data-Collector/src/MarketDataCollector.Contracts/Api/StatusEndpointModels.cs(134,19): warning CS1591: Missing XML comment for publicly visible type or member 'ConnectionHealthSnapshotDto.GlobalMinLatencyMs' [/home/runner/work/Market-Data-Collector/Market-Data-Collector/src/MarketDataCollector.Contracts/MarketDataCollector.Contracts.csproj]
/home/runner/work/Market-Data-Collector/Market-Data-Collector/src/MarketDataCollector.Contracts/Api/StatusEndpointModels.cs(137,19): warning CS1591: Missing XML comment for publicly visible type or member 'ConnectionHealthSnapshotDto.GlobalMaxLatencyMs' [/home/runner/work/Market-Data-Collector/Market-Data-Collector/src/MarketDataCollector.Contracts/MarketDataCollector.Contracts.csproj]
/home/runner/work/Market-Data-Collector/Market-Data-Collector/src/MarketDataCollector.Contracts/Api/StatusEndpointModels.cs(140,47): warning CS1591: Missing XML comment for publicly visible type or member 'ConnectionHealthSnapshotDto.Connections' [/home/runner/work/Market-Data-Collector/Market-Data-Collector/src/MarketDataCollector.Contracts/MarketDataCollector.Contracts.csproj]
/home/runner/work/Market-Data-Collector/Market-Data-Collector/src/MarketDataCollector.Contracts/Api/StatusEndpointModels.cs(149,19): warning CS1591: Missing XML comment for publicly visible type or member 'ErrorEntryDto.Id' [/home/runner/work/Market-Data-Collector/Market-Data-Collector/src/MarketDataCollector.Contracts/MarketDataCollector.Contracts.csproj]
/home/runner/work/Market-Data-Collector/Market-Data-Collector/src/MarketDataCollector.Contracts/Api/StatusEndpointModels.cs(152,27): warning CS1591: Missing XML comment for publicly visible type or member 'ErrorEntryDto.Timestamp' [/home/runner/work/Market-Data-Collector/Market-Data-Collector/src/MarketDataCollector.Contracts/MarketDataCollector.Contracts.csproj]
/home/runner/work/Market-Data-Collector/Market-Data-Collector/src/MarketDataCollector.Contracts/Api/StatusEndpointModels.cs(155,19): warning CS1591: Missing XML comment for publicly visible type or member 'ErrorEntryDto.Level' [/home/runner/work/Market-Data-Collector/Market-Data-Collector/src/MarketDataCollector.Contracts/MarketDataCollector.Contracts.csproj]
/home/runner/work/Market-Data-Collector/Market-Data-Collector/src/MarketDataCollector.Contracts/Api/StatusEndpointModels.cs(158,20): warning CS1591: Missing XML comment for publicly visible type or member 'ErrorEntryDto.Source' [/home/runner/work/Market-Data-Collector/Market-Data-Collector/src/MarketDataCollector.Contracts/MarketDataCollector.Contracts.csproj]
/home/runner/work/Market-Data-Collector/Market-Data-Collector/src/MarketDataCollector.Contracts/Api/StatusEndpointModels.cs(161,20): warning CS1591: Missing XML comment for publicly visible type or member 'ErrorEntryDto.Message' [/home/runner/work/Market-Data-Collector/Market-Data-Collector/src/MarketDataCollector.Contracts/MarketDataCollector.Contracts.csproj]
/home/runner/work/Market-Data-Collector/Market-Data-Collector/src/MarketDataCollector.Contracts/Api/StatusEndpointModels.cs(164,20): warning CS1591: Missing XML comment for publicly visible type or member 'ErrorEntryDto.ExceptionType' [/home/runner/work/Market-Data-Collector/Market-Data-Collector/src/MarketDataCollector.Contracts/MarketDataCollector.Contracts.csproj]
/home/runner/work/Market-Data-Collector/Market-Data-Collector/src/MarketDataCollector.Contracts/Api/StatusEndpointModels.cs(167,20): warning CS1591: Missing XML comment for publicly visible type or member 'ErrorEntryDto.Context' [/home/runner/work/Market-Data-Collector/Market-Data-Collector/src/MarketDataCollector.Contracts/MarketDataCollector.Contracts.csproj]
/home/runner/work/Market-Data-Collector/Market-Data-Collector/src/MarketDataCollector.Contracts/Api/StatusEndpointModels.cs(170,20): warning CS1591: Missing XML comment for publicly visible type or member 'ErrorEntryDto.Symbol' [/home/runner/work/Market-Data-Collector/Market-Data-Collector/src/MarketDataCollector.Contracts/MarketDataCollector.Contracts.csproj]
/home/runner/work/Market-Data-Collector/Market-Data-Collector/src/MarketDataCollector.Contracts/Api/StatusEndpointModels.cs(173,20): warning CS1591: Missing XML comment for publicly visible type or member 'ErrorEntryDto.Provider' [/home/runner/work/Market-Data-Collector/Market-Data-Collector/src/MarketDataCollector.Contracts/MarketDataCollector.Contracts.csproj]
/home/runner/work/Market-Data-Collector/Market-Data-Collector/src/MarketDataCollector.Contracts/Api/StatusEndpointModels.cs(182,16): warning CS1591: Missing XML comment for publicly visible type or member 'ErrorStatsDto.TotalErrors' [/home/runner/work/Market-Data-Collector/Market-Data-Collector/src/MarketDataCollector.Contracts/MarketDataCollector.Contracts.csproj]
/home/runner/work/Market-Data-Collector/Market-Data-Collector/src/MarketDataCollector.Contracts/Api/StatusEndpointModels.cs(185,16): warning CS1591: Missing XML comment for publicly visible type or member 'ErrorStatsDto.ErrorsInLastMinute' [/home/runner/work/Market-Data-Collector/Market-Data-Collector/src/MarketDataCollector.Contracts/MarketDataCollector.Contracts.csproj]
/home/runner/work/Market-Data-Collector/Market-Data-Collector/src/MarketDataCollector.Contracts/Api/StatusEndpointModels.cs(188,16): warning CS1591: Missing XML comment for publicly visible type or member 'ErrorStatsDto.ErrorsInLastHour' [/home/runner/work/Market-Data-Collector/Market-Data-Collector/src/MarketDataCollector.Contracts/MarketDataCollector.Contracts.csproj]
/home/runner/work/Market-Data-Collector/Market-Data-Collector/src/MarketDataCollector.Contracts/Api/StatusEndpointModels.cs(191,16): warning CS1591: Missing XML comment for publicly visible type or member 'ErrorStatsDto.WarningCount' [/home/runner/work/Market-Data-Collector/Market-Data-Collector/src/MarketDataCollector.Contracts/MarketDataCollector.Contracts.csproj]
/home/runner/work/Market-Data-Collector/Market-Data-Collector/src/MarketDataCollector.Contracts/Api/StatusEndpointModels.cs(194,16): warning CS1591: Missing XML comment for publicly visible type or member 'ErrorStatsDto.ErrorCount' [/home/runner/work/Market-Data-Collector/Market-Data-Collector/src/MarketDataCollector.Contracts/MarketDataCollector.Contracts.csproj]
/home/runner/work/Market-Data-Collector/Market-Data-Collector/src/MarketDataCollector.Contracts/Api/StatusEndpointModels.cs(197,16): warning CS1591: Missing XML comment for publicly visible type or member 'ErrorStatsDto.CriticalCount' [/home/runner/work/Market-Data-Collector/Market-Data-Collector/src/MarketDataCollector.Contracts/MarketDataCollector.Contracts.csproj]
/home/runner/work/Market-Data-Collector/Market-Data-Collector/src/MarketDataCollector.Contracts/Api/StatusEndpointModels.cs(200,28): warning CS1591: Missing XML comment for publicly visible type or member 'ErrorStatsDto.LastErrorTime' [/home/runner/work/Market-Data-Collector/Market-Data-Collector/src/MarketDataCollector.Contracts/MarketDataCollector.Contracts.csproj]
/home/runner/work/Market-Data-Collector/Market-Data-Collector/src/MarketDataCollector.Contracts/Api/StatusEndpointModels.cs(209,41): warning CS1591: Missing XML comment for publicly visible type or member 'ErrorsResponseDto.Errors' [/home/runner/work/Market-Data-Collector/Market-Data-Collector/src/MarketDataCollector.Contracts/MarketDataCollector.Contracts.csproj]
/home/runner/work/Market-Data-Collector/Market-Data-Collector/src/MarketDataCollector.Contracts/Api/StatusEndpointModels.cs(212,27): warning CS1591: Missing XML comment for publicly visible type or member 'ErrorsResponseDto.Stats' [/home/runner/work/Market-Data-Collector/Market-Data-Collector/src/MarketDataCollector.Contracts/MarketDataCollector.Contracts.csproj]
/home/runner/work/Market-Data-Collector/Market-Data-Collector/src/MarketDataCollector.Contracts/Api/StatusEndpointModels.cs(215,20): warning CS1591: Missing XML comment for publicly visible type or member 'ErrorsResponseDto.Message' [/home/runner/work/Market-Data-Collector/Market-Data-Collector/src/MarketDataCollector.Contracts/MarketDataCollector.Contracts.csproj]
/home/runner/work/Market-Data-Collector/Market-Data-Collector/src/MarketDataCollector.Contracts/Api/StatusEndpointModels.cs(223,19): warning CS1591: Missing XML comment for publicly visible type or member 'PrometheusMetricsDto.Content' [/home/runner/work/Market-Data-Collector/Market-Data-Collector/src/MarketDataCollector.Contracts/MarketDataCollector.Contracts.csproj]
/home/runner/work/Market-Data-Collector/Market-Data-Collector/src/MarketDataCollector.Contracts/Api/StatusModels.cs(11,17): warning CS1591: Missing XML comment for publicly visible type or member 'StatusResponse.IsConnected' [/home/runner/work/Market-Data-Collector/Market-Data-Collector/src/MarketDataCollector.Contracts/MarketDataCollector.Contracts.csproj]
/home/runner/work/Market-Data-Collector/Market-Data-Collector/src/MarketDataCollector.Contracts/Api/StatusModels.cs(14,27): warning CS1591: Missing XML comment for publicly visible type or member 'StatusResponse.TimestampUtc' [/home/runner/work/Market-Data-Collector/Market-Data-Collector/src/MarketDataCollector.Contracts/MarketDataCollector.Contracts.csproj]
/home/runner/work/Market-Data-Collector/Market-Data-Collector/src/MarketDataCollector.Contracts/Api/StatusModels.cs(17,25): warning CS1591: Missing XML comment for publicly visible type or member 'StatusResponse.Metrics' [/home/runner/work/Market-Data-Collector/Market-Data-Collector/src/MarketDataCollector.Contracts/MarketDataCollector.Contracts.csproj]
/home/runner/work/Market-Data-Collector/Market-Data-Collector/src/MarketDataCollector.Contracts/Api/StatusModels.cs(20,26): warning CS1591: Missing XML comment for publicly visible type or member 'StatusResponse.Pipeline' [/home/runner/work/Market-Data-Collector/Market-Data-Collector/src/MarketDataCollector.Contracts/MarketDataCollector.Contracts.csproj]
/home/runner/work/Market-Data-Collector/Market-Data-Collector/src/MarketDataCollector.Contracts/Api/StatusModels.cs(29,17): warning CS1591: Missing XML comment for publicly visible type or member 'MetricsData.Published' [/home/runner/work/Market-Data-Collector/Market-Data-Collector/src/MarketDataCollector.Contracts/MarketDataCollector.Contracts.csproj]
/home/runner/work/Market-Data-Collector/Market-Data-Collector/src/MarketDataCollector.Contracts/Api/StatusModels.cs(32,17): warning CS1591: Missing XML comment for publicly visible type or member 'MetricsData.Dropped' [/home/runner/work/Market-Data-Collector/Market-Data-Collector/src/MarketDataCollector.Contracts/MarketDataCollector.Contracts.csproj]
/home/runner/work/Market-Data-Collector/Market-Data-Collector/src/MarketDataCollector.Contracts/Api/StatusModels.cs(35,17): warning CS1591: Missing XML comment for publicly visible type or member 'MetricsData.Integrity' [/home/runner/work/Market-Data-Collector/Market-Data-Collector/src/MarketDataCollector.Contracts/MarketDataCollector.Contracts.csproj]
/home/runner/work/Market-Data-Collector/Market-Data-Collector/src/MarketDataCollector.Contracts/Api/StatusModels.cs(38,17): warning CS1591: Missing XML comment for publicly visible type or member 'MetricsData.HistoricalBars' [/home/runner/work/Market-Data-Collector/Market-Data-Collector/src/MarketDataCollector.Contracts/MarketDataCollector.Contracts.csproj]
/home/runner/work/Market-Data-Collector/Market-Data-Collector/src/MarketDataCollector.Contracts/Api/StatusModels.cs(41,19): warning CS1591: Missing XML comment for publicly visible type or member 'MetricsData.EventsPerSecond' [/home/runner/work/Market-Data-Collector/Market-Data-Collector/src/MarketDataCollector.Contracts/MarketDataCollector.Contracts.csproj]
/home/runner/work/Market-Data-Collector/Market-Data-Collector/src/MarketDataCollector.Contracts/Api/StatusModels.cs(44,19): warning CS1591: Missing XML comment for publicly visible type or member 'MetricsData.DropRate' [/home/runner/work/Market-Data-Collector/Market-Data-Collector/src/MarketDataCollector.Contracts/MarketDataCollector.Contracts.csproj]
/home/runner/work/Market-Data-Collector/Market-Data-Collector/src/MarketDataCollector.Contracts/Api/StatusModels.cs(47,17): warning CS1591: Missing XML comment for publicly visible type or member 'MetricsData.Trades' [/home/runner/work/Market-Data-Collector/Market-Data-Collector/src/MarketDataCollector.Contracts/MarketDataCollector.Contracts.csproj]
/home/runner/work/Market-Data-Collector/Market-Data-Collector/src/MarketDataCollector.Contracts/Api/StatusModels.cs(50,17): warning CS1591: Missing XML comment for publicly visible type or member 'MetricsData.DepthUpdates' [/home/runner/work/Market-Data-Collector/Market-Data-Collector/src/MarketDataCollector.Contracts/MarketDataCollector.Contracts.csproj]
/home/runner/work/Market-Data-Collector/Market-Data-Collector/src/MarketDataCollector.Contracts/Api/StatusModels.cs(53,17): warning CS1591: Missing XML comment for publicly visible type or member 'MetricsData.Quotes' [/home/runner/work/Market-Data-Collector/Market-Data-Collector/src/MarketDataCollector.Contracts/MarketDataCollector.Contracts.csproj]
/home/runner/work/Market-Data-Collector/Market-Data-Collector/src/MarketDataCollector.Contracts/Api/StatusModels.cs(62,17): warning CS1591: Missing XML comment for publicly visible type or member 'PipelineData.PublishedCount' [/home/runner/work/Market-Data-Collector/Market-Data-Collector/src/MarketDataCollector.Contracts/MarketDataCollector.Contracts.csproj]
/home/runner/work/Market-Data-Collector/Market-Data-Collector/src/MarketDataCollector.Contracts/Api/StatusModels.cs(65,17): warning CS1591: Missing XML comment for publicly visible type or member 'PipelineData.DroppedCount' [/home/runner/work/Market-Data-Collector/Market-Data-Collector/src/MarketDataCollector.Contracts/MarketDataCollector.Contracts.csproj]
/home/runner/work/Market-Data-Collector/Market-Data-Collector/src/MarketDataCollector.Contracts/Api/StatusModels.cs(68,17): warning CS1591: Missing XML comment for publicly visible type or member 'PipelineData.ConsumedCount' [/home/runner/work/Market-Data-Collector/Market-Data-Collector/src/MarketDataCollector.Contracts/MarketDataCollector.Contracts.csproj]
/home/runner/work/Market-Data-Collector/Market-Data-Collector/src/MarketDataCollector.Contracts/Api/StatusModels.cs(71,16): warning CS1591: Missing XML comment for publicly visible type or member 'PipelineData.CurrentQueueSize' [/home/runner/work/Market-Data-Collector/Market-Data-Collector/src/MarketDataCollector.Contracts/MarketDataCollector.Contracts.csproj]
/home/runner/work/Market-Data-Collector/Market-Data-Collector/src/MarketDataCollector.Contracts/Api/StatusModels.cs(74,17): warning CS1591: Missing XML comment for publicly visible type or member 'PipelineData.PeakQueueSize' [/home/runner/work/Market-Data-Collector/Market-Data-Collector/src/MarketDataCollector.Contracts/MarketDataCollector.Contracts.csproj]
/home/runner/work/Market-Data-Collector/Market-Data-Collector/src/MarketDataCollector.Contracts/Api/StatusModels.cs(77,16): warning CS1591: Missing XML comment for publicly visible type or member 'PipelineData.QueueCapacity' [/home/runner/work/Market-Data-Collector/Market-Data-Collector/src/MarketDataCollector.Contracts/MarketDataCollector.Contracts.csproj]
/home/runner/work/Market-Data-Collector/Market-Data-Collector/src/MarketDataCollector.Contracts/Api/StatusModels.cs(80,19): warning CS1591: Missing XML comment for publicly visible type or member 'PipelineData.QueueUtilization' [/home/runner/work/Market-Data-Collector/Market-Data-Collector/src/MarketDataCollector.Contracts/MarketDataCollector.Contracts.csproj]
/home/runner/work/Market-Data-Collector/Market-Data-Collector/src/MarketDataCollector.Contracts/Api/StatusModels.cs(83,19): warning CS1591: Missing XML comment for publicly visible type or member 'PipelineData.AverageProcessingTimeUs' [/home/runner/work/Market-Data-Collector/Market-Data-Collector/src/MarketDataCollector.Contracts/MarketDataCollector.Contracts.csproj]
/home/runner/work/Market-Data-Collector/Market-Data-Collector/src/MarketDataCollector.Contracts/Api/StatusModels.cs(92,19): warning CS1591: Missing XML comment for publicly visible type or member 'HealthCheckResponse.Status' [/home/runner/work/Market-Data-Collector/Market-Data-Collector/src/MarketDataCollector.Contracts/MarketDataCollector.Contracts.csproj]
/home/runner/work/Market-Data-Collector/Market-Data-Collector/src/MarketDataCollector.Contracts/Api/StatusModels.cs(95,27): warning CS1591: Missing XML comment for publicly visible type or member 'HealthCheckResponse.Timestamp' [/home/runner/work/Market-Data-Collector/Market-Data-Collector/src/MarketDataCollector.Contracts/MarketDataCollector.Contracts.csproj]
/home/runner/work/Market-Data-Collector/Market-Data-Collector/src/MarketDataCollector.Contracts/Api/StatusModels.cs(98,21): warning CS1591: Missing XML comment for publicly visible type or member 'HealthCheckResponse.Uptime' [/home/runner/work/Market-Data-Collector/Market-Data-Collector/src/MarketDataCollector.Contracts/MarketDataCollector.Contracts.csproj]
/home/runner/work/Market-Data-Collector/Market-Data-Collector/src/MarketDataCollector.Contracts/Api/StatusModels.cs(101,31): warning CS1591: Missing XML comment for publicly visible type or member 'HealthCheckResponse.Checks' [/home/runner/work/Market-Data-Collector/Market-Data-Collector/src/MarketDataCollector.Contracts/MarketDataCollector.Contracts.csproj]
/home/runner/work/Market-Data-Collector/Market-Data-Collector/src/MarketDataCollector.Contracts/Api/StatusModels.cs(110,19): warning CS1591: Missing XML comment for publicly visible type or member 'HealthCheckItem.Name' [/home/runner/work/Market-Data-Collector/Market-Data-Collector/src/MarketDataCollector.Contracts/MarketDataCollector.Contracts.csproj]
/home/runner/work/Market-Data-Collector/Market-Data-Collector/src/MarketDataCollector.Contracts/Api/StatusModels.cs(113,19): warning CS1591: Missing XML comment for publicly visible type or member 'HealthCheckItem.Status' [/home/runner/work/Market-Data-Collector/Market-Data-Collector/src/MarketDataCollector.Contracts/MarketDataCollector.Contracts.csproj]
/home/runner/work/Market-Data-Collector/Market-Data-Collector/src/MarketDataCollector.Contracts/Api/StatusModels.cs(116,20): warning CS1591: Missing XML comment for publicly visible type or member 'HealthCheckItem.Message' [/home/runner/work/Market-Data-Collector/Market-Data-Collector/src/MarketDataCollector.Contracts/MarketDataCollector.Contracts.csproj]
/home/runner/work/Market-Data-Collector/Market-Data-Collector/src/MarketDataCollector.Contracts/Api/StatusModels.cs(125,19): warning CS1591: Missing XML comment for publicly visible type or member 'BackfillProviderInfo.Name' [/home/runner/work/Market-Data-Collector/Market-Data-Collector/src/MarketDataCollector.Contracts/MarketDataCollector.Contracts.csproj]
/home/runner/work/Market-Data-Collector/Market-Data-Collector/src/MarketDataCollector.Contracts/Api/StatusModels.cs(128,19): warning CS1591: Missing XML comment for publicly visible type or member 'BackfillProviderInfo.DisplayName' [/home/runner/work/Market-Data-Collector/Market-Data-Collector/src/MarketDataCollector.Contracts/MarketDataCollector.Contracts.csproj]
/home/runner/work/Market-Data-Collector/Market-Data-Collector/src/MarketDataCollector.Contracts/Api/StatusModels.cs(131,20): warning CS1591: Missing XML comment for publicly visible type or member 'BackfillProviderInfo.Description' [/home/runner/work/Market-Data-Collector/Market-Data-Collector/src/MarketDataCollector.Contracts/MarketDataCollector.Contracts.csproj]
/home/runner/work/Market-Data-Collector/Market-Data-Collector/src/MarketDataCollector.Contracts/Api/StatusModels.cs(134,17): warning CS1591: Missing XML comment for publicly visible type or member 'BackfillProviderInfo.IsAvailable' [/home/runner/work/Market-Data-Collector/Market-Data-Collector/src/MarketDataCollector.Contracts/MarketDataCollector.Contracts.csproj]
/home/runner/work/Market-Data-Collector/Market-Data-Collector/src/MarketDataCollector.Contracts/Api/StatusModels.cs(137,17): warning CS1591: Missing XML comment for publicly visible type or member 'BackfillProviderInfo.RequiresApiKey' [/home/runner/work/Market-Data-Collector/Market-Data-Collector/src/MarketDataCollector.Contracts/MarketDataCollector.Contracts.csproj]
/home/runner/work/Market-Data-Collector/Market-Data-Collector/src/MarketDataCollector.Contracts/Api/StatusModels.cs(146,17): warning CS1591: Missing XML comment for publicly visible type or member 'BackfillResult.Success' [/home/runner/work/Market-Data-Collector/Market-Data-Collector/src/MarketDataCollector.Contracts/MarketDataCollector.Contracts.csproj]
/home/runner/work/Market-Data-Collector/Market-Data-Collector/src/MarketDataCollector.Contracts/Api/StatusModels.cs(149,20): warning CS1591: Missing XML comment for publicly visible type or member 'BackfillResult.Provider' [/home/runner/work/Market-Data-Collector/Market-Data-Collector/src/MarketDataCollector.Contracts/MarketDataCollector.Contracts.csproj]
/home/runner/work/Market-Data-Collector/Market-Data-Collector/src/MarketDataCollector.Contracts/Api/StatusModels.cs(152,22): warning CS1591: Missing XML comment for publicly visible type or member 'BackfillResult.Symbols' [/home/runner/work/Market-Data-Collector/Market-Data-Collector/src/MarketDataCollector.Contracts/MarketDataCollector.Contracts.csproj]
/home/runner/work/Market-Data-Collector/Market-Data-Collector/src/MarketDataCollector.Contracts/Api/StatusModels.cs(155,16): warning CS1591: Missing XML comment for publicly visible type or member 'BackfillResult.BarsWritten' [/home/runner/work/Market-Data-Collector/Market-Data-Collector/src/MarketDataCollector.Contracts/MarketDataCollector.Contracts.csproj]
/home/runner/work/Market-Data-Collector/Market-Data-Collector/src/MarketDataCollector.Contracts/Api/StatusModels.cs(158,28): warning CS1591: Missing XML comment for publicly visible type or member 'BackfillResult.StartedUtc' [/home/runner/work/Market-Data-Collector/Market-Data-Collector/src/MarketDataCollector.Contracts/MarketDataCollector.Contracts.csproj]
/home/runner/work/Market-Data-Collector/Market-Data-Collector/src/MarketDataCollector.Contracts/Api/StatusModels.cs(161,28): warning CS1591: Missing XML comment for publicly visible type or member 'BackfillResult.CompletedUtc' [/home/runner/work/Market-Data-Collector/Market-Data-Collector/src/MarketDataCollector.Contracts/MarketDataCollector.Contracts.csproj]
/home/runner/work/Market-Data-Collector/Market-Data-Collector/src/MarketDataCollector.Contracts/Api/StatusModels.cs(164,20): warning CS1591: Missing XML comment for publicly visible type or member 'BackfillResult.Error' [/home/runner/work/Market-Data-Collector/Market-Data-Collector/src/MarketDataCollector.Contracts/MarketDataCollector.Contracts.csproj]
/home/runner/work/Market-Data-Collector/Market-Data-Collector/src/MarketDataCollector.Contracts/Api/StatusModels.cs(167,36): warning CS1591: Missing XML comment for publicly visible type or member 'BackfillResult.SymbolResults' [/home/runner/work/Market-Data-Collector/Market-Data-Collector/src/MarketDataCollector.Contracts/MarketDataCollector.Contracts.csproj]
/home/runner/work/Market-Data-Collector/Market-Data-Collector/src/MarketDataCollector.Contracts/Api/StatusModels.cs(176,19): warning CS1591: Missing XML comment for publicly visible type or member 'SymbolBackfillResult.Symbol' [/home/runner/work/Market-Data-Collector/Market-Data-Collector/src/MarketDataCollector.Contracts/MarketDataCollector.Contracts.csproj]
/home/runner/work/Market-Data-Collector/Market-Data-Collector/src/MarketDataCollector.Contracts/Api/StatusModels.cs(179,17): warning CS1591: Missing XML comment for publicly visible type or member 'SymbolBackfillResult.Success' [/home/runner/work/Market-Data-Collector/Market-Data-Collector/src/MarketDataCollector.Contracts/MarketDataCollector.Contracts.csproj]
/home/runner/work/Market-Data-Collector/Market-Data-Collector/src/MarketDataCollector.Contracts/Api/StatusModels.cs(182,16): warning CS1591: Missing XML comment for publicly visible type or member 'SymbolBackfillResult.BarsDownloaded' [/home/runner/work/Market-Data-Collector/Market-Data-Collector/src/MarketDataCollector.Contracts/MarketDataCollector.Contracts.csproj]
/home/runner/work/Market-Data-Collector/Market-Data-Collector/src/MarketDataCollector.Contracts/Api/StatusModels.cs(185,20): warning CS1591: Missing XML comment for publicly visible type or member 'SymbolBackfillResult.Provider' [/home/runner/work/Market-Data-Collector/Market-Data-Collector/src/MarketDataCollector.Contracts/MarketDataCollector.Contracts.csproj]
/home/runner/work/Market-Data-Collector/Market-Data-Collector/src/MarketDataCollector.Contracts/Api/StatusModels.cs(188,20): warning CS1591: Missing XML comment for publicly visible type or member 'SymbolBackfillResult.Error' [/home/runner/work/Market-Data-Collector/Market-Data-Collector/src/MarketDataCollector.Contracts/MarketDataCollector.Contracts.csproj]
/home/runner/work/Market-Data-Collector/Market-Data-Collector/src/MarketDataCollector.Contracts/Api/StatusModels.cs(197,20): warning CS1591: Missing XML comment for publicly visible type or member 'BackfillRequest.Provider' [/home/runner/work/Market-Data-Collector/Market-Data-Collector/src/MarketDataCollector.Contracts/MarketDataCollector.Contracts.csproj]
/home/runner/work/Market-Data-Collector/Market-Data-Collector/src/MarketDataCollector.Contracts/Api/StatusModels.cs(200,21): warning CS1591: Missing XML comment for publicly visible type or member 'BackfillRequest.Symbols' [/home/runner/work/Market-Data-Collector/Market-Data-Collector/src/MarketDataCollector.Contracts/MarketDataCollector.Contracts.csproj]
/home/runner/work/Market-Data-Collector/Market-Data-Collector/src/MarketDataCollector.Contracts/Api/StatusModels.cs(203,20): warning CS1591: Missing XML comment for publicly visible type or member 'BackfillRequest.From' [/home/runner/work/Market-Data-Collector/Market-Data-Collector/src/MarketDataCollector.Contracts/MarketDataCollector.Contracts.csproj]
/home/runner/work/Market-Data-Collector/Market-Data-Collector/src/MarketDataCollector.Contracts/Api/StatusModels.cs(206,20): warning CS1591: Missing XML comment for publicly visible type or member 'BackfillRequest.To' [/home/runner/work/Market-Data-Collector/Market-Data-Collector/src/MarketDataCollector.Contracts/MarketDataCollector.Contracts.csproj]
/home/runner/work/Market-Data-Collector/Market-Data-Collector/src/MarketDataCollector.Contracts/Api/StatusModels.cs(209,19): warning CS1591: Missing XML comment for publicly visible type or member 'BackfillRequest.Granularity' [/home/runner/work/Market-Data-Collector/Market-Data-Collector/src/MarketDataCollector.Contracts/MarketDataCollector.Contracts.csproj]
/home/runner/work/Market-Data-Collector/Market-Data-Collector/src/MarketDataCollector.Contracts/Api/StatusModels.cs(218,17): warning CS1591: Missing XML comment for publicly visible type or member 'StorageAnalytics.TotalSizeBytes' [/home/runner/work/Market-Data-Collector/Market-Data-Collector/src/MarketDataCollector.Contracts/MarketDataCollector.Contracts.csproj]
/home/runner/work/Market-Data-Collector/Market-Data-Collector/src/MarketDataCollector.Contracts/Api/StatusModels.cs(221,17): warning CS1591: Missing XML comment for publicly visible type or member 'StorageAnalytics.TradeSizeBytes' [/home/runner/work/Market-Data-Collector/Market-Data-Collector/src/MarketDataCollector.Contracts/MarketDataCollector.Contracts.csproj]
/home/runner/work/Market-Data-Collector/Market-Data-Collector/src/MarketDataCollector.Contracts/Api/StatusModels.cs(224,17): warning CS1591: Missing XML comment for publicly visible type or member 'StorageAnalytics.DepthSizeBytes' [/home/runner/work/Market-Data-Collector/Market-Data-Collector/src/MarketDataCollector.Contracts/MarketDataCollector.Contracts.csproj]
/home/runner/work/Market-Data-Collector/Market-Data-Collector/src/MarketDataCollector.Contracts/Api/StatusModels.cs(227,17): warning CS1591: Missing XML comment for publicly visible type or member 'StorageAnalytics.HistoricalSizeBytes' [/home/runner/work/Market-Data-Collector/Market-Data-Collector/src/MarketDataCollector.Contracts/MarketDataCollector.Contracts.csproj]
/home/runner/work/Market-Data-Collector/Market-Data-Collector/src/MarketDataCollector.Contracts/Api/StatusModels.cs(230,16): warning CS1591: Missing XML comment for publicly visible type or member 'StorageAnalytics.TotalFileCount' [/home/runner/work/Market-Data-Collector/Market-Data-Collector/src/MarketDataCollector.Contracts/MarketDataCollector.Contracts.csproj]
/home/runner/work/Market-Data-Collector/Market-Data-Collector/src/MarketDataCollector.Contracts/Api/StatusModels.cs(233,27): warning CS1591: Missing XML comment for publicly visible type or member 'StorageAnalytics.LastUpdated' [/home/runner/work/Market-Data-Collector/Market-Data-Collector/src/MarketDataCollector.Contracts/MarketDataCollector.Contracts.csproj]
/home/runner/work/Market-Data-Collector/Market-Data-Collector/src/MarketDataCollector.Contracts/Api/StatusModels.cs(236,33): warning CS1591: Missing XML comment for publicly visible type or member 'StorageAnalytics.SymbolBreakdown' [/home/runner/work/Market-Data-Collector/Market-Data-Collector/src/MarketDataCollector.Contracts/MarketDataCollector.Contracts.csproj]
/home/runner/work/Market-Data-Collector/Market-Data-Collector/src/MarketDataCollector.Contracts/Api/StatusModels.cs(239,17): warning CS1591: Missing XML comment for publicly visible type or member 'StorageAnalytics.DailyGrowthBytes' [/home/runner/work/Market-Data-Collector/Market-Data-Collector/src/MarketDataCollector.Contracts/MarketDataCollector.Contracts.csproj]
/home/runner/work/Market-Data-Collector/Market-Data-Collector/src/MarketDataCollector.Contracts/Api/StatusModels.cs(242,17): warning CS1591: Missing XML comment for publicly visible type or member 'StorageAnalytics.ProjectedDaysUntilFull' [/home/runner/work/Market-Data-Collector/Market-Data-Collector/src/MarketDataCollector.Contracts/MarketDataCollector.Contracts.csproj]
/home/runner/work/Market-Data-Collector/Market-Data-Collector/src/MarketDataCollector.Contracts/Api/StatusModels.cs(251,19): warning CS1591: Missing XML comment for publicly visible type or member 'SymbolStorageInfo.Symbol' [/home/runner/work/Market-Data-Collector/Market-Data-Collector/src/MarketDataCollector.Contracts/MarketDataCollector.Contracts.csproj]
/home/runner/work/Market-Data-Collector/Market-Data-Collector/src/MarketDataCollector.Contracts/Api/StatusModels.cs(254,17): warning CS1591: Missing XML comment for publicly visible type or member 'SymbolStorageInfo.SizeBytes' [/home/runner/work/Market-Data-Collector/Market-Data-Collector/src/MarketDataCollector.Contracts/MarketDataCollector.Contracts.csproj]
/home/runner/work/Market-Data-Collector/Market-Data-Collector/src/MarketDataCollector.Contracts/Api/StatusModels.cs(257,16): warning CS1591: Missing XML comment for publicly visible type or member 'SymbolStorageInfo.FileCount' [/home/runner/work/Market-Data-Collector/Market-Data-Collector/src/MarketDataCollector.Contracts/MarketDataCollector.Contracts.csproj]
/home/runner/work/Market-Data-Collector/Market-Data-Collector/src/MarketDataCollector.Contracts/Api/StatusModels.cs(260,19): warning CS1591: Missing XML comment for publicly visible type or member 'SymbolStorageInfo.PercentOfTotal' [/home/runner/work/Market-Data-Collector/Market-Data-Collector/src/MarketDataCollector.Contracts/MarketDataCollector.Contracts.csproj]
/home/runner/work/Market-Data-Collector/Market-Data-Collector/src/MarketDataCollector.Contracts/Api/StatusModels.cs(263,28): warning CS1591: Missing XML comment for publicly visible type or member 'SymbolStorageInfo.OldestData' [/home/runner/work/Market-Data-Collector/Market-Data-Collector/src/MarketDataCollector.Contracts/MarketDataCollector.Contracts.csproj]
/home/runner/work/Market-Data-Collector/Market-Data-Collector/src/MarketDataCollector.Contracts/Api/StatusModels.cs(266,28): warning CS1591: Missing XML comment for publicly visible type or member 'SymbolStorageInfo.NewestData' [/home/runner/work/Market-Data-Collector/Market-Data-Collector/src/MarketDataCollector.Contracts/MarketDataCollector.Contracts.csproj]
/home/runner/work/Market-Data-Collector/Market-Data-Collector/src/MarketDataCollector.Contracts/Api/UiApiClient.cs(17,12): warning CS1591: Missing XML comment for publicly visible type or member 'UiApiClient.UiApiClient(HttpClient, string, JsonSerializerOptions?)' [/home/runner/work/Market-Data-Collector/Market-Data-Collector/src/MarketDataCollector.Contracts/MarketDataCollector.Contracts.csproj]
/home/runner/work/Market-Data-Collector/Market-Data-Collector/src/MarketDataCollector.Contracts/Api/UiApiClient.cs(29,19): warning CS1591: Missing XML comment for publicly visible type or member 'UiApiClient.BaseUrl' [/home/runner/work/Market-Data-Collector/Market-Data-Collector/src/MarketDataCollector.Contracts/MarketDataCollector.Contracts.csproj]
/home/runner/work/Market-Data-Collector/Market-Data-Collector/src/MarketDataCollector.Contracts/Api/UiApiClient.cs(31,17): warning CS1591: Missing XML comment for publicly visible type or member 'UiApiClient.UpdateBaseUrl(string)' [/home/runner/work/Market-Data-Collector/Market-Data-Collector/src/MarketDataCollector.Contracts/MarketDataCollector.Contracts.csproj]
/home/runner/work/Market-Data-Collector/Market-Data-Collector/src/MarketDataCollector.Contracts/Api/UiApiClient.cs(40,40): warning CS1591: Missing XML comment for publicly visible type or member 'UiApiClient.GetStatusAsync(CancellationToken)' [/home/runner/work/Market-Data-Collector/Market-Data-Collector/src/MarketDataCollector.Contracts/MarketDataCollector.Contracts.csproj]
/home/runner/work/Market-Data-Collector/Market-Data-Collector/src/MarketDataCollector.Contracts/Api/UiApiClient.cs(43,45): warning CS1591: Missing XML comment for publicly visible type or member 'UiApiClient.GetHealthAsync(CancellationToken)' [/home/runner/work/Market-Data-Collector/Market-Data-Collector/src/MarketDataCollector.Contracts/MarketDataCollector.Contracts.csproj]
/home/runner/work/Market-Data-Collector/Market-Data-Collector/src/MarketDataCollector.Contracts/Api/UiApiClient.cs(46,45): warning CS1591: Missing XML comment for publicly visible type or member 'UiApiClient.GetHealthDetailedAsync(CancellationToken)' [/home/runner/work/Market-Data-Collector/Market-Data-Collector/src/MarketDataCollector.Contracts/MarketDataCollector.Contracts.csproj]
/home/runner/work/Market-Data-Collector/Market-Data-Collector/src/MarketDataCollector.Contracts/Api/UiApiClient.cs(53,52): warning CS1591: Missing XML comment for publicly visible type or member 'UiApiClient.GetBackfillProvidersAsync(CancellationToken)' [/home/runner/work/Market-Data-Collector/Market-Data-Collector/src/MarketDataCollector.Contracts/MarketDataCollector.Contracts.csproj]
/home/runner/work/Market-Data-Collector/Market-Data-Collector/src/MarketDataCollector.Contracts/Api/UiApiClient.cs(56,40): warning CS1591: Missing XML comment for publicly visible type or member 'UiApiClient.GetBackfillStatusAsync(CancellationToken)' [/home/runner/work/Market-Data-Collector/Market-Data-Collector/src/MarketDataCollector.Contracts/MarketDataCollector.Contracts.csproj]
/home/runner/work/Market-Data-Collector/Market-Data-Collector/src/MarketDataCollector.Contracts/Api/UiApiClient.cs(59,40): warning CS1591: Missing XML comment for publicly visible type or member 'UiApiClient.RunBackfillAsync(BackfillRequest, CancellationToken)' [/home/runner/work/Market-Data-Collector/Market-Data-Collector/src/MarketDataCollector.Contracts/MarketDataCollector.Contracts.csproj]
/home/runner/work/Market-Data-Collector/Market-Data-Collector/src/MarketDataCollector.Contracts/Api/UiApiClient.cs(62,48): warning CS1591: Missing XML comment for publicly visible type or member 'UiApiClient.GetBackfillHealthAsync(CancellationToken)' [/home/runner/work/Market-Data-Collector/Market-Data-Collector/src/MarketDataCollector.Contracts/MarketDataCollector.Contracts.csproj]
/home/runner/work/Market-Data-Collector/Market-Data-Collector/src/MarketDataCollector.Contracts/Api/UiApiClient.cs(65,50): warning CS1591: Missing XML comment for publicly visible type or member 'UiApiClient.ResolveSymbolAsync(string, CancellationToken)' [/home/runner/work/Market-Data-Collector/Market-Data-Collector/src/MarketDataCollector.Contracts/MarketDataCollector.Contracts.csproj]
/home/runner/work/Market-Data-Collector/Market-Data-Collector/src/MarketDataCollector.Contracts/Api/UiApiClient.cs(69,40): warning CS1591: Missing XML comment for publicly visible type or member 'UiApiClient.RunGapFillAsync(GapFillRequest, CancellationToken)' [/home/runner/work/Market-Data-Collector/Market-Data-Collector/src/MarketDataCollector.Contracts/MarketDataCollector.Contracts.csproj]
/home/runner/work/Market-Data-Collector/Market-Data-Collector/src/MarketDataCollector.Contracts/Api/UiApiClient.cs(72,46): warning CS1591: Missing XML comment for publicly visible type or member 'UiApiClient.GetBackfillPresetsAsync(CancellationToken)' [/home/runner/work/Market-Data-Collector/Market-Data-Collector/src/MarketDataCollector.Contracts/MarketDataCollector.Contracts.csproj]
/home/runner/work/Market-Data-Collector/Market-Data-Collector/src/MarketDataCollector.Contracts/Api/UiApiClient.cs(75,49): warning CS1591: Missing XML comment for publicly visible type or member 'UiApiClient.GetBackfillExecutionsAsync(int, CancellationToken)' [/home/runner/work/Market-Data-Collector/Market-Data-Collector/src/MarketDataCollector.Contracts/MarketDataCollector.Contracts.csproj]
/home/runner/work/Market-Data-Collector/Market-Data-Collector/src/MarketDataCollector.Contracts/Api/UiApiClient.cs(79,44): warning CS1591: Missing XML comment for publicly visible type or member 'UiApiClient.GetBackfillStatisticsAsync(int?, CancellationToken)' [/home/runner/work/Market-Data-Collector/Market-Data-Collector/src/MarketDataCollector.Contracts/MarketDataCollector.Contracts.csproj]
/home/runner/work/Market-Data-Collector/Market-Data-Collector/src/MarketDataCollector.Contracts/Api/UiApiClient.cs(91,27): warning CS1591: Missing XML comment for publicly visible type or member 'UiApiClient.GetProviderStatusAsync<T>(CancellationToken)' [/home/runner/work/Market-Data-Collector/Market-Data-Collector/src/MarketDataCollector.Contracts/MarketDataCollector.Contracts.csproj]
/home/runner/work/Market-Data-Collector/Market-Data-Collector/src/MarketDataCollector.Contracts/Api/UiApiClient.cs(94,27): warning CS1591: Missing XML comment for publicly visible type or member 'UiApiClient.GetProviderByIdAsync<T>(string, CancellationToken)' [/home/runner/work/Market-Data-Collector/Market-Data-Collector/src/MarketDataCollector.Contracts/MarketDataCollector.Contracts.csproj]
/home/runner/work/Market-Data-Collector/Market-Data-Collector/src/MarketDataCollector.Contracts/Api/UiApiClient.cs(98,27): warning CS1591: Missing XML comment for publicly visible type or member 'UiApiClient.GetProviderRateLimitsAsync<T>(CancellationToken)' [/home/runner/work/Market-Data-Collector/Market-Data-Collector/src/MarketDataCollector.Contracts/MarketDataCollector.Contracts.csproj]
/home/runner/work/Market-Data-Collector/Market-Data-Collector/src/MarketDataCollector.Contracts/Api/UiApiClient.cs(101,27): warning CS1591: Missing XML comment for publicly visible type or member 'UiApiClient.GetProviderCapabilitiesAsync<T>(CancellationToken)' [/home/runner/work/Market-Data-Collector/Market-Data-Collector/src/MarketDataCollector.Contracts/MarketDataCollector.Contracts.csproj]
/home/runner/work/Market-Data-Collector/Market-Data-Collector/src/MarketDataCollector.Contracts/Api/UiApiClient.cs(108,27): warning CS1591: Missing XML comment for publicly visible type or member 'UiApiClient.GetAsync<T>(string, CancellationToken)' [/home/runner/work/Market-Data-Collector/Market-Data-Collector/src/MarketDataCollector.Contracts/MarketDataCollector.Contracts.csproj]
/home/runner/work/Market-Data-Collector/Market-Data-Collector/src/MarketDataCollector.Contracts/Api/UiApiClient.cs(121,39): warning CS1591: Missing XML comment for publicly visible type or member 'UiApiClient.GetWithResponseAsync<T>(string, CancellationToken)' [/home/runner/work/Market-Data-Collector/Market-Data-Collector/src/MarketDataCollector.Contracts/MarketDataCollector.Contracts.csproj]
/home/runner/work/Market-Data-Collector/Market-Data-Collector/src/MarketDataCollector.Contracts/Api/UiApiClient.cs(143,27): warning CS1591: Missing XML comment for publicly visible type or member 'UiApiClient.PostAsync<T>(string, object?, CancellationToken)' [/home/runner/work/Market-Data-Collector/Market-Data-Collector/src/MarketDataCollector.Contracts/MarketDataCollector.Contracts.csproj]
/home/runner/work/Market-Data-Collector/Market-Data-Collector/src/MarketDataCollector.Contracts/Api/UiApiClient.cs(160,39): warning CS1591: Missing XML comment for publicly visible type or member 'UiApiClient.PostWithResponseAsync<T>(string, object?, CancellationToken)' [/home/runner/work/Market-Data-Collector/Market-Data-Collector/src/MarketDataCollector.Contracts/MarketDataCollector.Contracts.csproj]
/home/runner/work/Market-Data-Collector/Market-Data-Collector/src/MarketDataCollector.Contracts/Api/UiApiRoutes.cs(9,25): warning CS1591: Missing XML comment for publicly visible type or member 'UiApiRoutes.Health' [/home/runner/work/Market-Data-Collector/Market-Data-Collector/src/MarketDataCollector.Contracts/MarketDataCollector.Contracts.csproj]
/home/runner/work/Market-Data-Collector/Market-Data-Collector/src/MarketDataCollector.Contracts/Api/UiApiRoutes.cs(10,25): warning CS1591: Missing XML comment for publicly visible type or member 'UiApiRoutes.HealthDetailed' [/home/runner/work/Market-Data-Collector/Market-Data-Collector/src/MarketDataCollector.Contracts/MarketDataCollector.Contracts.csproj]
/home/runner/work/Market-Data-Collector/Market-Data-Collector/src/MarketDataCollector.Contracts/Api/UiApiRoutes.cs(11,25): warning CS1591: Missing XML comment for publicly visible type or member 'UiApiRoutes.Ready' [/home/runner/work/Market-Data-Collector/Market-Data-Collector/src/MarketDataCollector.Contracts/MarketDataCollector.Contracts.csproj]
/home/runner/work/Market-Data-Collector/Market-Data-Collector/src/MarketDataCollector.Contracts/Api/UiApiRoutes.cs(12,25): warning CS1591: Missing XML comment for publicly visible type or member 'UiApiRoutes.Live' [/home/runner/work/Market-Data-Collector/Market-Data-Collector/src/MarketDataCollector.Contracts/MarketDataCollector.Contracts.csproj]
/home/runner/work/Market-Data-Collector/Market-Data-Collector/src/MarketDataCollector.Contracts/Api/UiApiRoutes.cs(13,25): warning CS1591: Missing XML comment for publicly visible type or member 'UiApiRoutes.Metrics' [/home/runner/work/Market-Data-Collector/Market-Data-Collector/src/MarketDataCollector.Contracts/MarketDataCollector.Contracts.csproj]
/home/runner/work/Market-Data-Collector/Market-Data-Collector/src/MarketDataCollector.Contracts/Api/UiApiRoutes.cs(14,25): warning CS1591: Missing XML comment for publicly visible type or member 'UiApiRoutes.Status' [/home/runner/work/Market-Data-Collector/Market-Data-Collector/src/MarketDataCollector.Contracts/MarketDataCollector.Contracts.csproj]
/home/runner/work/Market-Data-Collector/Market-Data-Collector/src/MarketDataCollector.Contracts/Api/UiApiRoutes.cs(15,25): warning CS1591: Missing XML comment for publicly visible type or member 'UiApiRoutes.Errors' [/home/runner/work/Market-Data-Collector/Market-Data-Collector/src/MarketDataCollector.Contracts/MarketDataCollector.Contracts.csproj]
/home/runner/work/Market-Data-Collector/Market-Data-Collector/src/MarketDataCollector.Contracts/Api/UiApiRoutes.cs(16,25): warning CS1591: Missing XML comment for publicly visible type or member 'UiApiRoutes.Backpressure' [/home/runner/work/Market-Data-Collector/Market-Data-Collector/src/MarketDataCollector.Contracts/MarketDataCollector.Contracts.csproj]
/home/runner/work/Market-Data-Collector/Market-Data-Collector/src/MarketDataCollector.Contracts/Api/UiApiRoutes.cs(17,25): warning CS1591: Missing XML comment for publicly visible type or member 'UiApiRoutes.ProvidersLatency' [/home/runner/work/Market-Data-Collector/Market-Data-Collector/src/MarketDataCollector.Contracts/MarketDataCollector.Contracts.csproj]
/home/runner/work/Market-Data-Collector/Market-Data-Collector/src/MarketDataCollector.Contracts/Api/UiApiRoutes.cs(18,25): warning CS1591: Missing XML comment for publicly visible type or member 'UiApiRoutes.Connections' [/home/runner/work/Market-Data-Collector/Market-Data-Collector/src/MarketDataCollector.Contracts/MarketDataCollector.Contracts.csproj]
/home/runner/work/Market-Data-Collector/Market-Data-Collector/src/MarketDataCollector.Contracts/Api/UiApiRoutes.cs(21,25): warning CS1591: Missing XML comment for publicly visible type or member 'UiApiRoutes.Config' [/home/runner/work/Market-Data-Collector/Market-Data-Collector/src/MarketDataCollector.Contracts/MarketDataCollector.Contracts.csproj]
/home/runner/work/Market-Data-Collector/Market-Data-Collector/src/MarketDataCollector.Contracts/Api/UiApiRoutes.cs(22,25): warning CS1591: Missing XML comment for publicly visible type or member 'UiApiRoutes.ConfigDataSource' [/home/runner/work/Market-Data-Collector/Market-Data-Collector/src/MarketDataCollector.Contracts/MarketDataCollector.Contracts.csproj]
/home/runner/work/Market-Data-Collector/Market-Data-Collector/src/MarketDataCollector.Contracts/Api/UiApiRoutes.cs(23,25): warning CS1591: Missing XML comment for publicly visible type or member 'UiApiRoutes.ConfigAlpaca' [/home/runner/work/Market-Data-Collector/Market-Data-Collector/src/MarketDataCollector.Contracts/MarketDataCollector.Contracts.csproj]
/home/runner/work/Market-Data-Collector/Market-Data-Collector/src/MarketDataCollector.Contracts/Api/UiApiRoutes.cs(24,25): warning CS1591: Missing XML comment for publicly visible type or member 'UiApiRoutes.ConfigStorage' [/home/runner/work/Market-Data-Collector/Market-Data-Collector/src/MarketDataCollector.Contracts/MarketDataCollector.Contracts.csproj]
/home/runner/work/Market-Data-Collector/Market-Data-Collector/src/MarketDataCollector.Contracts/Api/UiApiRoutes.cs(25,25): warning CS1591: Missing XML comment for publicly visible type or member 'UiApiRoutes.ConfigSymbols' [/home/runner/work/Market-Data-Collector/Market-Data-Collector/src/MarketDataCollector.Contracts/MarketDataCollector.Contracts.csproj]
/home/runner/work/Market-Data-Collector/Market-Data-Collector/src/MarketDataCollector.Contracts/Api/UiApiRoutes.cs(26,25): warning CS1591: Missing XML comment for publicly visible type or member 'UiApiRoutes.ConfigSymbolsById' [/home/runner/work/Market-Data-Collector/Market-Data-Collector/src/MarketDataCollector.Contracts/MarketDataCollector.Contracts.csproj]
/home/runner/work/Market-Data-Collector/Market-Data-Collector/src/MarketDataCollector.Contracts/Api/UiApiRoutes.cs(27,25): warning CS1591: Missing XML comment for publicly visible type or member 'UiApiRoutes.ConfigDataSources' [/home/runner/work/Market-Data-Collector/Market-Data-Collector/src/MarketDataCollector.Contracts/MarketDataCollector.Contracts.csproj]
/home/runner/work/Market-Data-Collector/Market-Data-Collector/src/MarketDataCollector.Contracts/Api/UiApiRoutes.cs(28,25): warning CS1591: Missing XML comment for publicly visible type or member 'UiApiRoutes.ConfigDataSourcesDefaults' [/home/runner/work/Market-Data-Collector/Market-Data-Collector/src/MarketDataCollector.Contracts/MarketDataCollector.Contracts.csproj]
/home/runner/work/Market-Data-Collector/Market-Data-Collector/src/MarketDataCollector.Contracts/Api/UiApiRoutes.cs(29,25): warning CS1591: Missing XML comment for publicly visible type or member 'UiApiRoutes.ConfigDataSourcesById' [/home/runner/work/Market-Data-Collector/Market-Data-Collector/src/MarketDataCollector.Contracts/MarketDataCollector.Contracts.csproj]
/home/runner/work/Market-Data-Collector/Market-Data-Collector/src/MarketDataCollector.Contracts/Api/UiApiRoutes.cs(30,25): warning CS1591: Missing XML comment for publicly visible type or member 'UiApiRoutes.ConfigDataSourcesToggle' [/home/runner/work/Market-Data-Collector/Market-Data-Collector/src/MarketDataCollector.Contracts/MarketDataCollector.Contracts.csproj]
/home/runner/work/Market-Data-Collector/Market-Data-Collector/src/MarketDataCollector.Contracts/Api/UiApiRoutes.cs(31,25): warning CS1591: Missing XML comment for publicly visible type or member 'UiApiRoutes.ConfigDataSourcesFailover' [/home/runner/work/Market-Data-Collector/Market-Data-Collector/src/MarketDataCollector.Contracts/MarketDataCollector.Contracts.csproj]
/home/runner/work/Market-Data-Collector/Market-Data-Collector/src/MarketDataCollector.Contracts/Api/UiApiRoutes.cs(34,25): warning CS1591: Missing XML comment for publicly visible type or member 'UiApiRoutes.BackfillProviders' [/home/runner/work/Market-Data-Collector/Market-Data-Collector/src/MarketDataCollector.Contracts/MarketDataCollector.Contracts.csproj]
/home/runner/work/Market-Data-Collector/Market-Data-Collector/src/MarketDataCollector.Contracts/Api/UiApiRoutes.cs(35,25): warning CS1591: Missing XML comment for publicly visible type or member 'UiApiRoutes.BackfillStatus' [/home/runner/work/Market-Data-Collector/Market-Data-Collector/src/MarketDataCollector.Contracts/MarketDataCollector.Contracts.csproj]
/home/runner/work/Market-Data-Collector/Market-Data-Collector/src/MarketDataCollector.Contracts/Api/UiApiRoutes.cs(36,25): warning CS1591: Missing XML comment for publicly visible type or member 'UiApiRoutes.BackfillRun' [/home/runner/work/Market-Data-Collector/Market-Data-Collector/src/MarketDataCollector.Contracts/MarketDataCollector.Contracts.csproj]
/home/runner/work/Market-Data-Collector/Market-Data-Collector/src/MarketDataCollector.Contracts/Api/UiApiRoutes.cs(37,25): warning CS1591: Missing XML comment for publicly visible type or member 'UiApiRoutes.BackfillHealth' [/home/runner/work/Market-Data-Collector/Market-Data-Collector/src/MarketDataCollector.Contracts/MarketDataCollector.Contracts.csproj]
/home/runner/work/Market-Data-Collector/Market-Data-Collector/src/MarketDataCollector.Contracts/Api/UiApiRoutes.cs(38,25): warning CS1591: Missing XML comment for publicly visible type or member 'UiApiRoutes.BackfillResolve' [/home/runner/work/Market-Data-Collector/Market-Data-Collector/src/MarketDataCollector.Contracts/MarketDataCollector.Contracts.csproj]
/home/runner/work/Market-Data-Collector/Market-Data-Collector/src/MarketDataCollector.Contracts/Api/UiApiRoutes.cs(39,25): warning CS1591: Missing XML comment for publicly visible type or member 'UiApiRoutes.BackfillGapFill' [/home/runner/work/Market-Data-Collector/Market-Data-Collector/src/MarketDataCollector.Contracts/MarketDataCollector.Contracts.csproj]
/home/runner/work/Market-Data-Collector/Market-Data-Collector/src/MarketDataCollector.Contracts/Api/UiApiRoutes.cs(40,25): warning CS1591: Missing XML comment for publicly visible type or member 'UiApiRoutes.BackfillPresets' [/home/runner/work/Market-Data-Collector/Market-Data-Collector/src/MarketDataCollector.Contracts/MarketDataCollector.Contracts.csproj]
/home/runner/work/Market-Data-Collector/Market-Data-Collector/src/MarketDataCollector.Contracts/Api/UiApiRoutes.cs(41,25): warning CS1591: Missing XML comment for publicly visible type or member 'UiApiRoutes.BackfillExecutions' [/home/runner/work/Market-Data-Collector/Market-Data-Collector/src/MarketDataCollector.Contracts/MarketDataCollector.Contracts.csproj]
/home/runner/work/Market-Data-Collector/Market-Data-Collector/src/MarketDataCollector.Contracts/Api/UiApiRoutes.cs(42,25): warning CS1591: Missing XML comment for publicly visible type or member 'UiApiRoutes.BackfillStatistics' [/home/runner/work/Market-Data-Collector/Market-Data-Collector/src/MarketDataCollector.Contracts/MarketDataCollector.Contracts.csproj]
/home/runner/work/Market-Data-Collector/Market-Data-Collector/src/MarketDataCollector.Contracts/Api/UiApiRoutes.cs(43,25): warning CS1591: Missing XML comment for publicly visible type or member 'UiApiRoutes.BackfillSchedules' [/home/runner/work/Market-Data-Collector/Market-Data-Collector/src/MarketDataCollector.Contracts/MarketDataCollector.Contracts.csproj]
/home/runner/work/Market-Data-Collector/Market-Data-Collector/src/MarketDataCollector.Contracts/Api/UiApiRoutes.cs(44,25): warning CS1591: Missing XML comment for publicly visible type or member 'UiApiRoutes.BackfillSchedulesById' [/home/runner/work/Market-Data-Collector/Market-Data-Collector/src/MarketDataCollector.Contracts/MarketDataCollector.Contracts.csproj]
/home/runner/work/Market-Data-Collector/Market-Data-Collector/src/MarketDataCollector.Contracts/Api/UiApiRoutes.cs(45,25): warning CS1591: Missing XML comment for publicly visible type or member 'UiApiRoutes.BackfillSchedulesDelete' [/home/runner/work/Market-Data-Collector/Market-Data-Collector/src/MarketDataCollector.Contracts/MarketDataCollector.Contracts.csproj]
/home/runner/work/Market-Data-Collector/Market-Data-Collector/src/MarketDataCollector.Contracts/Api/UiApiRoutes.cs(46,25): warning CS1591: Missing XML comment for publicly visible type or member 'UiApiRoutes.BackfillSchedulesEnable' [/home/runner/work/Market-Data-Collector/Market-Data-Collector/src/MarketDataCollector.Contracts/MarketDataCollector.Contracts.csproj]
/home/runner/work/Market-Data-Collector/Market-Data-Collector/src/MarketDataCollector.Contracts/Api/UiApiRoutes.cs(47,25): warning CS1591: Missing XML comment for publicly visible type or member 'UiApiRoutes.BackfillSchedulesDisable' [/home/runner/work/Market-Data-Collector/Market-Data-Collector/src/MarketDataCollector.Contracts/MarketDataCollector.Contracts.csproj]
/home/runner/work/Market-Data-Collector/Market-Data-Collector/src/MarketDataCollector.Contracts/Api/UiApiRoutes.cs(48,25): warning CS1591: Missing XML comment for publicly visible type or member 'UiApiRoutes.BackfillSchedulesRun' [/home/runner/work/Market-Data-Collector/Market-Data-Collector/src/MarketDataCollector.Contracts/MarketDataCollector.Contracts.csproj]
/home/runner/work/Market-Data-Collector/Market-Data-Collector/src/MarketDataCollector.Contracts/Api/UiApiRoutes.cs(49,25): warning CS1591: Missing XML comment for publicly visible type or member 'UiApiRoutes.BackfillSchedulesHistory' [/home/runner/work/Market-Data-Collector/Market-Data-Collector/src/MarketDataCollector.Contracts/MarketDataCollector.Contracts.csproj]
/home/runner/work/Market-Data-Collector/Market-Data-Collector/src/MarketDataCollector.Contracts/Api/UiApiRoutes.cs(50,25): warning CS1591: Missing XML comment for publicly visible type or member 'UiApiRoutes.BackfillSchedulesTemplates' [/home/runner/work/Market-Data-Collector/Market-Data-Collector/src/MarketDataCollector.Contracts/MarketDataCollector.Contracts.csproj]
/home/runner/work/Market-Data-Collector/Market-Data-Collector/src/MarketDataCollector.Contracts/Api/UiApiRoutes.cs(53,25): warning CS1591: Missing XML comment for publicly visible type or member 'UiApiRoutes.ProviderComparison' [/home/runner/work/Market-Data-Collector/Market-Data-Collector/src/MarketDataCollector.Contracts/MarketDataCollector.Contracts.csproj]
/home/runner/work/Market-Data-Collector/Market-Data-Collector/src/MarketDataCollector.Contracts/Api/UiApiRoutes.cs(54,25): warning CS1591: Missing XML comment for publicly visible type or member 'UiApiRoutes.ProviderStatus' [/home/runner/work/Market-Data-Collector/Market-Data-Collector/src/MarketDataCollector.Contracts/MarketDataCollector.Contracts.csproj]
/home/runner/work/Market-Data-Collector/Market-Data-Collector/src/MarketDataCollector.Contracts/Api/UiApiRoutes.cs(55,25): warning CS1591: Missing XML comment for publicly visible type or member 'UiApiRoutes.ProviderMetrics' [/home/runner/work/Market-Data-Collector/Market-Data-Collector/src/MarketDataCollector.Contracts/MarketDataCollector.Contracts.csproj]
/home/runner/work/Market-Data-Collector/Market-Data-Collector/src/MarketDataCollector.Contracts/Api/UiApiRoutes.cs(56,25): warning CS1591: Missing XML comment for publicly visible type or member 'UiApiRoutes.ProviderCatalog' [/home/runner/work/Market-Data-Collector/Market-Data-Collector/src/MarketDataCollector.Contracts/MarketDataCollector.Contracts.csproj]
/home/runner/work/Market-Data-Collector/Market-Data-Collector/src/MarketDataCollector.Contracts/Api/UiApiRoutes.cs(57,25): warning CS1591: Missing XML comment for publicly visible type or member 'UiApiRoutes.ProviderCatalogById' [/home/runner/work/Market-Data-Collector/Market-Data-Collector/src/MarketDataCollector.Contracts/MarketDataCollector.Contracts.csproj]
/home/runner/work/Market-Data-Collector/Market-Data-Collector/src/MarketDataCollector.Contracts/Api/UiApiRoutes.cs(58,25): warning CS1591: Missing XML comment for publicly visible type or member 'UiApiRoutes.ProviderById' [/home/runner/work/Market-Data-Collector/Market-Data-Collector/src/MarketDataCollector.Contracts/MarketDataCollector.Contracts.csproj]
/home/runner/work/Market-Data-Collector/Market-Data-Collector/src/MarketDataCollector.Contracts/Api/UiApiRoutes.cs(59,25): warning CS1591: Missing XML comment for publicly visible type or member 'UiApiRoutes.ProviderFailover' [/home/runner/work/Market-Data-Collector/Market-Data-Collector/src/MarketDataCollector.Contracts/MarketDataCollector.Contracts.csproj]
/home/runner/work/Market-Data-Collector/Market-Data-Collector/src/MarketDataCollector.Contracts/Api/UiApiRoutes.cs(60,25): warning CS1591: Missing XML comment for publicly visible type or member 'UiApiRoutes.ProviderFailoverTrigger' [/home/runner/work/Market-Data-Collector/Market-Data-Collector/src/MarketDataCollector.Contracts/MarketDataCollector.Contracts.csproj]
/home/runner/work/Market-Data-Collector/Market-Data-Collector/src/MarketDataCollector.Contracts/Api/UiApiRoutes.cs(61,25): warning CS1591: Missing XML comment for publicly visible type or member 'UiApiRoutes.ProviderFailoverReset' [/home/runner/work/Market-Data-Collector/Market-Data-Collector/src/MarketDataCollector.Contracts/MarketDataCollector.Contracts.csproj]
/home/runner/work/Market-Data-Collector/Market-Data-Collector/src/MarketDataCollector.Contracts/Api/UiApiRoutes.cs(62,25): warning CS1591: Missing XML comment for publicly visible type or member 'UiApiRoutes.ProviderRateLimits' [/home/runner/work/Market-Data-Collector/Market-Data-Collector/src/MarketDataCollector.Contracts/MarketDataCollector.Contracts.csproj]
/home/runner/work/Market-Data-Collector/Market-Data-Collector/src/MarketDataCollector.Contracts/Api/UiApiRoutes.cs(63,25): warning CS1591: Missing XML comment for publicly visible type or member 'UiApiRoutes.ProviderRateLimitHistory' [/home/runner/work/Market-Data-Collector/Market-Data-Collector/src/MarketDataCollector.Contracts/MarketDataCollector.Contracts.csproj]
/home/runner/work/Market-Data-Collector/Market-Data-Collector/src/MarketDataCollector.Contracts/Api/UiApiRoutes.cs(64,25): warning CS1591: Missing XML comment for publicly visible type or member 'UiApiRoutes.ProviderCapabilities' [/home/runner/work/Market-Data-Collector/Market-Data-Collector/src/MarketDataCollector.Contracts/MarketDataCollector.Contracts.csproj]
/home/runner/work/Market-Data-Collector/Market-Data-Collector/src/MarketDataCollector.Contracts/Api/UiApiRoutes.cs(65,25): warning CS1591: Missing XML comment for publicly visible type or member 'UiApiRoutes.ProviderSwitch' [/home/runner/work/Market-Data-Collector/Market-Data-Collector/src/MarketDataCollector.Contracts/MarketDataCollector.Contracts.csproj]
/home/runner/work/Market-Data-Collector/Market-Data-Collector/src/MarketDataCollector.Contracts/Api/UiApiRoutes.cs(66,25): warning CS1591: Missing XML comment for publicly visible type or member 'UiApiRoutes.ProviderTest' [/home/runner/work/Market-Data-Collector/Market-Data-Collector/src/MarketDataCollector.Contracts/MarketDataCollector.Contracts.csproj]
/home/runner/work/Market-Data-Collector/Market-Data-Collector/src/MarketDataCollector.Contracts/Api/UiApiRoutes.cs(67,25): warning CS1591: Missing XML comment for publicly visible type or member 'UiApiRoutes.ProviderFailoverThresholds' [/home/runner/work/Market-Data-Collector/Market-Data-Collector/src/MarketDataCollector.Contracts/MarketDataCollector.Contracts.csproj]
/home/runner/work/Market-Data-Collector/Market-Data-Collector/src/MarketDataCollector.Contracts/Api/UiApiRoutes.cs(68,25): warning CS1591: Missing XML comment for publicly visible type or member 'UiApiRoutes.ProviderHealth' [/home/runner/work/Market-Data-Collector/Market-Data-Collector/src/MarketDataCollector.Contracts/MarketDataCollector.Contracts.csproj]
/home/runner/work/Market-Data-Collector/Market-Data-Collector/src/MarketDataCollector.Contracts/Api/UiApiRoutes.cs(71,25): warning CS1591: Missing XML comment for publicly visible type or member 'UiApiRoutes.FailoverConfig' [/home/runner/work/Market-Data-Collector/Market-Data-Collector/src/MarketDataCollector.Contracts/MarketDataCollector.Contracts.csproj]
/home/runner/work/Market-Data-Collector/Market-Data-Collector/src/MarketDataCollector.Contracts/Api/UiApiRoutes.cs(72,25): warning CS1591: Missing XML comment for publicly visible type or member 'UiApiRoutes.FailoverRules' [/home/runner/work/Market-Data-Collector/Market-Data-Collector/src/MarketDataCollector.Contracts/MarketDataCollector.Contracts.csproj]
/home/runner/work/Market-Data-Collector/Market-Data-Collector/src/MarketDataCollector.Contracts/Api/UiApiRoutes.cs(73,25): warning CS1591: Missing XML comment for publicly visible type or member 'UiApiRoutes.FailoverForce' [/home/runner/work/Market-Data-Collector/Market-Data-Collector/src/MarketDataCollector.Contracts/MarketDataCollector.Contracts.csproj]
/home/runner/work/Market-Data-Collector/Market-Data-Collector/src/MarketDataCollector.Contracts/Api/UiApiRoutes.cs(74,25): warning CS1591: Missing XML comment for publicly visible type or member 'UiApiRoutes.FailoverHealth' [/home/runner/work/Market-Data-Collector/Market-Data-Collector/src/MarketDataCollector.Contracts/MarketDataCollector.Contracts.csproj]
/home/runner/work/Market-Data-Collector/Market-Data-Collector/src/MarketDataCollector.Contracts/Api/UiApiRoutes.cs(77,25): warning CS1591: Missing XML comment for publicly visible type or member 'UiApiRoutes.Symbols' [/home/runner/work/Market-Data-Collector/Market-Data-Collector/src/MarketDataCollector.Contracts/MarketDataCollector.Contracts.csproj]
/home/runner/work/Market-Data-Collector/Market-Data-Collector/src/MarketDataCollector.Contracts/Api/UiApiRoutes.cs(78,25): warning CS1591: Missing XML comment for publicly visible type or member 'UiApiRoutes.SymbolsMonitored' [/home/runner/work/Market-Data-Collector/Market-Data-Collector/src/MarketDataCollector.Contracts/MarketDataCollector.Contracts.csproj]
/home/runner/work/Market-Data-Collector/Market-Data-Collector/src/MarketDataCollector.Contracts/Api/UiApiRoutes.cs(79,25): warning CS1591: Missing XML comment for publicly visible type or member 'UiApiRoutes.SymbolsArchived' [/home/runner/work/Market-Data-Collector/Market-Data-Collector/src/MarketDataCollector.Contracts/MarketDataCollector.Contracts.csproj]
/home/runner/work/Market-Data-Collector/Market-Data-Collector/src/MarketDataCollector.Contracts/Api/UiApiRoutes.cs(80,25): warning CS1591: Missing XML comment for publicly visible type or member 'UiApiRoutes.SymbolStatus' [/home/runner/work/Market-Data-Collector/Market-Data-Collector/src/MarketDataCollector.Contracts/MarketDataCollector.Contracts.csproj]
/home/runner/work/Market-Data-Collector/Market-Data-Collector/src/MarketDataCollector.Contracts/Api/UiApiRoutes.cs(81,25): warning CS1591: Missing XML comment for publicly visible type or member 'UiApiRoutes.SymbolsAdd' [/home/runner/work/Market-Data-Collector/Market-Data-Collector/src/MarketDataCollector.Contracts/MarketDataCollector.Contracts.csproj]
/home/runner/work/Market-Data-Collector/Market-Data-Collector/src/MarketDataCollector.Contracts/Api/UiApiRoutes.cs(82,25): warning CS1591: Missing XML comment for publicly visible type or member 'UiApiRoutes.SymbolRemove' [/home/runner/work/Market-Data-Collector/Market-Data-Collector/src/MarketDataCollector.Contracts/MarketDataCollector.Contracts.csproj]
/home/runner/work/Market-Data-Collector/Market-Data-Collector/src/MarketDataCollector.Contracts/Api/UiApiRoutes.cs(83,25): warning CS1591: Missing XML comment for publicly visible type or member 'UiApiRoutes.SymbolTrades' [/home/runner/work/Market-Data-Collector/Market-Data-Collector/src/MarketDataCollector.Contracts/MarketDataCollector.Contracts.csproj]
/home/runner/work/Market-Data-Collector/Market-Data-Collector/src/MarketDataCollector.Contracts/Api/UiApiRoutes.cs(84,25): warning CS1591: Missing XML comment for publicly visible type or member 'UiApiRoutes.SymbolDepth' [/home/runner/work/Market-Data-Collector/Market-Data-Collector/src/MarketDataCollector.Contracts/MarketDataCollector.Contracts.csproj]
/home/runner/work/Market-Data-Collector/Market-Data-Collector/src/MarketDataCollector.Contracts/Api/UiApiRoutes.cs(85,25): warning CS1591: Missing XML comment for publicly visible type or member 'UiApiRoutes.SymbolsStatistics' [/home/runner/work/Market-Data-Collector/Market-Data-Collector/src/MarketDataCollector.Contracts/MarketDataCollector.Contracts.csproj]
/home/runner/work/Market-Data-Collector/Market-Data-Collector/src/MarketDataCollector.Contracts/Api/UiApiRoutes.cs(86,25): warning CS1591: Missing XML comment for publicly visible type or member 'UiApiRoutes.SymbolsValidate' [/home/runner/work/Market-Data-Collector/Market-Data-Collector/src/MarketDataCollector.Contracts/MarketDataCollector.Contracts.csproj]
/home/runner/work/Market-Data-Collector/Market-Data-Collector/src/MarketDataCollector.Contracts/Api/UiApiRoutes.cs(87,25): warning CS1591: Missing XML comment for publicly visible type or member 'UiApiRoutes.SymbolArchive' [/home/runner/work/Market-Data-Collector/Market-Data-Collector/src/MarketDataCollector.Contracts/MarketDataCollector.Contracts.csproj]
/home/runner/work/Market-Data-Collector/Market-Data-Collector/src/MarketDataCollector.Contracts/Api/UiApiRoutes.cs(88,25): warning CS1591: Missing XML comment for publicly visible type or member 'UiApiRoutes.SymbolsBulkAdd' [/home/runner/work/Market-Data-Collector/Market-Data-Collector/src/MarketDataCollector.Contracts/MarketDataCollector.Contracts.csproj]
/home/runner/work/Market-Data-Collector/Market-Data-Collector/src/MarketDataCollector.Contracts/Api/UiApiRoutes.cs(89,25): warning CS1591: Missing XML comment for publicly visible type or member 'UiApiRoutes.SymbolsBulkRemove' [/home/runner/work/Market-Data-Collector/Market-Data-Collector/src/MarketDataCollector.Contracts/MarketDataCollector.Contracts.csproj]
/home/runner/work/Market-Data-Collector/Market-Data-Collector/src/MarketDataCollector.Contracts/Api/UiApiRoutes.cs(90,25): warning CS1591: Missing XML comment for publicly visible type or member 'UiApiRoutes.SymbolsSearch' [/home/runner/work/Market-Data-Collector/Market-Data-Collector/src/MarketDataCollector.Contracts/MarketDataCollector.Contracts.csproj]
/home/runner/work/Market-Data-Collector/Market-Data-Collector/src/MarketDataCollector.Contracts/Api/UiApiRoutes.cs(91,25): warning CS1591: Missing XML comment for publicly visible type or member 'UiApiRoutes.SymbolsBatch' [/home/runner/work/Market-Data-Collector/Market-Data-Collector/src/MarketDataCollector.Contracts/MarketDataCollector.Contracts.csproj]
/home/runner/work/Market-Data-Collector/Market-Data-Collector/src/MarketDataCollector.Contracts/Api/UiApiRoutes.cs(92,25): warning CS1591: Missing XML comment for publicly visible type or member 'UiApiRoutes.SymbolMappings' [/home/runner/work/Market-Data-Collector/Market-Data-Collector/src/MarketDataCollector.Contracts/MarketDataCollector.Contracts.csproj]
/home/runner/work/Market-Data-Collector/Market-Data-Collector/src/MarketDataCollector.Contracts/Api/UiApiRoutes.cs(95,25): warning CS1591: Missing XML comment for publicly visible type or member 'UiApiRoutes.StorageProfiles' [/home/runner/work/Market-Data-Collector/Market-Data-Collector/src/MarketDataCollector.Contracts/MarketDataCollector.Contracts.csproj]
/home/runner/work/Market-Data-Collector/Market-Data-Collector/src/MarketDataCollector.Contracts/Api/UiApiRoutes.cs(96,25): warning CS1591: Missing XML comment for publicly visible type or member 'UiApiRoutes.StorageStats' [/home/runner/work/Market-Data-Collector/Market-Data-Collector/src/MarketDataCollector.Contracts/MarketDataCollector.Contracts.csproj]
/home/runner/work/Market-Data-Collector/Market-Data-Collector/src/MarketDataCollector.Contracts/Api/UiApiRoutes.cs(97,25): warning CS1591: Missing XML comment for publicly visible type or member 'UiApiRoutes.StorageBreakdown' [/home/runner/work/Market-Data-Collector/Market-Data-Collector/src/MarketDataCollector.Contracts/MarketDataCollector.Contracts.csproj]
/home/runner/work/Market-Data-Collector/Market-Data-Collector/src/MarketDataCollector.Contracts/Api/UiApiRoutes.cs(98,25): warning CS1591: Missing XML comment for publicly visible type or member 'UiApiRoutes.StorageSymbolInfo' [/home/runner/work/Market-Data-Collector/Market-Data-Collector/src/MarketDataCollector.Contracts/MarketDataCollector.Contracts.csproj]
/home/runner/work/Market-Data-Collector/Market-Data-Collector/src/MarketDataCollector.Contracts/Api/UiApiRoutes.cs(99,25): warning CS1591: Missing XML comment for publicly visible type or member 'UiApiRoutes.StorageSymbolStats' [/home/runner/work/Market-Data-Collector/Market-Data-Collector/src/MarketDataCollector.Contracts/MarketDataCollector.Contracts.csproj]
/home/runner/work/Market-Data-Collector/Market-Data-Collector/src/MarketDataCollector.Contracts/Api/UiApiRoutes.cs(100,25): warning CS1591: Missing XML comment for publicly visible type or member 'UiApiRoutes.StorageSymbolFiles' [/home/runner/work/Market-Data-Collector/Market-Data-Collector/src/MarketDataCollector.Contracts/MarketDataCollector.Contracts.csproj]
/home/runner/work/Market-Data-Collector/Market-Data-Collector/src/MarketDataCollector.Contracts/Api/UiApiRoutes.cs(101,25): warning CS1591: Missing XML comment for publicly visible type or member 'UiApiRoutes.StorageSymbolPath' [/home/runner/work/Market-Data-Collector/Market-Data-Collector/src/MarketDataCollector.Contracts/MarketDataCollector.Contracts.csproj]
/home/runner/work/Market-Data-Collector/Market-Data-Collector/src/MarketDataCollector.Contracts/Api/UiApiRoutes.cs(102,25): warning CS1591: Missing XML comment for publicly visible type or member 'UiApiRoutes.StorageHealth' [/home/runner/work/Market-Data-Collector/Market-Data-Collector/src/MarketDataCollector.Contracts/MarketDataCollector.Contracts.csproj]
/home/runner/work/Market-Data-Collector/Market-Data-Collector/src/MarketDataCollector.Contracts/Api/UiApiRoutes.cs(103,25): warning CS1591: Missing XML comment for publicly visible type or member 'UiApiRoutes.StorageCleanupCandidates' [/home/runner/work/Market-Data-Collector/Market-Data-Collector/src/MarketDataCollector.Contracts/MarketDataCollector.Contracts.csproj]
/home/runner/work/Market-Data-Collector/Market-Data-Collector/src/MarketDataCollector.Contracts/Api/UiApiRoutes.cs(104,25): warning CS1591: Missing XML comment for publicly visible type or member 'UiApiRoutes.StorageCleanup' [/home/runner/work/Market-Data-Collector/Market-Data-Collector/src/MarketDataCollector.Contracts/MarketDataCollector.Contracts.csproj]
/home/runner/work/Market-Data-Collector/Market-Data-Collector/src/MarketDataCollector.Contracts/Api/UiApiRoutes.cs(105,25): warning CS1591: Missing XML comment for publicly visible type or member 'UiApiRoutes.StorageArchiveStats' [/home/runner/work/Market-Data-Collector/Market-Data-Collector/src/MarketDataCollector.Contracts/MarketDataCollector.Contracts.csproj]
/home/runner/work/Market-Data-Collector/Market-Data-Collector/src/MarketDataCollector.Contracts/Api/UiApiRoutes.cs(106,25): warning CS1591: Missing XML comment for publicly visible type or member 'UiApiRoutes.StorageCatalog' [/home/runner/work/Market-Data-Collector/Market-Data-Collector/src/MarketDataCollector.Contracts/MarketDataCollector.Contracts.csproj]
/home/runner/work/Market-Data-Collector/Market-Data-Collector/src/MarketDataCollector.Contracts/Api/UiApiRoutes.cs(107,25): warning CS1591: Missing XML comment for publicly visible type or member 'UiApiRoutes.StorageSearchFiles' [/home/runner/work/Market-Data-Collector/Market-Data-Collector/src/MarketDataCollector.Contracts/MarketDataCollector.Contracts.csproj]
/home/runner/work/Market-Data-Collector/Market-Data-Collector/src/MarketDataCollector.Contracts/Api/UiApiRoutes.cs(108,25): warning CS1591: Missing XML comment for publicly visible type or member 'UiApiRoutes.StorageHealthCheck' [/home/runner/work/Market-Data-Collector/Market-Data-Collector/src/MarketDataCollector.Contracts/MarketDataCollector.Contracts.csproj]
/home/runner/work/Market-Data-Collector/Market-Data-Collector/src/MarketDataCollector.Contracts/Api/UiApiRoutes.cs(109,25): warning CS1591: Missing XML comment for publicly visible type or member 'UiApiRoutes.StorageHealthOrphans' [/home/runner/work/Market-Data-Collector/Market-Data-Collector/src/MarketDataCollector.Contracts/MarketDataCollector.Contracts.csproj]
/home/runner/work/Market-Data-Collector/Market-Data-Collector/src/MarketDataCollector.Contracts/Api/UiApiRoutes.cs(110,25): warning CS1591: Missing XML comment for publicly visible type or member 'UiApiRoutes.StorageTiersMigrate' [/home/runner/work/Market-Data-Collector/Market-Data-Collector/src/MarketDataCollector.Contracts/MarketDataCollector.Contracts.csproj]
/home/runner/work/Market-Data-Collector/Market-Data-Collector/src/MarketDataCollector.Contracts/Api/UiApiRoutes.cs(111,25): warning CS1591: Missing XML comment for publicly visible type or member 'UiApiRoutes.StorageTiersStatistics' [/home/runner/work/Market-Data-Collector/Market-Data-Collector/src/MarketDataCollector.Contracts/MarketDataCollector.Contracts.csproj]
/home/runner/work/Market-Data-Collector/Market-Data-Collector/src/MarketDataCollector.Contracts/Api/UiApiRoutes.cs(112,25): warning CS1591: Missing XML comment for publicly visible type or member 'UiApiRoutes.StorageTiersPlan' [/home/runner/work/Market-Data-Collector/Market-Data-Collector/src/MarketDataCollector.Contracts/MarketDataCollector.Contracts.csproj]
/home/runner/work/Market-Data-Collector/Market-Data-Collector/src/MarketDataCollector.Contracts/Api/UiApiRoutes.cs(113,25): warning CS1591: Missing XML comment for publicly visible type or member 'UiApiRoutes.StorageMaintenanceDefrag' [/home/runner/work/Market-Data-Collector/Market-Data-Collector/src/MarketDataCollector.Contracts/MarketDataCollector.Contracts.csproj]
/home/runner/work/Market-Data-Collector/Market-Data-Collector/src/MarketDataCollector.Contracts/Api/UiApiRoutes.cs(116,25): warning CS1591: Missing XML comment for publicly visible type or member 'UiApiRoutes.StorageQualitySummary' [/home/runner/work/Market-Data-Collector/Market-Data-Collector/src/MarketDataCollector.Contracts/MarketDataCollector.Contracts.csproj]
/home/runner/work/Market-Data-Collector/Market-Data-Collector/src/MarketDataCollector.Contracts/Api/UiApiRoutes.cs(117,25): warning CS1591: Missing XML comment for publicly visible type or member 'UiApiRoutes.StorageQualityScores' [/home/runner/work/Market-Data-Collector/Market-Data-Collector/src/MarketDataCollector.Contracts/MarketDataCollector.Contracts.csproj]
/home/runner/work/Market-Data-Collector/Market-Data-Collector/src/MarketDataCollector.Contracts/Api/UiApiRoutes.cs(118,25): warning CS1591: Missing XML comment for publicly visible type or member 'UiApiRoutes.StorageQualitySymbol' [/home/runner/work/Market-Data-Collector/Market-Data-Collector/src/MarketDataCollector.Contracts/MarketDataCollector.Contracts.csproj]
/home/runner/work/Market-Data-Collector/Market-Data-Collector/src/MarketDataCollector.Contracts/Api/UiApiRoutes.cs(119,25): warning CS1591: Missing XML comment for publicly visible type or member 'UiApiRoutes.StorageQualityAlerts' [/home/runner/work/Market-Data-Collector/Market-Data-Collector/src/MarketDataCollector.Contracts/MarketDataCollector.Contracts.csproj]
/home/runner/work/Market-Data-Collector/Market-Data-Collector/src/MarketDataCollector.Contracts/Api/UiApiRoutes.cs(120,25): warning CS1591: Missing XML comment for publicly visible type or member 'UiApiRoutes.StorageQualityAlertAcknowledge' [/home/runner/work/Market-Data-Collector/Market-Data-Collector/src/MarketDataCollector.Contracts/MarketDataCollector.Contracts.csproj]
/home/runner/work/Market-Data-Collector/Market-Data-Collector/src/MarketDataCollector.Contracts/Api/UiApiRoutes.cs(121,25): warning CS1591: Missing XML comment for publicly visible type or member 'UiApiRoutes.StorageQualityRankings' [/home/runner/work/Market-Data-Collector/Market-Data-Collector/src/MarketDataCollector.Contracts/MarketDataCollector.Contracts.csproj]
/home/runner/work/Market-Data-Collector/Market-Data-Collector/src/MarketDataCollector.Contracts/Api/UiApiRoutes.cs(122,25): warning CS1591: Missing XML comment for publicly visible type or member 'UiApiRoutes.StorageQualityTrends' [/home/runner/work/Market-Data-Collector/Market-Data-Collector/src/MarketDataCollector.Contracts/MarketDataCollector.Contracts.csproj]
/home/runner/work/Market-Data-Collector/Market-Data-Collector/src/MarketDataCollector.Contracts/Api/UiApiRoutes.cs(123,25): warning CS1591: Missing XML comment for publicly visible type or member 'UiApiRoutes.StorageQualityAnomalies' [/home/runner/work/Market-Data-Collector/Market-Data-Collector/src/MarketDataCollector.Contracts/MarketDataCollector.Contracts.csproj]
/home/runner/work/Market-Data-Collector/Market-Data-Collector/src/MarketDataCollector.Contracts/Api/UiApiRoutes.cs(124,25): warning CS1591: Missing XML comment for publicly visible type or member 'UiApiRoutes.StorageQualityCheck' [/home/runner/work/Market-Data-Collector/Market-Data-Collector/src/MarketDataCollector.Contracts/MarketDataCollector.Contracts.csproj]
/home/runner/work/Market-Data-Collector/Market-Data-Collector/src/MarketDataCollector.Contracts/Api/UiApiRoutes.cs(127,25): warning CS1591: Missing XML comment for publicly visible type or member 'UiApiRoutes.DiagnosticsDryRun' [/home/runner/work/Market-Data-Collector/Market-Data-Collector/src/MarketDataCollector.Contracts/MarketDataCollector.Contracts.csproj]
/home/runner/work/Market-Data-Collector/Market-Data-Collector/src/MarketDataCollector.Contracts/Api/UiApiRoutes.cs(128,25): warning CS1591: Missing XML comment for publicly visible type or member 'UiApiRoutes.DiagnosticsProviders' [/home/runner/work/Market-Data-Collector/Market-Data-Collector/src/MarketDataCollector.Contracts/MarketDataCollector.Contracts.csproj]
/home/runner/work/Market-Data-Collector/Market-Data-Collector/src/MarketDataCollector.Contracts/Api/UiApiRoutes.cs(129,25): warning CS1591: Missing XML comment for publicly visible type or member 'UiApiRoutes.DiagnosticsStorage' [/home/runner/work/Market-Data-Collector/Market-Data-Collector/src/MarketDataCollector.Contracts/MarketDataCollector.Contracts.csproj]
/home/runner/work/Market-Data-Collector/Market-Data-Collector/src/MarketDataCollector.Contracts/Api/UiApiRoutes.cs(130,25): warning CS1591: Missing XML comment for publicly visible type or member 'UiApiRoutes.DiagnosticsConfig' [/home/runner/work/Market-Data-Collector/Market-Data-Collector/src/MarketDataCollector.Contracts/MarketDataCollector.Contracts.csproj]
/home/runner/work/Market-Data-Collector/Market-Data-Collector/src/MarketDataCollector.Contracts/Api/UiApiRoutes.cs(131,25): warning CS1591: Missing XML comment for publicly visible type or member 'UiApiRoutes.DiagnosticsBundle' [/home/runner/work/Market-Data-Collector/Market-Data-Collector/src/MarketDataCollector.Contracts/MarketDataCollector.Contracts.csproj]
/home/runner/work/Market-Data-Collector/Market-Data-Collector/src/MarketDataCollector.Contracts/Api/UiApiRoutes.cs(132,25): warning CS1591: Missing XML comment for publicly visible type or member 'UiApiRoutes.DiagnosticsMetrics' [/home/runner/work/Market-Data-Collector/Market-Data-Collector/src/MarketDataCollector.Contracts/MarketDataCollector.Contracts.csproj]
/home/runner/work/Market-Data-Collector/Market-Data-Collector/src/MarketDataCollector.Contracts/Api/UiApiRoutes.cs(133,25): warning CS1591: Missing XML comment for publicly visible type or member 'UiApiRoutes.DiagnosticsValidate' [/home/runner/work/Market-Data-Collector/Market-Data-Collector/src/MarketDataCollector.Contracts/MarketDataCollector.Contracts.csproj]
/home/runner/work/Market-Data-Collector/Market-Data-Collector/src/MarketDataCollector.Contracts/Api/UiApiRoutes.cs(134,25): warning CS1591: Missing XML comment for publicly visible type or member 'UiApiRoutes.DiagnosticsProviderTest' [/home/runner/work/Market-Data-Collector/Market-Data-Collector/src/MarketDataCollector.Contracts/MarketDataCollector.Contracts.csproj]
/home/runner/work/Market-Data-Collector/Market-Data-Collector/src/MarketDataCollector.Contracts/Api/UiApiRoutes.cs(135,25): warning CS1591: Missing XML comment for publicly visible type or member 'UiApiRoutes.DiagnosticsQuickCheck' [/home/runner/work/Market-Data-Collector/Market-Data-Collector/src/MarketDataCollector.Contracts/MarketDataCollector.Contracts.csproj]
/home/runner/work/Market-Data-Collector/Market-Data-Collector/src/MarketDataCollector.Contracts/Api/UiApiRoutes.cs(136,25): warning CS1591: Missing XML comment for publicly visible type or member 'UiApiRoutes.DiagnosticsShowConfig' [/home/runner/work/Market-Data-Collector/Market-Data-Collector/src/MarketDataCollector.Contracts/MarketDataCollector.Contracts.csproj]
/home/runner/work/Market-Data-Collector/Market-Data-Collector/src/MarketDataCollector.Contracts/Api/UiApiRoutes.cs(137,25): warning CS1591: Missing XML comment for publicly visible type or member 'UiApiRoutes.DiagnosticsErrorCodes' [/home/runner/work/Market-Data-Collector/Market-Data-Collector/src/MarketDataCollector.Contracts/MarketDataCollector.Contracts.csproj]
/home/runner/work/Market-Data-Collector/Market-Data-Collector/src/MarketDataCollector.Contracts/Api/UiApiRoutes.cs(138,25): warning CS1591: Missing XML comment for publicly visible type or member 'UiApiRoutes.DiagnosticsSelftest' [/home/runner/work/Market-Data-Collector/Market-Data-Collector/src/MarketDataCollector.Contracts/MarketDataCollector.Contracts.csproj]
/home/runner/work/Market-Data-Collector/Market-Data-Collector/src/MarketDataCollector.Contracts/Api/UiApiRoutes.cs(139,25): warning CS1591: Missing XML comment for publicly visible type or member 'UiApiRoutes.DiagnosticsValidateCredentials' [/home/runner/work/Market-Data-Collector/Market-Data-Collector/src/MarketDataCollector.Contracts/MarketDataCollector.Contracts.csproj]
/home/runner/work/Market-Data-Collector/Market-Data-Collector/src/MarketDataCollector.Contracts/Api/UiApiRoutes.cs(140,25): warning CS1591: Missing XML comment for publicly visible type or member 'UiApiRoutes.DiagnosticsTestConnectivity' [/home/runner/work/Market-Data-Collector/Market-Data-Collector/src/MarketDataCollector.Contracts/MarketDataCollector.Contracts.csproj]
/home/runner/work/Market-Data-Collector/Market-Data-Collector/src/MarketDataCollector.Contracts/Api/UiApiRoutes.cs(141,25): warning CS1591: Missing XML comment for publicly visible type or member 'UiApiRoutes.DiagnosticsValidateConfig' [/home/runner/work/Market-Data-Collector/Market-Data-Collector/src/MarketDataCollector.Contracts/MarketDataCollector.Contracts.csproj]
/home/runner/work/Market-Data-Collector/Market-Data-Collector/src/MarketDataCollector.Contracts/Api/UiApiRoutes.cs(144,25): warning CS1591: Missing XML comment for publicly visible type or member 'UiApiRoutes.AdminMaintenanceSchedule' [/home/runner/work/Market-Data-Collector/Market-Data-Collector/src/MarketDataCollector.Contracts/MarketDataCollector.Contracts.csproj]
/home/runner/work/Market-Data-Collector/Market-Data-Collector/src/MarketDataCollector.Contracts/Api/UiApiRoutes.cs(145,25): warning CS1591: Missing XML comment for publicly visible type or member 'UiApiRoutes.AdminMaintenanceRun' [/home/runner/work/Market-Data-Collector/Market-Data-Collector/src/MarketDataCollector.Contracts/MarketDataCollector.Contracts.csproj]
/home/runner/work/Market-Data-Collector/Market-Data-Collector/src/MarketDataCollector.Contracts/Api/UiApiRoutes.cs(146,25): warning CS1591: Missing XML comment for publicly visible type or member 'UiApiRoutes.AdminMaintenanceRunById' [/home/runner/work/Market-Data-Collector/Market-Data-Collector/src/MarketDataCollector.Contracts/MarketDataCollector.Contracts.csproj]
/home/runner/work/Market-Data-Collector/Market-Data-Collector/src/MarketDataCollector.Contracts/Api/UiApiRoutes.cs(147,25): warning CS1591: Missing XML comment for publicly visible type or member 'UiApiRoutes.AdminMaintenanceHistory' [/home/runner/work/Market-Data-Collector/Market-Data-Collector/src/MarketDataCollector.Contracts/MarketDataCollector.Contracts.csproj]
/home/runner/work/Market-Data-Collector/Market-Data-Collector/src/MarketDataCollector.Contracts/Api/UiApiRoutes.cs(148,25): warning CS1591: Missing XML comment for publicly visible type or member 'UiApiRoutes.AdminStorageTiers' [/home/runner/work/Market-Data-Collector/Market-Data-Collector/src/MarketDataCollector.Contracts/MarketDataCollector.Contracts.csproj]
/home/runner/work/Market-Data-Collector/Market-Data-Collector/src/MarketDataCollector.Contracts/Api/UiApiRoutes.cs(149,25): warning CS1591: Missing XML comment for publicly visible type or member 'UiApiRoutes.AdminStorageMigrate' [/home/runner/work/Market-Data-Collector/Market-Data-Collector/src/MarketDataCollector.Contracts/MarketDataCollector.Contracts.csproj]
/home/runner/work/Market-Data-Collector/Market-Data-Collector/src/MarketDataCollector.Contracts/Api/UiApiRoutes.cs(150,25): warning CS1591: Missing XML comment for publicly visible type or member 'UiApiRoutes.AdminStorageUsage' [/home/runner/work/Market-Data-Collector/Market-Data-Collector/src/MarketDataCollector.Contracts/MarketDataCollector.Contracts.csproj]
/home/runner/work/Market-Data-Collector/Market-Data-Collector/src/MarketDataCollector.Contracts/Api/UiApiRoutes.cs(151,25): warning CS1591: Missing XML comment for publicly visible type or member 'UiApiRoutes.AdminRetention' [/home/runner/work/Market-Data-Collector/Market-Data-Collector/src/MarketDataCollector.Contracts/MarketDataCollector.Contracts.csproj]
/home/runner/work/Market-Data-Collector/Market-Data-Collector/src/MarketDataCollector.Contracts/Api/UiApiRoutes.cs(152,25): warning CS1591: Missing XML comment for publicly visible type or member 'UiApiRoutes.AdminRetentionDelete' [/home/runner/work/Market-Data-Collector/Market-Data-Collector/src/MarketDataCollector.Contracts/MarketDataCollector.Contracts.csproj]
/home/runner/work/Market-Data-Collector/Market-Data-Collector/src/MarketDataCollector.Contracts/Api/UiApiRoutes.cs(153,25): warning CS1591: Missing XML comment for publicly visible type or member 'UiApiRoutes.AdminRetentionApply' [/home/runner/work/Market-Data-Collector/Market-Data-Collector/src/MarketDataCollector.Contracts/MarketDataCollector.Contracts.csproj]
/home/runner/work/Market-Data-Collector/Market-Data-Collector/src/MarketDataCollector.Contracts/Api/UiApiRoutes.cs(154,25): warning CS1591: Missing XML comment for publicly visible type or member 'UiApiRoutes.AdminCleanupPreview' [/home/runner/work/Market-Data-Collector/Market-Data-Collector/src/MarketDataCollector.Contracts/MarketDataCollector.Contracts.csproj]
/home/runner/work/Market-Data-Collector/Market-Data-Collector/src/MarketDataCollector.Contracts/Api/UiApiRoutes.cs(155,25): warning CS1591: Missing XML comment for publicly visible type or member 'UiApiRoutes.AdminCleanupExecute' [/home/runner/work/Market-Data-Collector/Market-Data-Collector/src/MarketDataCollector.Contracts/MarketDataCollector.Contracts.csproj]
/home/runner/work/Market-Data-Collector/Market-Data-Collector/src/MarketDataCollector.Contracts/Api/UiApiRoutes.cs(156,25): warning CS1591: Missing XML comment for publicly visible type or member 'UiApiRoutes.AdminStoragePermissions' [/home/runner/work/Market-Data-Collector/Market-Data-Collector/src/MarketDataCollector.Contracts/MarketDataCollector.Contracts.csproj]
/home/runner/work/Market-Data-Collector/Market-Data-Collector/src/MarketDataCollector.Contracts/Api/UiApiRoutes.cs(157,25): warning CS1591: Missing XML comment for publicly visible type or member 'UiApiRoutes.AdminSelftest' [/home/runner/work/Market-Data-Collector/Market-Data-Collector/src/MarketDataCollector.Contracts/MarketDataCollector.Contracts.csproj]
/home/runner/work/Market-Data-Collector/Market-Data-Collector/src/MarketDataCollector.Contracts/Api/UiApiRoutes.cs(158,25): warning CS1591: Missing XML comment for publicly visible type or member 'UiApiRoutes.AdminErrorCodes' [/home/runner/work/Market-Data-Collector/Market-Data-Collector/src/MarketDataCollector.Contracts/MarketDataCollector.Contracts.csproj]
/home/runner/work/Market-Data-Collector/Market-Data-Collector/src/MarketDataCollector.Contracts/Api/UiApiRoutes.cs(159,25): warning CS1591: Missing XML comment for publicly visible type or member 'UiApiRoutes.AdminShowConfig' [/home/runner/work/Market-Data-Collector/Market-Data-Collector/src/MarketDataCollector.Contracts/MarketDataCollector.Contracts.csproj]
/home/runner/work/Market-Data-Collector/Market-Data-Collector/src/MarketDataCollector.Contracts/Api/UiApiRoutes.cs(160,25): warning CS1591: Missing XML comment for publicly visible type or member 'UiApiRoutes.AdminQuickCheck' [/home/runner/work/Market-Data-Collector/Market-Data-Collector/src/MarketDataCollector.Contracts/MarketDataCollector.Contracts.csproj]
/home/runner/work/Market-Data-Collector/Market-Data-Collector/src/MarketDataCollector.Contracts/Api/UiApiRoutes.cs(163,25): warning CS1591: Missing XML comment for publicly visible type or member 'UiApiRoutes.MaintenanceSchedules' [/home/runner/work/Market-Data-Collector/Market-Data-Collector/src/MarketDataCollector.Contracts/MarketDataCollector.Contracts.csproj]
/home/runner/work/Market-Data-Collector/Market-Data-Collector/src/MarketDataCollector.Contracts/Api/UiApiRoutes.cs(164,25): warning CS1591: Missing XML comment for publicly visible type or member 'UiApiRoutes.MaintenanceSchedulesById' [/home/runner/work/Market-Data-Collector/Market-Data-Collector/src/MarketDataCollector.Contracts/MarketDataCollector.Contracts.csproj]
/home/runner/work/Market-Data-Collector/Market-Data-Collector/src/MarketDataCollector.Contracts/Api/UiApiRoutes.cs(165,25): warning CS1591: Missing XML comment for publicly visible type or member 'UiApiRoutes.MaintenanceSchedulesDelete' [/home/runner/work/Market-Data-Collector/Market-Data-Collector/src/MarketDataCollector.Contracts/MarketDataCollector.Contracts.csproj]
/home/runner/work/Market-Data-Collector/Market-Data-Collector/src/MarketDataCollector.Contracts/Api/UiApiRoutes.cs(166,25): warning CS1591: Missing XML comment for publicly visible type or member 'UiApiRoutes.MaintenanceSchedulesEnable' [/home/runner/work/Market-Data-Collector/Market-Data-Collector/src/MarketDataCollector.Contracts/MarketDataCollector.Contracts.csproj]
/home/runner/work/Market-Data-Collector/Market-Data-Collector/src/MarketDataCollector.Contracts/Api/UiApiRoutes.cs(167,25): warning CS1591: Missing XML comment for publicly visible type or member 'UiApiRoutes.MaintenanceSchedulesDisable' [/home/runner/work/Market-Data-Collector/Market-Data-Collector/src/MarketDataCollector.Contracts/MarketDataCollector.Contracts.csproj]
/home/runner/work/Market-Data-Collector/Market-Data-Collector/src/MarketDataCollector.Contracts/Api/UiApiRoutes.cs(168,25): warning CS1591: Missing XML comment for publicly visible type or member 'UiApiRoutes.MaintenanceSchedulesRun' [/home/runner/work/Market-Data-Collector/Market-Data-Collector/src/MarketDataCollector.Contracts/MarketDataCollector.Contracts.csproj]
/home/runner/work/Market-Data-Collector/Market-Data-Collector/src/MarketDataCollector.Contracts/Api/UiApiRoutes.cs(169,25): warning CS1591: Missing XML comment for publicly visible type or member 'UiApiRoutes.MaintenanceSchedulesHistory' [/home/runner/work/Market-Data-Collector/Market-Data-Collector/src/MarketDataCollector.Contracts/MarketDataCollector.Contracts.csproj]
/home/runner/work/Market-Data-Collector/Market-Data-Collector/src/MarketDataCollector.Contracts/Api/UiApiRoutes.cs(172,25): warning CS1591: Missing XML comment for publicly visible type or member 'UiApiRoutes.SchedulesCronValidate' [/home/runner/work/Market-Data-Collector/Market-Data-Collector/src/MarketDataCollector.Contracts/MarketDataCollector.Contracts.csproj]
/home/runner/work/Market-Data-Collector/Market-Data-Collector/src/MarketDataCollector.Contracts/Api/UiApiRoutes.cs(173,25): warning CS1591: Missing XML comment for publicly visible type or member 'UiApiRoutes.SchedulesCronNextRuns' [/home/runner/work/Market-Data-Collector/Market-Data-Collector/src/MarketDataCollector.Contracts/MarketDataCollector.Contracts.csproj]
/home/runner/work/Market-Data-Collector/Market-Data-Collector/src/MarketDataCollector.Contracts/Api/UiApiRoutes.cs(176,25): warning CS1591: Missing XML comment for publicly visible type or member 'UiApiRoutes.AnalyticsGaps' [/home/runner/work/Market-Data-Collector/Market-Data-Collector/src/MarketDataCollector.Contracts/MarketDataCollector.Contracts.csproj]
/home/runner/work/Market-Data-Collector/Market-Data-Collector/src/MarketDataCollector.Contracts/Api/UiApiRoutes.cs(177,25): warning CS1591: Missing XML comment for publicly visible type or member 'UiApiRoutes.AnalyticsGapsRepair' [/home/runner/work/Market-Data-Collector/Market-Data-Collector/src/MarketDataCollector.Contracts/MarketDataCollector.Contracts.csproj]
/home/runner/work/Market-Data-Collector/Market-Data-Collector/src/MarketDataCollector.Contracts/Api/UiApiRoutes.cs(178,25): warning CS1591: Missing XML comment for publicly visible type or member 'UiApiRoutes.AnalyticsCompare' [/home/runner/work/Market-Data-Collector/Market-Data-Collector/src/MarketDataCollector.Contracts/MarketDataCollector.Contracts.csproj]
/home/runner/work/Market-Data-Collector/Market-Data-Collector/src/MarketDataCollector.Contracts/Api/UiApiRoutes.cs(179,25): warning CS1591: Missing XML comment for publicly visible type or member 'UiApiRoutes.AnalyticsLatency' [/home/runner/work/Market-Data-Collector/Market-Data-Collector/src/MarketDataCollector.Contracts/MarketDataCollector.Contracts.csproj]
/home/runner/work/Market-Data-Collector/Market-Data-Collector/src/MarketDataCollector.Contracts/Api/UiApiRoutes.cs(180,25): warning CS1591: Missing XML comment for publicly visible type or member 'UiApiRoutes.AnalyticsLatencyStats' [/home/runner/work/Market-Data-Collector/Market-Data-Collector/src/MarketDataCollector.Contracts/MarketDataCollector.Contracts.csproj]
/home/runner/work/Market-Data-Collector/Market-Data-Collector/src/MarketDataCollector.Contracts/Api/UiApiRoutes.cs(181,25): warning CS1591: Missing XML comment for publicly visible type or member 'UiApiRoutes.AnalyticsAnomalies' [/home/runner/work/Market-Data-Collector/Market-Data-Collector/src/MarketDataCollector.Contracts/MarketDataCollector.Contracts.csproj]
/home/runner/work/Market-Data-Collector/Market-Data-Collector/src/MarketDataCollector.Contracts/Api/UiApiRoutes.cs(182,25): warning CS1591: Missing XML comment for publicly visible type or member 'UiApiRoutes.AnalyticsQualityReport' [/home/runner/work/Market-Data-Collector/Market-Data-Collector/src/MarketDataCollector.Contracts/MarketDataCollector.Contracts.csproj]
/home/runner/work/Market-Data-Collector/Market-Data-Collector/src/MarketDataCollector.Contracts/Api/UiApiRoutes.cs(183,25): warning CS1591: Missing XML comment for publicly visible type or member 'UiApiRoutes.AnalyticsCompleteness' [/home/runner/work/Market-Data-Collector/Market-Data-Collector/src/MarketDataCollector.Contracts/MarketDataCollector.Contracts.csproj]
/home/runner/work/Market-Data-Collector/Market-Data-Collector/src/MarketDataCollector.Contracts/Api/UiApiRoutes.cs(184,25): warning CS1591: Missing XML comment for publicly visible type or member 'UiApiRoutes.AnalyticsThroughput' [/home/runner/work/Market-Data-Collector/Market-Data-Collector/src/MarketDataCollector.Contracts/MarketDataCollector.Contracts.csproj]
/home/runner/work/Market-Data-Collector/Market-Data-Collector/src/MarketDataCollector.Contracts/Api/UiApiRoutes.cs(185,25): warning CS1591: Missing XML comment for publicly visible type or member 'UiApiRoutes.AnalyticsRateLimits' [/home/runner/work/Market-Data-Collector/Market-Data-Collector/src/MarketDataCollector.Contracts/MarketDataCollector.Contracts.csproj]
/home/runner/work/Market-Data-Collector/Market-Data-Collector/src/MarketDataCollector.Contracts/Api/UiApiRoutes.cs(188,25): warning CS1591: Missing XML comment for publicly visible type or member 'UiApiRoutes.HealthSummary' [/home/runner/work/Market-Data-Collector/Market-Data-Collector/src/MarketDataCollector.Contracts/MarketDataCollector.Contracts.csproj]
/home/runner/work/Market-Data-Collector/Market-Data-Collector/src/MarketDataCollector.Contracts/Api/UiApiRoutes.cs(189,25): warning CS1591: Missing XML comment for publicly visible type or member 'UiApiRoutes.HealthProviders' [/home/runner/work/Market-Data-Collector/Market-Data-Collector/src/MarketDataCollector.Contracts/MarketDataCollector.Contracts.csproj]
/home/runner/work/Market-Data-Collector/Market-Data-Collector/src/MarketDataCollector.Contracts/Api/UiApiRoutes.cs(190,25): warning CS1591: Missing XML comment for publicly visible type or member 'UiApiRoutes.HealthProviderDiagnostics' [/home/runner/work/Market-Data-Collector/Market-Data-Collector/src/MarketDataCollector.Contracts/MarketDataCollector.Contracts.csproj]
/home/runner/work/Market-Data-Collector/Market-Data-Collector/src/MarketDataCollector.Contracts/Api/UiApiRoutes.cs(191,25): warning CS1591: Missing XML comment for publicly visible type or member 'UiApiRoutes.HealthStorage' [/home/runner/work/Market-Data-Collector/Market-Data-Collector/src/MarketDataCollector.Contracts/MarketDataCollector.Contracts.csproj]
/home/runner/work/Market-Data-Collector/Market-Data-Collector/src/MarketDataCollector.Contracts/Api/UiApiRoutes.cs(192,25): warning CS1591: Missing XML comment for publicly visible type or member 'UiApiRoutes.HealthEvents' [/home/runner/work/Market-Data-Collector/Market-Data-Collector/src/MarketDataCollector.Contracts/MarketDataCollector.Contracts.csproj]
/home/runner/work/Market-Data-Collector/Market-Data-Collector/src/MarketDataCollector.Contracts/Api/UiApiRoutes.cs(193,25): warning CS1591: Missing XML comment for publicly visible type or member 'UiApiRoutes.HealthMetrics' [/home/runner/work/Market-Data-Collector/Market-Data-Collector/src/MarketDataCollector.Contracts/MarketDataCollector.Contracts.csproj]
/home/runner/work/Market-Data-Collector/Market-Data-Collector/src/MarketDataCollector.Contracts/Api/UiApiRoutes.cs(194,25): warning CS1591: Missing XML comment for publicly visible type or member 'UiApiRoutes.HealthProviderTest' [/home/runner/work/Market-Data-Collector/Market-Data-Collector/src/MarketDataCollector.Contracts/MarketDataCollector.Contracts.csproj]
/home/runner/work/Market-Data-Collector/Market-Data-Collector/src/MarketDataCollector.Contracts/Api/UiApiRoutes.cs(195,25): warning CS1591: Missing XML comment for publicly visible type or member 'UiApiRoutes.HealthDiagnosticsBundle' [/home/runner/work/Market-Data-Collector/Market-Data-Collector/src/MarketDataCollector.Contracts/MarketDataCollector.Contracts.csproj]
/home/runner/work/Market-Data-Collector/Market-Data-Collector/src/MarketDataCollector.Contracts/Api/UiApiRoutes.cs(198,25): warning CS1591: Missing XML comment for publicly visible type or member 'UiApiRoutes.MessagingConfig' [/home/runner/work/Market-Data-Collector/Market-Data-Collector/src/MarketDataCollector.Contracts/MarketDataCollector.Contracts.csproj]
/home/runner/work/Market-Data-Collector/Market-Data-Collector/src/MarketDataCollector.Contracts/Api/UiApiRoutes.cs(199,25): warning CS1591: Missing XML comment for publicly visible type or member 'UiApiRoutes.MessagingStatus' [/home/runner/work/Market-Data-Collector/Market-Data-Collector/src/MarketDataCollector.Contracts/MarketDataCollector.Contracts.csproj]
/home/runner/work/Market-Data-Collector/Market-Data-Collector/src/MarketDataCollector.Contracts/Api/UiApiRoutes.cs(200,25): warning CS1591: Missing XML comment for publicly visible type or member 'UiApiRoutes.MessagingStats' [/home/runner/work/Market-Data-Collector/Market-Data-Collector/src/MarketDataCollector.Contracts/MarketDataCollector.Contracts.csproj]
/home/runner/work/Market-Data-Collector/Market-Data-Collector/src/MarketDataCollector.Contracts/Api/UiApiRoutes.cs(201,25): warning CS1591: Missing XML comment for publicly visible type or member 'UiApiRoutes.MessagingActivity' [/home/runner/work/Market-Data-Collector/Market-Data-Collector/src/MarketDataCollector.Contracts/MarketDataCollector.Contracts.csproj]
/home/runner/work/Market-Data-Collector/Market-Data-Collector/src/MarketDataCollector.Contracts/Api/UiApiRoutes.cs(202,25): warning CS1591: Missing XML comment for publicly visible type or member 'UiApiRoutes.MessagingConsumers' [/home/runner/work/Market-Data-Collector/Market-Data-Collector/src/MarketDataCollector.Contracts/MarketDataCollector.Contracts.csproj]
/home/runner/work/Market-Data-Collector/Market-Data-Collector/src/MarketDataCollector.Contracts/Api/UiApiRoutes.cs(203,25): warning CS1591: Missing XML comment for publicly visible type or member 'UiApiRoutes.MessagingEndpoints' [/home/runner/work/Market-Data-Collector/Market-Data-Collector/src/MarketDataCollector.Contracts/MarketDataCollector.Contracts.csproj]
/home/runner/work/Market-Data-Collector/Market-Data-Collector/src/MarketDataCollector.Contracts/Api/UiApiRoutes.cs(204,25): warning CS1591: Missing XML comment for publicly visible type or member 'UiApiRoutes.MessagingTest' [/home/runner/work/Market-Data-Collector/Market-Data-Collector/src/MarketDataCollector.Contracts/MarketDataCollector.Contracts.csproj]
/home/runner/work/Market-Data-Collector/Market-Data-Collector/src/MarketDataCollector.Contracts/Api/UiApiRoutes.cs(205,25): warning CS1591: Missing XML comment for publicly visible type or member 'UiApiRoutes.MessagingPublishing' [/home/runner/work/Market-Data-Collector/Market-Data-Collector/src/MarketDataCollector.Contracts/MarketDataCollector.Contracts.csproj]
/home/runner/work/Market-Data-Collector/Market-Data-Collector/src/MarketDataCollector.Contracts/Api/UiApiRoutes.cs(206,25): warning CS1591: Missing XML comment for publicly visible type or member 'UiApiRoutes.MessagingQueuePurge' [/home/runner/work/Market-Data-Collector/Market-Data-Collector/src/MarketDataCollector.Contracts/MarketDataCollector.Contracts.csproj]
/home/runner/work/Market-Data-Collector/Market-Data-Collector/src/MarketDataCollector.Contracts/Api/UiApiRoutes.cs(207,25): warning CS1591: Missing XML comment for publicly visible type or member 'UiApiRoutes.MessagingErrors' [/home/runner/work/Market-Data-Collector/Market-Data-Collector/src/MarketDataCollector.Contracts/MarketDataCollector.Contracts.csproj]
/home/runner/work/Market-Data-Collector/Market-Data-Collector/src/MarketDataCollector.Contracts/Api/UiApiRoutes.cs(208,25): warning CS1591: Missing XML comment for publicly visible type or member 'UiApiRoutes.MessagingErrorRetry' [/home/runner/work/Market-Data-Collector/Market-Data-Collector/src/MarketDataCollector.Contracts/MarketDataCollector.Contracts.csproj]
/home/runner/work/Market-Data-Collector/Market-Data-Collector/src/MarketDataCollector.Contracts/Api/UiApiRoutes.cs(211,25): warning CS1591: Missing XML comment for publicly visible type or member 'UiApiRoutes.AlignmentCreate' [/home/runner/work/Market-Data-Collector/Market-Data-Collector/src/MarketDataCollector.Contracts/MarketDataCollector.Contracts.csproj]
/home/runner/work/Market-Data-Collector/Market-Data-Collector/src/MarketDataCollector.Contracts/Api/UiApiRoutes.cs(212,25): warning CS1591: Missing XML comment for publicly visible type or member 'UiApiRoutes.AlignmentPreview' [/home/runner/work/Market-Data-Collector/Market-Data-Collector/src/MarketDataCollector.Contracts/MarketDataCollector.Contracts.csproj]
/home/runner/work/Market-Data-Collector/Market-Data-Collector/src/MarketDataCollector.Contracts/Api/UiApiRoutes.cs(215,25): warning CS1591: Missing XML comment for publicly visible type or member 'UiApiRoutes.SamplingCreate' [/home/runner/work/Market-Data-Collector/Market-Data-Collector/src/MarketDataCollector.Contracts/MarketDataCollector.Contracts.csproj]
/home/runner/work/Market-Data-Collector/Market-Data-Collector/src/MarketDataCollector.Contracts/Api/UiApiRoutes.cs(216,25): warning CS1591: Missing XML comment for publicly visible type or member 'UiApiRoutes.SamplingEstimate' [/home/runner/work/Market-Data-Collector/Market-Data-Collector/src/MarketDataCollector.Contracts/MarketDataCollector.Contracts.csproj]
/home/runner/work/Market-Data-Collector/Market-Data-Collector/src/MarketDataCollector.Contracts/Api/UiApiRoutes.cs(217,25): warning CS1591: Missing XML comment for publicly visible type or member 'UiApiRoutes.SamplingSaved' [/home/runner/work/Market-Data-Collector/Market-Data-Collector/src/MarketDataCollector.Contracts/MarketDataCollector.Contracts.csproj]
/home/runner/work/Market-Data-Collector/Market-Data-Collector/src/MarketDataCollector.Contracts/Api/UiApiRoutes.cs(218,25): warning CS1591: Missing XML comment for publicly visible type or member 'UiApiRoutes.SamplingById' [/home/runner/work/Market-Data-Collector/Market-Data-Collector/src/MarketDataCollector.Contracts/MarketDataCollector.Contracts.csproj]
/home/runner/work/Market-Data-Collector/Market-Data-Collector/src/MarketDataCollector.Contracts/Api/UiApiRoutes.cs(221,25): warning CS1591: Missing XML comment for publicly visible type or member 'UiApiRoutes.DataTrades' [/home/runner/work/Market-Data-Collector/Market-Data-Collector/src/MarketDataCollector.Contracts/MarketDataCollector.Contracts.csproj]
/home/runner/work/Market-Data-Collector/Market-Data-Collector/src/MarketDataCollector.Contracts/Api/UiApiRoutes.cs(222,25): warning CS1591: Missing XML comment for publicly visible type or member 'UiApiRoutes.DataQuotes' [/home/runner/work/Market-Data-Collector/Market-Data-Collector/src/MarketDataCollector.Contracts/MarketDataCollector.Contracts.csproj]
/home/runner/work/Market-Data-Collector/Market-Data-Collector/src/MarketDataCollector.Contracts/Api/UiApiRoutes.cs(223,25): warning CS1591: Missing XML comment for publicly visible type or member 'UiApiRoutes.DataOrderbook' [/home/runner/work/Market-Data-Collector/Market-Data-Collector/src/MarketDataCollector.Contracts/MarketDataCollector.Contracts.csproj]
/home/runner/work/Market-Data-Collector/Market-Data-Collector/src/MarketDataCollector.Contracts/Api/UiApiRoutes.cs(224,25): warning CS1591: Missing XML comment for publicly visible type or member 'UiApiRoutes.DataBbo' [/home/runner/work/Market-Data-Collector/Market-Data-Collector/src/MarketDataCollector.Contracts/MarketDataCollector.Contracts.csproj]
/home/runner/work/Market-Data-Collector/Market-Data-Collector/src/MarketDataCollector.Contracts/Api/UiApiRoutes.cs(225,25): warning CS1591: Missing XML comment for publicly visible type or member 'UiApiRoutes.DataOrderflow' [/home/runner/work/Market-Data-Collector/Market-Data-Collector/src/MarketDataCollector.Contracts/MarketDataCollector.Contracts.csproj]
/home/runner/work/Market-Data-Collector/Market-Data-Collector/src/MarketDataCollector.Contracts/Api/UiApiRoutes.cs(226,25): warning CS1591: Missing XML comment for publicly visible type or member 'UiApiRoutes.DataHealth' [/home/runner/work/Market-Data-Collector/Market-Data-Collector/src/MarketDataCollector.Contracts/MarketDataCollector.Contracts.csproj]
/home/runner/work/Market-Data-Collector/Market-Data-Collector/src/MarketDataCollector.Contracts/Api/UiApiRoutes.cs(229,25): warning CS1591: Missing XML comment for publicly visible type or member 'UiApiRoutes.SubscriptionsActive' [/home/runner/work/Market-Data-Collector/Market-Data-Collector/src/MarketDataCollector.Contracts/MarketDataCollector.Contracts.csproj]
/home/runner/work/Market-Data-Collector/Market-Data-Collector/src/MarketDataCollector.Contracts/Api/UiApiRoutes.cs(230,25): warning CS1591: Missing XML comment for publicly visible type or member 'UiApiRoutes.SubscriptionsSubscribe' [/home/runner/work/Market-Data-Collector/Market-Data-Collector/src/MarketDataCollector.Contracts/MarketDataCollector.Contracts.csproj]
/home/runner/work/Market-Data-Collector/Market-Data-Collector/src/MarketDataCollector.Contracts/Api/UiApiRoutes.cs(231,25): warning CS1591: Missing XML comment for publicly visible type or member 'UiApiRoutes.SubscriptionsUnsubscribe' [/home/runner/work/Market-Data-Collector/Market-Data-Collector/src/MarketDataCollector.Contracts/MarketDataCollector.Contracts.csproj]
/home/runner/work/Market-Data-Collector/Market-Data-Collector/src/MarketDataCollector.Contracts/Api/UiApiRoutes.cs(234,25): warning CS1591: Missing XML comment for publicly visible type or member 'UiApiRoutes.ReplayFiles' [/home/runner/work/Market-Data-Collector/Market-Data-Collector/src/MarketDataCollector.Contracts/MarketDataCollector.Contracts.csproj]
/home/runner/work/Market-Data-Collector/Market-Data-Collector/src/MarketDataCollector.Contracts/Api/UiApiRoutes.cs(235,25): warning CS1591: Missing XML comment for publicly visible type or member 'UiApiRoutes.ReplayStart' [/home/runner/work/Market-Data-Collector/Market-Data-Collector/src/MarketDataCollector.Contracts/MarketDataCollector.Contracts.csproj]
/home/runner/work/Market-Data-Collector/Market-Data-Collector/src/MarketDataCollector.Contracts/Api/UiApiRoutes.cs(236,25): warning CS1591: Missing XML comment for publicly visible type or member 'UiApiRoutes.ReplayPause' [/home/runner/work/Market-Data-Collector/Market-Data-Collector/src/MarketDataCollector.Contracts/MarketDataCollector.Contracts.csproj]
/home/runner/work/Market-Data-Collector/Market-Data-Collector/src/MarketDataCollector.Contracts/Api/UiApiRoutes.cs(237,25): warning CS1591: Missing XML comment for publicly visible type or member 'UiApiRoutes.ReplayResume' [/home/runner/work/Market-Data-Collector/Market-Data-Collector/src/MarketDataCollector.Contracts/MarketDataCollector.Contracts.csproj]
/home/runner/work/Market-Data-Collector/Market-Data-Collector/src/MarketDataCollector.Contracts/Api/UiApiRoutes.cs(238,25): warning CS1591: Missing XML comment for publicly visible type or member 'UiApiRoutes.ReplayStop' [/home/runner/work/Market-Data-Collector/Market-Data-Collector/src/MarketDataCollector.Contracts/MarketDataCollector.Contracts.csproj]
/home/runner/work/Market-Data-Collector/Market-Data-Collector/src/MarketDataCollector.Contracts/Api/UiApiRoutes.cs(239,25): warning CS1591: Missing XML comment for publicly visible type or member 'UiApiRoutes.ReplaySeek' [/home/runner/work/Market-Data-Collector/Market-Data-Collector/src/MarketDataCollector.Contracts/MarketDataCollector.Contracts.csproj]
/home/runner/work/Market-Data-Collector/Market-Data-Collector/src/MarketDataCollector.Contracts/Api/UiApiRoutes.cs(240,25): warning CS1591: Missing XML comment for publicly visible type or member 'UiApiRoutes.ReplaySpeed' [/home/runner/work/Market-Data-Collector/Market-Data-Collector/src/MarketDataCollector.Contracts/MarketDataCollector.Contracts.csproj]
/home/runner/work/Market-Data-Collector/Market-Data-Collector/src/MarketDataCollector.Contracts/Api/UiApiRoutes.cs(241,25): warning CS1591: Missing XML comment for publicly visible type or member 'UiApiRoutes.ReplayStatus' [/home/runner/work/Market-Data-Collector/Market-Data-Collector/src/MarketDataCollector.Contracts/MarketDataCollector.Contracts.csproj]
/home/runner/work/Market-Data-Collector/Market-Data-Collector/src/MarketDataCollector.Contracts/Api/UiApiRoutes.cs(242,25): warning CS1591: Missing XML comment for publicly visible type or member 'UiApiRoutes.ReplayPreview' [/home/runner/work/Market-Data-Collector/Market-Data-Collector/src/MarketDataCollector.Contracts/MarketDataCollector.Contracts.csproj]
/home/runner/work/Market-Data-Collector/Market-Data-Collector/src/MarketDataCollector.Contracts/Api/UiApiRoutes.cs(243,25): warning CS1591: Missing XML comment for publicly visible type or member 'UiApiRoutes.ReplayStats' [/home/runner/work/Market-Data-Collector/Market-Data-Collector/src/MarketDataCollector.Contracts/MarketDataCollector.Contracts.csproj]
/home/runner/work/Market-Data-Collector/Market-Data-Collector/src/MarketDataCollector.Contracts/Api/UiApiRoutes.cs(246,25): warning CS1591: Missing XML comment for publicly visible type or member 'UiApiRoutes.ExportAnalysis' [/home/runner/work/Market-Data-Collector/Market-Data-Collector/src/MarketDataCollector.Contracts/MarketDataCollector.Contracts.csproj]
/home/runner/work/Market-Data-Collector/Market-Data-Collector/src/MarketDataCollector.Contracts/Api/UiApiRoutes.cs(247,25): warning CS1591: Missing XML comment for publicly visible type or member 'UiApiRoutes.ExportFormats' [/home/runner/work/Market-Data-Collector/Market-Data-Collector/src/MarketDataCollector.Contracts/MarketDataCollector.Contracts.csproj]
/home/runner/work/Market-Data-Collector/Market-Data-Collector/src/MarketDataCollector.Contracts/Api/UiApiRoutes.cs(248,25): warning CS1591: Missing XML comment for publicly visible type or member 'UiApiRoutes.ExportQualityReport' [/home/runner/work/Market-Data-Collector/Market-Data-Collector/src/MarketDataCollector.Contracts/MarketDataCollector.Contracts.csproj]
/home/runner/work/Market-Data-Collector/Market-Data-Collector/src/MarketDataCollector.Contracts/Api/UiApiRoutes.cs(249,25): warning CS1591: Missing XML comment for publicly visible type or member 'UiApiRoutes.ExportOrderflow' [/home/runner/work/Market-Data-Collector/Market-Data-Collector/src/MarketDataCollector.Contracts/MarketDataCollector.Contracts.csproj]
/home/runner/work/Market-Data-Collector/Market-Data-Collector/src/MarketDataCollector.Contracts/Api/UiApiRoutes.cs(250,25): warning CS1591: Missing XML comment for publicly visible type or member 'UiApiRoutes.ExportIntegrity' [/home/runner/work/Market-Data-Collector/Market-Data-Collector/src/MarketDataCollector.Contracts/MarketDataCollector.Contracts.csproj]
/home/runner/work/Market-Data-Collector/Market-Data-Collector/src/MarketDataCollector.Contracts/Api/UiApiRoutes.cs(251,25): warning CS1591: Missing XML comment for publicly visible type or member 'UiApiRoutes.ExportResearchPackage' [/home/runner/work/Market-Data-Collector/Market-Data-Collector/src/MarketDataCollector.Contracts/MarketDataCollector.Contracts.csproj]
/home/runner/work/Market-Data-Collector/Market-Data-Collector/src/MarketDataCollector.Contracts/Api/UiApiRoutes.cs(254,25): warning CS1591: Missing XML comment for publicly visible type or member 'UiApiRoutes.LeanStatus' [/home/runner/work/Market-Data-Collector/Market-Data-Collector/src/MarketDataCollector.Contracts/MarketDataCollector.Contracts.csproj]
/home/runner/work/Market-Data-Collector/Market-Data-Collector/src/MarketDataCollector.Contracts/Api/UiApiRoutes.cs(255,25): warning CS1591: Missing XML comment for publicly visible type or member 'UiApiRoutes.LeanConfig' [/home/runner/work/Market-Data-Collector/Market-Data-Collector/src/MarketDataCollector.Contracts/MarketDataCollector.Contracts.csproj]
/home/runner/work/Market-Data-Collector/Market-Data-Collector/src/MarketDataCollector.Contracts/Api/UiApiRoutes.cs(256,25): warning CS1591: Missing XML comment for publicly visible type or member 'UiApiRoutes.LeanVerify' [/home/runner/work/Market-Data-Collector/Market-Data-Collector/src/MarketDataCollector.Contracts/MarketDataCollector.Contracts.csproj]
/home/runner/work/Market-Data-Collector/Market-Data-Collector/src/MarketDataCollector.Contracts/Api/UiApiRoutes.cs(257,25): warning CS1591: Missing XML comment for publicly visible type or member 'UiApiRoutes.LeanAlgorithms' [/home/runner/work/Market-Data-Collector/Market-Data-Collector/src/MarketDataCollector.Contracts/MarketDataCollector.Contracts.csproj]
/home/runner/work/Market-Data-Collector/Market-Data-Collector/src/MarketDataCollector.Contracts/Api/UiApiRoutes.cs(258,25): warning CS1591: Missing XML comment for publicly visible type or member 'UiApiRoutes.LeanSync' [/home/runner/work/Market-Data-Collector/Market-Data-Collector/src/MarketDataCollector.Contracts/MarketDataCollector.Contracts.csproj]
/home/runner/work/Market-Data-Collector/Market-Data-Collector/src/MarketDataCollector.Contracts/Api/UiApiRoutes.cs(259,25): warning CS1591: Missing XML comment for publicly visible type or member 'UiApiRoutes.LeanSyncStatus' [/home/runner/work/Market-Data-Collector/Market-Data-Collector/src/MarketDataCollector.Contracts/MarketDataCollector.Contracts.csproj]
/home/runner/work/Market-Data-Collector/Market-Data-Collector/src/MarketDataCollector.Contracts/Api/UiApiRoutes.cs(260,25): warning CS1591: Missing XML comment for publicly visible type or member 'UiApiRoutes.LeanBacktestStart' [/home/runner/work/Market-Data-Collector/Market-Data-Collector/src/MarketDataCollector.Contracts/MarketDataCollector.Contracts.csproj]
/home/runner/work/Market-Data-Collector/Market-Data-Collector/src/MarketDataCollector.Contracts/Api/UiApiRoutes.cs(261,25): warning CS1591: Missing XML comment for publicly visible type or member 'UiApiRoutes.LeanBacktestStatus' [/home/runner/work/Market-Data-Collector/Market-Data-Collector/src/MarketDataCollector.Contracts/MarketDataCollector.Contracts.csproj]
/home/runner/work/Market-Data-Collector/Market-Data-Collector/src/MarketDataCollector.Contracts/Api/UiApiRoutes.cs(262,25): warning CS1591: Missing XML comment for publicly visible type or member 'UiApiRoutes.LeanBacktestResults' [/home/runner/work/Market-Data-Collector/Market-Data-Collector/src/MarketDataCollector.Contracts/MarketDataCollector.Contracts.csproj]
/home/runner/work/Market-Data-Collector/Market-Data-Collector/src/MarketDataCollector.Contracts/Api/UiApiRoutes.cs(263,25): warning CS1591: Missing XML comment for publicly visible type or member 'UiApiRoutes.LeanBacktestStop' [/home/runner/work/Market-Data-Collector/Market-Data-Collector/src/MarketDataCollector.Contracts/MarketDataCollector.Contracts.csproj]
/home/runner/work/Market-Data-Collector/Market-Data-Collector/src/MarketDataCollector.Contracts/Api/UiApiRoutes.cs(264,25): warning CS1591: Missing XML comment for publicly visible type or member 'UiApiRoutes.LeanBacktestHistory' [/home/runner/work/Market-Data-Collector/Market-Data-Collector/src/MarketDataCollector.Contracts/MarketDataCollector.Contracts.csproj]
/home/runner/work/Market-Data-Collector/Market-Data-Collector/src/MarketDataCollector.Contracts/Api/UiApiRoutes.cs(265,25): warning CS1591: Missing XML comment for publicly visible type or member 'UiApiRoutes.LeanBacktestDelete' [/home/runner/work/Market-Data-Collector/Market-Data-Collector/src/MarketDataCollector.Contracts/MarketDataCollector.Contracts.csproj]
/home/runner/work/Market-Data-Collector/Market-Data-Collector/src/MarketDataCollector.Contracts/Api/UiApiRoutes.cs(268,25): warning CS1591: Missing XML comment for publicly visible type or member 'UiApiRoutes.IndicesConstituents' [/home/runner/work/Market-Data-Collector/Market-Data-Collector/src/MarketDataCollector.Contracts/MarketDataCollector.Contracts.csproj]
/home/runner/work/Market-Data-Collector/Market-Data-Collector/src/MarketDataCollector.Contracts/Api/UiDashboardModels.cs(185,19): warning CS1591: Missing XML comment for publicly visible type or member 'ProviderTemplateOutput.ProviderId' [/home/runner/work/Market-Data-Collector/Market-Data-Collector/src/MarketDataCollector.Contracts/MarketDataCollector.Contracts.csproj]
/home/runner/work/Market-Data-Collector/Market-Data-Collector/src/MarketDataCollector.Contracts/Api/UiDashboardModels.cs(188,19): warning CS1591: Missing XML comment for publicly visible type or member 'ProviderTemplateOutput.DisplayName' [/home/runner/work/Market-Data-Collector/Market-Data-Collector/src/MarketDataCollector.Contracts/MarketDataCollector.Contracts.csproj]
/home/runner/work/Market-Data-Collector/Market-Data-Collector/src/MarketDataCollector.Contracts/Api/UiDashboardModels.cs(191,19): warning CS1591: Missing XML comment for publicly visible type or member 'ProviderTemplateOutput.Description' [/home/runner/work/Market-Data-Collector/Market-Data-Collector/src/MarketDataCollector.Contracts/MarketDataCollector.Contracts.csproj]
/home/runner/work/Market-Data-Collector/Market-Data-Collector/src/MarketDataCollector.Contracts/Api/UiDashboardModels.cs(194,19): warning CS1591: Missing XML comment for publicly visible type or member 'ProviderTemplateOutput.ProviderType' [/home/runner/work/Market-Data-Collector/Market-Data-Collector/src/MarketDataCollector.Contracts/MarketDataCollector.Contracts.csproj]
/home/runner/work/Market-Data-Collector/Market-Data-Collector/src/MarketDataCollector.Contracts/Api/UiDashboardModels.cs(198,17): warning CS1591: Missing XML comment for publicly visible type or member 'ProviderTemplateOutput.IsEnabled' [/home/runner/work/Market-Data-Collector/Market-Data-Collector/src/MarketDataCollector.Contracts/MarketDataCollector.Contracts.csproj]
/home/runner/work/Market-Data-Collector/Market-Data-Collector/src/MarketDataCollector.Contracts/Api/UiDashboardModels.cs(201,17): warning CS1591: Missing XML comment for publicly visible type or member 'ProviderTemplateOutput.IsConnected' [/home/runner/work/Market-Data-Collector/Market-Data-Collector/src/MarketDataCollector.Contracts/MarketDataCollector.Contracts.csproj]
/home/runner/work/Market-Data-Collector/Market-Data-Collector/src/MarketDataCollector.Contracts/Api/UiDashboardModels.cs(204,17): warning CS1591: Missing XML comment for publicly visible type or member 'ProviderTemplateOutput.IsHealthy' [/home/runner/work/Market-Data-Collector/Market-Data-Collector/src/MarketDataCollector.Contracts/MarketDataCollector.Contracts.csproj]
/home/runner/work/Market-Data-Collector/Market-Data-Collector/src/MarketDataCollector.Contracts/Api/UiDashboardModels.cs(208,17): warning CS1591: Missing XML comment for publicly visible type or member 'ProviderTemplateOutput.RequiresCredentials' [/home/runner/work/Market-Data-Collector/Market-Data-Collector/src/MarketDataCollector.Contracts/MarketDataCollector.Contracts.csproj]
/home/runner/work/Market-Data-Collector/Market-Data-Collector/src/MarketDataCollector.Contracts/Api/UiDashboardModels.cs(211,17): warning CS1591: Missing XML comment for publicly visible type or member 'ProviderTemplateOutput.HasValidCredentials' [/home/runner/work/Market-Data-Collector/Market-Data-Collector/src/MarketDataCollector.Contracts/MarketDataCollector.Contracts.csproj]
/home/runner/work/Market-Data-Collector/Market-Data-Collector/src/MarketDataCollector.Contracts/Api/UiDashboardModels.cs(214,36): warning CS1591: Missing XML comment for publicly visible type or member 'ProviderTemplateOutput.CredentialFields' [/home/runner/work/Market-Data-Collector/Market-Data-Collector/src/MarketDataCollector.Contracts/MarketDataCollector.Contracts.csproj]
/home/runner/work/Market-Data-Collector/Market-Data-Collector/src/MarketDataCollector.Contracts/Api/UiDashboardModels.cs(218,37): warning CS1591: Missing XML comment for publicly visible type or member 'ProviderTemplateOutput.Capabilities' [/home/runner/work/Market-Data-Collector/Market-Data-Collector/src/MarketDataCollector.Contracts/MarketDataCollector.Contracts.csproj]
/home/runner/work/Market-Data-Collector/Market-Data-Collector/src/MarketDataCollector.Contracts/Api/UiDashboardModels.cs(222,21): warning CS1591: Missing XML comment for publicly visible type or member 'ProviderTemplateOutput.Notes' [/home/runner/work/Market-Data-Collector/Market-Data-Collector/src/MarketDataCollector.Contracts/MarketDataCollector.Contracts.csproj]
/home/runner/work/Market-Data-Collector/Market-Data-Collector/src/MarketDataCollector.Contracts/Api/UiDashboardModels.cs(225,21): warning CS1591: Missing XML comment for publicly visible type or member 'ProviderTemplateOutput.Warnings' [/home/runner/work/Market-Data-Collector/Market-Data-Collector/src/MarketDataCollector.Contracts/MarketDataCollector.Contracts.csproj]
/home/runner/work/Market-Data-Collector/Market-Data-Collector/src/MarketDataCollector.Contracts/Api/UiDashboardModels.cs(229,37): warning CS1591: Missing XML comment for publicly visible type or member 'ProviderTemplateOutput.RateLimit' [/home/runner/work/Market-Data-Collector/Market-Data-Collector/src/MarketDataCollector.Contracts/MarketDataCollector.Contracts.csproj]
/home/runner/work/Market-Data-Collector/Market-Data-Collector/src/MarketDataCollector.Contracts/Api/UiDashboardModels.cs(233,21): warning CS1591: Missing XML comment for publicly visible type or member 'ProviderTemplateOutput.SupportedMarkets' [/home/runner/work/Market-Data-Collector/Market-Data-Collector/src/MarketDataCollector.Contracts/MarketDataCollector.Contracts.csproj]
/home/runner/work/Market-Data-Collector/Market-Data-Collector/src/MarketDataCollector.Contracts/Api/UiDashboardModels.cs(236,21): warning CS1591: Missing XML comment for publicly visible type or member 'ProviderTemplateOutput.DataTypes' [/home/runner/work/Market-Data-Collector/Market-Data-Collector/src/MarketDataCollector.Contracts/MarketDataCollector.Contracts.csproj]
/home/runner/work/Market-Data-Collector/Market-Data-Collector/src/MarketDataCollector.Contracts/Api/UiDashboardModels.cs(295,19): warning CS1591: Missing XML comment for publicly visible type or member 'CredentialFieldOutput.Name' [/home/runner/work/Market-Data-Collector/Market-Data-Collector/src/MarketDataCollector.Contracts/MarketDataCollector.Contracts.csproj]
/home/runner/work/Market-Data-Collector/Market-Data-Collector/src/MarketDataCollector.Contracts/Api/UiDashboardModels.cs(298,19): warning CS1591: Missing XML comment for publicly visible type or member 'CredentialFieldOutput.DisplayName' [/home/runner/work/Market-Data-Collector/Market-Data-Collector/src/MarketDataCollector.Contracts/MarketDataCollector.Contracts.csproj]
/home/runner/work/Market-Data-Collector/Market-Data-Collector/src/MarketDataCollector.Contracts/Api/UiDashboardModels.cs(301,20): warning CS1591: Missing XML comment for publicly visible type or member 'CredentialFieldOutput.EnvironmentVariable' [/home/runner/work/Market-Data-Collector/Market-Data-Collector/src/MarketDataCollector.Contracts/MarketDataCollector.Contracts.csproj]
/home/runner/work/Market-Data-Collector/Market-Data-Collector/src/MarketDataCollector.Contracts/Api/UiDashboardModels.cs(304,17): warning CS1591: Missing XML comment for publicly visible type or member 'CredentialFieldOutput.Required' [/home/runner/work/Market-Data-Collector/Market-Data-Collector/src/MarketDataCollector.Contracts/MarketDataCollector.Contracts.csproj]
/home/runner/work/Market-Data-Collector/Market-Data-Collector/src/MarketDataCollector.Contracts/Api/UiDashboardModels.cs(307,20): warning CS1591: Missing XML comment for publicly visible type or member 'CredentialFieldOutput.DefaultValue' [/home/runner/work/Market-Data-Collector/Market-Data-Collector/src/MarketDataCollector.Contracts/MarketDataCollector.Contracts.csproj]
/home/runner/work/Market-Data-Collector/Market-Data-Collector/src/MarketDataCollector.Contracts/Api/UiDashboardModels.cs(310,17): warning CS1591: Missing XML comment for publicly visible type or member 'CredentialFieldOutput.HasValue' [/home/runner/work/Market-Data-Collector/Market-Data-Collector/src/MarketDataCollector.Contracts/MarketDataCollector.Contracts.csproj]
/home/runner/work/Market-Data-Collector/Market-Data-Collector/src/MarketDataCollector.Contracts/Api/UiDashboardModels.cs(319,17): warning CS1591: Missing XML comment for publicly visible type or member 'ProviderCapabilityOutput.SupportsStreaming' [/home/runner/work/Market-Data-Collector/Market-Data-Collector/src/MarketDataCollector.Contracts/MarketDataCollector.Contracts.csproj]
/home/runner/work/Market-Data-Collector/Market-Data-Collector/src/MarketDataCollector.Contracts/Api/UiDashboardModels.cs(322,17): warning CS1591: Missing XML comment for publicly visible type or member 'ProviderCapabilityOutput.SupportsMarketDepth' [/home/runner/work/Market-Data-Collector/Market-Data-Collector/src/MarketDataCollector.Contracts/MarketDataCollector.Contracts.csproj]
/home/runner/work/Market-Data-Collector/Market-Data-Collector/src/MarketDataCollector.Contracts/Api/UiDashboardModels.cs(325,17): warning CS1591: Missing XML comment for publicly visible type or member 'ProviderCapabilityOutput.MaxDepthLevels' [/home/runner/work/Market-Data-Collector/Market-Data-Collector/src/MarketDataCollector.Contracts/MarketDataCollector.Contracts.csproj]
/home/runner/work/Market-Data-Collector/Market-Data-Collector/src/MarketDataCollector.Contracts/Api/UiDashboardModels.cs(328,17): warning CS1591: Missing XML comment for publicly visible type or member 'ProviderCapabilityOutput.SupportsAdjustedPrices' [/home/runner/work/Market-Data-Collector/Market-Data-Collector/src/MarketDataCollector.Contracts/MarketDataCollector.Contracts.csproj]
/home/runner/work/Market-Data-Collector/Market-Data-Collector/src/MarketDataCollector.Contracts/Api/UiDashboardModels.cs(331,17): warning CS1591: Missing XML comment for publicly visible type or member 'ProviderCapabilityOutput.SupportsDividends' [/home/runner/work/Market-Data-Collector/Market-Data-Collector/src/MarketDataCollector.Contracts/MarketDataCollector.Contracts.csproj]
/home/runner/work/Market-Data-Collector/Market-Data-Collector/src/MarketDataCollector.Contracts/Api/UiDashboardModels.cs(334,17): warning CS1591: Missing XML comment for publicly visible type or member 'ProviderCapabilityOutput.SupportsSplits' [/home/runner/work/Market-Data-Collector/Market-Data-Collector/src/MarketDataCollector.Contracts/MarketDataCollector.Contracts.csproj]
/home/runner/work/Market-Data-Collector/Market-Data-Collector/src/MarketDataCollector.Contracts/Api/UiDashboardModels.cs(337,17): warning CS1591: Missing XML comment for publicly visible type or member 'ProviderCapabilityOutput.SupportsIntraday' [/home/runner/work/Market-Data-Collector/Market-Data-Collector/src/MarketDataCollector.Contracts/MarketDataCollector.Contracts.csproj]
/home/runner/work/Market-Data-Collector/Market-Data-Collector/src/MarketDataCollector.Contracts/Api/UiDashboardModels.cs(340,17): warning CS1591: Missing XML comment for publicly visible type or member 'ProviderCapabilityOutput.SupportsTrades' [/home/runner/work/Market-Data-Collector/Market-Data-Collector/src/MarketDataCollector.Contracts/MarketDataCollector.Contracts.csproj]
/home/runner/work/Market-Data-Collector/Market-Data-Collector/src/MarketDataCollector.Contracts/Api/UiDashboardModels.cs(343,17): warning CS1591: Missing XML comment for publicly visible type or member 'ProviderCapabilityOutput.SupportsQuotes' [/home/runner/work/Market-Data-Collector/Market-Data-Collector/src/MarketDataCollector.Contracts/MarketDataCollector.Contracts.csproj]
/home/runner/work/Market-Data-Collector/Market-Data-Collector/src/MarketDataCollector.Contracts/Api/UiDashboardModels.cs(346,17): warning CS1591: Missing XML comment for publicly visible type or member 'ProviderCapabilityOutput.SupportsAuctions' [/home/runner/work/Market-Data-Collector/Market-Data-Collector/src/MarketDataCollector.Contracts/MarketDataCollector.Contracts.csproj]
/home/runner/work/Market-Data-Collector/Market-Data-Collector/src/MarketDataCollector.Contracts/Api/UiDashboardModels.cs(355,16): warning CS1591: Missing XML comment for publicly visible type or member 'ProviderRateLimitOutput.MaxRequestsPerWindow' [/home/runner/work/Market-Data-Collector/Market-Data-Collector/src/MarketDataCollector.Contracts/MarketDataCollector.Contracts.csproj]
/home/runner/work/Market-Data-Collector/Market-Data-Collector/src/MarketDataCollector.Contracts/Api/UiDashboardModels.cs(358,16): warning CS1591: Missing XML comment for publicly visible type or member 'ProviderRateLimitOutput.WindowSeconds' [/home/runner/work/Market-Data-Collector/Market-Data-Collector/src/MarketDataCollector.Contracts/MarketDataCollector.Contracts.csproj]
/home/runner/work/Market-Data-Collector/Market-Data-Collector/src/MarketDataCollector.Contracts/Api/UiDashboardModels.cs(361,16): warning CS1591: Missing XML comment for publicly visible type or member 'ProviderRateLimitOutput.MinDelayMs' [/home/runner/work/Market-Data-Collector/Market-Data-Collector/src/MarketDataCollector.Contracts/MarketDataCollector.Contracts.csproj]
/home/runner/work/Market-Data-Collector/Market-Data-Collector/src/MarketDataCollector.Contracts/Api/UiDashboardModels.cs(364,19): warning CS1591: Missing XML comment for publicly visible type or member 'ProviderRateLimitOutput.Description' [/home/runner/work/Market-Data-Collector/Market-Data-Collector/src/MarketDataCollector.Contracts/MarketDataCollector.Contracts.csproj]
/home/runner/work/Market-Data-Collector/Market-Data-Collector/src/MarketDataCollector.Contracts/Archive/ArchiveHealthModels.cs(10,25): warning CS1591: Missing XML comment for publicly visible type or member 'ArchiveHealthSeverity.Info' [/home/runner/work/Market-Data-Collector/Market-Data-Collector/src/MarketDataCollector.Contracts/MarketDataCollector.Contracts.csproj]
/home/runner/work/Market-Data-Collector/Market-Data-Collector/src/MarketDataCollector.Contracts/Archive/ArchiveHealthModels.cs(11,25): warning CS1591: Missing XML comment for publicly visible type or member 'ArchiveHealthSeverity.Warning' [/home/runner/work/Market-Data-Collector/Market-Data-Collector/src/MarketDataCollector.Contracts/MarketDataCollector.Contracts.csproj]
/home/runner/work/Market-Data-Collector/Market-Data-Collector/src/MarketDataCollector.Contracts/Archive/ArchiveHealthModels.cs(12,25): warning CS1591: Missing XML comment for publicly visible type or member 'ArchiveHealthSeverity.Critical' [/home/runner/work/Market-Data-Collector/Market-Data-Collector/src/MarketDataCollector.Contracts/MarketDataCollector.Contracts.csproj]
/home/runner/work/Market-Data-Collector/Market-Data-Collector/src/MarketDataCollector.Contracts/Archive/ArchiveHealthModels.cs(20,25): warning CS1591: Missing XML comment for publicly visible type or member 'ArchiveHealthStatusValues.Healthy' [/home/runner/work/Market-Data-Collector/Market-Data-Collector/src/MarketDataCollector.Contracts/MarketDataCollector.Contracts.csproj]
/home/runner/work/Market-Data-Collector/Market-Data-Collector/src/MarketDataCollector.Contracts/Archive/ArchiveHealthModels.cs(21,25): warning CS1591: Missing XML comment for publicly visible type or member 'ArchiveHealthStatusValues.Warning' [/home/runner/work/Market-Data-Collector/Market-Data-Collector/src/MarketDataCollector.Contracts/MarketDataCollector.Contracts.csproj]
/home/runner/work/Market-Data-Collector/Market-Data-Collector/src/MarketDataCollector.Contracts/Archive/ArchiveHealthModels.cs(22,25): warning CS1591: Missing XML comment for publicly visible type or member 'ArchiveHealthStatusValues.Critical' [/home/runner/work/Market-Data-Collector/Market-Data-Collector/src/MarketDataCollector.Contracts/MarketDataCollector.Contracts.csproj]
/home/runner/work/Market-Data-Collector/Market-Data-Collector/src/MarketDataCollector.Contracts/Archive/ArchiveHealthModels.cs(23,25): warning CS1591: Missing XML comment for publicly visible type or member 'ArchiveHealthStatusValues.Unknown' [/home/runner/work/Market-Data-Collector/Market-Data-Collector/src/MarketDataCollector.Contracts/MarketDataCollector.Contracts.csproj]
/home/runner/work/Market-Data-Collector/Market-Data-Collector/src/MarketDataCollector.Contracts/Archive/ArchiveHealthModels.cs(31,25): warning CS1591: Missing XML comment for publicly visible type or member 'ArchiveIssueCategory.Integrity' [/home/runner/work/Market-Data-Collector/Market-Data-Collector/src/MarketDataCollector.Contracts/MarketDataCollector.Contracts.csproj]
/home/runner/work/Market-Data-Collector/Market-Data-Collector/src/MarketDataCollector.Contracts/Archive/ArchiveHealthModels.cs(32,25): warning CS1591: Missing XML comment for publicly visible type or member 'ArchiveIssueCategory.Completeness' [/home/runner/work/Market-Data-Collector/Market-Data-Collector/src/MarketDataCollector.Contracts/MarketDataCollector.Contracts.csproj]
/home/runner/work/Market-Data-Collector/Market-Data-Collector/src/MarketDataCollector.Contracts/Archive/ArchiveHealthModels.cs(33,25): warning CS1591: Missing XML comment for publicly visible type or member 'ArchiveIssueCategory.Storage' [/home/runner/work/Market-Data-Collector/Market-Data-Collector/src/MarketDataCollector.Contracts/MarketDataCollector.Contracts.csproj]
/home/runner/work/Market-Data-Collector/Market-Data-Collector/src/MarketDataCollector.Contracts/Archive/ArchiveHealthModels.cs(34,25): warning CS1591: Missing XML comment for publicly visible type or member 'ArchiveIssueCategory.Performance' [/home/runner/work/Market-Data-Collector/Market-Data-Collector/src/MarketDataCollector.Contracts/MarketDataCollector.Contracts.csproj]
/home/runner/work/Market-Data-Collector/Market-Data-Collector/src/MarketDataCollector.Contracts/Archive/ArchiveHealthModels.cs(42,25): warning CS1591: Missing XML comment for publicly visible type or member 'VerificationJobType.Full' [/home/runner/work/Market-Data-Collector/Market-Data-Collector/src/MarketDataCollector.Contracts/MarketDataCollector.Contracts.csproj]
/home/runner/work/Market-Data-Collector/Market-Data-Collector/src/MarketDataCollector.Contracts/Archive/ArchiveHealthModels.cs(43,25): warning CS1591: Missing XML comment for publicly visible type or member 'VerificationJobType.Incremental' [/home/runner/work/Market-Data-Collector/Market-Data-Collector/src/MarketDataCollector.Contracts/MarketDataCollector.Contracts.csproj]
/home/runner/work/Market-Data-Collector/Market-Data-Collector/src/MarketDataCollector.Contracts/Archive/ArchiveHealthModels.cs(44,25): warning CS1591: Missing XML comment for publicly visible type or member 'VerificationJobType.Selective' [/home/runner/work/Market-Data-Collector/Market-Data-Collector/src/MarketDataCollector.Contracts/MarketDataCollector.Contracts.csproj]
/home/runner/work/Market-Data-Collector/Market-Data-Collector/src/MarketDataCollector.Contracts/Archive/ArchiveHealthModels.cs(52,25): warning CS1591: Missing XML comment for publicly visible type or member 'VerificationJobStatus.Pending' [/home/runner/work/Market-Data-Collector/Market-Data-Collector/src/MarketDataCollector.Contracts/MarketDataCollector.Contracts.csproj]
/home/runner/work/Market-Data-Collector/Market-Data-Collector/src/MarketDataCollector.Contracts/Archive/ArchiveHealthModels.cs(53,25): warning CS1591: Missing XML comment for publicly visible type or member 'VerificationJobStatus.Running' [/home/runner/work/Market-Data-Collector/Market-Data-Collector/src/MarketDataCollector.Contracts/MarketDataCollector.Contracts.csproj]
/home/runner/work/Market-Data-Collector/Market-Data-Collector/src/MarketDataCollector.Contracts/Archive/ArchiveHealthModels.cs(54,25): warning CS1591: Missing XML comment for publicly visible type or member 'VerificationJobStatus.Completed' [/home/runner/work/Market-Data-Collector/Market-Data-Collector/src/MarketDataCollector.Contracts/MarketDataCollector.Contracts.csproj]
/home/runner/work/Market-Data-Collector/Market-Data-Collector/src/MarketDataCollector.Contracts/Archive/ArchiveHealthModels.cs(55,25): warning CS1591: Missing XML comment for publicly visible type or member 'VerificationJobStatus.Failed' [/home/runner/work/Market-Data-Collector/Market-Data-Collector/src/MarketDataCollector.Contracts/MarketDataCollector.Contracts.csproj]
/home/runner/work/Market-Data-Collector/Market-Data-Collector/src/MarketDataCollector.Contracts/Archive/ArchiveHealthModels.cs(56,25): warning CS1591: Missing XML comment for publicly visible type or member 'VerificationJobStatus.Cancelled' [/home/runner/work/Market-Data-Collector/Market-Data-Collector/src/MarketDataCollector.Contracts/MarketDataCollector.Contracts.csproj]
/home/runner/work/Market-Data-Collector/Market-Data-Collector/src/MarketDataCollector.Contracts/Archive/ArchiveHealthModels.cs(65,19): warning CS1591: Missing XML comment for publicly visible type or member 'ArchiveHealthStatus.OverallHealthScore' [/home/runner/work/Market-Data-Collector/Market-Data-Collector/src/MarketDataCollector.Contracts/MarketDataCollector.Contracts.csproj]
/home/runner/work/Market-Data-Collector/Market-Data-Collector/src/MarketDataCollector.Contracts/Archive/ArchiveHealthModels.cs(68,19): warning CS1591: Missing XML comment for publicly visible type or member 'ArchiveHealthStatus.Status' [/home/runner/work/Market-Data-Collector/Market-Data-Collector/src/MarketDataCollector.Contracts/MarketDataCollector.Contracts.csproj]
/home/runner/work/Market-Data-Collector/Market-Data-Collector/src/MarketDataCollector.Contracts/Archive/ArchiveHealthModels.cs(71,22): warning CS1591: Missing XML comment for publicly visible type or member 'ArchiveHealthStatus.LastFullVerificationAt' [/home/runner/work/Market-Data-Collector/Market-Data-Collector/src/MarketDataCollector.Contracts/MarketDataCollector.Contracts.csproj]
/home/runner/work/Market-Data-Collector/Market-Data-Collector/src/MarketDataCollector.Contracts/Archive/ArchiveHealthModels.cs(74,17): warning CS1591: Missing XML comment for publicly visible type or member 'ArchiveHealthStatus.LastVerificationDurationMinutes' [/home/runner/work/Market-Data-Collector/Market-Data-Collector/src/MarketDataCollector.Contracts/MarketDataCollector.Contracts.csproj]
/home/runner/work/Market-Data-Collector/Market-Data-Collector/src/MarketDataCollector.Contracts/Archive/ArchiveHealthModels.cs(77,16): warning CS1591: Missing XML comment for publicly visible type or member 'ArchiveHealthStatus.TotalFiles' [/home/runner/work/Market-Data-Collector/Market-Data-Collector/src/MarketDataCollector.Contracts/MarketDataCollector.Contracts.csproj]
/home/runner/work/Market-Data-Collector/Market-Data-Collector/src/MarketDataCollector.Contracts/Archive/ArchiveHealthModels.cs(80,16): warning CS1591: Missing XML comment for publicly visible type or member 'ArchiveHealthStatus.VerifiedFiles' [/home/runner/work/Market-Data-Collector/Market-Data-Collector/src/MarketDataCollector.Contracts/MarketDataCollector.Contracts.csproj]
/home/runner/work/Market-Data-Collector/Market-Data-Collector/src/MarketDataCollector.Contracts/Archive/ArchiveHealthModels.cs(83,16): warning CS1591: Missing XML comment for publicly visible type or member 'ArchiveHealthStatus.PendingFiles' [/home/runner/work/Market-Data-Collector/Market-Data-Collector/src/MarketDataCollector.Contracts/MarketDataCollector.Contracts.csproj]
/home/runner/work/Market-Data-Collector/Market-Data-Collector/src/MarketDataCollector.Contracts/Archive/ArchiveHealthModels.cs(86,16): warning CS1591: Missing XML comment for publicly visible type or member 'ArchiveHealthStatus.FailedFiles' [/home/runner/work/Market-Data-Collector/Market-Data-Collector/src/MarketDataCollector.Contracts/MarketDataCollector.Contracts.csproj]
/home/runner/work/Market-Data-Collector/Market-Data-Collector/src/MarketDataCollector.Contracts/Archive/ArchiveHealthModels.cs(89,17): warning CS1591: Missing XML comment for publicly visible type or member 'ArchiveHealthStatus.TotalSizeBytes' [/home/runner/work/Market-Data-Collector/Market-Data-Collector/src/MarketDataCollector.Contracts/MarketDataCollector.Contracts.csproj]
/home/runner/work/Market-Data-Collector/Market-Data-Collector/src/MarketDataCollector.Contracts/Archive/ArchiveHealthModels.cs(92,17): warning CS1591: Missing XML comment for publicly visible type or member 'ArchiveHealthStatus.VerifiedSizeBytes' [/home/runner/work/Market-Data-Collector/Market-Data-Collector/src/MarketDataCollector.Contracts/MarketDataCollector.Contracts.csproj]
/home/runner/work/Market-Data-Collector/Market-Data-Collector/src/MarketDataCollector.Contracts/Archive/ArchiveHealthModels.cs(95,28): warning CS1591: Missing XML comment for publicly visible type or member 'ArchiveHealthStatus.Issues' [/home/runner/work/Market-Data-Collector/Market-Data-Collector/src/MarketDataCollector.Contracts/MarketDataCollector.Contracts.csproj]
/home/runner/work/Market-Data-Collector/Market-Data-Collector/src/MarketDataCollector.Contracts/Archive/ArchiveHealthModels.cs(98,22): warning CS1591: Missing XML comment for publicly visible type or member 'ArchiveHealthStatus.Recommendations' [/home/runner/work/Market-Data-Collector/Market-Data-Collector/src/MarketDataCollector.Contracts/MarketDataCollector.Contracts.csproj]
/home/runner/work/Market-Data-Collector/Market-Data-Collector/src/MarketDataCollector.Contracts/Archive/ArchiveHealthModels.cs(101,21): warning CS1591: Missing XML comment for publicly visible type or member 'ArchiveHealthStatus.LastUpdated' [/home/runner/work/Market-Data-Collector/Market-Data-Collector/src/MarketDataCollector.Contracts/MarketDataCollector.Contracts.csproj]
/home/runner/work/Market-Data-Collector/Market-Data-Collector/src/MarketDataCollector.Contracts/Archive/ArchiveHealthModels.cs(104,31): warning CS1591: Missing XML comment for publicly visible type or member 'ArchiveHealthStatus.StorageHealthInfo' [/home/runner/work/Market-Data-Collector/Market-Data-Collector/src/MarketDataCollector.Contracts/MarketDataCollector.Contracts.csproj]
/home/runner/work/Market-Data-Collector/Market-Data-Collector/src/MarketDataCollector.Contracts/Archive/ArchiveHealthModels.cs(113,19): warning CS1591: Missing XML comment for publicly visible type or member 'ArchiveIssue.Id' [/home/runner/work/Market-Data-Collector/Market-Data-Collector/src/MarketDataCollector.Contracts/MarketDataCollector.Contracts.csproj]
/home/runner/work/Market-Data-Collector/Market-Data-Collector/src/MarketDataCollector.Contracts/Archive/ArchiveHealthModels.cs(116,19): warning CS1591: Missing XML comment for publicly visible type or member 'ArchiveIssue.Severity' [/home/runner/work/Market-Data-Collector/Market-Data-Collector/src/MarketDataCollector.Contracts/MarketDataCollector.Contracts.csproj]
/home/runner/work/Market-Data-Collector/Market-Data-Collector/src/MarketDataCollector.Contracts/Archive/ArchiveHealthModels.cs(119,19): warning CS1591: Missing XML comment for publicly visible type or member 'ArchiveIssue.Category' [/home/runner/work/Market-Data-Collector/Market-Data-Collector/src/MarketDataCollector.Contracts/MarketDataCollector.Contracts.csproj]
/home/runner/work/Market-Data-Collector/Market-Data-Collector/src/MarketDataCollector.Contracts/Archive/ArchiveHealthModels.cs(122,19): warning CS1591: Missing XML comment for publicly visible type or member 'ArchiveIssue.Message' [/home/runner/work/Market-Data-Collector/Market-Data-Collector/src/MarketDataCollector.Contracts/MarketDataCollector.Contracts.csproj]
/home/runner/work/Market-Data-Collector/Market-Data-Collector/src/MarketDataCollector.Contracts/Archive/ArchiveHealthModels.cs(125,22): warning CS1591: Missing XML comment for publicly visible type or member 'ArchiveIssue.AffectedFiles' [/home/runner/work/Market-Data-Collector/Market-Data-Collector/src/MarketDataCollector.Contracts/MarketDataCollector.Contracts.csproj]
/home/runner/work/Market-Data-Collector/Market-Data-Collector/src/MarketDataCollector.Contracts/Archive/ArchiveHealthModels.cs(128,22): warning CS1591: Missing XML comment for publicly visible type or member 'ArchiveIssue.AffectedSymbols' [/home/runner/work/Market-Data-Collector/Market-Data-Collector/src/MarketDataCollector.Contracts/MarketDataCollector.Contracts.csproj]
/home/runner/work/Market-Data-Collector/Market-Data-Collector/src/MarketDataCollector.Contracts/Archive/ArchiveHealthModels.cs(131,20): warning CS1591: Missing XML comment for publicly visible type or member 'ArchiveIssue.SuggestedAction' [/home/runner/work/Market-Data-Collector/Market-Data-Collector/src/MarketDataCollector.Contracts/MarketDataCollector.Contracts.csproj]
/home/runner/work/Market-Data-Collector/Market-Data-Collector/src/MarketDataCollector.Contracts/Archive/ArchiveHealthModels.cs(134,21): warning CS1591: Missing XML comment for publicly visible type or member 'ArchiveIssue.DetectedAt' [/home/runner/work/Market-Data-Collector/Market-Data-Collector/src/MarketDataCollector.Contracts/MarketDataCollector.Contracts.csproj]
/home/runner/work/Market-Data-Collector/Market-Data-Collector/src/MarketDataCollector.Contracts/Archive/ArchiveHealthModels.cs(137,22): warning CS1591: Missing XML comment for publicly visible type or member 'ArchiveIssue.ResolvedAt' [/home/runner/work/Market-Data-Collector/Market-Data-Collector/src/MarketDataCollector.Contracts/MarketDataCollector.Contracts.csproj]
/home/runner/work/Market-Data-Collector/Market-Data-Collector/src/MarketDataCollector.Contracts/Archive/ArchiveHealthModels.cs(140,17): warning CS1591: Missing XML comment for publicly visible type or member 'ArchiveIssue.IsAutoFixable' [/home/runner/work/Market-Data-Collector/Market-Data-Collector/src/MarketDataCollector.Contracts/MarketDataCollector.Contracts.csproj]
/home/runner/work/Market-Data-Collector/Market-Data-Collector/src/MarketDataCollector.Contracts/Archive/ArchiveHealthModels.cs(149,19): warning CS1591: Missing XML comment for publicly visible type or member 'StorageHealthInfo.DriveType' [/home/runner/work/Market-Data-Collector/Market-Data-Collector/src/MarketDataCollector.Contracts/MarketDataCollector.Contracts.csproj]
/home/runner/work/Market-Data-Collector/Market-Data-Collector/src/MarketDataCollector.Contracts/Archive/ArchiveHealthModels.cs(152,19): warning CS1591: Missing XML comment for publicly visible type or member 'StorageHealthInfo.HealthStatus' [/home/runner/work/Market-Data-Collector/Market-Data-Collector/src/MarketDataCollector.Contracts/MarketDataCollector.Contracts.csproj]
/home/runner/work/Market-Data-Collector/Market-Data-Collector/src/MarketDataCollector.Contracts/Archive/ArchiveHealthModels.cs(155,17): warning CS1591: Missing XML comment for publicly visible type or member 'StorageHealthInfo.TotalCapacity' [/home/runner/work/Market-Data-Collector/Market-Data-Collector/src/MarketDataCollector.Contracts/MarketDataCollector.Contracts.csproj]
/home/runner/work/Market-Data-Collector/Market-Data-Collector/src/MarketDataCollector.Contracts/Archive/ArchiveHealthModels.cs(158,17): warning CS1591: Missing XML comment for publicly visible type or member 'StorageHealthInfo.FreeSpace' [/home/runner/work/Market-Data-Collector/Market-Data-Collector/src/MarketDataCollector.Contracts/MarketDataCollector.Contracts.csproj]
/home/runner/work/Market-Data-Collector/Market-Data-Collector/src/MarketDataCollector.Contracts/Archive/ArchiveHealthModels.cs(161,19): warning CS1591: Missing XML comment for publicly visible type or member 'StorageHealthInfo.UsedPercent' [/home/runner/work/Market-Data-Collector/Market-Data-Collector/src/MarketDataCollector.Contracts/MarketDataCollector.Contracts.csproj]
/home/runner/work/Market-Data-Collector/Market-Data-Collector/src/MarketDataCollector.Contracts/Archive/ArchiveHealthModels.cs(164,20): warning CS1591: Missing XML comment for publicly visible type or member 'StorageHealthInfo.AverageWriteLatencyMs' [/home/runner/work/Market-Data-Collector/Market-Data-Collector/src/MarketDataCollector.Contracts/MarketDataCollector.Contracts.csproj]
/home/runner/work/Market-Data-Collector/Market-Data-Collector/src/MarketDataCollector.Contracts/Archive/ArchiveHealthModels.cs(167,20): warning CS1591: Missing XML comment for publicly visible type or member 'StorageHealthInfo.ReadSpeedMbps' [/home/runner/work/Market-Data-Collector/Market-Data-Collector/src/MarketDataCollector.Contracts/MarketDataCollector.Contracts.csproj]
/home/runner/work/Market-Data-Collector/Market-Data-Collector/src/MarketDataCollector.Contracts/Archive/ArchiveHealthModels.cs(170,20): warning CS1591: Missing XML comment for publicly visible type or member 'StorageHealthInfo.WriteSpeedMbps' [/home/runner/work/Market-Data-Collector/Market-Data-Collector/src/MarketDataCollector.Contracts/MarketDataCollector.Contracts.csproj]
/home/runner/work/Market-Data-Collector/Market-Data-Collector/src/MarketDataCollector.Contracts/Archive/ArchiveHealthModels.cs(173,17): warning CS1591: Missing XML comment for publicly visible type or member 'StorageHealthInfo.DaysUntilFull' [/home/runner/work/Market-Data-Collector/Market-Data-Collector/src/MarketDataCollector.Contracts/MarketDataCollector.Contracts.csproj]
/home/runner/work/Market-Data-Collector/Market-Data-Collector/src/MarketDataCollector.Contracts/Archive/ArchiveHealthModels.cs(182,19): warning CS1591: Missing XML comment for publicly visible type or member 'VerificationJob.Id' [/home/runner/work/Market-Data-Collector/Market-Data-Collector/src/MarketDataCollector.Contracts/MarketDataCollector.Contracts.csproj]
/home/runner/work/Market-Data-Collector/Market-Data-Collector/src/MarketDataCollector.Contracts/Archive/ArchiveHealthModels.cs(185,19): warning CS1591: Missing XML comment for publicly visible type or member 'VerificationJob.Type' [/home/runner/work/Market-Data-Collector/Market-Data-Collector/src/MarketDataCollector.Contracts/MarketDataCollector.Contracts.csproj]
/home/runner/work/Market-Data-Collector/Market-Data-Collector/src/MarketDataCollector.Contracts/Archive/ArchiveHealthModels.cs(188,19): warning CS1591: Missing XML comment for publicly visible type or member 'VerificationJob.Status' [/home/runner/work/Market-Data-Collector/Market-Data-Collector/src/MarketDataCollector.Contracts/MarketDataCollector.Contracts.csproj]
/home/runner/work/Market-Data-Collector/Market-Data-Collector/src/MarketDataCollector.Contracts/Archive/ArchiveHealthModels.cs(191,22): warning CS1591: Missing XML comment for publicly visible type or member 'VerificationJob.StartedAt' [/home/runner/work/Market-Data-Collector/Market-Data-Collector/src/MarketDataCollector.Contracts/MarketDataCollector.Contracts.csproj]
/home/runner/work/Market-Data-Collector/Market-Data-Collector/src/MarketDataCollector.Contracts/Archive/ArchiveHealthModels.cs(194,22): warning CS1591: Missing XML comment for publicly visible type or member 'VerificationJob.CompletedAt' [/home/runner/work/Market-Data-Collector/Market-Data-Collector/src/MarketDataCollector.Contracts/MarketDataCollector.Contracts.csproj]
/home/runner/work/Market-Data-Collector/Market-Data-Collector/src/MarketDataCollector.Contracts/Archive/ArchiveHealthModels.cs(197,16): warning CS1591: Missing XML comment for publicly visible type or member 'VerificationJob.TotalFiles' [/home/runner/work/Market-Data-Collector/Market-Data-Collector/src/MarketDataCollector.Contracts/MarketDataCollector.Contracts.csproj]
/home/runner/work/Market-Data-Collector/Market-Data-Collector/src/MarketDataCollector.Contracts/Archive/ArchiveHealthModels.cs(200,16): warning CS1591: Missing XML comment for publicly visible type or member 'VerificationJob.ProcessedFiles' [/home/runner/work/Market-Data-Collector/Market-Data-Collector/src/MarketDataCollector.Contracts/MarketDataCollector.Contracts.csproj]
/home/runner/work/Market-Data-Collector/Market-Data-Collector/src/MarketDataCollector.Contracts/Archive/ArchiveHealthModels.cs(203,16): warning CS1591: Missing XML comment for publicly visible type or member 'VerificationJob.FailedFiles' [/home/runner/work/Market-Data-Collector/Market-Data-Collector/src/MarketDataCollector.Contracts/MarketDataCollector.Contracts.csproj]
/home/runner/work/Market-Data-Collector/Market-Data-Collector/src/MarketDataCollector.Contracts/Archive/ArchiveHealthModels.cs(206,19): warning CS1591: Missing XML comment for publicly visible type or member 'VerificationJob.ProgressPercent' [/home/runner/work/Market-Data-Collector/Market-Data-Collector/src/MarketDataCollector.Contracts/MarketDataCollector.Contracts.csproj]
/home/runner/work/Market-Data-Collector/Market-Data-Collector/src/MarketDataCollector.Contracts/Archive/ArchiveHealthModels.cs(209,17): warning CS1591: Missing XML comment for publicly visible type or member 'VerificationJob.EstimatedTimeRemainingSeconds' [/home/runner/work/Market-Data-Collector/Market-Data-Collector/src/MarketDataCollector.Contracts/MarketDataCollector.Contracts.csproj]
/home/runner/work/Market-Data-Collector/Market-Data-Collector/src/MarketDataCollector.Contracts/Archive/ArchiveHealthModels.cs(212,19): warning CS1591: Missing XML comment for publicly visible type or member 'VerificationJob.FilesPerSecond' [/home/runner/work/Market-Data-Collector/Market-Data-Collector/src/MarketDataCollector.Contracts/MarketDataCollector.Contracts.csproj]
/home/runner/work/Market-Data-Collector/Market-Data-Collector/src/MarketDataCollector.Contracts/Archive/ArchiveHealthModels.cs(215,22): warning CS1591: Missing XML comment for publicly visible type or member 'VerificationJob.Errors' [/home/runner/work/Market-Data-Collector/Market-Data-Collector/src/MarketDataCollector.Contracts/MarketDataCollector.Contracts.csproj]
/home/runner/work/Market-Data-Collector/Market-Data-Collector/src/MarketDataCollector.Contracts/Archive/ArchiveHealthModels.cs(224,17): warning CS1591: Missing XML comment for publicly visible type or member 'VerificationScheduleConfig.Enabled' [/home/runner/work/Market-Data-Collector/Market-Data-Collector/src/MarketDataCollector.Contracts/MarketDataCollector.Contracts.csproj]
/home/runner/work/Market-Data-Collector/Market-Data-Collector/src/MarketDataCollector.Contracts/Archive/ArchiveHealthModels.cs(227,19): warning CS1591: Missing XML comment for publicly visible type or member 'VerificationScheduleConfig.DailyVerificationTime' [/home/runner/work/Market-Data-Collector/Market-Data-Collector/src/MarketDataCollector.Contracts/MarketDataCollector.Contracts.csproj]
/home/runner/work/Market-Data-Collector/Market-Data-Collector/src/MarketDataCollector.Contracts/Archive/ArchiveHealthModels.cs(230,19): warning CS1591: Missing XML comment for publicly visible type or member 'VerificationScheduleConfig.DailyVerificationScope' [/home/runner/work/Market-Data-Collector/Market-Data-Collector/src/MarketDataCollector.Contracts/MarketDataCollector.Contracts.csproj]
/home/runner/work/Market-Data-Collector/Market-Data-Collector/src/MarketDataCollector.Contracts/Archive/ArchiveHealthModels.cs(233,16): warning CS1591: Missing XML comment for publicly visible type or member 'VerificationScheduleConfig.WeeklyFullVerificationDay' [/home/runner/work/Market-Data-Collector/Market-Data-Collector/src/MarketDataCollector.Contracts/MarketDataCollector.Contracts.csproj]
/home/runner/work/Market-Data-Collector/Market-Data-Collector/src/MarketDataCollector.Contracts/Archive/ArchiveHealthModels.cs(236,16): warning CS1591: Missing XML comment for publicly visible type or member 'VerificationScheduleConfig.MonthlyFullVerificationDay' [/home/runner/work/Market-Data-Collector/Market-Data-Collector/src/MarketDataCollector.Contracts/MarketDataCollector.Contracts.csproj]
/home/runner/work/Market-Data-Collector/Market-Data-Collector/src/MarketDataCollector.Contracts/Archive/ArchiveHealthModels.cs(239,17): warning CS1591: Missing XML comment for publicly visible type or member 'VerificationScheduleConfig.PauseDuringMarketHours' [/home/runner/work/Market-Data-Collector/Market-Data-Collector/src/MarketDataCollector.Contracts/MarketDataCollector.Contracts.csproj]
/home/runner/work/Market-Data-Collector/Market-Data-Collector/src/MarketDataCollector.Contracts/Archive/ArchiveHealthModels.cs(242,16): warning CS1591: Missing XML comment for publicly visible type or member 'VerificationScheduleConfig.MaxConcurrentVerifications' [/home/runner/work/Market-Data-Collector/Market-Data-Collector/src/MarketDataCollector.Contracts/MarketDataCollector.Contracts.csproj]
/home/runner/work/Market-Data-Collector/Market-Data-Collector/src/MarketDataCollector.Contracts/Configuration/AppConfigDto.cs(11,19): warning CS1591: Missing XML comment for publicly visible type or member 'AppConfigDto.DataRoot' [/home/runner/work/Market-Data-Collector/Market-Data-Collector/src/MarketDataCollector.Contracts/MarketDataCollector.Contracts.csproj]
/home/runner/work/Market-Data-Collector/Market-Data-Collector/src/MarketDataCollector.Contracts/Configuration/AppConfigDto.cs(14,17): warning CS1591: Missing XML comment for publicly visible type or member 'AppConfigDto.Compress' [/home/runner/work/Market-Data-Collector/Market-Data-Collector/src/MarketDataCollector.Contracts/MarketDataCollector.Contracts.csproj]
/home/runner/work/Market-Data-Collector/Market-Data-Collector/src/MarketDataCollector.Contracts/Configuration/AppConfigDto.cs(17,19): warning CS1591: Missing XML comment for publicly visible type or member 'AppConfigDto.DataSource' [/home/runner/work/Market-Data-Collector/Market-Data-Collector/src/MarketDataCollector.Contracts/MarketDataCollector.Contracts.csproj]
/home/runner/work/Market-Data-Collector/Market-Data-Collector/src/MarketDataCollector.Contracts/Configuration/AppConfigDto.cs(20,30): warning CS1591: Missing XML comment for publicly visible type or member 'AppConfigDto.Alpaca' [/home/runner/work/Market-Data-Collector/Market-Data-Collector/src/MarketDataCollector.Contracts/MarketDataCollector.Contracts.csproj]
/home/runner/work/Market-Data-Collector/Market-Data-Collector/src/MarketDataCollector.Contracts/Configuration/AppConfigDto.cs(23,34): warning CS1591: Missing XML comment for publicly visible type or member 'AppConfigDto.StockSharp' [/home/runner/work/Market-Data-Collector/Market-Data-Collector/src/MarketDataCollector.Contracts/MarketDataCollector.Contracts.csproj]
/home/runner/work/Market-Data-Collector/Market-Data-Collector/src/MarketDataCollector.Contracts/Configuration/AppConfigDto.cs(26,30): warning CS1591: Missing XML comment for publicly visible type or member 'AppConfigDto.Storage' [/home/runner/work/Market-Data-Collector/Market-Data-Collector/src/MarketDataCollector.Contracts/MarketDataCollector.Contracts.csproj]
/home/runner/work/Market-Data-Collector/Market-Data-Collector/src/MarketDataCollector.Contracts/Configuration/AppConfigDto.cs(29,31): warning CS1591: Missing XML comment for publicly visible type or member 'AppConfigDto.Symbols' [/home/runner/work/Market-Data-Collector/Market-Data-Collector/src/MarketDataCollector.Contracts/MarketDataCollector.Contracts.csproj]
/home/runner/work/Market-Data-Collector/Market-Data-Collector/src/MarketDataCollector.Contracts/Configuration/AppConfigDto.cs(32,31): warning CS1591: Missing XML comment for publicly visible type or member 'AppConfigDto.Backfill' [/home/runner/work/Market-Data-Collector/Market-Data-Collector/src/MarketDataCollector.Contracts/MarketDataCollector.Contracts.csproj]
/home/runner/work/Market-Data-Collector/Market-Data-Collector/src/MarketDataCollector.Contracts/Configuration/AppConfigDto.cs(35,34): warning CS1591: Missing XML comment for publicly visible type or member 'AppConfigDto.DataSources' [/home/runner/work/Market-Data-Collector/Market-Data-Collector/src/MarketDataCollector.Contracts/MarketDataCollector.Contracts.csproj]
/home/runner/work/Market-Data-Collector/Market-Data-Collector/src/MarketDataCollector.Contracts/Configuration/AppConfigDto.cs(38,35): warning CS1591: Missing XML comment for publicly visible type or member 'AppConfigDto.SymbolGroups' [/home/runner/work/Market-Data-Collector/Market-Data-Collector/src/MarketDataCollector.Contracts/MarketDataCollector.Contracts.csproj]
/home/runner/work/Market-Data-Collector/Market-Data-Collector/src/MarketDataCollector.Contracts/Configuration/AppConfigDto.cs(41,28): warning CS1591: Missing XML comment for publicly visible type or member 'AppConfigDto.Settings' [/home/runner/work/Market-Data-Collector/Market-Data-Collector/src/MarketDataCollector.Contracts/MarketDataCollector.Contracts.csproj]
/home/runner/work/Market-Data-Collector/Market-Data-Collector/src/MarketDataCollector.Contracts/Configuration/AppConfigDto.cs(50,20): warning CS1591: Missing XML comment for publicly visible type or member 'AlpacaOptionsDto.KeyId' [/home/runner/work/Market-Data-Collector/Market-Data-Collector/src/MarketDataCollector.Contracts/MarketDataCollector.Contracts.csproj]
/home/runner/work/Market-Data-Collector/Market-Data-Collector/src/MarketDataCollector.Contracts/Configuration/AppConfigDto.cs(53,20): warning CS1591: Missing XML comment for publicly visible type or member 'AlpacaOptionsDto.SecretKey' [/home/runner/work/Market-Data-Collector/Market-Data-Collector/src/MarketDataCollector.Contracts/MarketDataCollector.Contracts.csproj]
/home/runner/work/Market-Data-Collector/Market-Data-Collector/src/MarketDataCollector.Contracts/Configuration/AppConfigDto.cs(56,19): warning CS1591: Missing XML comment for publicly visible type or member 'AlpacaOptionsDto.Feed' [/home/runner/work/Market-Data-Collector/Market-Data-Collector/src/MarketDataCollector.Contracts/MarketDataCollector.Contracts.csproj]
/home/runner/work/Market-Data-Collector/Market-Data-Collector/src/MarketDataCollector.Contracts/Configuration/AppConfigDto.cs(59,17): warning CS1591: Missing XML comment for publicly visible type or member 'AlpacaOptionsDto.UseSandbox' [/home/runner/work/Market-Data-Collector/Market-Data-Collector/src/MarketDataCollector.Contracts/MarketDataCollector.Contracts.csproj]
/home/runner/work/Market-Data-Collector/Market-Data-Collector/src/MarketDataCollector.Contracts/Configuration/AppConfigDto.cs(62,17): warning CS1591: Missing XML comment for publicly visible type or member 'AlpacaOptionsDto.SubscribeQuotes' [/home/runner/work/Market-Data-Collector/Market-Data-Collector/src/MarketDataCollector.Contracts/MarketDataCollector.Contracts.csproj]
/home/runner/work/Market-Data-Collector/Market-Data-Collector/src/MarketDataCollector.Contracts/Configuration/AppConfigDto.cs(71,17): warning CS1591: Missing XML comment for publicly visible type or member 'StockSharpOptionsDto.Enabled' [/home/runner/work/Market-Data-Collector/Market-Data-Collector/src/MarketDataCollector.Contracts/MarketDataCollector.Contracts.csproj]
/home/runner/work/Market-Data-Collector/Market-Data-Collector/src/MarketDataCollector.Contracts/Configuration/AppConfigDto.cs(74,19): warning CS1591: Missing XML comment for publicly visible type or member 'StockSharpOptionsDto.ConnectorType' [/home/runner/work/Market-Data-Collector/Market-Data-Collector/src/MarketDataCollector.Contracts/MarketDataCollector.Contracts.csproj]
/home/runner/work/Market-Data-Collector/Market-Data-Collector/src/MarketDataCollector.Contracts/Configuration/AppConfigDto.cs(77,20): warning CS1591: Missing XML comment for publicly visible type or member 'StockSharpOptionsDto.AdapterType' [/home/runner/work/Market-Data-Collector/Market-Data-Collector/src/MarketDataCollector.Contracts/MarketDataCollector.Contracts.csproj]
/home/runner/work/Market-Data-Collector/Market-Data-Collector/src/MarketDataCollector.Contracts/Configuration/AppConfigDto.cs(80,20): warning CS1591: Missing XML comment for publicly visible type or member 'StockSharpOptionsDto.AdapterAssembly' [/home/runner/work/Market-Data-Collector/Market-Data-Collector/src/MarketDataCollector.Contracts/MarketDataCollector.Contracts.csproj]
/home/runner/work/Market-Data-Collector/Market-Data-Collector/src/MarketDataCollector.Contracts/Configuration/AppConfigDto.cs(83,40): warning CS1591: Missing XML comment for publicly visible type or member 'StockSharpOptionsDto.ConnectionParams' [/home/runner/work/Market-Data-Collector/Market-Data-Collector/src/MarketDataCollector.Contracts/MarketDataCollector.Contracts.csproj]
/home/runner/work/Market-Data-Collector/Market-Data-Collector/src/MarketDataCollector.Contracts/Configuration/AppConfigDto.cs(86,17): warning CS1591: Missing XML comment for publicly visible type or member 'StockSharpOptionsDto.UseBinaryStorage' [/home/runner/work/Market-Data-Collector/Market-Data-Collector/src/MarketDataCollector.Contracts/MarketDataCollector.Contracts.csproj]
/home/runner/work/Market-Data-Collector/Market-Data-Collector/src/MarketDataCollector.Contracts/Configuration/AppConfigDto.cs(89,19): warning CS1591: Missing XML comment for publicly visible type or member 'StockSharpOptionsDto.StoragePath' [/home/runner/work/Market-Data-Collector/Market-Data-Collector/src/MarketDataCollector.Contracts/MarketDataCollector.Contracts.csproj]
/home/runner/work/Market-Data-Collector/Market-Data-Collector/src/MarketDataCollector.Contracts/Configuration/AppConfigDto.cs(92,17): warning CS1591: Missing XML comment for publicly visible type or member 'StockSharpOptionsDto.EnableRealTime' [/home/runner/work/Market-Data-Collector/Market-Data-Collector/src/MarketDataCollector.Contracts/MarketDataCollector.Contracts.csproj]
/home/runner/work/Market-Data-Collector/Market-Data-Collector/src/MarketDataCollector.Contracts/Configuration/AppConfigDto.cs(95,17): warning CS1591: Missing XML comment for publicly visible type or member 'StockSharpOptionsDto.EnableHistorical' [/home/runner/work/Market-Data-Collector/Market-Data-Collector/src/MarketDataCollector.Contracts/MarketDataCollector.Contracts.csproj]
/home/runner/work/Market-Data-Collector/Market-Data-Collector/src/MarketDataCollector.Contracts/Configuration/AppConfigDto.cs(98,31): warning CS1591: Missing XML comment for publicly visible type or member 'StockSharpOptionsDto.Rithmic' [/home/runner/work/Market-Data-Collector/Market-Data-Collector/src/MarketDataCollector.Contracts/MarketDataCollector.Contracts.csproj]
/home/runner/work/Market-Data-Collector/Market-Data-Collector/src/MarketDataCollector.Contracts/Configuration/AppConfigDto.cs(101,30): warning CS1591: Missing XML comment for publicly visible type or member 'StockSharpOptionsDto.IQFeed' [/home/runner/work/Market-Data-Collector/Market-Data-Collector/src/MarketDataCollector.Contracts/MarketDataCollector.Contracts.csproj]
/home/runner/work/Market-Data-Collector/Market-Data-Collector/src/MarketDataCollector.Contracts/Configuration/AppConfigDto.cs(104,27): warning CS1591: Missing XML comment for publicly visible type or member 'StockSharpOptionsDto.CQG' [/home/runner/work/Market-Data-Collector/Market-Data-Collector/src/MarketDataCollector.Contracts/MarketDataCollector.Contracts.csproj]
/home/runner/work/Market-Data-Collector/Market-Data-Collector/src/MarketDataCollector.Contracts/Configuration/AppConfigDto.cs(107,36): warning CS1591: Missing XML comment for publicly visible type or member 'StockSharpOptionsDto.InteractiveBrokers' [/home/runner/work/Market-Data-Collector/Market-Data-Collector/src/MarketDataCollector.Contracts/MarketDataCollector.Contracts.csproj]
/home/runner/work/Market-Data-Collector/Market-Data-Collector/src/MarketDataCollector.Contracts/Configuration/AppConfigDto.cs(110,14): warning CS1591: Missing XML comment for publicly visible type or member 'RithmicOptionsDto' [/home/runner/work/Market-Data-Collector/Market-Data-Collector/src/MarketDataCollector.Contracts/MarketDataCollector.Contracts.csproj]
/home/runner/work/Market-Data-Collector/Market-Data-Collector/src/MarketDataCollector.Contracts/Configuration/AppConfigDto.cs(113,19): warning CS1591: Missing XML comment for publicly visible type or member 'RithmicOptionsDto.Server' [/home/runner/work/Market-Data-Collector/Market-Data-Collector/src/MarketDataCollector.Contracts/MarketDataCollector.Contracts.csproj]
/home/runner/work/Market-Data-Collector/Market-Data-Collector/src/MarketDataCollector.Contracts/Configuration/AppConfigDto.cs(116,20): warning CS1591: Missing XML comment for publicly visible type or member 'RithmicOptionsDto.UserName' [/home/runner/work/Market-Data-Collector/Market-Data-Collector/src/MarketDataCollector.Contracts/MarketDataCollector.Contracts.csproj]
/home/runner/work/Market-Data-Collector/Market-Data-Collector/src/MarketDataCollector.Contracts/Configuration/AppConfigDto.cs(119,20): warning CS1591: Missing XML comment for publicly visible type or member 'RithmicOptionsDto.Password' [/home/runner/work/Market-Data-Collector/Market-Data-Collector/src/MarketDataCollector.Contracts/MarketDataCollector.Contracts.csproj]
/home/runner/work/Market-Data-Collector/Market-Data-Collector/src/MarketDataCollector.Contracts/Configuration/AppConfigDto.cs(122,20): warning CS1591: Missing XML comment for publicly visible type or member 'RithmicOptionsDto.CertFile' [/home/runner/work/Market-Data-Collector/Market-Data-Collector/src/MarketDataCollector.Contracts/MarketDataCollector.Contracts.csproj]
/home/runner/work/Market-Data-Collector/Market-Data-Collector/src/MarketDataCollector.Contracts/Configuration/AppConfigDto.cs(125,17): warning CS1591: Missing XML comment for publicly visible type or member 'RithmicOptionsDto.UsePaperTrading' [/home/runner/work/Market-Data-Collector/Market-Data-Collector/src/MarketDataCollector.Contracts/MarketDataCollector.Contracts.csproj]
/home/runner/work/Market-Data-Collector/Market-Data-Collector/src/MarketDataCollector.Contracts/Configuration/AppConfigDto.cs(128,14): warning CS1591: Missing XML comment for publicly visible type or member 'IQFeedOptionsDto' [/home/runner/work/Market-Data-Collector/Market-Data-Collector/src/MarketDataCollector.Contracts/MarketDataCollector.Contracts.csproj]
/home/runner/work/Market-Data-Collector/Market-Data-Collector/src/MarketDataCollector.Contracts/Configuration/AppConfigDto.cs(131,19): warning CS1591: Missing XML comment for publicly visible type or member 'IQFeedOptionsDto.Host' [/home/runner/work/Market-Data-Collector/Market-Data-Collector/src/MarketDataCollector.Contracts/MarketDataCollector.Contracts.csproj]
/home/runner/work/Market-Data-Collector/Market-Data-Collector/src/MarketDataCollector.Contracts/Configuration/AppConfigDto.cs(134,16): warning CS1591: Missing XML comment for publicly visible type or member 'IQFeedOptionsDto.Level1Port' [/home/runner/work/Market-Data-Collector/Market-Data-Collector/src/MarketDataCollector.Contracts/MarketDataCollector.Contracts.csproj]
/home/runner/work/Market-Data-Collector/Market-Data-Collector/src/MarketDataCollector.Contracts/Configuration/AppConfigDto.cs(137,16): warning CS1591: Missing XML comment for publicly visible type or member 'IQFeedOptionsDto.Level2Port' [/home/runner/work/Market-Data-Collector/Market-Data-Collector/src/MarketDataCollector.Contracts/MarketDataCollector.Contracts.csproj]
/home/runner/work/Market-Data-Collector/Market-Data-Collector/src/MarketDataCollector.Contracts/Configuration/AppConfigDto.cs(140,16): warning CS1591: Missing XML comment for publicly visible type or member 'IQFeedOptionsDto.LookupPort' [/home/runner/work/Market-Data-Collector/Market-Data-Collector/src/MarketDataCollector.Contracts/MarketDataCollector.Contracts.csproj]
/home/runner/work/Market-Data-Collector/Market-Data-Collector/src/MarketDataCollector.Contracts/Configuration/AppConfigDto.cs(143,20): warning CS1591: Missing XML comment for publicly visible type or member 'IQFeedOptionsDto.ProductId' [/home/runner/work/Market-Data-Collector/Market-Data-Collector/src/MarketDataCollector.Contracts/MarketDataCollector.Contracts.csproj]
/home/runner/work/Market-Data-Collector/Market-Data-Collector/src/MarketDataCollector.Contracts/Configuration/AppConfigDto.cs(146,19): warning CS1591: Missing XML comment for publicly visible type or member 'IQFeedOptionsDto.ProductVersion' [/home/runner/work/Market-Data-Collector/Market-Data-Collector/src/MarketDataCollector.Contracts/MarketDataCollector.Contracts.csproj]
/home/runner/work/Market-Data-Collector/Market-Data-Collector/src/MarketDataCollector.Contracts/Configuration/AppConfigDto.cs(149,14): warning CS1591: Missing XML comment for publicly visible type or member 'CQGOptionsDto' [/home/runner/work/Market-Data-Collector/Market-Data-Collector/src/MarketDataCollector.Contracts/MarketDataCollector.Contracts.csproj]
/home/runner/work/Market-Data-Collector/Market-Data-Collector/src/MarketDataCollector.Contracts/Configuration/AppConfigDto.cs(152,20): warning CS1591: Missing XML comment for publicly visible type or member 'CQGOptionsDto.UserName' [/home/runner/work/Market-Data-Collector/Market-Data-Collector/src/MarketDataCollector.Contracts/MarketDataCollector.Contracts.csproj]
/home/runner/work/Market-Data-Collector/Market-Data-Collector/src/MarketDataCollector.Contracts/Configuration/AppConfigDto.cs(155,20): warning CS1591: Missing XML comment for publicly visible type or member 'CQGOptionsDto.Password' [/home/runner/work/Market-Data-Collector/Market-Data-Collector/src/MarketDataCollector.Contracts/MarketDataCollector.Contracts.csproj]
/home/runner/work/Market-Data-Collector/Market-Data-Collector/src/MarketDataCollector.Contracts/Configuration/AppConfigDto.cs(158,17): warning CS1591: Missing XML comment for publicly visible type or member 'CQGOptionsDto.UseDemoServer' [/home/runner/work/Market-Data-Collector/Market-Data-Collector/src/MarketDataCollector.Contracts/MarketDataCollector.Contracts.csproj]
/home/runner/work/Market-Data-Collector/Market-Data-Collector/src/MarketDataCollector.Contracts/Configuration/AppConfigDto.cs(161,14): warning CS1591: Missing XML comment for publicly visible type or member 'StockSharpIBOptionsDto' [/home/runner/work/Market-Data-Collector/Market-Data-Collector/src/MarketDataCollector.Contracts/MarketDataCollector.Contracts.csproj]
/home/runner/work/Market-Data-Collector/Market-Data-Collector/src/MarketDataCollector.Contracts/Configuration/AppConfigDto.cs(164,19): warning CS1591: Missing XML comment for publicly visible type or member 'StockSharpIBOptionsDto.Host' [/home/runner/work/Market-Data-Collector/Market-Data-Collector/src/MarketDataCollector.Contracts/MarketDataCollector.Contracts.csproj]
/home/runner/work/Market-Data-Collector/Market-Data-Collector/src/MarketDataCollector.Contracts/Configuration/AppConfigDto.cs(167,16): warning CS1591: Missing XML comment for publicly visible type or member 'StockSharpIBOptionsDto.Port' [/home/runner/work/Market-Data-Collector/Market-Data-Collector/src/MarketDataCollector.Contracts/MarketDataCollector.Contracts.csproj]
/home/runner/work/Market-Data-Collector/Market-Data-Collector/src/MarketDataCollector.Contracts/Configuration/AppConfigDto.cs(170,16): warning CS1591: Missing XML comment for publicly visible type or member 'StockSharpIBOptionsDto.ClientId' [/home/runner/work/Market-Data-Collector/Market-Data-Collector/src/MarketDataCollector.Contracts/MarketDataCollector.Contracts.csproj]
/home/runner/work/Market-Data-Collector/Market-Data-Collector/src/MarketDataCollector.Contracts/Configuration/AppConfigDto.cs(179,19): warning CS1591: Missing XML comment for publicly visible type or member 'StorageConfigDto.NamingConvention' [/home/runner/work/Market-Data-Collector/Market-Data-Collector/src/MarketDataCollector.Contracts/MarketDataCollector.Contracts.csproj]
/home/runner/work/Market-Data-Collector/Market-Data-Collector/src/MarketDataCollector.Contracts/Configuration/AppConfigDto.cs(182,19): warning CS1591: Missing XML comment for publicly visible type or member 'StorageConfigDto.DatePartition' [/home/runner/work/Market-Data-Collector/Market-Data-Collector/src/MarketDataCollector.Contracts/MarketDataCollector.Contracts.csproj]
/home/runner/work/Market-Data-Collector/Market-Data-Collector/src/MarketDataCollector.Contracts/Configuration/AppConfigDto.cs(185,17): warning CS1591: Missing XML comment for publicly visible type or member 'StorageConfigDto.IncludeProvider' [/home/runner/work/Market-Data-Collector/Market-Data-Collector/src/MarketDataCollector.Contracts/MarketDataCollector.Contracts.csproj]
/home/runner/work/Market-Data-Collector/Market-Data-Collector/src/MarketDataCollector.Contracts/Configuration/AppConfigDto.cs(188,20): warning CS1591: Missing XML comment for publicly visible type or member 'StorageConfigDto.FilePrefix' [/home/runner/work/Market-Data-Collector/Market-Data-Collector/src/MarketDataCollector.Contracts/MarketDataCollector.Contracts.csproj]
/home/runner/work/Market-Data-Collector/Market-Data-Collector/src/MarketDataCollector.Contracts/Configuration/AppConfigDto.cs(191,20): warning CS1591: Missing XML comment for publicly visible type or member 'StorageConfigDto.Profile' [/home/runner/work/Market-Data-Collector/Market-Data-Collector/src/MarketDataCollector.Contracts/MarketDataCollector.Contracts.csproj]
/home/runner/work/Market-Data-Collector/Market-Data-Collector/src/MarketDataCollector.Contracts/Configuration/AppConfigDto.cs(194,17): warning CS1591: Missing XML comment for publicly visible type or member 'StorageConfigDto.RetentionDays' [/home/runner/work/Market-Data-Collector/Market-Data-Collector/src/MarketDataCollector.Contracts/MarketDataCollector.Contracts.csproj]
/home/runner/work/Market-Data-Collector/Market-Data-Collector/src/MarketDataCollector.Contracts/Configuration/AppConfigDto.cs(197,18): warning CS1591: Missing XML comment for publicly visible type or member 'StorageConfigDto.MaxTotalMegabytes' [/home/runner/work/Market-Data-Collector/Market-Data-Collector/src/MarketDataCollector.Contracts/MarketDataCollector.Contracts.csproj]
/home/runner/work/Market-Data-Collector/Market-Data-Collector/src/MarketDataCollector.Contracts/Configuration/AppConfigDto.cs(206,19): warning CS1591: Missing XML comment for publicly visible type or member 'SymbolConfigDto.Symbol' [/home/runner/work/Market-Data-Collector/Market-Data-Collector/src/MarketDataCollector.Contracts/MarketDataCollector.Contracts.csproj]
/home/runner/work/Market-Data-Collector/Market-Data-Collector/src/MarketDataCollector.Contracts/Configuration/AppConfigDto.cs(209,17): warning CS1591: Missing XML comment for publicly visible type or member 'SymbolConfigDto.SubscribeTrades' [/home/runner/work/Market-Data-Collector/Market-Data-Collector/src/MarketDataCollector.Contracts/MarketDataCollector.Contracts.csproj]
/home/runner/work/Market-Data-Collector/Market-Data-Collector/src/MarketDataCollector.Contracts/Configuration/AppConfigDto.cs(212,17): warning CS1591: Missing XML comment for publicly visible type or member 'SymbolConfigDto.SubscribeDepth' [/home/runner/work/Market-Data-Collector/Market-Data-Collector/src/MarketDataCollector.Contracts/MarketDataCollector.Contracts.csproj]
/home/runner/work/Market-Data-Collector/Market-Data-Collector/src/MarketDataCollector.Contracts/Configuration/AppConfigDto.cs(215,16): warning CS1591: Missing XML comment for publicly visible type or member 'SymbolConfigDto.DepthLevels' [/home/runner/work/Market-Data-Collector/Market-Data-Collector/src/MarketDataCollector.Contracts/MarketDataCollector.Contracts.csproj]
/home/runner/work/Market-Data-Collector/Market-Data-Collector/src/MarketDataCollector.Contracts/Configuration/AppConfigDto.cs(218,19): warning CS1591: Missing XML comment for publicly visible type or member 'SymbolConfigDto.SecurityType' [/home/runner/work/Market-Data-Collector/Market-Data-Collector/src/MarketDataCollector.Contracts/MarketDataCollector.Contracts.csproj]
/home/runner/work/Market-Data-Collector/Market-Data-Collector/src/MarketDataCollector.Contracts/Configuration/AppConfigDto.cs(221,19): warning CS1591: Missing XML comment for publicly visible type or member 'SymbolConfigDto.Exchange' [/home/runner/work/Market-Data-Collector/Market-Data-Collector/src/MarketDataCollector.Contracts/MarketDataCollector.Contracts.csproj]
/home/runner/work/Market-Data-Collector/Market-Data-Collector/src/MarketDataCollector.Contracts/Configuration/AppConfigDto.cs(224,19): warning CS1591: Missing XML comment for publicly visible type or member 'SymbolConfigDto.Currency' [/home/runner/work/Market-Data-Collector/Market-Data-Collector/src/MarketDataCollector.Contracts/MarketDataCollector.Contracts.csproj]
/home/runner/work/Market-Data-Collector/Market-Data-Collector/src/MarketDataCollector.Contracts/Configuration/AppConfigDto.cs(227,20): warning CS1591: Missing XML comment for publicly visible type or member 'SymbolConfigDto.PrimaryExchange' [/home/runner/work/Market-Data-Collector/Market-Data-Collector/src/MarketDataCollector.Contracts/MarketDataCollector.Contracts.csproj]
/home/runner/work/Market-Data-Collector/Market-Data-Collector/src/MarketDataCollector.Contracts/Configuration/AppConfigDto.cs(230,20): warning CS1591: Missing XML comment for publicly visible type or member 'SymbolConfigDto.LocalSymbol' [/home/runner/work/Market-Data-Collector/Market-Data-Collector/src/MarketDataCollector.Contracts/MarketDataCollector.Contracts.csproj]
/home/runner/work/Market-Data-Collector/Market-Data-Collector/src/MarketDataCollector.Contracts/Configuration/AppConfigDto.cs(239,17): warning CS1591: Missing XML comment for publicly visible type or member 'BackfillConfigDto.Enabled' [/home/runner/work/Market-Data-Collector/Market-Data-Collector/src/MarketDataCollector.Contracts/MarketDataCollector.Contracts.csproj]
/home/runner/work/Market-Data-Collector/Market-Data-Collector/src/MarketDataCollector.Contracts/Configuration/AppConfigDto.cs(242,19): warning CS1591: Missing XML comment for publicly visible type or member 'BackfillConfigDto.Provider' [/home/runner/work/Market-Data-Collector/Market-Data-Collector/src/MarketDataCollector.Contracts/MarketDataCollector.Contracts.csproj]
/home/runner/work/Market-Data-Collector/Market-Data-Collector/src/MarketDataCollector.Contracts/Configuration/AppConfigDto.cs(245,22): warning CS1591: Missing XML comment for publicly visible type or member 'BackfillConfigDto.Symbols' [/home/runner/work/Market-Data-Collector/Market-Data-Collector/src/MarketDataCollector.Contracts/MarketDataCollector.Contracts.csproj]
/home/runner/work/Market-Data-Collector/Market-Data-Collector/src/MarketDataCollector.Contracts/Configuration/AppConfigDto.cs(248,20): warning CS1591: Missing XML comment for publicly visible type or member 'BackfillConfigDto.From' [/home/runner/work/Market-Data-Collector/Market-Data-Collector/src/MarketDataCollector.Contracts/MarketDataCollector.Contracts.csproj]
/home/runner/work/Market-Data-Collector/Market-Data-Collector/src/MarketDataCollector.Contracts/Configuration/AppConfigDto.cs(251,20): warning CS1591: Missing XML comment for publicly visible type or member 'BackfillConfigDto.To' [/home/runner/work/Market-Data-Collector/Market-Data-Collector/src/MarketDataCollector.Contracts/MarketDataCollector.Contracts.csproj]
/home/runner/work/Market-Data-Collector/Market-Data-Collector/src/MarketDataCollector.Contracts/Configuration/AppConfigDto.cs(254,17): warning CS1591: Missing XML comment for publicly visible type or member 'BackfillConfigDto.EnableFallback' [/home/runner/work/Market-Data-Collector/Market-Data-Collector/src/MarketDataCollector.Contracts/MarketDataCollector.Contracts.csproj]
/home/runner/work/Market-Data-Collector/Market-Data-Collector/src/MarketDataCollector.Contracts/Configuration/AppConfigDto.cs(257,17): warning CS1591: Missing XML comment for publicly visible type or member 'BackfillConfigDto.EnableSymbolResolution' [/home/runner/work/Market-Data-Collector/Market-Data-Collector/src/MarketDataCollector.Contracts/MarketDataCollector.Contracts.csproj]
/home/runner/work/Market-Data-Collector/Market-Data-Collector/src/MarketDataCollector.Contracts/Configuration/AppConfigDto.cs(266,35): warning CS1591: Missing XML comment for publicly visible type or member 'DataSourcesConfigDto.Sources' [/home/runner/work/Market-Data-Collector/Market-Data-Collector/src/MarketDataCollector.Contracts/MarketDataCollector.Contracts.csproj]
/home/runner/work/Market-Data-Collector/Market-Data-Collector/src/MarketDataCollector.Contracts/Configuration/AppConfigDto.cs(269,20): warning CS1591: Missing XML comment for publicly visible type or member 'DataSourcesConfigDto.DefaultRealTimeSourceId' [/home/runner/work/Market-Data-Collector/Market-Data-Collector/src/MarketDataCollector.Contracts/MarketDataCollector.Contracts.csproj]
/home/runner/work/Market-Data-Collector/Market-Data-Collector/src/MarketDataCollector.Contracts/Configuration/AppConfigDto.cs(272,20): warning CS1591: Missing XML comment for publicly visible type or member 'DataSourcesConfigDto.DefaultHistoricalSourceId' [/home/runner/work/Market-Data-Collector/Market-Data-Collector/src/MarketDataCollector.Contracts/MarketDataCollector.Contracts.csproj]
/home/runner/work/Market-Data-Collector/Market-Data-Collector/src/MarketDataCollector.Contracts/Configuration/AppConfigDto.cs(275,17): warning CS1591: Missing XML comment for publicly visible type or member 'DataSourcesConfigDto.EnableFailover' [/home/runner/work/Market-Data-Collector/Market-Data-Collector/src/MarketDataCollector.Contracts/MarketDataCollector.Contracts.csproj]
/home/runner/work/Market-Data-Collector/Market-Data-Collector/src/MarketDataCollector.Contracts/Configuration/AppConfigDto.cs(278,16): warning CS1591: Missing XML comment for publicly visible type or member 'DataSourcesConfigDto.FailoverTimeoutSeconds' [/home/runner/work/Market-Data-Collector/Market-Data-Collector/src/MarketDataCollector.Contracts/MarketDataCollector.Contracts.csproj]
/home/runner/work/Market-Data-Collector/Market-Data-Collector/src/MarketDataCollector.Contracts/Configuration/AppConfigDto.cs(287,19): warning CS1591: Missing XML comment for publicly visible type or member 'DataSourceConfigDto.Id' [/home/runner/work/Market-Data-Collector/Market-Data-Collector/src/MarketDataCollector.Contracts/MarketDataCollector.Contracts.csproj]
/home/runner/work/Market-Data-Collector/Market-Data-Collector/src/MarketDataCollector.Contracts/Configuration/AppConfigDto.cs(290,19): warning CS1591: Missing XML comment for publicly visible type or member 'DataSourceConfigDto.Name' [/home/runner/work/Market-Data-Collector/Market-Data-Collector/src/MarketDataCollector.Contracts/MarketDataCollector.Contracts.csproj]
/home/runner/work/Market-Data-Collector/Market-Data-Collector/src/MarketDataCollector.Contracts/Configuration/AppConfigDto.cs(293,19): warning CS1591: Missing XML comment for publicly visible type or member 'DataSourceConfigDto.Provider' [/home/runner/work/Market-Data-Collector/Market-Data-Collector/src/MarketDataCollector.Contracts/MarketDataCollector.Contracts.csproj]
/home/runner/work/Market-Data-Collector/Market-Data-Collector/src/MarketDataCollector.Contracts/Configuration/AppConfigDto.cs(296,17): warning CS1591: Missing XML comment for publicly visible type or member 'DataSourceConfigDto.Enabled' [/home/runner/work/Market-Data-Collector/Market-Data-Collector/src/MarketDataCollector.Contracts/MarketDataCollector.Contracts.csproj]
/home/runner/work/Market-Data-Collector/Market-Data-Collector/src/MarketDataCollector.Contracts/Configuration/AppConfigDto.cs(299,19): warning CS1591: Missing XML comment for publicly visible type or member 'DataSourceConfigDto.Type' [/home/runner/work/Market-Data-Collector/Market-Data-Collector/src/MarketDataCollector.Contracts/MarketDataCollector.Contracts.csproj]
/home/runner/work/Market-Data-Collector/Market-Data-Collector/src/MarketDataCollector.Contracts/Configuration/AppConfigDto.cs(302,16): warning CS1591: Missing XML comment for publicly visible type or member 'DataSourceConfigDto.Priority' [/home/runner/work/Market-Data-Collector/Market-Data-Collector/src/MarketDataCollector.Contracts/MarketDataCollector.Contracts.csproj]
/home/runner/work/Market-Data-Collector/Market-Data-Collector/src/MarketDataCollector.Contracts/Configuration/AppConfigDto.cs(305,20): warning CS1591: Missing XML comment for publicly visible type or member 'DataSourceConfigDto.Description' [/home/runner/work/Market-Data-Collector/Market-Data-Collector/src/MarketDataCollector.Contracts/MarketDataCollector.Contracts.csproj]
/home/runner/work/Market-Data-Collector/Market-Data-Collector/src/MarketDataCollector.Contracts/Configuration/AppConfigDto.cs(308,22): warning CS1591: Missing XML comment for publicly visible type or member 'DataSourceConfigDto.Tags' [/home/runner/work/Market-Data-Collector/Market-Data-Collector/src/MarketDataCollector.Contracts/MarketDataCollector.Contracts.csproj]
/home/runner/work/Market-Data-Collector/Market-Data-Collector/src/MarketDataCollector.Contracts/Configuration/AppConfigDto.cs(311,30): warning CS1591: Missing XML comment for publicly visible type or member 'DataSourceConfigDto.Alpaca' [/home/runner/work/Market-Data-Collector/Market-Data-Collector/src/MarketDataCollector.Contracts/MarketDataCollector.Contracts.csproj]
/home/runner/work/Market-Data-Collector/Market-Data-Collector/src/MarketDataCollector.Contracts/Configuration/AppConfigDto.cs(314,31): warning CS1591: Missing XML comment for publicly visible type or member 'DataSourceConfigDto.Polygon' [/home/runner/work/Market-Data-Collector/Market-Data-Collector/src/MarketDataCollector.Contracts/MarketDataCollector.Contracts.csproj]
/home/runner/work/Market-Data-Collector/Market-Data-Collector/src/MarketDataCollector.Contracts/Configuration/AppConfigDto.cs(317,26): warning CS1591: Missing XML comment for publicly visible type or member 'DataSourceConfigDto.IB' [/home/runner/work/Market-Data-Collector/Market-Data-Collector/src/MarketDataCollector.Contracts/MarketDataCollector.Contracts.csproj]
/home/runner/work/Market-Data-Collector/Market-Data-Collector/src/MarketDataCollector.Contracts/Configuration/AppConfigDto.cs(320,22): warning CS1591: Missing XML comment for publicly visible type or member 'DataSourceConfigDto.Symbols' [/home/runner/work/Market-Data-Collector/Market-Data-Collector/src/MarketDataCollector.Contracts/MarketDataCollector.Contracts.csproj]
/home/runner/work/Market-Data-Collector/Market-Data-Collector/src/MarketDataCollector.Contracts/Configuration/AppConfigDto.cs(329,20): warning CS1591: Missing XML comment for publicly visible type or member 'PolygonOptionsDto.ApiKey' [/home/runner/work/Market-Data-Collector/Market-Data-Collector/src/MarketDataCollector.Contracts/MarketDataCollector.Contracts.csproj]
/home/runner/work/Market-Data-Collector/Market-Data-Collector/src/MarketDataCollector.Contracts/Configuration/AppConfigDto.cs(332,17): warning CS1591: Missing XML comment for publicly visible type or member 'PolygonOptionsDto.UseDelayed' [/home/runner/work/Market-Data-Collector/Market-Data-Collector/src/MarketDataCollector.Contracts/MarketDataCollector.Contracts.csproj]
/home/runner/work/Market-Data-Collector/Market-Data-Collector/src/MarketDataCollector.Contracts/Configuration/AppConfigDto.cs(335,19): warning CS1591: Missing XML comment for publicly visible type or member 'PolygonOptionsDto.Feed' [/home/runner/work/Market-Data-Collector/Market-Data-Collector/src/MarketDataCollector.Contracts/MarketDataCollector.Contracts.csproj]
/home/runner/work/Market-Data-Collector/Market-Data-Collector/src/MarketDataCollector.Contracts/Configuration/AppConfigDto.cs(338,17): warning CS1591: Missing XML comment for publicly visible type or member 'PolygonOptionsDto.SubscribeTrades' [/home/runner/work/Market-Data-Collector/Market-Data-Collector/src/MarketDataCollector.Contracts/MarketDataCollector.Contracts.csproj]
/home/runner/work/Market-Data-Collector/Market-Data-Collector/src/MarketDataCollector.Contracts/Configuration/AppConfigDto.cs(341,17): warning CS1591: Missing XML comment for publicly visible type or member 'PolygonOptionsDto.SubscribeQuotes' [/home/runner/work/Market-Data-Collector/Market-Data-Collector/src/MarketDataCollector.Contracts/MarketDataCollector.Contracts.csproj]
/home/runner/work/Market-Data-Collector/Market-Data-Collector/src/MarketDataCollector.Contracts/Configuration/AppConfigDto.cs(344,17): warning CS1591: Missing XML comment for publicly visible type or member 'PolygonOptionsDto.SubscribeAggregates' [/home/runner/work/Market-Data-Collector/Market-Data-Collector/src/MarketDataCollector.Contracts/MarketDataCollector.Contracts.csproj]
/home/runner/work/Market-Data-Collector/Market-Data-Collector/src/MarketDataCollector.Contracts/Configuration/AppConfigDto.cs(353,19): warning CS1591: Missing XML comment for publicly visible type or member 'IBOptionsDto.Host' [/home/runner/work/Market-Data-Collector/Market-Data-Collector/src/MarketDataCollector.Contracts/MarketDataCollector.Contracts.csproj]
/home/runner/work/Market-Data-Collector/Market-Data-Collector/src/MarketDataCollector.Contracts/Configuration/AppConfigDto.cs(356,16): warning CS1591: Missing XML comment for publicly visible type or member 'IBOptionsDto.Port' [/home/runner/work/Market-Data-Collector/Market-Data-Collector/src/MarketDataCollector.Contracts/MarketDataCollector.Contracts.csproj]
/home/runner/work/Market-Data-Collector/Market-Data-Collector/src/MarketDataCollector.Contracts/Configuration/AppConfigDto.cs(359,16): warning CS1591: Missing XML comment for publicly visible type or member 'IBOptionsDto.ClientId' [/home/runner/work/Market-Data-Collector/Market-Data-Collector/src/MarketDataCollector.Contracts/MarketDataCollector.Contracts.csproj]
/home/runner/work/Market-Data-Collector/Market-Data-Collector/src/MarketDataCollector.Contracts/Configuration/AppConfigDto.cs(362,17): warning CS1591: Missing XML comment for publicly visible type or member 'IBOptionsDto.UsePaperTrading' [/home/runner/work/Market-Data-Collector/Market-Data-Collector/src/MarketDataCollector.Contracts/MarketDataCollector.Contracts.csproj]
/home/runner/work/Market-Data-Collector/Market-Data-Collector/src/MarketDataCollector.Contracts/Configuration/AppConfigDto.cs(365,17): warning CS1591: Missing XML comment for publicly visible type or member 'IBOptionsDto.SubscribeDepth' [/home/runner/work/Market-Data-Collector/Market-Data-Collector/src/MarketDataCollector.Contracts/MarketDataCollector.Contracts.csproj]
/home/runner/work/Market-Data-Collector/Market-Data-Collector/src/MarketDataCollector.Contracts/Configuration/AppConfigDto.cs(368,16): warning CS1591: Missing XML comment for publicly visible type or member 'IBOptionsDto.DepthLevels' [/home/runner/work/Market-Data-Collector/Market-Data-Collector/src/MarketDataCollector.Contracts/MarketDataCollector.Contracts.csproj]
/home/runner/work/Market-Data-Collector/Market-Data-Collector/src/MarketDataCollector.Contracts/Configuration/AppConfigDto.cs(371,17): warning CS1591: Missing XML comment for publicly visible type or member 'IBOptionsDto.TickByTick' [/home/runner/work/Market-Data-Collector/Market-Data-Collector/src/MarketDataCollector.Contracts/MarketDataCollector.Contracts.csproj]
/home/runner/work/Market-Data-Collector/Market-Data-Collector/src/MarketDataCollector.Contracts/Configuration/AppConfigDto.cs(380,30): warning CS1591: Missing XML comment for publicly visible type or member 'SymbolGroupsConfigDto.Groups' [/home/runner/work/Market-Data-Collector/Market-Data-Collector/src/MarketDataCollector.Contracts/MarketDataCollector.Contracts.csproj]
/home/runner/work/Market-Data-Collector/Market-Data-Collector/src/MarketDataCollector.Contracts/Configuration/AppConfigDto.cs(383,20): warning CS1591: Missing XML comment for publicly visible type or member 'SymbolGroupsConfigDto.DefaultGroupId' [/home/runner/work/Market-Data-Collector/Market-Data-Collector/src/MarketDataCollector.Contracts/MarketDataCollector.Contracts.csproj]
/home/runner/work/Market-Data-Collector/Market-Data-Collector/src/MarketDataCollector.Contracts/Configuration/AppConfigDto.cs(386,17): warning CS1591: Missing XML comment for publicly visible type or member 'SymbolGroupsConfigDto.ShowUngroupedSymbols' [/home/runner/work/Market-Data-Collector/Market-Data-Collector/src/MarketDataCollector.Contracts/MarketDataCollector.Contracts.csproj]
/home/runner/work/Market-Data-Collector/Market-Data-Collector/src/MarketDataCollector.Contracts/Configuration/AppConfigDto.cs(389,19): warning CS1591: Missing XML comment for publicly visible type or member 'SymbolGroupsConfigDto.SortBy' [/home/runner/work/Market-Data-Collector/Market-Data-Collector/src/MarketDataCollector.Contracts/MarketDataCollector.Contracts.csproj]
/home/runner/work/Market-Data-Collector/Market-Data-Collector/src/MarketDataCollector.Contracts/Configuration/AppConfigDto.cs(392,19): warning CS1591: Missing XML comment for publicly visible type or member 'SymbolGroupsConfigDto.ViewMode' [/home/runner/work/Market-Data-Collector/Market-Data-Collector/src/MarketDataCollector.Contracts/MarketDataCollector.Contracts.csproj]
/home/runner/work/Market-Data-Collector/Market-Data-Collector/src/MarketDataCollector.Contracts/Configuration/AppConfigDto.cs(401,19): warning CS1591: Missing XML comment for publicly visible type or member 'SymbolGroupDto.Id' [/home/runner/work/Market-Data-Collector/Market-Data-Collector/src/MarketDataCollector.Contracts/MarketDataCollector.Contracts.csproj]
/home/runner/work/Market-Data-Collector/Market-Data-Collector/src/MarketDataCollector.Contracts/Configuration/AppConfigDto.cs(404,19): warning CS1591: Missing XML comment for publicly visible type or member 'SymbolGroupDto.Name' [/home/runner/work/Market-Data-Collector/Market-Data-Collector/src/MarketDataCollector.Contracts/MarketDataCollector.Contracts.csproj]
/home/runner/work/Market-Data-Collector/Market-Data-Collector/src/MarketDataCollector.Contracts/Configuration/AppConfigDto.cs(407,20): warning CS1591: Missing XML comment for publicly visible type or member 'SymbolGroupDto.Description' [/home/runner/work/Market-Data-Collector/Market-Data-Collector/src/MarketDataCollector.Contracts/MarketDataCollector.Contracts.csproj]
/home/runner/work/Market-Data-Collector/Market-Data-Collector/src/MarketDataCollector.Contracts/Configuration/AppConfigDto.cs(410,19): warning CS1591: Missing XML comment for publicly visible type or member 'SymbolGroupDto.Color' [/home/runner/work/Market-Data-Collector/Market-Data-Collector/src/MarketDataCollector.Contracts/MarketDataCollector.Contracts.csproj]
/home/runner/work/Market-Data-Collector/Market-Data-Collector/src/MarketDataCollector.Contracts/Configuration/AppConfigDto.cs(413,19): warning CS1591: Missing XML comment for publicly visible type or member 'SymbolGroupDto.Icon' [/home/runner/work/Market-Data-Collector/Market-Data-Collector/src/MarketDataCollector.Contracts/MarketDataCollector.Contracts.csproj]
/home/runner/work/Market-Data-Collector/Market-Data-Collector/src/MarketDataCollector.Contracts/Configuration/AppConfigDto.cs(416,21): warning CS1591: Missing XML comment for publicly visible type or member 'SymbolGroupDto.Symbols' [/home/runner/work/Market-Data-Collector/Market-Data-Collector/src/MarketDataCollector.Contracts/MarketDataCollector.Contracts.csproj]
/home/runner/work/Market-Data-Collector/Market-Data-Collector/src/MarketDataCollector.Contracts/Configuration/AppConfigDto.cs(419,17): warning CS1591: Missing XML comment for publicly visible type or member 'SymbolGroupDto.IsExpanded' [/home/runner/work/Market-Data-Collector/Market-Data-Collector/src/MarketDataCollector.Contracts/MarketDataCollector.Contracts.csproj]
/home/runner/work/Market-Data-Collector/Market-Data-Collector/src/MarketDataCollector.Contracts/Configuration/AppConfigDto.cs(422,16): warning CS1591: Missing XML comment for publicly visible type or member 'SymbolGroupDto.SortOrder' [/home/runner/work/Market-Data-Collector/Market-Data-Collector/src/MarketDataCollector.Contracts/MarketDataCollector.Contracts.csproj]
/home/runner/work/Market-Data-Collector/Market-Data-Collector/src/MarketDataCollector.Contracts/Configuration/AppConfigDto.cs(425,21): warning CS1591: Missing XML comment for publicly visible type or member 'SymbolGroupDto.CreatedAt' [/home/runner/work/Market-Data-Collector/Market-Data-Collector/src/MarketDataCollector.Contracts/MarketDataCollector.Contracts.csproj]
/home/runner/work/Market-Data-Collector/Market-Data-Collector/src/MarketDataCollector.Contracts/Configuration/AppConfigDto.cs(428,21): warning CS1591: Missing XML comment for publicly visible type or member 'SymbolGroupDto.UpdatedAt' [/home/runner/work/Market-Data-Collector/Market-Data-Collector/src/MarketDataCollector.Contracts/MarketDataCollector.Contracts.csproj]
/home/runner/work/Market-Data-Collector/Market-Data-Collector/src/MarketDataCollector.Contracts/Configuration/AppConfigDto.cs(431,22): warning CS1591: Missing XML comment for publicly visible type or member 'SymbolGroupDto.Tags' [/home/runner/work/Market-Data-Collector/Market-Data-Collector/src/MarketDataCollector.Contracts/MarketDataCollector.Contracts.csproj]
/home/runner/work/Market-Data-Collector/Market-Data-Collector/src/MarketDataCollector.Contracts/Configuration/AppConfigDto.cs(434,35): warning CS1591: Missing XML comment for publicly visible type or member 'SymbolGroupDto.SmartCriteria' [/home/runner/work/Market-Data-Collector/Market-Data-Collector/src/MarketDataCollector.Contracts/MarketDataCollector.Contracts.csproj]
/home/runner/work/Market-Data-Collector/Market-Data-Collector/src/MarketDataCollector.Contracts/Configuration/AppConfigDto.cs(443,17): warning CS1591: Missing XML comment for publicly visible type or member 'SmartGroupCriteriaDto.IsSmartGroup' [/home/runner/work/Market-Data-Collector/Market-Data-Collector/src/MarketDataCollector.Contracts/MarketDataCollector.Contracts.csproj]
/home/runner/work/Market-Data-Collector/Market-Data-Collector/src/MarketDataCollector.Contracts/Configuration/AppConfigDto.cs(446,20): warning CS1591: Missing XML comment for publicly visible type or member 'SmartGroupCriteriaDto.SectorFilter' [/home/runner/work/Market-Data-Collector/Market-Data-Collector/src/MarketDataCollector.Contracts/MarketDataCollector.Contracts.csproj]
/home/runner/work/Market-Data-Collector/Market-Data-Collector/src/MarketDataCollector.Contracts/Configuration/AppConfigDto.cs(449,20): warning CS1591: Missing XML comment for publicly visible type or member 'SmartGroupCriteriaDto.IndustryFilter' [/home/runner/work/Market-Data-Collector/Market-Data-Collector/src/MarketDataCollector.Contracts/MarketDataCollector.Contracts.csproj]
/home/runner/work/Market-Data-Collector/Market-Data-Collector/src/MarketDataCollector.Contracts/Configuration/AppConfigDto.cs(452,20): warning CS1591: Missing XML comment for publicly visible type or member 'SmartGroupCriteriaDto.ExchangeFilter' [/home/runner/work/Market-Data-Collector/Market-Data-Collector/src/MarketDataCollector.Contracts/MarketDataCollector.Contracts.csproj]
/home/runner/work/Market-Data-Collector/Market-Data-Collector/src/MarketDataCollector.Contracts/Configuration/AppConfigDto.cs(455,21): warning CS1591: Missing XML comment for publicly visible type or member 'SmartGroupCriteriaDto.MinPrice' [/home/runner/work/Market-Data-Collector/Market-Data-Collector/src/MarketDataCollector.Contracts/MarketDataCollector.Contracts.csproj]
/home/runner/work/Market-Data-Collector/Market-Data-Collector/src/MarketDataCollector.Contracts/Configuration/AppConfigDto.cs(458,21): warning CS1591: Missing XML comment for publicly visible type or member 'SmartGroupCriteriaDto.MaxPrice' [/home/runner/work/Market-Data-Collector/Market-Data-Collector/src/MarketDataCollector.Contracts/MarketDataCollector.Contracts.csproj]
/home/runner/work/Market-Data-Collector/Market-Data-Collector/src/MarketDataCollector.Contracts/Configuration/AppConfigDto.cs(461,22): warning CS1591: Missing XML comment for publicly visible type or member 'SmartGroupCriteriaDto.TagsFilter' [/home/runner/work/Market-Data-Collector/Market-Data-Collector/src/MarketDataCollector.Contracts/MarketDataCollector.Contracts.csproj]
/home/runner/work/Market-Data-Collector/Market-Data-Collector/src/MarketDataCollector.Contracts/Configuration/AppConfigDto.cs(470,22): warning CS1591: Missing XML comment for publicly visible type or member 'ExtendedSymbolConfigDto.GroupIds' [/home/runner/work/Market-Data-Collector/Market-Data-Collector/src/MarketDataCollector.Contracts/MarketDataCollector.Contracts.csproj]
/home/runner/work/Market-Data-Collector/Market-Data-Collector/src/MarketDataCollector.Contracts/Configuration/AppConfigDto.cs(473,22): warning CS1591: Missing XML comment for publicly visible type or member 'ExtendedSymbolConfigDto.Tags' [/home/runner/work/Market-Data-Collector/Market-Data-Collector/src/MarketDataCollector.Contracts/MarketDataCollector.Contracts.csproj]
/home/runner/work/Market-Data-Collector/Market-Data-Collector/src/MarketDataCollector.Contracts/Configuration/AppConfigDto.cs(476,20): warning CS1591: Missing XML comment for publicly visible type or member 'ExtendedSymbolConfigDto.Notes' [/home/runner/work/Market-Data-Collector/Market-Data-Collector/src/MarketDataCollector.Contracts/MarketDataCollector.Contracts.csproj]
/home/runner/work/Market-Data-Collector/Market-Data-Collector/src/MarketDataCollector.Contracts/Configuration/AppConfigDto.cs(479,21): warning CS1591: Missing XML comment for publicly visible type or member 'ExtendedSymbolConfigDto.AddedAt' [/home/runner/work/Market-Data-Collector/Market-Data-Collector/src/MarketDataCollector.Contracts/MarketDataCollector.Contracts.csproj]
/home/runner/work/Market-Data-Collector/Market-Data-Collector/src/MarketDataCollector.Contracts/Configuration/AppConfigDto.cs(482,21): warning CS1591: Missing XML comment for publicly visible type or member 'ExtendedSymbolConfigDto.LastModified' [/home/runner/work/Market-Data-Collector/Market-Data-Collector/src/MarketDataCollector.Contracts/MarketDataCollector.Contracts.csproj]
/home/runner/work/Market-Data-Collector/Market-Data-Collector/src/MarketDataCollector.Contracts/Configuration/AppConfigDto.cs(485,17): warning CS1591: Missing XML comment for publicly visible type or member 'ExtendedSymbolConfigDto.IsFavorite' [/home/runner/work/Market-Data-Collector/Market-Data-Collector/src/MarketDataCollector.Contracts/MarketDataCollector.Contracts.csproj]
/home/runner/work/Market-Data-Collector/Market-Data-Collector/src/MarketDataCollector.Contracts/Configuration/AppConfigDto.cs(488,20): warning CS1591: Missing XML comment for publicly visible type or member 'ExtendedSymbolConfigDto.CustomColor' [/home/runner/work/Market-Data-Collector/Market-Data-Collector/src/MarketDataCollector.Contracts/MarketDataCollector.Contracts.csproj]
/home/runner/work/Market-Data-Collector/Market-Data-Collector/src/MarketDataCollector.Contracts/Configuration/AppConfigDto.cs(497,19): warning CS1591: Missing XML comment for publicly visible type or member 'AppSettingsDto.Theme' [/home/runner/work/Market-Data-Collector/Market-Data-Collector/src/MarketDataCollector.Contracts/MarketDataCollector.Contracts.csproj]
/home/runner/work/Market-Data-Collector/Market-Data-Collector/src/MarketDataCollector.Contracts/Configuration/AppConfigDto.cs(500,19): warning CS1591: Missing XML comment for publicly visible type or member 'AppSettingsDto.AccentColor' [/home/runner/work/Market-Data-Collector/Market-Data-Collector/src/MarketDataCollector.Contracts/MarketDataCollector.Contracts.csproj]
/home/runner/work/Market-Data-Collector/Market-Data-Collector/src/MarketDataCollector.Contracts/Configuration/AppConfigDto.cs(503,17): warning CS1591: Missing XML comment for publicly visible type or member 'AppSettingsDto.CompactMode' [/home/runner/work/Market-Data-Collector/Market-Data-Collector/src/MarketDataCollector.Contracts/MarketDataCollector.Contracts.csproj]
/home/runner/work/Market-Data-Collector/Market-Data-Collector/src/MarketDataCollector.Contracts/Configuration/AppConfigDto.cs(506,17): warning CS1591: Missing XML comment for publicly visible type or member 'AppSettingsDto.NotificationsEnabled' [/home/runner/work/Market-Data-Collector/Market-Data-Collector/src/MarketDataCollector.Contracts/MarketDataCollector.Contracts.csproj]
/home/runner/work/Market-Data-Collector/Market-Data-Collector/src/MarketDataCollector.Contracts/Configuration/AppConfigDto.cs(509,17): warning CS1591: Missing XML comment for publicly visible type or member 'AppSettingsDto.AutoReconnectEnabled' [/home/runner/work/Market-Data-Collector/Market-Data-Collector/src/MarketDataCollector.Contracts/MarketDataCollector.Contracts.csproj]
/home/runner/work/Market-Data-Collector/Market-Data-Collector/src/MarketDataCollector.Contracts/Configuration/AppConfigDto.cs(512,16): warning CS1591: Missing XML comment for publicly visible type or member 'AppSettingsDto.MaxReconnectAttempts' [/home/runner/work/Market-Data-Collector/Market-Data-Collector/src/MarketDataCollector.Contracts/MarketDataCollector.Contracts.csproj]
/home/runner/work/Market-Data-Collector/Market-Data-Collector/src/MarketDataCollector.Contracts/Configuration/AppConfigDto.cs(515,16): warning CS1591: Missing XML comment for publicly visible type or member 'AppSettingsDto.StatusRefreshIntervalSeconds' [/home/runner/work/Market-Data-Collector/Market-Data-Collector/src/MarketDataCollector.Contracts/MarketDataCollector.Contracts.csproj]
/home/runner/work/Market-Data-Collector/Market-Data-Collector/src/MarketDataCollector.Contracts/Credentials/CredentialModels.cs(68,19): warning CS1591: Missing XML comment for publicly visible type or member 'CredentialInfo.Name' [/home/runner/work/Market-Data-Collector/Market-Data-Collector/src/MarketDataCollector.Contracts/MarketDataCollector.Contracts.csproj]
/home/runner/work/Market-Data-Collector/Market-Data-Collector/src/MarketDataCollector.Contracts/Credentials/CredentialModels.cs(71,19): warning CS1591: Missing XML comment for publicly visible type or member 'CredentialInfo.Resource' [/home/runner/work/Market-Data-Collector/Market-Data-Collector/src/MarketDataCollector.Contracts/MarketDataCollector.Contracts.csproj]
/home/runner/work/Market-Data-Collector/Market-Data-Collector/src/MarketDataCollector.Contracts/Credentials/CredentialModels.cs(74,19): warning CS1591: Missing XML comment for publicly visible type or member 'CredentialInfo.Status' [/home/runner/work/Market-Data-Collector/Market-Data-Collector/src/MarketDataCollector.Contracts/MarketDataCollector.Contracts.csproj]
/home/runner/work/Market-Data-Collector/Market-Data-Collector/src/MarketDataCollector.Contracts/Credentials/CredentialModels.cs(77,27): warning CS1591: Missing XML comment for publicly visible type or member 'CredentialInfo.CredentialType' [/home/runner/work/Market-Data-Collector/Market-Data-Collector/src/MarketDataCollector.Contracts/MarketDataCollector.Contracts.csproj]
/home/runner/work/Market-Data-Collector/Market-Data-Collector/src/MarketDataCollector.Contracts/Credentials/CredentialModels.cs(80,22): warning CS1591: Missing XML comment for publicly visible type or member 'CredentialInfo.ExpiresAt' [/home/runner/work/Market-Data-Collector/Market-Data-Collector/src/MarketDataCollector.Contracts/MarketDataCollector.Contracts.csproj]
/home/runner/work/Market-Data-Collector/Market-Data-Collector/src/MarketDataCollector.Contracts/Credentials/CredentialModels.cs(83,22): warning CS1591: Missing XML comment for publicly visible type or member 'CredentialInfo.LastAuthenticatedAt' [/home/runner/work/Market-Data-Collector/Market-Data-Collector/src/MarketDataCollector.Contracts/MarketDataCollector.Contracts.csproj]
/home/runner/work/Market-Data-Collector/Market-Data-Collector/src/MarketDataCollector.Contracts/Credentials/CredentialModels.cs(86,22): warning CS1591: Missing XML comment for publicly visible type or member 'CredentialInfo.LastTestedAt' [/home/runner/work/Market-Data-Collector/Market-Data-Collector/src/MarketDataCollector.Contracts/MarketDataCollector.Contracts.csproj]
/home/runner/work/Market-Data-Collector/Market-Data-Collector/src/MarketDataCollector.Contracts/Credentials/CredentialModels.cs(89,33): warning CS1591: Missing XML comment for publicly visible type or member 'CredentialInfo.TestStatus' [/home/runner/work/Market-Data-Collector/Market-Data-Collector/src/MarketDataCollector.Contracts/MarketDataCollector.Contracts.csproj]
/home/runner/work/Market-Data-Collector/Market-Data-Collector/src/MarketDataCollector.Contracts/Credentials/CredentialModels.cs(92,17): warning CS1591: Missing XML comment for publicly visible type or member 'CredentialInfo.IsExpiringSoon' [/home/runner/work/Market-Data-Collector/Market-Data-Collector/src/MarketDataCollector.Contracts/MarketDataCollector.Contracts.csproj]
/home/runner/work/Market-Data-Collector/Market-Data-Collector/src/MarketDataCollector.Contracts/Credentials/CredentialModels.cs(97,17): warning CS1591: Missing XML comment for publicly visible type or member 'CredentialInfo.IsExpired' [/home/runner/work/Market-Data-Collector/Market-Data-Collector/src/MarketDataCollector.Contracts/MarketDataCollector.Contracts.csproj]
/home/runner/work/Market-Data-Collector/Market-Data-Collector/src/MarketDataCollector.Contracts/Credentials/CredentialModels.cs(100,17): warning CS1591: Missing XML comment for publicly visible type or member 'CredentialInfo.CanAutoRefresh' [/home/runner/work/Market-Data-Collector/Market-Data-Collector/src/MarketDataCollector.Contracts/MarketDataCollector.Contracts.csproj]
/home/runner/work/Market-Data-Collector/Market-Data-Collector/src/MarketDataCollector.Contracts/Credentials/CredentialModels.cs(103,20): warning CS1591: Missing XML comment for publicly visible type or member 'CredentialInfo.RefreshToken' [/home/runner/work/Market-Data-Collector/Market-Data-Collector/src/MarketDataCollector.Contracts/MarketDataCollector.Contracts.csproj]
/home/runner/work/Market-Data-Collector/Market-Data-Collector/src/MarketDataCollector.Contracts/Credentials/CredentialModels.cs(161,17): warning CS1591: Missing XML comment for publicly visible type or member 'CredentialTestResult.Success' [/home/runner/work/Market-Data-Collector/Market-Data-Collector/src/MarketDataCollector.Contracts/MarketDataCollector.Contracts.csproj]
/home/runner/work/Market-Data-Collector/Market-Data-Collector/src/MarketDataCollector.Contracts/Credentials/CredentialModels.cs(164,19): warning CS1591: Missing XML comment for publicly visible type or member 'CredentialTestResult.Message' [/home/runner/work/Market-Data-Collector/Market-Data-Collector/src/MarketDataCollector.Contracts/MarketDataCollector.Contracts.csproj]
/home/runner/work/Market-Data-Collector/Market-Data-Collector/src/MarketDataCollector.Contracts/Credentials/CredentialModels.cs(167,21): warning CS1591: Missing XML comment for publicly visible type or member 'CredentialTestResult.TestedAt' [/home/runner/work/Market-Data-Collector/Market-Data-Collector/src/MarketDataCollector.Contracts/MarketDataCollector.Contracts.csproj]
/home/runner/work/Market-Data-Collector/Market-Data-Collector/src/MarketDataCollector.Contracts/Credentials/CredentialModels.cs(170,17): warning CS1591: Missing XML comment for publicly visible type or member 'CredentialTestResult.ResponseTimeMs' [/home/runner/work/Market-Data-Collector/Market-Data-Collector/src/MarketDataCollector.Contracts/MarketDataCollector.Contracts.csproj]
/home/runner/work/Market-Data-Collector/Market-Data-Collector/src/MarketDataCollector.Contracts/Credentials/CredentialModels.cs(173,20): warning CS1591: Missing XML comment for publicly visible type or member 'CredentialTestResult.ServerInfo' [/home/runner/work/Market-Data-Collector/Market-Data-Collector/src/MarketDataCollector.Contracts/MarketDataCollector.Contracts.csproj]
/home/runner/work/Market-Data-Collector/Market-Data-Collector/src/MarketDataCollector.Contracts/Credentials/CredentialModels.cs(176,22): warning CS1591: Missing XML comment for publicly visible type or member 'CredentialTestResult.ExpiresAt' [/home/runner/work/Market-Data-Collector/Market-Data-Collector/src/MarketDataCollector.Contracts/MarketDataCollector.Contracts.csproj]
/home/runner/work/Market-Data-Collector/Market-Data-Collector/src/MarketDataCollector.Contracts/Credentials/CredentialModels.cs(179,22): warning CS1591: Missing XML comment for publicly visible type or member 'CredentialTestResult.Scopes' [/home/runner/work/Market-Data-Collector/Market-Data-Collector/src/MarketDataCollector.Contracts/MarketDataCollector.Contracts.csproj]
/home/runner/work/Market-Data-Collector/Market-Data-Collector/src/MarketDataCollector.Contracts/Credentials/CredentialModels.cs(213,19): warning CS1591: Missing XML comment for publicly visible type or member 'CredentialMetadata.Resource' [/home/runner/work/Market-Data-Collector/Market-Data-Collector/src/MarketDataCollector.Contracts/MarketDataCollector.Contracts.csproj]
/home/runner/work/Market-Data-Collector/Market-Data-Collector/src/MarketDataCollector.Contracts/Credentials/CredentialModels.cs(216,27): warning CS1591: Missing XML comment for publicly visible type or member 'CredentialMetadata.CredentialType' [/home/runner/work/Market-Data-Collector/Market-Data-Collector/src/MarketDataCollector.Contracts/MarketDataCollector.Contracts.csproj]
/home/runner/work/Market-Data-Collector/Market-Data-Collector/src/MarketDataCollector.Contracts/Credentials/CredentialModels.cs(219,21): warning CS1591: Missing XML comment for publicly visible type or member 'CredentialMetadata.CreatedAt' [/home/runner/work/Market-Data-Collector/Market-Data-Collector/src/MarketDataCollector.Contracts/MarketDataCollector.Contracts.csproj]
/home/runner/work/Market-Data-Collector/Market-Data-Collector/src/MarketDataCollector.Contracts/Credentials/CredentialModels.cs(222,22): warning CS1591: Missing XML comment for publicly visible type or member 'CredentialMetadata.ExpiresAt' [/home/runner/work/Market-Data-Collector/Market-Data-Collector/src/MarketDataCollector.Contracts/MarketDataCollector.Contracts.csproj]
/home/runner/work/Market-Data-Collector/Market-Data-Collector/src/MarketDataCollector.Contracts/Credentials/CredentialModels.cs(225,22): warning CS1591: Missing XML comment for publicly visible type or member 'CredentialMetadata.LastAuthenticatedAt' [/home/runner/work/Market-Data-Collector/Market-Data-Collector/src/MarketDataCollector.Contracts/MarketDataCollector.Contracts.csproj]
/home/runner/work/Market-Data-Collector/Market-Data-Collector/src/MarketDataCollector.Contracts/Credentials/CredentialModels.cs(228,22): warning CS1591: Missing XML comment for publicly visible type or member 'CredentialMetadata.LastTestedAt' [/home/runner/work/Market-Data-Collector/Market-Data-Collector/src/MarketDataCollector.Contracts/MarketDataCollector.Contracts.csproj]
/home/runner/work/Market-Data-Collector/Market-Data-Collector/src/MarketDataCollector.Contracts/Credentials/CredentialModels.cs(231,33): warning CS1591: Missing XML comment for publicly visible type or member 'CredentialMetadata.TestStatus' [/home/runner/work/Market-Data-Collector/Market-Data-Collector/src/MarketDataCollector.Contracts/MarketDataCollector.Contracts.csproj]
/home/runner/work/Market-Data-Collector/Market-Data-Collector/src/MarketDataCollector.Contracts/Credentials/CredentialModels.cs(234,20): warning CS1591: Missing XML comment for publicly visible type or member 'CredentialMetadata.RefreshToken' [/home/runner/work/Market-Data-Collector/Market-Data-Collector/src/MarketDataCollector.Contracts/MarketDataCollector.Contracts.csproj]
/home/runner/work/Market-Data-Collector/Market-Data-Collector/src/MarketDataCollector.Contracts/Credentials/CredentialModels.cs(237,20): warning CS1591: Missing XML comment for publicly visible type or member 'CredentialMetadata.TokenEndpoint' [/home/runner/work/Market-Data-Collector/Market-Data-Collector/src/MarketDataCollector.Contracts/MarketDataCollector.Contracts.csproj]
/home/runner/work/Market-Data-Collector/Market-Data-Collector/src/MarketDataCollector.Contracts/Credentials/CredentialModels.cs(240,20): warning CS1591: Missing XML comment for publicly visible type or member 'CredentialMetadata.ClientId' [/home/runner/work/Market-Data-Collector/Market-Data-Collector/src/MarketDataCollector.Contracts/MarketDataCollector.Contracts.csproj]
/home/runner/work/Market-Data-Collector/Market-Data-Collector/src/MarketDataCollector.Contracts/Credentials/CredentialModels.cs(243,17): warning CS1591: Missing XML comment for publicly visible type or member 'CredentialMetadata.AutoRefreshEnabled' [/home/runner/work/Market-Data-Collector/Market-Data-Collector/src/MarketDataCollector.Contracts/MarketDataCollector.Contracts.csproj]
/home/runner/work/Market-Data-Collector/Market-Data-Collector/src/MarketDataCollector.Contracts/Credentials/CredentialModels.cs(246,22): warning CS1591: Missing XML comment for publicly visible type or member 'CredentialMetadata.LastRefreshAttemptAt' [/home/runner/work/Market-Data-Collector/Market-Data-Collector/src/MarketDataCollector.Contracts/MarketDataCollector.Contracts.csproj]
/home/runner/work/Market-Data-Collector/Market-Data-Collector/src/MarketDataCollector.Contracts/Credentials/CredentialModels.cs(249,16): warning CS1591: Missing XML comment for publicly visible type or member 'CredentialMetadata.RefreshFailureCount' [/home/runner/work/Market-Data-Collector/Market-Data-Collector/src/MarketDataCollector.Contracts/MarketDataCollector.Contracts.csproj]
/home/runner/work/Market-Data-Collector/Market-Data-Collector/src/MarketDataCollector.Contracts/Credentials/CredentialModels.cs(258,19): warning CS1591: Missing XML comment for publicly visible type or member 'OAuthTokenResponse.AccessToken' [/home/runner/work/Market-Data-Collector/Market-Data-Collector/src/MarketDataCollector.Contracts/MarketDataCollector.Contracts.csproj]
/home/runner/work/Market-Data-Collector/Market-Data-Collector/src/MarketDataCollector.Contracts/Credentials/CredentialModels.cs(261,19): warning CS1591: Missing XML comment for publicly visible type or member 'OAuthTokenResponse.TokenType' [/home/runner/work/Market-Data-Collector/Market-Data-Collector/src/MarketDataCollector.Contracts/MarketDataCollector.Contracts.csproj]
/home/runner/work/Market-Data-Collector/Market-Data-Collector/src/MarketDataCollector.Contracts/Credentials/CredentialModels.cs(264,16): warning CS1591: Missing XML comment for publicly visible type or member 'OAuthTokenResponse.ExpiresInSeconds' [/home/runner/work/Market-Data-Collector/Market-Data-Collector/src/MarketDataCollector.Contracts/MarketDataCollector.Contracts.csproj]
/home/runner/work/Market-Data-Collector/Market-Data-Collector/src/MarketDataCollector.Contracts/Credentials/CredentialModels.cs(267,20): warning CS1591: Missing XML comment for publicly visible type or member 'OAuthTokenResponse.RefreshToken' [/home/runner/work/Market-Data-Collector/Market-Data-Collector/src/MarketDataCollector.Contracts/MarketDataCollector.Contracts.csproj]
/home/runner/work/Market-Data-Collector/Market-Data-Collector/src/MarketDataCollector.Contracts/Credentials/CredentialModels.cs(270,20): warning CS1591: Missing XML comment for publicly visible type or member 'OAuthTokenResponse.Scope' [/home/runner/work/Market-Data-Collector/Market-Data-Collector/src/MarketDataCollector.Contracts/MarketDataCollector.Contracts.csproj]
/home/runner/work/Market-Data-Collector/Market-Data-Collector/src/MarketDataCollector.Contracts/Credentials/CredentialModels.cs(287,19): warning CS1591: Missing XML comment for publicly visible type or member 'OAuthProviderConfig.ProviderId' [/home/runner/work/Market-Data-Collector/Market-Data-Collector/src/MarketDataCollector.Contracts/MarketDataCollector.Contracts.csproj]
/home/runner/work/Market-Data-Collector/Market-Data-Collector/src/MarketDataCollector.Contracts/Credentials/CredentialModels.cs(290,19): warning CS1591: Missing XML comment for publicly visible type or member 'OAuthProviderConfig.DisplayName' [/home/runner/work/Market-Data-Collector/Market-Data-Collector/src/MarketDataCollector.Contracts/MarketDataCollector.Contracts.csproj]
/home/runner/work/Market-Data-Collector/Market-Data-Collector/src/MarketDataCollector.Contracts/Credentials/CredentialModels.cs(293,19): warning CS1591: Missing XML comment for publicly visible type or member 'OAuthProviderConfig.TokenEndpoint' [/home/runner/work/Market-Data-Collector/Market-Data-Collector/src/MarketDataCollector.Contracts/MarketDataCollector.Contracts.csproj]
/home/runner/work/Market-Data-Collector/Market-Data-Collector/src/MarketDataCollector.Contracts/Credentials/CredentialModels.cs(296,19): warning CS1591: Missing XML comment for publicly visible type or member 'OAuthProviderConfig.ClientId' [/home/runner/work/Market-Data-Collector/Market-Data-Collector/src/MarketDataCollector.Contracts/MarketDataCollector.Contracts.csproj]
/home/runner/work/Market-Data-Collector/Market-Data-Collector/src/MarketDataCollector.Contracts/Credentials/CredentialModels.cs(299,20): warning CS1591: Missing XML comment for publicly visible type or member 'OAuthProviderConfig.ClientSecret' [/home/runner/work/Market-Data-Collector/Market-Data-Collector/src/MarketDataCollector.Contracts/MarketDataCollector.Contracts.csproj]
/home/runner/work/Market-Data-Collector/Market-Data-Collector/src/MarketDataCollector.Contracts/Credentials/CredentialModels.cs(302,22): warning CS1591: Missing XML comment for publicly visible type or member 'OAuthProviderConfig.Scopes' [/home/runner/work/Market-Data-Collector/Market-Data-Collector/src/MarketDataCollector.Contracts/MarketDataCollector.Contracts.csproj]
/home/runner/work/Market-Data-Collector/Market-Data-Collector/src/MarketDataCollector.Contracts/Credentials/CredentialModels.cs(305,16): warning CS1591: Missing XML comment for publicly visible type or member 'OAuthProviderConfig.AutoRefreshThresholdMinutes' [/home/runner/work/Market-Data-Collector/Market-Data-Collector/src/MarketDataCollector.Contracts/MarketDataCollector.Contracts.csproj]
  MarketDataCollector.Contracts -> /home/runner/work/Market-Data-Collector/Market-Data-Collector/src/MarketDataCollector.Contracts/bin/Release/net9.0/MarketDataCollector.Contracts.dll
  MarketDataCollector.FSharp -> /home/runner/work/Market-Data-Collector/Market-Data-Collector/src/MarketDataCollector.FSharp/bin/Release/net9.0/MarketDataCollector.FSharp.dll
  MarketDataCollector.FSharp.Tests -> /home/runner/work/Market-Data-Collector/Market-Data-Collector/tests/MarketDataCollector.FSharp.Tests/bin/Release/net9.0/MarketDataCollector.FSharp.Tests.dll
/home/runner/work/Market-Data-Collector/Market-Data-Collector/src/MarketDataCollector/Domain/Collectors/TradeDataCollector.cs(162,17): warning CS8602: Dereference of a possibly null reference. [/home/runner/work/Market-Data-Collector/Market-Data-Collector/src/MarketDataCollector/MarketDataCollector.csproj]
/home/runner/work/Market-Data-Collector/Market-Data-Collector/src/MarketDataCollector/Storage/Sinks/ParquetStorageSink.cs(181,44): warning CS8600: Converting null literal or possible null value to non-nullable type. [/home/runner/work/Market-Data-Collector/Market-Data-Collector/src/MarketDataCollector/MarketDataCollector.csproj]
/home/runner/work/Market-Data-Collector/Market-Data-Collector/src/MarketDataCollector/Storage/Sinks/ParquetStorageSink.cs(191,108): warning CS8602: Dereference of a possibly null reference. [/home/runner/work/Market-Data-Collector/Market-Data-Collector/src/MarketDataCollector/MarketDataCollector.csproj]
/home/runner/work/Market-Data-Collector/Market-Data-Collector/src/MarketDataCollector/Storage/Sinks/ParquetStorageSink.cs(192,108): warning CS8602: Dereference of a possibly null reference. [/home/runner/work/Market-Data-Collector/Market-Data-Collector/src/MarketDataCollector/MarketDataCollector.csproj]
/home/runner/work/Market-Data-Collector/Market-Data-Collector/src/MarketDataCollector/Storage/Sinks/ParquetStorageSink.cs(193,108): warning CS8602: Dereference of a possibly null reference. [/home/runner/work/Market-Data-Collector/Market-Data-Collector/src/MarketDataCollector/MarketDataCollector.csproj]
/home/runner/work/Market-Data-Collector/Market-Data-Collector/src/MarketDataCollector/Storage/Sinks/ParquetStorageSink.cs(194,108): warning CS8602: Dereference of a possibly null reference. [/home/runner/work/Market-Data-Collector/Market-Data-Collector/src/MarketDataCollector/MarketDataCollector.csproj]
/home/runner/work/Market-Data-Collector/Market-Data-Collector/src/MarketDataCollector/Storage/Sinks/ParquetStorageSink.cs(195,108): warning CS8602: Dereference of a possibly null reference. [/home/runner/work/Market-Data-Collector/Market-Data-Collector/src/MarketDataCollector/MarketDataCollector.csproj]
/home/runner/work/Market-Data-Collector/Market-Data-Collector/src/MarketDataCollector/Storage/Sinks/ParquetStorageSink.cs(203,44): warning CS8600: Converting null literal or possible null value to non-nullable type. [/home/runner/work/Market-Data-Collector/Market-Data-Collector/src/MarketDataCollector/MarketDataCollector.csproj]
/home/runner/work/Market-Data-Collector/Market-Data-Collector/src/MarketDataCollector/Storage/Sinks/ParquetStorageSink.cs(213,108): warning CS8602: Dereference of a possibly null reference. [/home/runner/work/Market-Data-Collector/Market-Data-Collector/src/MarketDataCollector/MarketDataCollector.csproj]
/home/runner/work/Market-Data-Collector/Market-Data-Collector/src/MarketDataCollector/Storage/Sinks/ParquetStorageSink.cs(214,108): warning CS8602: Dereference of a possibly null reference. [/home/runner/work/Market-Data-Collector/Market-Data-Collector/src/MarketDataCollector/MarketDataCollector.csproj]
/home/runner/work/Market-Data-Collector/Market-Data-Collector/src/MarketDataCollector/Storage/Sinks/ParquetStorageSink.cs(215,108): warning CS8602: Dereference of a possibly null reference. [/home/runner/work/Market-Data-Collector/Market-Data-Collector/src/MarketDataCollector/MarketDataCollector.csproj]
/home/runner/work/Market-Data-Collector/Market-Data-Collector/src/MarketDataCollector/Storage/Sinks/ParquetStorageSink.cs(216,108): warning CS8602: Dereference of a possibly null reference. [/home/runner/work/Market-Data-Collector/Market-Data-Collector/src/MarketDataCollector/MarketDataCollector.csproj]
/home/runner/work/Market-Data-Collector/Market-Data-Collector/src/MarketDataCollector/Storage/Sinks/ParquetStorageSink.cs(217,108): warning CS8602: Dereference of a possibly null reference. [/home/runner/work/Market-Data-Collector/Market-Data-Collector/src/MarketDataCollector/MarketDataCollector.csproj]
/home/runner/work/Market-Data-Collector/Market-Data-Collector/src/MarketDataCollector/Storage/Sinks/ParquetStorageSink.cs(218,108): warning CS8602: Dereference of a possibly null reference. [/home/runner/work/Market-Data-Collector/Market-Data-Collector/src/MarketDataCollector/MarketDataCollector.csproj]
/home/runner/work/Market-Data-Collector/Market-Data-Collector/src/MarketDataCollector/Storage/Sinks/ParquetStorageSink.cs(265,42): warning CS8600: Converting null literal or possible null value to non-nullable type. [/home/runner/work/Market-Data-Collector/Market-Data-Collector/src/MarketDataCollector/MarketDataCollector.csproj]
/home/runner/work/Market-Data-Collector/Market-Data-Collector/src/MarketDataCollector/Storage/Sinks/ParquetStorageSink.cs(275,104): warning CS8602: Dereference of a possibly null reference. [/home/runner/work/Market-Data-Collector/Market-Data-Collector/src/MarketDataCollector/MarketDataCollector.csproj]
/home/runner/work/Market-Data-Collector/Market-Data-Collector/src/MarketDataCollector/Storage/Sinks/ParquetStorageSink.cs(276,104): warning CS8602: Dereference of a possibly null reference. [/home/runner/work/Market-Data-Collector/Market-Data-Collector/src/MarketDataCollector/MarketDataCollector.csproj]
/home/runner/work/Market-Data-Collector/Market-Data-Collector/src/MarketDataCollector/Storage/Sinks/ParquetStorageSink.cs(277,104): warning CS8602: Dereference of a possibly null reference. [/home/runner/work/Market-Data-Collector/Market-Data-Collector/src/MarketDataCollector/MarketDataCollector.csproj]
/home/runner/work/Market-Data-Collector/Market-Data-Collector/src/MarketDataCollector/Storage/Sinks/ParquetStorageSink.cs(278,104): warning CS8602: Dereference of a possibly null reference. [/home/runner/work/Market-Data-Collector/Market-Data-Collector/src/MarketDataCollector/MarketDataCollector.csproj]
/home/runner/work/Market-Data-Collector/Market-Data-Collector/src/MarketDataCollector/Storage/Sinks/ParquetStorageSink.cs(279,104): warning CS8602: Dereference of a possibly null reference. [/home/runner/work/Market-Data-Collector/Market-Data-Collector/src/MarketDataCollector/MarketDataCollector.csproj]
/home/runner/work/Market-Data-Collector/Market-Data-Collector/src/MarketDataCollector/Storage/Sinks/ParquetStorageSink.cs(280,104): warning CS8602: Dereference of a possibly null reference. [/home/runner/work/Market-Data-Collector/Market-Data-Collector/src/MarketDataCollector/MarketDataCollector.csproj]
  MarketDataCollector -> /home/runner/work/Market-Data-Collector/Market-Data-Collector/src/MarketDataCollector/bin/Release/net9.0/MarketDataCollector.dll
  MarketDataCollector.Ui.Shared -> /home/runner/work/Market-Data-Collector/Market-Data-Collector/src/MarketDataCollector.Ui.Shared/bin/Release/net9.0/MarketDataCollector.Ui.Shared.dll
  MarketDataCollector.Benchmarks -> /home/runner/work/Market-Data-Collector/Market-Data-Collector/benchmarks/MarketDataCollector.Benchmarks/bin/Release/net9.0/MarketDataCollector.Benchmarks.dll
  MarketDataCollector.Tests -> /home/runner/work/Market-Data-Collector/Market-Data-Collector/tests/MarketDataCollector.Tests/bin/Release/net9.0/MarketDataCollector.Tests.dll
  MarketDataCollector.Ui -> /home/runner/work/Market-Data-Collector/Market-Data-Collector/src/MarketDataCollector.Ui/bin/Release/net9.0/MarketDataCollector.Ui.dll

Build succeeded.

/home/runner/work/Market-Data-Collector/Market-Data-Collector/src/MarketDataCollector.Contracts/Api/StatusEndpointModels.cs(11,17): warning CS1591: Missing XML comment for publicly visible type or member 'BackpressureStatusDto.IsActive' [/home/runner/work/Market-Data-Collector/Market-Data-Collector/src/MarketDataCollector.Contracts/MarketDataCollector.Contracts.csproj]
/home/runner/work/Market-Data-Collector/Market-Data-Collector/src/MarketDataCollector.Contracts/Api/StatusEndpointModels.cs(14,19): warning CS1591: Missing XML comment for publicly visible type or member 'BackpressureStatusDto.Level' [/home/runner/work/Market-Data-Collector/Market-Data-Collector/src/MarketDataCollector.Contracts/MarketDataCollector.Contracts.csproj]
/home/runner/work/Market-Data-Collector/Market-Data-Collector/src/MarketDataCollector.Contracts/Api/StatusEndpointModels.cs(17,19): warning CS1591: Missing XML comment for publicly visible type or member 'BackpressureStatusDto.QueueUtilization' [/home/runner/work/Market-Data-Collector/Market-Data-Collector/src/MarketDataCollector.Contracts/MarketDataCollector.Contracts.csproj]
/home/runner/work/Market-Data-Collector/Market-Data-Collector/src/MarketDataCollector.Contracts/Api/StatusEndpointModels.cs(20,17): warning CS1591: Missing XML comment for publicly visible type or member 'BackpressureStatusDto.DroppedEvents' [/home/runner/work/Market-Data-Collector/Market-Data-Collector/src/MarketDataCollector.Contracts/MarketDataCollector.Contracts.csproj]
/home/runner/work/Market-Data-Collector/Market-Data-Collector/src/MarketDataCollector.Contracts/Api/StatusEndpointModels.cs(23,19): warning CS1591: Missing XML comment for publicly visible type or member 'BackpressureStatusDto.DropRate' [/home/runner/work/Market-Data-Collector/Market-Data-Collector/src/MarketDataCollector.Contracts/MarketDataCollector.Contracts.csproj]
/home/runner/work/Market-Data-Collector/Market-Data-Collector/src/MarketDataCollector.Contracts/Api/StatusEndpointModels.cs(26,19): warning CS1591: Missing XML comment for publicly visible type or member 'BackpressureStatusDto.DurationSeconds' [/home/runner/work/Market-Data-Collector/Market-Data-Collector/src/MarketDataCollector.Contracts/MarketDataCollector.Contracts.csproj]
/home/runner/work/Market-Data-Collector/Market-Data-Collector/src/MarketDataCollector.Contracts/Api/StatusEndpointModels.cs(29,20): warning CS1591: Missing XML comment for publicly visible type or member 'BackpressureStatusDto.Message' [/home/runner/work/Market-Data-Collector/Market-Data-Collector/src/MarketDataCollector.Contracts/MarketDataCollector.Contracts.csproj]
/home/runner/work/Market-Data-Collector/Market-Data-Collector/src/MarketDataCollector.Contracts/Api/StatusEndpointModels.cs(38,19): warning CS1591: Missing XML comment for publicly visible type or member 'ProviderLatencyStatsDto.Provider' [/home/runner/work/Market-Data-Collector/Market-Data-Collector/src/MarketDataCollector.Contracts/MarketDataCollector.Contracts.csproj]
/home/runner/work/Market-Data-Collector/Market-Data-Collector/src/MarketDataCollector.Contracts/Api/StatusEndpointModels.cs(41,19): warning CS1591: Missing XML comment for publicly visible type or member 'ProviderLatencyStatsDto.AverageMs' [/home/runner/work/Market-Data-Collector/Market-Data-Collector/src/MarketDataCollector.Contracts/MarketDataCollector.Contracts.csproj]
/home/runner/work/Market-Data-Collector/Market-Data-Collector/src/MarketDataCollector.Contracts/Api/StatusEndpointModels.cs(44,19): warning CS1591: Missing XML comment for publicly visible type or member 'ProviderLatencyStatsDto.MinMs' [/home/runner/work/Market-Data-Collector/Market-Data-Collector/src/MarketDataCollector.Contracts/MarketDataCollector.Contracts.csproj]
/home/runner/work/Market-Data-Collector/Market-Data-Collector/src/MarketDataCollector.Contracts/Api/StatusEndpointModels.cs(47,19): warning CS1591: Missing XML comment for publicly visible type or member 'ProviderLatencyStatsDto.MaxMs' [/home/runner/work/Market-Data-Collector/Market-Data-Collector/src/MarketDataCollector.Contracts/MarketDataCollector.Contracts.csproj]
/home/runner/work/Market-Data-Collector/Market-Data-Collector/src/MarketDataCollector.Contracts/Api/StatusEndpointModels.cs(50,19): warning CS1591: Missing XML comment for publicly visible type or member 'ProviderLatencyStatsDto.P50Ms' [/home/runner/work/Market-Data-Collector/Market-Data-Collector/src/MarketDataCollector.Contracts/MarketDataCollector.Contracts.csproj]
/home/runner/work/Market-Data-Collector/Market-Data-Collector/src/MarketDataCollector.Contracts/Api/StatusEndpointModels.cs(53,19): warning CS1591: Missing XML comment for publicly visible type or member 'ProviderLatencyStatsDto.P95Ms' [/home/runner/work/Market-Data-Collector/Market-Data-Collector/src/MarketDataCollector.Contracts/MarketDataCollector.Contracts.csproj]
/home/runner/work/Market-Data-Collector/Market-Data-Collector/src/MarketDataCollector.Contracts/Api/StatusEndpointModels.cs(56,19): warning CS1591: Missing XML comment for publicly visible type or member 'ProviderLatencyStatsDto.P99Ms' [/home/runner/work/Market-Data-Collector/Market-Data-Collector/src/MarketDataCollector.Contracts/MarketDataCollector.Contracts.csproj]
/home/runner/work/Market-Data-Collector/Market-Data-Collector/src/MarketDataCollector.Contracts/Api/StatusEndpointModels.cs(59,17): warning CS1591: Missing XML comment for publicly visible type or member 'ProviderLatencyStatsDto.SampleCount' [/home/runner/work/Market-Data-Collector/Market-Data-Collector/src/MarketDataCollector.Contracts/MarketDataCollector.Contracts.csproj]
/home/runner/work/Market-Data-Collector/Market-Data-Collector/src/MarketDataCollector.Contracts/Api/StatusEndpointModels.cs(62,17): warning CS1591: Missing XML comment for publicly visible type or member 'ProviderLatencyStatsDto.IsHealthy' [/home/runner/work/Market-Data-Collector/Market-Data-Collector/src/MarketDataCollector.Contracts/MarketDataCollector.Contracts.csproj]
/home/runner/work/Market-Data-Collector/Market-Data-Collector/src/MarketDataCollector.Contracts/Api/StatusEndpointModels.cs(71,27): warning CS1591: Missing XML comment for publicly visible type or member 'ProviderLatencySummaryDto.Timestamp' [/home/runner/work/Market-Data-Collector/Market-Data-Collector/src/MarketDataCollector.Contracts/MarketDataCollector.Contracts.csproj]
/home/runner/work/Market-Data-Collector/Market-Data-Collector/src/MarketDataCollector.Contracts/Api/StatusEndpointModels.cs(74,51): warning CS1591: Missing XML comment for publicly visible type or member 'ProviderLatencySummaryDto.Providers' [/home/runner/work/Market-Data-Collector/Market-Data-Collector/src/MarketDataCollector.Contracts/MarketDataCollector.Contracts.csproj]
/home/runner/work/Market-Data-Collector/Market-Data-Collector/src/MarketDataCollector.Contracts/Api/StatusEndpointModels.cs(77,19): warning CS1591: Missing XML comment for publicly visible type or member 'ProviderLatencySummaryDto.GlobalAverageMs' [/home/runner/work/Market-Data-Collector/Market-Data-Collector/src/MarketDataCollector.Contracts/MarketDataCollector.Contracts.csproj]
/home/runner/work/Market-Data-Collector/Market-Data-Collector/src/MarketDataCollector.Contracts/Api/StatusEndpointModels.cs(80,19): warning CS1591: Missing XML comment for publicly visible type or member 'ProviderLatencySummaryDto.GlobalP99Ms' [/home/runner/work/Market-Data-Collector/Market-Data-Collector/src/MarketDataCollector.Contracts/MarketDataCollector.Contracts.csproj]
/home/runner/work/Market-Data-Collector/Market-Data-Collector/src/MarketDataCollector.Contracts/Api/StatusEndpointModels.cs(89,19): warning CS1591: Missing XML comment for publicly visible type or member 'ConnectionHealthDto.ConnectionId' [/home/runner/work/Market-Data-Collector/Market-Data-Collector/src/MarketDataCollector.Contracts/MarketDataCollector.Contracts.csproj]
/home/runner/work/Market-Data-Collector/Market-Data-Collector/src/MarketDataCollector.Contracts/Api/StatusEndpointModels.cs(92,19): warning CS1591: Missing XML comment for publicly visible type or member 'ConnectionHealthDto.ProviderName' [/home/runner/work/Market-Data-Collector/Market-Data-Collector/src/MarketDataCollector.Contracts/MarketDataCollector.Contracts.csproj]
/home/runner/work/Market-Data-Collector/Market-Data-Collector/src/MarketDataCollector.Contracts/Api/StatusEndpointModels.cs(95,17): warning CS1591: Missing XML comment for publicly visible type or member 'ConnectionHealthDto.IsConnected' [/home/runner/work/Market-Data-Collector/Market-Data-Collector/src/MarketDataCollector.Contracts/MarketDataCollector.Contracts.csproj]
/home/runner/work/Market-Data-Collector/Market-Data-Collector/src/MarketDataCollector.Contracts/Api/StatusEndpointModels.cs(98,17): warning CS1591: Missing XML comment for publicly visible type or member 'ConnectionHealthDto.IsHealthy' [/home/runner/work/Market-Data-Collector/Market-Data-Collector/src/MarketDataCollector.Contracts/MarketDataCollector.Contracts.csproj]
/home/runner/work/Market-Data-Collector/Market-Data-Collector/src/MarketDataCollector.Contracts/Api/StatusEndpointModels.cs(101,28): warning CS1591: Missing XML comment for publicly visible type or member 'ConnectionHealthDto.LastHeartbeatTime' [/home/runner/work/Market-Data-Collector/Market-Data-Collector/src/MarketDataCollector.Contracts/MarketDataCollector.Contracts.csproj]
/home/runner/work/Market-Data-Collector/Market-Data-Collector/src/MarketDataCollector.Contracts/Api/StatusEndpointModels.cs(104,16): warning CS1591: Missing XML comment for publicly visible type or member 'ConnectionHealthDto.MissedHeartbeats' [/home/runner/work/Market-Data-Collector/Market-Data-Collector/src/MarketDataCollector.Contracts/MarketDataCollector.Contracts.csproj]
/home/runner/work/Market-Data-Collector/Market-Data-Collector/src/MarketDataCollector.Contracts/Api/StatusEndpointModels.cs(107,19): warning CS1591: Missing XML comment for publicly visible type or member 'ConnectionHealthDto.UptimeSeconds' [/home/runner/work/Market-Data-Collector/Market-Data-Collector/src/MarketDataCollector.Contracts/MarketDataCollector.Contracts.csproj]
/home/runner/work/Market-Data-Collector/Market-Data-Collector/src/MarketDataCollector.Contracts/Api/StatusEndpointModels.cs(110,19): warning CS1591: Missing XML comment for publicly visible type or member 'ConnectionHealthDto.AverageLatencyMs' [/home/runner/work/Market-Data-Collector/Market-Data-Collector/src/MarketDataCollector.Contracts/MarketDataCollector.Contracts.csproj]
/home/runner/work/Market-Data-Collector/Market-Data-Collector/src/MarketDataCollector.Contracts/Api/StatusEndpointModels.cs(119,27): warning CS1591: Missing XML comment for publicly visible type or member 'ConnectionHealthSnapshotDto.Timestamp' [/home/runner/work/Market-Data-Collector/Market-Data-Collector/src/MarketDataCollector.Contracts/MarketDataCollector.Contracts.csproj]
/home/runner/work/Market-Data-Collector/Market-Data-Collector/src/MarketDataCollector.Contracts/Api/StatusEndpointModels.cs(122,16): warning CS1591: Missing XML comment for publicly visible type or member 'ConnectionHealthSnapshotDto.TotalConnections' [/home/runner/work/Market-Data-Collector/Market-Data-Collector/src/MarketDataCollector.Contracts/MarketDataCollector.Contracts.csproj]
/home/runner/work/Market-Data-Collector/Market-Data-Collector/src/MarketDataCollector.Contracts/Api/StatusEndpointModels.cs(125,16): warning CS1591: Missing XML comment for publicly visible type or member 'ConnectionHealthSnapshotDto.HealthyConnections' [/home/runner/work/Market-Data-Collector/Market-Data-Collector/src/MarketDataCollector.Contracts/MarketDataCollector.Contracts.csproj]
/home/runner/work/Market-Data-Collector/Market-Data-Collector/src/MarketDataCollector.Contracts/Api/StatusEndpointModels.cs(128,16): warning CS1591: Missing XML comment for publicly visible type or member 'ConnectionHealthSnapshotDto.UnhealthyConnections' [/home/runner/work/Market-Data-Collector/Market-Data-Collector/src/MarketDataCollector.Contracts/MarketDataCollector.Contracts.csproj]
/home/runner/work/Market-Data-Collector/Market-Data-Collector/src/MarketDataCollector.Contracts/Api/StatusEndpointModels.cs(131,19): warning CS1591: Missing XML comment for publicly visible type or member 'ConnectionHealthSnapshotDto.GlobalAverageLatencyMs' [/home/runner/work/Market-Data-Collector/Market-Data-Collector/src/MarketDataCollector.Contracts/MarketDataCollector.Contracts.csproj]
/home/runner/work/Market-Data-Collector/Market-Data-Collector/src/MarketDataCollector.Contracts/Api/StatusEndpointModels.cs(134,19): warning CS1591: Missing XML comment for publicly visible type or member 'ConnectionHealthSnapshotDto.GlobalMinLatencyMs' [/home/runner/work/Market-Data-Collector/Market-Data-Collector/src/MarketDataCollector.Contracts/MarketDataCollector.Contracts.csproj]
/home/runner/work/Market-Data-Collector/Market-Data-Collector/src/MarketDataCollector.Contracts/Api/StatusEndpointModels.cs(137,19): warning CS1591: Missing XML comment for publicly visible type or member 'ConnectionHealthSnapshotDto.GlobalMaxLatencyMs' [/home/runner/work/Market-Data-Collector/Market-Data-Collector/src/MarketDataCollector.Contracts/MarketDataCollector.Contracts.csproj]
/home/runner/work/Market-Data-Collector/Market-Data-Collector/src/MarketDataCollector.Contracts/Api/StatusEndpointModels.cs(140,47): warning CS1591: Missing XML comment for publicly visible type or member 'ConnectionHealthSnapshotDto.Connections' [/home/runner/work/Market-Data-Collector/Market-Data-Collector/src/MarketDataCollector.Contracts/MarketDataCollector.Contracts.csproj]
/home/runner/work/Market-Data-Collector/Market-Data-Collector/src/MarketDataCollector.Contracts/Api/StatusEndpointModels.cs(149,19): warning CS1591: Missing XML comment for publicly visible type or member 'ErrorEntryDto.Id' [/home/runner/work/Market-Data-Collector/Market-Data-Collector/src/MarketDataCollector.Contracts/MarketDataCollector.Contracts.csproj]
/home/runner/work/Market-Data-Collector/Market-Data-Collector/src/MarketDataCollector.Contracts/Api/StatusEndpointModels.cs(152,27): warning CS1591: Missing XML comment for publicly visible type or member 'ErrorEntryDto.Timestamp' [/home/runner/work/Market-Data-Collector/Market-Data-Collector/src/MarketDataCollector.Contracts/MarketDataCollector.Contracts.csproj]
/home/runner/work/Market-Data-Collector/Market-Data-Collector/src/MarketDataCollector.Contracts/Api/StatusEndpointModels.cs(155,19): warning CS1591: Missing XML comment for publicly visible type or member 'ErrorEntryDto.Level' [/home/runner/work/Market-Data-Collector/Market-Data-Collector/src/MarketDataCollector.Contracts/MarketDataCollector.Contracts.csproj]
/home/runner/work/Market-Data-Collector/Market-Data-Collector/src/MarketDataCollector.Contracts/Api/StatusEndpointModels.cs(158,20): warning CS1591: Missing XML comment for publicly visible type or member 'ErrorEntryDto.Source' [/home/runner/work/Market-Data-Collector/Market-Data-Collector/src/MarketDataCollector.Contracts/MarketDataCollector.Contracts.csproj]
/home/runner/work/Market-Data-Collector/Market-Data-Collector/src/MarketDataCollector.Contracts/Api/StatusEndpointModels.cs(161,20): warning CS1591: Missing XML comment for publicly visible type or member 'ErrorEntryDto.Message' [/home/runner/work/Market-Data-Collector/Market-Data-Collector/src/MarketDataCollector.Contracts/MarketDataCollector.Contracts.csproj]
/home/runner/work/Market-Data-Collector/Market-Data-Collector/src/MarketDataCollector.Contracts/Api/StatusEndpointModels.cs(164,20): warning CS1591: Missing XML comment for publicly visible type or member 'ErrorEntryDto.ExceptionType' [/home/runner/work/Market-Data-Collector/Market-Data-Collector/src/MarketDataCollector.Contracts/MarketDataCollector.Contracts.csproj]
/home/runner/work/Market-Data-Collector/Market-Data-Collector/src/MarketDataCollector.Contracts/Api/StatusEndpointModels.cs(167,20): warning CS1591: Missing XML comment for publicly visible type or member 'ErrorEntryDto.Context' [/home/runner/work/Market-Data-Collector/Market-Data-Collector/src/MarketDataCollector.Contracts/MarketDataCollector.Contracts.csproj]
/home/runner/work/Market-Data-Collector/Market-Data-Collector/src/MarketDataCollector.Contracts/Api/StatusEndpointModels.cs(170,20): warning CS1591: Missing XML comment for publicly visible type or member 'ErrorEntryDto.Symbol' [/home/runner/work/Market-Data-Collector/Market-Data-Collector/src/MarketDataCollector.Contracts/MarketDataCollector.Contracts.csproj]
/home/runner/work/Market-Data-Collector/Market-Data-Collector/src/MarketDataCollector.Contracts/Api/StatusEndpointModels.cs(173,20): warning CS1591: Missing XML comment for publicly visible type or member 'ErrorEntryDto.Provider' [/home/runner/work/Market-Data-Collector/Market-Data-Collector/src/MarketDataCollector.Contracts/MarketDataCollector.Contracts.csproj]
/home/runner/work/Market-Data-Collector/Market-Data-Collector/src/MarketDataCollector.Contracts/Api/StatusEndpointModels.cs(182,16): warning CS1591: Missing XML comment for publicly visible type or member 'ErrorStatsDto.TotalErrors' [/home/runner/work/Market-Data-Collector/Market-Data-Collector/src/MarketDataCollector.Contracts/MarketDataCollector.Contracts.csproj]
/home/runner/work/Market-Data-Collector/Market-Data-Collector/src/MarketDataCollector.Contracts/Api/StatusEndpointModels.cs(185,16): warning CS1591: Missing XML comment for publicly visible type or member 'ErrorStatsDto.ErrorsInLastMinute' [/home/runner/work/Market-Data-Collector/Market-Data-Collector/src/MarketDataCollector.Contracts/MarketDataCollector.Contracts.csproj]
/home/runner/work/Market-Data-Collector/Market-Data-Collector/src/MarketDataCollector.Contracts/Api/StatusEndpointModels.cs(188,16): warning CS1591: Missing XML comment for publicly visible type or member 'ErrorStatsDto.ErrorsInLastHour' [/home/runner/work/Market-Data-Collector/Market-Data-Collector/src/MarketDataCollector.Contracts/MarketDataCollector.Contracts.csproj]
/home/runner/work/Market-Data-Collector/Market-Data-Collector/src/MarketDataCollector.Contracts/Api/StatusEndpointModels.cs(191,16): warning CS1591: Missing XML comment for publicly visible type or member 'ErrorStatsDto.WarningCount' [/home/runner/work/Market-Data-Collector/Market-Data-Collector/src/MarketDataCollector.Contracts/MarketDataCollector.Contracts.csproj]
/home/runner/work/Market-Data-Collector/Market-Data-Collector/src/MarketDataCollector.Contracts/Api/StatusEndpointModels.cs(194,16): warning CS1591: Missing XML comment for publicly visible type or member 'ErrorStatsDto.ErrorCount' [/home/runner/work/Market-Data-Collector/Market-Data-Collector/src/MarketDataCollector.Contracts/MarketDataCollector.Contracts.csproj]
/home/runner/work/Market-Data-Collector/Market-Data-Collector/src/MarketDataCollector.Contracts/Api/StatusEndpointModels.cs(197,16): warning CS1591: Missing XML comment for publicly visible type or member 'ErrorStatsDto.CriticalCount' [/home/runner/work/Market-Data-Collector/Market-Data-Collector/src/MarketDataCollector.Contracts/MarketDataCollector.Contracts.csproj]
/home/runner/work/Market-Data-Collector/Market-Data-Collector/src/MarketDataCollector.Contracts/Api/StatusEndpointModels.cs(200,28): warning CS1591: Missing XML comment for publicly visible type or member 'ErrorStatsDto.LastErrorTime' [/home/runner/work/Market-Data-Collector/Market-Data-Collector/src/MarketDataCollector.Contracts/MarketDataCollector.Contracts.csproj]
/home/runner/work/Market-Data-Collector/Market-Data-Collector/src/MarketDataCollector.Contracts/Api/StatusEndpointModels.cs(209,41): warning CS1591: Missing XML comment for publicly visible type or member 'ErrorsResponseDto.Errors' [/home/runner/work/Market-Data-Collector/Market-Data-Collector/src/MarketDataCollector.Contracts/MarketDataCollector.Contracts.csproj]
/home/runner/work/Market-Data-Collector/Market-Data-Collector/src/MarketDataCollector.Contracts/Api/StatusEndpointModels.cs(212,27): warning CS1591: Missing XML comment for publicly visible type or member 'ErrorsResponseDto.Stats' [/home/runner/work/Market-Data-Collector/Market-Data-Collector/src/MarketDataCollector.Contracts/MarketDataCollector.Contracts.csproj]
/home/runner/work/Market-Data-Collector/Market-Data-Collector/src/MarketDataCollector.Contracts/Api/StatusEndpointModels.cs(215,20): warning CS1591: Missing XML comment for publicly visible type or member 'ErrorsResponseDto.Message' [/home/runner/work/Market-Data-Collector/Market-Data-Collector/src/MarketDataCollector.Contracts/MarketDataCollector.Contracts.csproj]
/home/runner/work/Market-Data-Collector/Market-Data-Collector/src/MarketDataCollector.Contracts/Api/StatusEndpointModels.cs(223,19): warning CS1591: Missing XML comment for publicly visible type or member 'PrometheusMetricsDto.Content' [/home/runner/work/Market-Data-Collector/Market-Data-Collector/src/MarketDataCollector.Contracts/MarketDataCollector.Contracts.csproj]
/home/runner/work/Market-Data-Collector/Market-Data-Collector/src/MarketDataCollector.Contracts/Api/StatusModels.cs(11,17): warning CS1591: Missing XML comment for publicly visible type or member 'StatusResponse.IsConnected' [/home/runner/work/Market-Data-Collector/Market-Data-Collector/src/MarketDataCollector.Contracts/MarketDataCollector.Contracts.csproj]
/home/runner/work/Market-Data-Collector/Market-Data-Collector/src/MarketDataCollector.Contracts/Api/StatusModels.cs(14,27): warning CS1591: Missing XML comment for publicly visible type or member 'StatusResponse.TimestampUtc' [/home/runner/work/Market-Data-Collector/Market-Data-Collector/src/MarketDataCollector.Contracts/MarketDataCollector.Contracts.csproj]
/home/runner/work/Market-Data-Collector/Market-Data-Collector/src/MarketDataCollector.Contracts/Api/StatusModels.cs(17,25): warning CS1591: Missing XML comment for publicly visible type or member 'StatusResponse.Metrics' [/home/runner/work/Market-Data-Collector/Market-Data-Collector/src/MarketDataCollector.Contracts/MarketDataCollector.Contracts.csproj]
/home/runner/work/Market-Data-Collector/Market-Data-Collector/src/MarketDataCollector.Contracts/Api/StatusModels.cs(20,26): warning CS1591: Missing XML comment for publicly visible type or member 'StatusResponse.Pipeline' [/home/runner/work/Market-Data-Collector/Market-Data-Collector/src/MarketDataCollector.Contracts/MarketDataCollector.Contracts.csproj]
/home/runner/work/Market-Data-Collector/Market-Data-Collector/src/MarketDataCollector.Contracts/Api/StatusModels.cs(29,17): warning CS1591: Missing XML comment for publicly visible type or member 'MetricsData.Published' [/home/runner/work/Market-Data-Collector/Market-Data-Collector/src/MarketDataCollector.Contracts/MarketDataCollector.Contracts.csproj]
/home/runner/work/Market-Data-Collector/Market-Data-Collector/src/MarketDataCollector.Contracts/Api/StatusModels.cs(32,17): warning CS1591: Missing XML comment for publicly visible type or member 'MetricsData.Dropped' [/home/runner/work/Market-Data-Collector/Market-Data-Collector/src/MarketDataCollector.Contracts/MarketDataCollector.Contracts.csproj]
/home/runner/work/Market-Data-Collector/Market-Data-Collector/src/MarketDataCollector.Contracts/Api/StatusModels.cs(35,17): warning CS1591: Missing XML comment for publicly visible type or member 'MetricsData.Integrity' [/home/runner/work/Market-Data-Collector/Market-Data-Collector/src/MarketDataCollector.Contracts/MarketDataCollector.Contracts.csproj]
/home/runner/work/Market-Data-Collector/Market-Data-Collector/src/MarketDataCollector.Contracts/Api/StatusModels.cs(38,17): warning CS1591: Missing XML comment for publicly visible type or member 'MetricsData.HistoricalBars' [/home/runner/work/Market-Data-Collector/Market-Data-Collector/src/MarketDataCollector.Contracts/MarketDataCollector.Contracts.csproj]
/home/runner/work/Market-Data-Collector/Market-Data-Collector/src/MarketDataCollector.Contracts/Api/StatusModels.cs(41,19): warning CS1591: Missing XML comment for publicly visible type or member 'MetricsData.EventsPerSecond' [/home/runner/work/Market-Data-Collector/Market-Data-Collector/src/MarketDataCollector.Contracts/MarketDataCollector.Contracts.csproj]
/home/runner/work/Market-Data-Collector/Market-Data-Collector/src/MarketDataCollector.Contracts/Api/StatusModels.cs(44,19): warning CS1591: Missing XML comment for publicly visible type or member 'MetricsData.DropRate' [/home/runner/work/Market-Data-Collector/Market-Data-Collector/src/MarketDataCollector.Contracts/MarketDataCollector.Contracts.csproj]
/home/runner/work/Market-Data-Collector/Market-Data-Collector/src/MarketDataCollector.Contracts/Api/StatusModels.cs(47,17): warning CS1591: Missing XML comment for publicly visible type or member 'MetricsData.Trades' [/home/runner/work/Market-Data-Collector/Market-Data-Collector/src/MarketDataCollector.Contracts/MarketDataCollector.Contracts.csproj]
/home/runner/work/Market-Data-Collector/Market-Data-Collector/src/MarketDataCollector.Contracts/Api/StatusModels.cs(50,17): warning CS1591: Missing XML comment for publicly visible type or member 'MetricsData.DepthUpdates' [/home/runner/work/Market-Data-Collector/Market-Data-Collector/src/MarketDataCollector.Contracts/MarketDataCollector.Contracts.csproj]
/home/runner/work/Market-Data-Collector/Market-Data-Collector/src/MarketDataCollector.Contracts/Api/StatusModels.cs(53,17): warning CS1591: Missing XML comment for publicly visible type or member 'MetricsData.Quotes' [/home/runner/work/Market-Data-Collector/Market-Data-Collector/src/MarketDataCollector.Contracts/MarketDataCollector.Contracts.csproj]
/home/runner/work/Market-Data-Collector/Market-Data-Collector/src/MarketDataCollector.Contracts/Api/StatusModels.cs(62,17): warning CS1591: Missing XML comment for publicly visible type or member 'PipelineData.PublishedCount' [/home/runner/work/Market-Data-Collector/Market-Data-Collector/src/MarketDataCollector.Contracts/MarketDataCollector.Contracts.csproj]
/home/runner/work/Market-Data-Collector/Market-Data-Collector/src/MarketDataCollector.Contracts/Api/StatusModels.cs(65,17): warning CS1591: Missing XML comment for publicly visible type or member 'PipelineData.DroppedCount' [/home/runner/work/Market-Data-Collector/Market-Data-Collector/src/MarketDataCollector.Contracts/MarketDataCollector.Contracts.csproj]
/home/runner/work/Market-Data-Collector/Market-Data-Collector/src/MarketDataCollector.Contracts/Api/StatusModels.cs(68,17): warning CS1591: Missing XML comment for publicly visible type or member 'PipelineData.ConsumedCount' [/home/runner/work/Market-Data-Collector/Market-Data-Collector/src/MarketDataCollector.Contracts/MarketDataCollector.Contracts.csproj]
/home/runner/work/Market-Data-Collector/Market-Data-Collector/src/MarketDataCollector.Contracts/Api/StatusModels.cs(71,16): warning CS1591: Missing XML comment for publicly visible type or member 'PipelineData.CurrentQueueSize' [/home/runner/work/Market-Data-Collector/Market-Data-Collector/src/MarketDataCollector.Contracts/MarketDataCollector.Contracts.csproj]
/home/runner/work/Market-Data-Collector/Market-Data-Collector/src/MarketDataCollector.Contracts/Api/StatusModels.cs(74,17): warning CS1591: Missing XML comment for publicly visible type or member 'PipelineData.PeakQueueSize' [/home/runner/work/Market-Data-Collector/Market-Data-Collector/src/MarketDataCollector.Contracts/MarketDataCollector.Contracts.csproj]
/home/runner/work/Market-Data-Collector/Market-Data-Collector/src/MarketDataCollector.Contracts/Api/StatusModels.cs(77,16): warning CS1591: Missing XML comment for publicly visible type or member 'PipelineData.QueueCapacity' [/home/runner/work/Market-Data-Collector/Market-Data-Collector/src/MarketDataCollector.Contracts/MarketDataCollector.Contracts.csproj]
/home/runner/work/Market-Data-Collector/Market-Data-Collector/src/MarketDataCollector.Contracts/Api/StatusModels.cs(80,19): warning CS1591: Missing XML comment for publicly visible type or member 'PipelineData.QueueUtilization' [/home/runner/work/Market-Data-Collector/Market-Data-Collector/src/MarketDataCollector.Contracts/MarketDataCollector.Contracts.csproj]
/home/runner/work/Market-Data-Collector/Market-Data-Collector/src/MarketDataCollector.Contracts/Api/StatusModels.cs(83,19): warning CS1591: Missing XML comment for publicly visible type or member 'PipelineData.AverageProcessingTimeUs' [/home/runner/work/Market-Data-Collector/Market-Data-Collector/src/MarketDataCollector.Contracts/MarketDataCollector.Contracts.csproj]
/home/runner/work/Market-Data-Collector/Market-Data-Collector/src/MarketDataCollector.Contracts/Api/StatusModels.cs(92,19): warning CS1591: Missing XML comment for publicly visible type or member 'HealthCheckResponse.Status' [/home/runner/work/Market-Data-Collector/Market-Data-Collector/src/MarketDataCollector.Contracts/MarketDataCollector.Contracts.csproj]
/home/runner/work/Market-Data-Collector/Market-Data-Collector/src/MarketDataCollector.Contracts/Api/StatusModels.cs(95,27): warning CS1591: Missing XML comment for publicly visible type or member 'HealthCheckResponse.Timestamp' [/home/runner/work/Market-Data-Collector/Market-Data-Collector/src/MarketDataCollector.Contracts/MarketDataCollector.Contracts.csproj]
/home/runner/work/Market-Data-Collector/Market-Data-Collector/src/MarketDataCollector.Contracts/Api/StatusModels.cs(98,21): warning CS1591: Missing XML comment for publicly visible type or member 'HealthCheckResponse.Uptime' [/home/runner/work/Market-Data-Collector/Market-Data-Collector/src/MarketDataCollector.Contracts/MarketDataCollector.Contracts.csproj]
/home/runner/work/Market-Data-Collector/Market-Data-Collector/src/MarketDataCollector.Contracts/Api/StatusModels.cs(101,31): warning CS1591: Missing XML comment for publicly visible type or member 'HealthCheckResponse.Checks' [/home/runner/work/Market-Data-Collector/Market-Data-Collector/src/MarketDataCollector.Contracts/MarketDataCollector.Contracts.csproj]
/home/runner/work/Market-Data-Collector/Market-Data-Collector/src/MarketDataCollector.Contracts/Api/StatusModels.cs(110,19): warning CS1591: Missing XML comment for publicly visible type or member 'HealthCheckItem.Name' [/home/runner/work/Market-Data-Collector/Market-Data-Collector/src/MarketDataCollector.Contracts/MarketDataCollector.Contracts.csproj]
/home/runner/work/Market-Data-Collector/Market-Data-Collector/src/MarketDataCollector.Contracts/Api/StatusModels.cs(113,19): warning CS1591: Missing XML comment for publicly visible type or member 'HealthCheckItem.Status' [/home/runner/work/Market-Data-Collector/Market-Data-Collector/src/MarketDataCollector.Contracts/MarketDataCollector.Contracts.csproj]
/home/runner/work/Market-Data-Collector/Market-Data-Collector/src/MarketDataCollector.Contracts/Api/StatusModels.cs(116,20): warning CS1591: Missing XML comment for publicly visible type or member 'HealthCheckItem.Message' [/home/runner/work/Market-Data-Collector/Market-Data-Collector/src/MarketDataCollector.Contracts/MarketDataCollector.Contracts.csproj]
/home/runner/work/Market-Data-Collector/Market-Data-Collector/src/MarketDataCollector.Contracts/Api/StatusModels.cs(125,19): warning CS1591: Missing XML comment for publicly visible type or member 'BackfillProviderInfo.Name' [/home/runner/work/Market-Data-Collector/Market-Data-Collector/src/MarketDataCollector.Contracts/MarketDataCollector.Contracts.csproj]
/home/runner/work/Market-Data-Collector/Market-Data-Collector/src/MarketDataCollector.Contracts/Api/StatusModels.cs(128,19): warning CS1591: Missing XML comment for publicly visible type or member 'BackfillProviderInfo.DisplayName' [/home/runner/work/Market-Data-Collector/Market-Data-Collector/src/MarketDataCollector.Contracts/MarketDataCollector.Contracts.csproj]
/home/runner/work/Market-Data-Collector/Market-Data-Collector/src/MarketDataCollector.Contracts/Api/StatusModels.cs(131,20): warning CS1591: Missing XML comment for publicly visible type or member 'BackfillProviderInfo.Description' [/home/runner/work/Market-Data-Collector/Market-Data-Collector/src/MarketDataCollector.Contracts/MarketDataCollector.Contracts.csproj]
/home/runner/work/Market-Data-Collector/Market-Data-Collector/src/MarketDataCollector.Contracts/Api/StatusModels.cs(134,17): warning CS1591: Missing XML comment for publicly visible type or member 'BackfillProviderInfo.IsAvailable' [/home/runner/work/Market-Data-Collector/Market-Data-Collector/src/MarketDataCollector.Contracts/MarketDataCollector.Contracts.csproj]
/home/runner/work/Market-Data-Collector/Market-Data-Collector/src/MarketDataCollector.Contracts/Api/StatusModels.cs(137,17): warning CS1591: Missing XML comment for publicly visible type or member 'BackfillProviderInfo.RequiresApiKey' [/home/runner/work/Market-Data-Collector/Market-Data-Collector/src/MarketDataCollector.Contracts/MarketDataCollector.Contracts.csproj]
/home/runner/work/Market-Data-Collector/Market-Data-Collector/src/MarketDataCollector.Contracts/Api/StatusModels.cs(146,17): warning CS1591: Missing XML comment for publicly visible type or member 'BackfillResult.Success' [/home/runner/work/Market-Data-Collector/Market-Data-Collector/src/MarketDataCollector.Contracts/MarketDataCollector.Contracts.csproj]
/home/runner/work/Market-Data-Collector/Market-Data-Collector/src/MarketDataCollector.Contracts/Api/StatusModels.cs(149,20): warning CS1591: Missing XML comment for publicly visible type or member 'BackfillResult.Provider' [/home/runner/work/Market-Data-Collector/Market-Data-Collector/src/MarketDataCollector.Contracts/MarketDataCollector.Contracts.csproj]
/home/runner/work/Market-Data-Collector/Market-Data-Collector/src/MarketDataCollector.Contracts/Api/StatusModels.cs(152,22): warning CS1591: Missing XML comment for publicly visible type or member 'BackfillResult.Symbols' [/home/runner/work/Market-Data-Collector/Market-Data-Collector/src/MarketDataCollector.Contracts/MarketDataCollector.Contracts.csproj]
/home/runner/work/Market-Data-Collector/Market-Data-Collector/src/MarketDataCollector.Contracts/Api/StatusModels.cs(155,16): warning CS1591: Missing XML comment for publicly visible type or member 'BackfillResult.BarsWritten' [/home/runner/work/Market-Data-Collector/Market-Data-Collector/src/MarketDataCollector.Contracts/MarketDataCollector.Contracts.csproj]
/home/runner/work/Market-Data-Collector/Market-Data-Collector/src/MarketDataCollector.Contracts/Api/StatusModels.cs(158,28): warning CS1591: Missing XML comment for publicly visible type or member 'BackfillResult.StartedUtc' [/home/runner/work/Market-Data-Collector/Market-Data-Collector/src/MarketDataCollector.Contracts/MarketDataCollector.Contracts.csproj]
/home/runner/work/Market-Data-Collector/Market-Data-Collector/src/MarketDataCollector.Contracts/Api/StatusModels.cs(161,28): warning CS1591: Missing XML comment for publicly visible type or member 'BackfillResult.CompletedUtc' [/home/runner/work/Market-Data-Collector/Market-Data-Collector/src/MarketDataCollector.Contracts/MarketDataCollector.Contracts.csproj]
/home/runner/work/Market-Data-Collector/Market-Data-Collector/src/MarketDataCollector.Contracts/Api/StatusModels.cs(164,20): warning CS1591: Missing XML comment for publicly visible type or member 'BackfillResult.Error' [/home/runner/work/Market-Data-Collector/Market-Data-Collector/src/MarketDataCollector.Contracts/MarketDataCollector.Contracts.csproj]
/home/runner/work/Market-Data-Collector/Market-Data-Collector/src/MarketDataCollector.Contracts/Api/StatusModels.cs(167,36): warning CS1591: Missing XML comment for publicly visible type or member 'BackfillResult.SymbolResults' [/home/runner/work/Market-Data-Collector/Market-Data-Collector/src/MarketDataCollector.Contracts/MarketDataCollector.Contracts.csproj]
/home/runner/work/Market-Data-Collector/Market-Data-Collector/src/MarketDataCollector.Contracts/Api/StatusModels.cs(176,19): warning CS1591: Missing XML comment for publicly visible type or member 'SymbolBackfillResult.Symbol' [/home/runner/work/Market-Data-Collector/Market-Data-Collector/src/MarketDataCollector.Contracts/MarketDataCollector.Contracts.csproj]
/home/runner/work/Market-Data-Collector/Market-Data-Collector/src/MarketDataCollector.Contracts/Api/StatusModels.cs(179,17): warning CS1591: Missing XML comment for publicly visible type or member 'SymbolBackfillResult.Success' [/home/runner/work/Market-Data-Collector/Market-Data-Collector/src/MarketDataCollector.Contracts/MarketDataCollector.Contracts.csproj]
/home/runner/work/Market-Data-Collector/Market-Data-Collector/src/MarketDataCollector.Contracts/Api/StatusModels.cs(182,16): warning CS1591: Missing XML comment for publicly visible type or member 'SymbolBackfillResult.BarsDownloaded' [/home/runner/work/Market-Data-Collector/Market-Data-Collector/src/MarketDataCollector.Contracts/MarketDataCollector.Contracts.csproj]
/home/runner/work/Market-Data-Collector/Market-Data-Collector/src/MarketDataCollector.Contracts/Api/StatusModels.cs(185,20): warning CS1591: Missing XML comment for publicly visible type or member 'SymbolBackfillResult.Provider' [/home/runner/work/Market-Data-Collector/Market-Data-Collector/src/MarketDataCollector.Contracts/MarketDataCollector.Contracts.csproj]
/home/runner/work/Market-Data-Collector/Market-Data-Collector/src/MarketDataCollector.Contracts/Api/StatusModels.cs(188,20): warning CS1591: Missing XML comment for publicly visible type or member 'SymbolBackfillResult.Error' [/home/runner/work/Market-Data-Collector/Market-Data-Collector/src/MarketDataCollector.Contracts/MarketDataCollector.Contracts.csproj]
/home/runner/work/Market-Data-Collector/Market-Data-Collector/src/MarketDataCollector.Contracts/Api/StatusModels.cs(197,20): warning CS1591: Missing XML comment for publicly visible type or member 'BackfillRequest.Provider' [/home/runner/work/Market-Data-Collector/Market-Data-Collector/src/MarketDataCollector.Contracts/MarketDataCollector.Contracts.csproj]
/home/runner/work/Market-Data-Collector/Market-Data-Collector/src/MarketDataCollector.Contracts/Api/StatusModels.cs(200,21): warning CS1591: Missing XML comment for publicly visible type or member 'BackfillRequest.Symbols' [/home/runner/work/Market-Data-Collector/Market-Data-Collector/src/MarketDataCollector.Contracts/MarketDataCollector.Contracts.csproj]
/home/runner/work/Market-Data-Collector/Market-Data-Collector/src/MarketDataCollector.Contracts/Api/StatusModels.cs(203,20): warning CS1591: Missing XML comment for publicly visible type or member 'BackfillRequest.From' [/home/runner/work/Market-Data-Collector/Market-Data-Collector/src/MarketDataCollector.Contracts/MarketDataCollector.Contracts.csproj]
/home/runner/work/Market-Data-Collector/Market-Data-Collector/src/MarketDataCollector.Contracts/Api/StatusModels.cs(206,20): warning CS1591: Missing XML comment for publicly visible type or member 'BackfillRequest.To' [/home/runner/work/Market-Data-Collector/Market-Data-Collector/src/MarketDataCollector.Contracts/MarketDataCollector.Contracts.csproj]
/home/runner/work/Market-Data-Collector/Market-Data-Collector/src/MarketDataCollector.Contracts/Api/StatusModels.cs(209,19): warning CS1591: Missing XML comment for publicly visible type or member 'BackfillRequest.Granularity' [/home/runner/work/Market-Data-Collector/Market-Data-Collector/src/MarketDataCollector.Contracts/MarketDataCollector.Contracts.csproj]
/home/runner/work/Market-Data-Collector/Market-Data-Collector/src/MarketDataCollector.Contracts/Api/StatusModels.cs(218,17): warning CS1591: Missing XML comment for publicly visible type or member 'StorageAnalytics.TotalSizeBytes' [/home/runner/work/Market-Data-Collector/Market-Data-Collector/src/MarketDataCollector.Contracts/MarketDataCollector.Contracts.csproj]
/home/runner/work/Market-Data-Collector/Market-Data-Collector/src/MarketDataCollector.Contracts/Api/StatusModels.cs(221,17): warning CS1591: Missing XML comment for publicly visible type or member 'StorageAnalytics.TradeSizeBytes' [/home/runner/work/Market-Data-Collector/Market-Data-Collector/src/MarketDataCollector.Contracts/MarketDataCollector.Contracts.csproj]
/home/runner/work/Market-Data-Collector/Market-Data-Collector/src/MarketDataCollector.Contracts/Api/StatusModels.cs(224,17): warning CS1591: Missing XML comment for publicly visible type or member 'StorageAnalytics.DepthSizeBytes' [/home/runner/work/Market-Data-Collector/Market-Data-Collector/src/MarketDataCollector.Contracts/MarketDataCollector.Contracts.csproj]
/home/runner/work/Market-Data-Collector/Market-Data-Collector/src/MarketDataCollector.Contracts/Api/StatusModels.cs(227,17): warning CS1591: Missing XML comment for publicly visible type or member 'StorageAnalytics.HistoricalSizeBytes' [/home/runner/work/Market-Data-Collector/Market-Data-Collector/src/MarketDataCollector.Contracts/MarketDataCollector.Contracts.csproj]
/home/runner/work/Market-Data-Collector/Market-Data-Collector/src/MarketDataCollector.Contracts/Api/StatusModels.cs(230,16): warning CS1591: Missing XML comment for publicly visible type or member 'StorageAnalytics.TotalFileCount' [/home/runner/work/Market-Data-Collector/Market-Data-Collector/src/MarketDataCollector.Contracts/MarketDataCollector.Contracts.csproj]
/home/runner/work/Market-Data-Collector/Market-Data-Collector/src/MarketDataCollector.Contracts/Api/StatusModels.cs(233,27): warning CS1591: Missing XML comment for publicly visible type or member 'StorageAnalytics.LastUpdated' [/home/runner/work/Market-Data-Collector/Market-Data-Collector/src/MarketDataCollector.Contracts/MarketDataCollector.Contracts.csproj]
/home/runner/work/Market-Data-Collector/Market-Data-Collector/src/MarketDataCollector.Contracts/Api/StatusModels.cs(236,33): warning CS1591: Missing XML comment for publicly visible type or member 'StorageAnalytics.SymbolBreakdown' [/home/runner/work/Market-Data-Collector/Market-Data-Collector/src/MarketDataCollector.Contracts/MarketDataCollector.Contracts.csproj]
/home/runner/work/Market-Data-Collector/Market-Data-Collector/src/MarketDataCollector.Contracts/Api/StatusModels.cs(239,17): warning CS1591: Missing XML comment for publicly visible type or member 'StorageAnalytics.DailyGrowthBytes' [/home/runner/work/Market-Data-Collector/Market-Data-Collector/src/MarketDataCollector.Contracts/MarketDataCollector.Contracts.csproj]
/home/runner/work/Market-Data-Collector/Market-Data-Collector/src/MarketDataCollector.Contracts/Api/StatusModels.cs(242,17): warning CS1591: Missing XML comment for publicly visible type or member 'StorageAnalytics.ProjectedDaysUntilFull' [/home/runner/work/Market-Data-Collector/Market-Data-Collector/src/MarketDataCollector.Contracts/MarketDataCollector.Contracts.csproj]
/home/runner/work/Market-Data-Collector/Market-Data-Collector/src/MarketDataCollector.Contracts/Api/StatusModels.cs(251,19): warning CS1591: Missing XML comment for publicly visible type or member 'SymbolStorageInfo.Symbol' [/home/runner/work/Market-Data-Collector/Market-Data-Collector/src/MarketDataCollector.Contracts/MarketDataCollector.Contracts.csproj]
/home/runner/work/Market-Data-Collector/Market-Data-Collector/src/MarketDataCollector.Contracts/Api/StatusModels.cs(254,17): warning CS1591: Missing XML comment for publicly visible type or member 'SymbolStorageInfo.SizeBytes' [/home/runner/work/Market-Data-Collector/Market-Data-Collector/src/MarketDataCollector.Contracts/MarketDataCollector.Contracts.csproj]
/home/runner/work/Market-Data-Collector/Market-Data-Collector/src/MarketDataCollector.Contracts/Api/StatusModels.cs(257,16): warning CS1591: Missing XML comment for publicly visible type or member 'SymbolStorageInfo.FileCount' [/home/runner/work/Market-Data-Collector/Market-Data-Collector/src/MarketDataCollector.Contracts/MarketDataCollector.Contracts.csproj]
/home/runner/work/Market-Data-Collector/Market-Data-Collector/src/MarketDataCollector.Contracts/Api/StatusModels.cs(260,19): warning CS1591: Missing XML comment for publicly visible type or member 'SymbolStorageInfo.PercentOfTotal' [/home/runner/work/Market-Data-Collector/Market-Data-Collector/src/MarketDataCollector.Contracts/MarketDataCollector.Contracts.csproj]
/home/runner/work/Market-Data-Collector/Market-Data-Collector/src/MarketDataCollector.Contracts/Api/StatusModels.cs(263,28): warning CS1591: Missing XML comment for publicly visible type or member 'SymbolStorageInfo.OldestData' [/home/runner/work/Market-Data-Collector/Market-Data-Collector/src/MarketDataCollector.Contracts/MarketDataCollector.Contracts.csproj]
/home/runner/work/Market-Data-Collector/Market-Data-Collector/src/MarketDataCollector.Contracts/Api/StatusModels.cs(266,28): warning CS1591: Missing XML comment for publicly visible type or member 'SymbolStorageInfo.NewestData' [/home/runner/work/Market-Data-Collector/Market-Data-Collector/src/MarketDataCollector.Contracts/MarketDataCollector.Contracts.csproj]
/home/runner/work/Market-Data-Collector/Market-Data-Collector/src/MarketDataCollector.Contracts/Api/UiApiClient.cs(17,12): warning CS1591: Missing XML comment for publicly visible type or member 'UiApiClient.UiApiClient(HttpClient, string, JsonSerializerOptions?)' [/home/runner/work/Market-Data-Collector/Market-Data-Collector/src/MarketDataCollector.Contracts/MarketDataCollector.Contracts.csproj]
/home/runner/work/Market-Data-Collector/Market-Data-Collector/src/MarketDataCollector.Contracts/Api/UiApiClient.cs(29,19): warning CS1591: Missing XML comment for publicly visible type or member 'UiApiClient.BaseUrl' [/home/runner/work/Market-Data-Collector/Market-Data-Collector/src/MarketDataCollector.Contracts/MarketDataCollector.Contracts.csproj]
/home/runner/work/Market-Data-Collector/Market-Data-Collector/src/MarketDataCollector.Contracts/Api/UiApiClient.cs(31,17): warning CS1591: Missing XML comment for publicly visible type or member 'UiApiClient.UpdateBaseUrl(string)' [/home/runner/work/Market-Data-Collector/Market-Data-Collector/src/MarketDataCollector.Contracts/MarketDataCollector.Contracts.csproj]
/home/runner/work/Market-Data-Collector/Market-Data-Collector/src/MarketDataCollector.Contracts/Api/UiApiClient.cs(40,40): warning CS1591: Missing XML comment for publicly visible type or member 'UiApiClient.GetStatusAsync(CancellationToken)' [/home/runner/work/Market-Data-Collector/Market-Data-Collector/src/MarketDataCollector.Contracts/MarketDataCollector.Contracts.csproj]
/home/runner/work/Market-Data-Collector/Market-Data-Collector/src/MarketDataCollector.Contracts/Api/UiApiClient.cs(43,45): warning CS1591: Missing XML comment for publicly visible type or member 'UiApiClient.GetHealthAsync(CancellationToken)' [/home/runner/work/Market-Data-Collector/Market-Data-Collector/src/MarketDataCollector.Contracts/MarketDataCollector.Contracts.csproj]
/home/runner/work/Market-Data-Collector/Market-Data-Collector/src/MarketDataCollector.Contracts/Api/UiApiClient.cs(46,45): warning CS1591: Missing XML comment for publicly visible type or member 'UiApiClient.GetHealthDetailedAsync(CancellationToken)' [/home/runner/work/Market-Data-Collector/Market-Data-Collector/src/MarketDataCollector.Contracts/MarketDataCollector.Contracts.csproj]
/home/runner/work/Market-Data-Collector/Market-Data-Collector/src/MarketDataCollector.Contracts/Api/UiApiClient.cs(53,52): warning CS1591: Missing XML comment for publicly visible type or member 'UiApiClient.GetBackfillProvidersAsync(CancellationToken)' [/home/runner/work/Market-Data-Collector/Market-Data-Collector/src/MarketDataCollector.Contracts/MarketDataCollector.Contracts.csproj]
/home/runner/work/Market-Data-Collector/Market-Data-Collector/src/MarketDataCollector.Contracts/Api/UiApiClient.cs(56,40): warning CS1591: Missing XML comment for publicly visible type or member 'UiApiClient.GetBackfillStatusAsync(CancellationToken)' [/home/runner/work/Market-Data-Collector/Market-Data-Collector/src/MarketDataCollector.Contracts/MarketDataCollector.Contracts.csproj]
/home/runner/work/Market-Data-Collector/Market-Data-Collector/src/MarketDataCollector.Contracts/Api/UiApiClient.cs(59,40): warning CS1591: Missing XML comment for publicly visible type or member 'UiApiClient.RunBackfillAsync(BackfillRequest, CancellationToken)' [/home/runner/work/Market-Data-Collector/Market-Data-Collector/src/MarketDataCollector.Contracts/MarketDataCollector.Contracts.csproj]
/home/runner/work/Market-Data-Collector/Market-Data-Collector/src/MarketDataCollector.Contracts/Api/UiApiClient.cs(62,48): warning CS1591: Missing XML comment for publicly visible type or member 'UiApiClient.GetBackfillHealthAsync(CancellationToken)' [/home/runner/work/Market-Data-Collector/Market-Data-Collector/src/MarketDataCollector.Contracts/MarketDataCollector.Contracts.csproj]
/home/runner/work/Market-Data-Collector/Market-Data-Collector/src/MarketDataCollector.Contracts/Api/UiApiClient.cs(65,50): warning CS1591: Missing XML comment for publicly visible type or member 'UiApiClient.ResolveSymbolAsync(string, CancellationToken)' [/home/runner/work/Market-Data-Collector/Market-Data-Collector/src/MarketDataCollector.Contracts/MarketDataCollector.Contracts.csproj]
/home/runner/work/Market-Data-Collector/Market-Data-Collector/src/MarketDataCollector.Contracts/Api/UiApiClient.cs(69,40): warning CS1591: Missing XML comment for publicly visible type or member 'UiApiClient.RunGapFillAsync(GapFillRequest, CancellationToken)' [/home/runner/work/Market-Data-Collector/Market-Data-Collector/src/MarketDataCollector.Contracts/MarketDataCollector.Contracts.csproj]
/home/runner/work/Market-Data-Collector/Market-Data-Collector/src/MarketDataCollector.Contracts/Api/UiApiClient.cs(72,46): warning CS1591: Missing XML comment for publicly visible type or member 'UiApiClient.GetBackfillPresetsAsync(CancellationToken)' [/home/runner/work/Market-Data-Collector/Market-Data-Collector/src/MarketDataCollector.Contracts/MarketDataCollector.Contracts.csproj]
/home/runner/work/Market-Data-Collector/Market-Data-Collector/src/MarketDataCollector.Contracts/Api/UiApiClient.cs(75,49): warning CS1591: Missing XML comment for publicly visible type or member 'UiApiClient.GetBackfillExecutionsAsync(int, CancellationToken)' [/home/runner/work/Market-Data-Collector/Market-Data-Collector/src/MarketDataCollector.Contracts/MarketDataCollector.Contracts.csproj]
/home/runner/work/Market-Data-Collector/Market-Data-Collector/src/MarketDataCollector.Contracts/Api/UiApiClient.cs(79,44): warning CS1591: Missing XML comment for publicly visible type or member 'UiApiClient.GetBackfillStatisticsAsync(int?, CancellationToken)' [/home/runner/work/Market-Data-Collector/Market-Data-Collector/src/MarketDataCollector.Contracts/MarketDataCollector.Contracts.csproj]
/home/runner/work/Market-Data-Collector/Market-Data-Collector/src/MarketDataCollector.Contracts/Api/UiApiClient.cs(91,27): warning CS1591: Missing XML comment for publicly visible type or member 'UiApiClient.GetProviderStatusAsync<T>(CancellationToken)' [/home/runner/work/Market-Data-Collector/Market-Data-Collector/src/MarketDataCollector.Contracts/MarketDataCollector.Contracts.csproj]
/home/runner/work/Market-Data-Collector/Market-Data-Collector/src/MarketDataCollector.Contracts/Api/UiApiClient.cs(94,27): warning CS1591: Missing XML comment for publicly visible type or member 'UiApiClient.GetProviderByIdAsync<T>(string, CancellationToken)' [/home/runner/work/Market-Data-Collector/Market-Data-Collector/src/MarketDataCollector.Contracts/MarketDataCollector.Contracts.csproj]
/home/runner/work/Market-Data-Collector/Market-Data-Collector/src/MarketDataCollector.Contracts/Api/UiApiClient.cs(98,27): warning CS1591: Missing XML comment for publicly visible type or member 'UiApiClient.GetProviderRateLimitsAsync<T>(CancellationToken)' [/home/runner/work/Market-Data-Collector/Market-Data-Collector/src/MarketDataCollector.Contracts/MarketDataCollector.Contracts.csproj]
/home/runner/work/Market-Data-Collector/Market-Data-Collector/src/MarketDataCollector.Contracts/Api/UiApiClient.cs(101,27): warning CS1591: Missing XML comment for publicly visible type or member 'UiApiClient.GetProviderCapabilitiesAsync<T>(CancellationToken)' [/home/runner/work/Market-Data-Collector/Market-Data-Collector/src/MarketDataCollector.Contracts/MarketDataCollector.Contracts.csproj]
/home/runner/work/Market-Data-Collector/Market-Data-Collector/src/MarketDataCollector.Contracts/Api/UiApiClient.cs(108,27): warning CS1591: Missing XML comment for publicly visible type or member 'UiApiClient.GetAsync<T>(string, CancellationToken)' [/home/runner/work/Market-Data-Collector/Market-Data-Collector/src/MarketDataCollector.Contracts/MarketDataCollector.Contracts.csproj]
/home/runner/work/Market-Data-Collector/Market-Data-Collector/src/MarketDataCollector.Contracts/Api/UiApiClient.cs(121,39): warning CS1591: Missing XML comment for publicly visible type or member 'UiApiClient.GetWithResponseAsync<T>(string, CancellationToken)' [/home/runner/work/Market-Data-Collector/Market-Data-Collector/src/MarketDataCollector.Contracts/MarketDataCollector.Contracts.csproj]
/home/runner/work/Market-Data-Collector/Market-Data-Collector/src/MarketDataCollector.Contracts/Api/UiApiClient.cs(143,27): warning CS1591: Missing XML comment for publicly visible type or member 'UiApiClient.PostAsync<T>(string, object?, CancellationToken)' [/home/runner/work/Market-Data-Collector/Market-Data-Collector/src/MarketDataCollector.Contracts/MarketDataCollector.Contracts.csproj]
/home/runner/work/Market-Data-Collector/Market-Data-Collector/src/MarketDataCollector.Contracts/Api/UiApiClient.cs(160,39): warning CS1591: Missing XML comment for publicly visible type or member 'UiApiClient.PostWithResponseAsync<T>(string, object?, CancellationToken)' [/home/runner/work/Market-Data-Collector/Market-Data-Collector/src/MarketDataCollector.Contracts/MarketDataCollector.Contracts.csproj]
/home/runner/work/Market-Data-Collector/Market-Data-Collector/src/MarketDataCollector.Contracts/Api/UiApiRoutes.cs(9,25): warning CS1591: Missing XML comment for publicly visible type or member 'UiApiRoutes.Health' [/home/runner/work/Market-Data-Collector/Market-Data-Collector/src/MarketDataCollector.Contracts/MarketDataCollector.Contracts.csproj]
/home/runner/work/Market-Data-Collector/Market-Data-Collector/src/MarketDataCollector.Contracts/Api/UiApiRoutes.cs(10,25): warning CS1591: Missing XML comment for publicly visible type or member 'UiApiRoutes.HealthDetailed' [/home/runner/work/Market-Data-Collector/Market-Data-Collector/src/MarketDataCollector.Contracts/MarketDataCollector.Contracts.csproj]
/home/runner/work/Market-Data-Collector/Market-Data-Collector/src/MarketDataCollector.Contracts/Api/UiApiRoutes.cs(11,25): warning CS1591: Missing XML comment for publicly visible type or member 'UiApiRoutes.Ready' [/home/runner/work/Market-Data-Collector/Market-Data-Collector/src/MarketDataCollector.Contracts/MarketDataCollector.Contracts.csproj]
/home/runner/work/Market-Data-Collector/Market-Data-Collector/src/MarketDataCollector.Contracts/Api/UiApiRoutes.cs(12,25): warning CS1591: Missing XML comment for publicly visible type or member 'UiApiRoutes.Live' [/home/runner/work/Market-Data-Collector/Market-Data-Collector/src/MarketDataCollector.Contracts/MarketDataCollector.Contracts.csproj]
/home/runner/work/Market-Data-Collector/Market-Data-Collector/src/MarketDataCollector.Contracts/Api/UiApiRoutes.cs(13,25): warning CS1591: Missing XML comment for publicly visible type or member 'UiApiRoutes.Metrics' [/home/runner/work/Market-Data-Collector/Market-Data-Collector/src/MarketDataCollector.Contracts/MarketDataCollector.Contracts.csproj]
/home/runner/work/Market-Data-Collector/Market-Data-Collector/src/MarketDataCollector.Contracts/Api/UiApiRoutes.cs(14,25): warning CS1591: Missing XML comment for publicly visible type or member 'UiApiRoutes.Status' [/home/runner/work/Market-Data-Collector/Market-Data-Collector/src/MarketDataCollector.Contracts/MarketDataCollector.Contracts.csproj]
/home/runner/work/Market-Data-Collector/Market-Data-Collector/src/MarketDataCollector.Contracts/Api/UiApiRoutes.cs(15,25): warning CS1591: Missing XML comment for publicly visible type or member 'UiApiRoutes.Errors' [/home/runner/work/Market-Data-Collector/Market-Data-Collector/src/MarketDataCollector.Contracts/MarketDataCollector.Contracts.csproj]
/home/runner/work/Market-Data-Collector/Market-Data-Collector/src/MarketDataCollector.Contracts/Api/UiApiRoutes.cs(16,25): warning CS1591: Missing XML comment for publicly visible type or member 'UiApiRoutes.Backpressure' [/home/runner/work/Market-Data-Collector/Market-Data-Collector/src/MarketDataCollector.Contracts/MarketDataCollector.Contracts.csproj]
/home/runner/work/Market-Data-Collector/Market-Data-Collector/src/MarketDataCollector.Contracts/Api/UiApiRoutes.cs(17,25): warning CS1591: Missing XML comment for publicly visible type or member 'UiApiRoutes.ProvidersLatency' [/home/runner/work/Market-Data-Collector/Market-Data-Collector/src/MarketDataCollector.Contracts/MarketDataCollector.Contracts.csproj]
/home/runner/work/Market-Data-Collector/Market-Data-Collector/src/MarketDataCollector.Contracts/Api/UiApiRoutes.cs(18,25): warning CS1591: Missing XML comment for publicly visible type or member 'UiApiRoutes.Connections' [/home/runner/work/Market-Data-Collector/Market-Data-Collector/src/MarketDataCollector.Contracts/MarketDataCollector.Contracts.csproj]
/home/runner/work/Market-Data-Collector/Market-Data-Collector/src/MarketDataCollector.Contracts/Api/UiApiRoutes.cs(21,25): warning CS1591: Missing XML comment for publicly visible type or member 'UiApiRoutes.Config' [/home/runner/work/Market-Data-Collector/Market-Data-Collector/src/MarketDataCollector.Contracts/MarketDataCollector.Contracts.csproj]
/home/runner/work/Market-Data-Collector/Market-Data-Collector/src/MarketDataCollector.Contracts/Api/UiApiRoutes.cs(22,25): warning CS1591: Missing XML comment for publicly visible type or member 'UiApiRoutes.ConfigDataSource' [/home/runner/work/Market-Data-Collector/Market-Data-Collector/src/MarketDataCollector.Contracts/MarketDataCollector.Contracts.csproj]
/home/runner/work/Market-Data-Collector/Market-Data-Collector/src/MarketDataCollector.Contracts/Api/UiApiRoutes.cs(23,25): warning CS1591: Missing XML comment for publicly visible type or member 'UiApiRoutes.ConfigAlpaca' [/home/runner/work/Market-Data-Collector/Market-Data-Collector/src/MarketDataCollector.Contracts/MarketDataCollector.Contracts.csproj]
/home/runner/work/Market-Data-Collector/Market-Data-Collector/src/MarketDataCollector.Contracts/Api/UiApiRoutes.cs(24,25): warning CS1591: Missing XML comment for publicly visible type or member 'UiApiRoutes.ConfigStorage' [/home/runner/work/Market-Data-Collector/Market-Data-Collector/src/MarketDataCollector.Contracts/MarketDataCollector.Contracts.csproj]
/home/runner/work/Market-Data-Collector/Market-Data-Collector/src/MarketDataCollector.Contracts/Api/UiApiRoutes.cs(25,25): warning CS1591: Missing XML comment for publicly visible type or member 'UiApiRoutes.ConfigSymbols' [/home/runner/work/Market-Data-Collector/Market-Data-Collector/src/MarketDataCollector.Contracts/MarketDataCollector.Contracts.csproj]
/home/runner/work/Market-Data-Collector/Market-Data-Collector/src/MarketDataCollector.Contracts/Api/UiApiRoutes.cs(26,25): warning CS1591: Missing XML comment for publicly visible type or member 'UiApiRoutes.ConfigSymbolsById' [/home/runner/work/Market-Data-Collector/Market-Data-Collector/src/MarketDataCollector.Contracts/MarketDataCollector.Contracts.csproj]
/home/runner/work/Market-Data-Collector/Market-Data-Collector/src/MarketDataCollector.Contracts/Api/UiApiRoutes.cs(27,25): warning CS1591: Missing XML comment for publicly visible type or member 'UiApiRoutes.ConfigDataSources' [/home/runner/work/Market-Data-Collector/Market-Data-Collector/src/MarketDataCollector.Contracts/MarketDataCollector.Contracts.csproj]
/home/runner/work/Market-Data-Collector/Market-Data-Collector/src/MarketDataCollector.Contracts/Api/UiApiRoutes.cs(28,25): warning CS1591: Missing XML comment for publicly visible type or member 'UiApiRoutes.ConfigDataSourcesDefaults' [/home/runner/work/Market-Data-Collector/Market-Data-Collector/src/MarketDataCollector.Contracts/MarketDataCollector.Contracts.csproj]
/home/runner/work/Market-Data-Collector/Market-Data-Collector/src/MarketDataCollector.Contracts/Api/UiApiRoutes.cs(29,25): warning CS1591: Missing XML comment for publicly visible type or member 'UiApiRoutes.ConfigDataSourcesById' [/home/runner/work/Market-Data-Collector/Market-Data-Collector/src/MarketDataCollector.Contracts/MarketDataCollector.Contracts.csproj]
/home/runner/work/Market-Data-Collector/Market-Data-Collector/src/MarketDataCollector.Contracts/Api/UiApiRoutes.cs(30,25): warning CS1591: Missing XML comment for publicly visible type or member 'UiApiRoutes.ConfigDataSourcesToggle' [/home/runner/work/Market-Data-Collector/Market-Data-Collector/src/MarketDataCollector.Contracts/MarketDataCollector.Contracts.csproj]
/home/runner/work/Market-Data-Collector/Market-Data-Collector/src/MarketDataCollector.Contracts/Api/UiApiRoutes.cs(31,25): warning CS1591: Missing XML comment for publicly visible type or member 'UiApiRoutes.ConfigDataSourcesFailover' [/home/runner/work/Market-Data-Collector/Market-Data-Collector/src/MarketDataCollector.Contracts/MarketDataCollector.Contracts.csproj]
/home/runner/work/Market-Data-Collector/Market-Data-Collector/src/MarketDataCollector.Contracts/Api/UiApiRoutes.cs(34,25): warning CS1591: Missing XML comment for publicly visible type or member 'UiApiRoutes.BackfillProviders' [/home/runner/work/Market-Data-Collector/Market-Data-Collector/src/MarketDataCollector.Contracts/MarketDataCollector.Contracts.csproj]
/home/runner/work/Market-Data-Collector/Market-Data-Collector/src/MarketDataCollector.Contracts/Api/UiApiRoutes.cs(35,25): warning CS1591: Missing XML comment for publicly visible type or member 'UiApiRoutes.BackfillStatus' [/home/runner/work/Market-Data-Collector/Market-Data-Collector/src/MarketDataCollector.Contracts/MarketDataCollector.Contracts.csproj]
/home/runner/work/Market-Data-Collector/Market-Data-Collector/src/MarketDataCollector.Contracts/Api/UiApiRoutes.cs(36,25): warning CS1591: Missing XML comment for publicly visible type or member 'UiApiRoutes.BackfillRun' [/home/runner/work/Market-Data-Collector/Market-Data-Collector/src/MarketDataCollector.Contracts/MarketDataCollector.Contracts.csproj]
/home/runner/work/Market-Data-Collector/Market-Data-Collector/src/MarketDataCollector.Contracts/Api/UiApiRoutes.cs(37,25): warning CS1591: Missing XML comment for publicly visible type or member 'UiApiRoutes.BackfillHealth' [/home/runner/work/Market-Data-Collector/Market-Data-Collector/src/MarketDataCollector.Contracts/MarketDataCollector.Contracts.csproj]
/home/runner/work/Market-Data-Collector/Market-Data-Collector/src/MarketDataCollector.Contracts/Api/UiApiRoutes.cs(38,25): warning CS1591: Missing XML comment for publicly visible type or member 'UiApiRoutes.BackfillResolve' [/home/runner/work/Market-Data-Collector/Market-Data-Collector/src/MarketDataCollector.Contracts/MarketDataCollector.Contracts.csproj]
/home/runner/work/Market-Data-Collector/Market-Data-Collector/src/MarketDataCollector.Contracts/Api/UiApiRoutes.cs(39,25): warning CS1591: Missing XML comment for publicly visible type or member 'UiApiRoutes.BackfillGapFill' [/home/runner/work/Market-Data-Collector/Market-Data-Collector/src/MarketDataCollector.Contracts/MarketDataCollector.Contracts.csproj]
/home/runner/work/Market-Data-Collector/Market-Data-Collector/src/MarketDataCollector.Contracts/Api/UiApiRoutes.cs(40,25): warning CS1591: Missing XML comment for publicly visible type or member 'UiApiRoutes.BackfillPresets' [/home/runner/work/Market-Data-Collector/Market-Data-Collector/src/MarketDataCollector.Contracts/MarketDataCollector.Contracts.csproj]
/home/runner/work/Market-Data-Collector/Market-Data-Collector/src/MarketDataCollector.Contracts/Api/UiApiRoutes.cs(41,25): warning CS1591: Missing XML comment for publicly visible type or member 'UiApiRoutes.BackfillExecutions' [/home/runner/work/Market-Data-Collector/Market-Data-Collector/src/MarketDataCollector.Contracts/MarketDataCollector.Contracts.csproj]
/home/runner/work/Market-Data-Collector/Market-Data-Collector/src/MarketDataCollector.Contracts/Api/UiApiRoutes.cs(42,25): warning CS1591: Missing XML comment for publicly visible type or member 'UiApiRoutes.BackfillStatistics' [/home/runner/work/Market-Data-Collector/Market-Data-Collector/src/MarketDataCollector.Contracts/MarketDataCollector.Contracts.csproj]
/home/runner/work/Market-Data-Collector/Market-Data-Collector/src/MarketDataCollector.Contracts/Api/UiApiRoutes.cs(43,25): warning CS1591: Missing XML comment for publicly visible type or member 'UiApiRoutes.BackfillSchedules' [/home/runner/work/Market-Data-Collector/Market-Data-Collector/src/MarketDataCollector.Contracts/MarketDataCollector.Contracts.csproj]
/home/runner/work/Market-Data-Collector/Market-Data-Collector/src/MarketDataCollector.Contracts/Api/UiApiRoutes.cs(44,25): warning CS1591: Missing XML comment for publicly visible type or member 'UiApiRoutes.BackfillSchedulesById' [/home/runner/work/Market-Data-Collector/Market-Data-Collector/src/MarketDataCollector.Contracts/MarketDataCollector.Contracts.csproj]
/home/runner/work/Market-Data-Collector/Market-Data-Collector/src/MarketDataCollector.Contracts/Api/UiApiRoutes.cs(45,25): warning CS1591: Missing XML comment for publicly visible type or member 'UiApiRoutes.BackfillSchedulesDelete' [/home/runner/work/Market-Data-Collector/Market-Data-Collector/src/MarketDataCollector.Contracts/MarketDataCollector.Contracts.csproj]
/home/runner/work/Market-Data-Collector/Market-Data-Collector/src/MarketDataCollector.Contracts/Api/UiApiRoutes.cs(46,25): warning CS1591: Missing XML comment for publicly visible type or member 'UiApiRoutes.BackfillSchedulesEnable' [/home/runner/work/Market-Data-Collector/Market-Data-Collector/src/MarketDataCollector.Contracts/MarketDataCollector.Contracts.csproj]
/home/runner/work/Market-Data-Collector/Market-Data-Collector/src/MarketDataCollector.Contracts/Api/UiApiRoutes.cs(47,25): warning CS1591: Missing XML comment for publicly visible type or member 'UiApiRoutes.BackfillSchedulesDisable' [/home/runner/work/Market-Data-Collector/Market-Data-Collector/src/MarketDataCollector.Contracts/MarketDataCollector.Contracts.csproj]
/home/runner/work/Market-Data-Collector/Market-Data-Collector/src/MarketDataCollector.Contracts/Api/UiApiRoutes.cs(48,25): warning CS1591: Missing XML comment for publicly visible type or member 'UiApiRoutes.BackfillSchedulesRun' [/home/runner/work/Market-Data-Collector/Market-Data-Collector/src/MarketDataCollector.Contracts/MarketDataCollector.Contracts.csproj]
/home/runner/work/Market-Data-Collector/Market-Data-Collector/src/MarketDataCollector.Contracts/Api/UiApiRoutes.cs(49,25): warning CS1591: Missing XML comment for publicly visible type or member 'UiApiRoutes.BackfillSchedulesHistory' [/home/runner/work/Market-Data-Collector/Market-Data-Collector/src/MarketDataCollector.Contracts/MarketDataCollector.Contracts.csproj]
/home/runner/work/Market-Data-Collector/Market-Data-Collector/src/MarketDataCollector.Contracts/Api/UiApiRoutes.cs(50,25): warning CS1591: Missing XML comment for publicly visible type or member 'UiApiRoutes.BackfillSchedulesTemplates' [/home/runner/work/Market-Data-Collector/Market-Data-Collector/src/MarketDataCollector.Contracts/MarketDataCollector.Contracts.csproj]
/home/runner/work/Market-Data-Collector/Market-Data-Collector/src/MarketDataCollector.Contracts/Api/UiApiRoutes.cs(53,25): warning CS1591: Missing XML comment for publicly visible type or member 'UiApiRoutes.ProviderComparison' [/home/runner/work/Market-Data-Collector/Market-Data-Collector/src/MarketDataCollector.Contracts/MarketDataCollector.Contracts.csproj]
/home/runner/work/Market-Data-Collector/Market-Data-Collector/src/MarketDataCollector.Contracts/Api/UiApiRoutes.cs(54,25): warning CS1591: Missing XML comment for publicly visible type or member 'UiApiRoutes.ProviderStatus' [/home/runner/work/Market-Data-Collector/Market-Data-Collector/src/MarketDataCollector.Contracts/MarketDataCollector.Contracts.csproj]
/home/runner/work/Market-Data-Collector/Market-Data-Collector/src/MarketDataCollector.Contracts/Api/UiApiRoutes.cs(55,25): warning CS1591: Missing XML comment for publicly visible type or member 'UiApiRoutes.ProviderMetrics' [/home/runner/work/Market-Data-Collector/Market-Data-Collector/src/MarketDataCollector.Contracts/MarketDataCollector.Contracts.csproj]
/home/runner/work/Market-Data-Collector/Market-Data-Collector/src/MarketDataCollector.Contracts/Api/UiApiRoutes.cs(56,25): warning CS1591: Missing XML comment for publicly visible type or member 'UiApiRoutes.ProviderCatalog' [/home/runner/work/Market-Data-Collector/Market-Data-Collector/src/MarketDataCollector.Contracts/MarketDataCollector.Contracts.csproj]
/home/runner/work/Market-Data-Collector/Market-Data-Collector/src/MarketDataCollector.Contracts/Api/UiApiRoutes.cs(57,25): warning CS1591: Missing XML comment for publicly visible type or member 'UiApiRoutes.ProviderCatalogById' [/home/runner/work/Market-Data-Collector/Market-Data-Collector/src/MarketDataCollector.Contracts/MarketDataCollector.Contracts.csproj]
/home/runner/work/Market-Data-Collector/Market-Data-Collector/src/MarketDataCollector.Contracts/Api/UiApiRoutes.cs(58,25): warning CS1591: Missing XML comment for publicly visible type or member 'UiApiRoutes.ProviderById' [/home/runner/work/Market-Data-Collector/Market-Data-Collector/src/MarketDataCollector.Contracts/MarketDataCollector.Contracts.csproj]
/home/runner/work/Market-Data-Collector/Market-Data-Collector/src/MarketDataCollector.Contracts/Api/UiApiRoutes.cs(59,25): warning CS1591: Missing XML comment for publicly visible type or member 'UiApiRoutes.ProviderFailover' [/home/runner/work/Market-Data-Collector/Market-Data-Collector/src/MarketDataCollector.Contracts/MarketDataCollector.Contracts.csproj]
/home/runner/work/Market-Data-Collector/Market-Data-Collector/src/MarketDataCollector.Contracts/Api/UiApiRoutes.cs(60,25): warning CS1591: Missing XML comment for publicly visible type or member 'UiApiRoutes.ProviderFailoverTrigger' [/home/runner/work/Market-Data-Collector/Market-Data-Collector/src/MarketDataCollector.Contracts/MarketDataCollector.Contracts.csproj]
/home/runner/work/Market-Data-Collector/Market-Data-Collector/src/MarketDataCollector.Contracts/Api/UiApiRoutes.cs(61,25): warning CS1591: Missing XML comment for publicly visible type or member 'UiApiRoutes.ProviderFailoverReset' [/home/runner/work/Market-Data-Collector/Market-Data-Collector/src/MarketDataCollector.Contracts/MarketDataCollector.Contracts.csproj]
/home/runner/work/Market-Data-Collector/Market-Data-Collector/src/MarketDataCollector.Contracts/Api/UiApiRoutes.cs(62,25): warning CS1591: Missing XML comment for publicly visible type or member 'UiApiRoutes.ProviderRateLimits' [/home/runner/work/Market-Data-Collector/Market-Data-Collector/src/MarketDataCollector.Contracts/MarketDataCollector.Contracts.csproj]
/home/runner/work/Market-Data-Collector/Market-Data-Collector/src/MarketDataCollector.Contracts/Api/UiApiRoutes.cs(63,25): warning CS1591: Missing XML comment for publicly visible type or member 'UiApiRoutes.ProviderRateLimitHistory' [/home/runner/work/Market-Data-Collector/Market-Data-Collector/src/MarketDataCollector.Contracts/MarketDataCollector.Contracts.csproj]
/home/runner/work/Market-Data-Collector/Market-Data-Collector/src/MarketDataCollector.Contracts/Api/UiApiRoutes.cs(64,25): warning CS1591: Missing XML comment for publicly visible type or member 'UiApiRoutes.ProviderCapabilities' [/home/runner/work/Market-Data-Collector/Market-Data-Collector/src/MarketDataCollector.Contracts/MarketDataCollector.Contracts.csproj]
/home/runner/work/Market-Data-Collector/Market-Data-Collector/src/MarketDataCollector.Contracts/Api/UiApiRoutes.cs(65,25): warning CS1591: Missing XML comment for publicly visible type or member 'UiApiRoutes.ProviderSwitch' [/home/runner/work/Market-Data-Collector/Market-Data-Collector/src/MarketDataCollector.Contracts/MarketDataCollector.Contracts.csproj]
/home/runner/work/Market-Data-Collector/Market-Data-Collector/src/MarketDataCollector.Contracts/Api/UiApiRoutes.cs(66,25): warning CS1591: Missing XML comment for publicly visible type or member 'UiApiRoutes.ProviderTest' [/home/runner/work/Market-Data-Collector/Market-Data-Collector/src/MarketDataCollector.Contracts/MarketDataCollector.Contracts.csproj]
/home/runner/work/Market-Data-Collector/Market-Data-Collector/src/MarketDataCollector.Contracts/Api/UiApiRoutes.cs(67,25): warning CS1591: Missing XML comment for publicly visible type or member 'UiApiRoutes.ProviderFailoverThresholds' [/home/runner/work/Market-Data-Collector/Market-Data-Collector/src/MarketDataCollector.Contracts/MarketDataCollector.Contracts.csproj]
/home/runner/work/Market-Data-Collector/Market-Data-Collector/src/MarketDataCollector.Contracts/Api/UiApiRoutes.cs(68,25): warning CS1591: Missing XML comment for publicly visible type or member 'UiApiRoutes.ProviderHealth' [/home/runner/work/Market-Data-Collector/Market-Data-Collector/src/MarketDataCollector.Contracts/MarketDataCollector.Contracts.csproj]
/home/runner/work/Market-Data-Collector/Market-Data-Collector/src/MarketDataCollector.Contracts/Api/UiApiRoutes.cs(71,25): warning CS1591: Missing XML comment for publicly visible type or member 'UiApiRoutes.FailoverConfig' [/home/runner/work/Market-Data-Collector/Market-Data-Collector/src/MarketDataCollector.Contracts/MarketDataCollector.Contracts.csproj]
/home/runner/work/Market-Data-Collector/Market-Data-Collector/src/MarketDataCollector.Contracts/Api/UiApiRoutes.cs(72,25): warning CS1591: Missing XML comment for publicly visible type or member 'UiApiRoutes.FailoverRules' [/home/runner/work/Market-Data-Collector/Market-Data-Collector/src/MarketDataCollector.Contracts/MarketDataCollector.Contracts.csproj]
/home/runner/work/Market-Data-Collector/Market-Data-Collector/src/MarketDataCollector.Contracts/Api/UiApiRoutes.cs(73,25): warning CS1591: Missing XML comment for publicly visible type or member 'UiApiRoutes.FailoverForce' [/home/runner/work/Market-Data-Collector/Market-Data-Collector/src/MarketDataCollector.Contracts/MarketDataCollector.Contracts.csproj]
/home/runner/work/Market-Data-Collector/Market-Data-Collector/src/MarketDataCollector.Contracts/Api/UiApiRoutes.cs(74,25): warning CS1591: Missing XML comment for publicly visible type or member 'UiApiRoutes.FailoverHealth' [/home/runner/work/Market-Data-Collector/Market-Data-Collector/src/MarketDataCollector.Contracts/MarketDataCollector.Contracts.csproj]
/home/runner/work/Market-Data-Collector/Market-Data-Collector/src/MarketDataCollector.Contracts/Api/UiApiRoutes.cs(77,25): warning CS1591: Missing XML comment for publicly visible type or member 'UiApiRoutes.Symbols' [/home/runner/work/Market-Data-Collector/Market-Data-Collector/src/MarketDataCollector.Contracts/MarketDataCollector.Contracts.csproj]
/home/runner/work/Market-Data-Collector/Market-Data-Collector/src/MarketDataCollector.Contracts/Api/UiApiRoutes.cs(78,25): warning CS1591: Missing XML comment for publicly visible type or member 'UiApiRoutes.SymbolsMonitored' [/home/runner/work/Market-Data-Collector/Market-Data-Collector/src/MarketDataCollector.Contracts/MarketDataCollector.Contracts.csproj]
/home/runner/work/Market-Data-Collector/Market-Data-Collector/src/MarketDataCollector.Contracts/Api/UiApiRoutes.cs(79,25): warning CS1591: Missing XML comment for publicly visible type or member 'UiApiRoutes.SymbolsArchived' [/home/runner/work/Market-Data-Collector/Market-Data-Collector/src/MarketDataCollector.Contracts/MarketDataCollector.Contracts.csproj]
/home/runner/work/Market-Data-Collector/Market-Data-Collector/src/MarketDataCollector.Contracts/Api/UiApiRoutes.cs(80,25): warning CS1591: Missing XML comment for publicly visible type or member 'UiApiRoutes.SymbolStatus' [/home/runner/work/Market-Data-Collector/Market-Data-Collector/src/MarketDataCollector.Contracts/MarketDataCollector.Contracts.csproj]
/home/runner/work/Market-Data-Collector/Market-Data-Collector/src/MarketDataCollector.Contracts/Api/UiApiRoutes.cs(81,25): warning CS1591: Missing XML comment for publicly visible type or member 'UiApiRoutes.SymbolsAdd' [/home/runner/work/Market-Data-Collector/Market-Data-Collector/src/MarketDataCollector.Contracts/MarketDataCollector.Contracts.csproj]
/home/runner/work/Market-Data-Collector/Market-Data-Collector/src/MarketDataCollector.Contracts/Api/UiApiRoutes.cs(82,25): warning CS1591: Missing XML comment for publicly visible type or member 'UiApiRoutes.SymbolRemove' [/home/runner/work/Market-Data-Collector/Market-Data-Collector/src/MarketDataCollector.Contracts/MarketDataCollector.Contracts.csproj]
/home/runner/work/Market-Data-Collector/Market-Data-Collector/src/MarketDataCollector.Contracts/Api/UiApiRoutes.cs(83,25): warning CS1591: Missing XML comment for publicly visible type or member 'UiApiRoutes.SymbolTrades' [/home/runner/work/Market-Data-Collector/Market-Data-Collector/src/MarketDataCollector.Contracts/MarketDataCollector.Contracts.csproj]
/home/runner/work/Market-Data-Collector/Market-Data-Collector/src/MarketDataCollector.Contracts/Api/UiApiRoutes.cs(84,25): warning CS1591: Missing XML comment for publicly visible type or member 'UiApiRoutes.SymbolDepth' [/home/runner/work/Market-Data-Collector/Market-Data-Collector/src/MarketDataCollector.Contracts/MarketDataCollector.Contracts.csproj]
/home/runner/work/Market-Data-Collector/Market-Data-Collector/src/MarketDataCollector.Contracts/Api/UiApiRoutes.cs(85,25): warning CS1591: Missing XML comment for publicly visible type or member 'UiApiRoutes.SymbolsStatistics' [/home/runner/work/Market-Data-Collector/Market-Data-Collector/src/MarketDataCollector.Contracts/MarketDataCollector.Contracts.csproj]
/home/runner/work/Market-Data-Collector/Market-Data-Collector/src/MarketDataCollector.Contracts/Api/UiApiRoutes.cs(86,25): warning CS1591: Missing XML comment for publicly visible type or member 'UiApiRoutes.SymbolsValidate' [/home/runner/work/Market-Data-Collector/Market-Data-Collector/src/MarketDataCollector.Contracts/MarketDataCollector.Contracts.csproj]
/home/runner/work/Market-Data-Collector/Market-Data-Collector/src/MarketDataCollector.Contracts/Api/UiApiRoutes.cs(87,25): warning CS1591: Missing XML comment for publicly visible type or member 'UiApiRoutes.SymbolArchive' [/home/runner/work/Market-Data-Collector/Market-Data-Collector/src/MarketDataCollector.Contracts/MarketDataCollector.Contracts.csproj]
/home/runner/work/Market-Data-Collector/Market-Data-Collector/src/MarketDataCollector.Contracts/Api/UiApiRoutes.cs(88,25): warning CS1591: Missing XML comment for publicly visible type or member 'UiApiRoutes.SymbolsBulkAdd' [/home/runner/work/Market-Data-Collector/Market-Data-Collector/src/MarketDataCollector.Contracts/MarketDataCollector.Contracts.csproj]
/home/runner/work/Market-Data-Collector/Market-Data-Collector/src/MarketDataCollector.Contracts/Api/UiApiRoutes.cs(89,25): warning CS1591: Missing XML comment for publicly visible type or member 'UiApiRoutes.SymbolsBulkRemove' [/home/runner/work/Market-Data-Collector/Market-Data-Collector/src/MarketDataCollector.Contracts/MarketDataCollector.Contracts.csproj]
/home/runner/work/Market-Data-Collector/Market-Data-Collector/src/MarketDataCollector.Contracts/Api/UiApiRoutes.cs(90,25): warning CS1591: Missing XML comment for publicly visible type or member 'UiApiRoutes.SymbolsSearch' [/home/runner/work/Market-Data-Collector/Market-Data-Collector/src/MarketDataCollector.Contracts/MarketDataCollector.Contracts.csproj]
/home/runner/work/Market-Data-Collector/Market-Data-Collector/src/MarketDataCollector.Contracts/Api/UiApiRoutes.cs(91,25): warning CS1591: Missing XML comment for publicly visible type or member 'UiApiRoutes.SymbolsBatch' [/home/runner/work/Market-Data-Collector/Market-Data-Collector/src/MarketDataCollector.Contracts/MarketDataCollector.Contracts.csproj]
/home/runner/work/Market-Data-Collector/Market-Data-Collector/src/MarketDataCollector.Contracts/Api/UiApiRoutes.cs(92,25): warning CS1591: Missing XML comment for publicly visible type or member 'UiApiRoutes.SymbolMappings' [/home/runner/work/Market-Data-Collector/Market-Data-Collector/src/MarketDataCollector.Contracts/MarketDataCollector.Contracts.csproj]
/home/runner/work/Market-Data-Collector/Market-Data-Collector/src/MarketDataCollector.Contracts/Api/UiApiRoutes.cs(95,25): warning CS1591: Missing XML comment for publicly visible type or member 'UiApiRoutes.StorageProfiles' [/home/runner/work/Market-Data-Collector/Market-Data-Collector/src/MarketDataCollector.Contracts/MarketDataCollector.Contracts.csproj]
/home/runner/work/Market-Data-Collector/Market-Data-Collector/src/MarketDataCollector.Contracts/Api/UiApiRoutes.cs(96,25): warning CS1591: Missing XML comment for publicly visible type or member 'UiApiRoutes.StorageStats' [/home/runner/work/Market-Data-Collector/Market-Data-Collector/src/MarketDataCollector.Contracts/MarketDataCollector.Contracts.csproj]
/home/runner/work/Market-Data-Collector/Market-Data-Collector/src/MarketDataCollector.Contracts/Api/UiApiRoutes.cs(97,25): warning CS1591: Missing XML comment for publicly visible type or member 'UiApiRoutes.StorageBreakdown' [/home/runner/work/Market-Data-Collector/Market-Data-Collector/src/MarketDataCollector.Contracts/MarketDataCollector.Contracts.csproj]
/home/runner/work/Market-Data-Collector/Market-Data-Collector/src/MarketDataCollector.Contracts/Api/UiApiRoutes.cs(98,25): warning CS1591: Missing XML comment for publicly visible type or member 'UiApiRoutes.StorageSymbolInfo' [/home/runner/work/Market-Data-Collector/Market-Data-Collector/src/MarketDataCollector.Contracts/MarketDataCollector.Contracts.csproj]
/home/runner/work/Market-Data-Collector/Market-Data-Collector/src/MarketDataCollector.Contracts/Api/UiApiRoutes.cs(99,25): warning CS1591: Missing XML comment for publicly visible type or member 'UiApiRoutes.StorageSymbolStats' [/home/runner/work/Market-Data-Collector/Market-Data-Collector/src/MarketDataCollector.Contracts/MarketDataCollector.Contracts.csproj]
/home/runner/work/Market-Data-Collector/Market-Data-Collector/src/MarketDataCollector.Contracts/Api/UiApiRoutes.cs(100,25): warning CS1591: Missing XML comment for publicly visible type or member 'UiApiRoutes.StorageSymbolFiles' [/home/runner/work/Market-Data-Collector/Market-Data-Collector/src/MarketDataCollector.Contracts/MarketDataCollector.Contracts.csproj]
/home/runner/work/Market-Data-Collector/Market-Data-Collector/src/MarketDataCollector.Contracts/Api/UiApiRoutes.cs(101,25): warning CS1591: Missing XML comment for publicly visible type or member 'UiApiRoutes.StorageSymbolPath' [/home/runner/work/Market-Data-Collector/Market-Data-Collector/src/MarketDataCollector.Contracts/MarketDataCollector.Contracts.csproj]
/home/runner/work/Market-Data-Collector/Market-Data-Collector/src/MarketDataCollector.Contracts/Api/UiApiRoutes.cs(102,25): warning CS1591: Missing XML comment for publicly visible type or member 'UiApiRoutes.StorageHealth' [/home/runner/work/Market-Data-Collector/Market-Data-Collector/src/MarketDataCollector.Contracts/MarketDataCollector.Contracts.csproj]
/home/runner/work/Market-Data-Collector/Market-Data-Collector/src/MarketDataCollector.Contracts/Api/UiApiRoutes.cs(103,25): warning CS1591: Missing XML comment for publicly visible type or member 'UiApiRoutes.StorageCleanupCandidates' [/home/runner/work/Market-Data-Collector/Market-Data-Collector/src/MarketDataCollector.Contracts/MarketDataCollector.Contracts.csproj]
/home/runner/work/Market-Data-Collector/Market-Data-Collector/src/MarketDataCollector.Contracts/Api/UiApiRoutes.cs(104,25): warning CS1591: Missing XML comment for publicly visible type or member 'UiApiRoutes.StorageCleanup' [/home/runner/work/Market-Data-Collector/Market-Data-Collector/src/MarketDataCollector.Contracts/MarketDataCollector.Contracts.csproj]
/home/runner/work/Market-Data-Collector/Market-Data-Collector/src/MarketDataCollector.Contracts/Api/UiApiRoutes.cs(105,25): warning CS1591: Missing XML comment for publicly visible type or member 'UiApiRoutes.StorageArchiveStats' [/home/runner/work/Market-Data-Collector/Market-Data-Collector/src/MarketDataCollector.Contracts/MarketDataCollector.Contracts.csproj]
/home/runner/work/Market-Data-Collector/Market-Data-Collector/src/MarketDataCollector.Contracts/Api/UiApiRoutes.cs(106,25): warning CS1591: Missing XML comment for publicly visible type or member 'UiApiRoutes.StorageCatalog' [/home/runner/work/Market-Data-Collector/Market-Data-Collector/src/MarketDataCollector.Contracts/MarketDataCollector.Contracts.csproj]
/home/runner/work/Market-Data-Collector/Market-Data-Collector/src/MarketDataCollector.Contracts/Api/UiApiRoutes.cs(107,25): warning CS1591: Missing XML comment for publicly visible type or member 'UiApiRoutes.StorageSearchFiles' [/home/runner/work/Market-Data-Collector/Market-Data-Collector/src/MarketDataCollector.Contracts/MarketDataCollector.Contracts.csproj]
/home/runner/work/Market-Data-Collector/Market-Data-Collector/src/MarketDataCollector.Contracts/Api/UiApiRoutes.cs(108,25): warning CS1591: Missing XML comment for publicly visible type or member 'UiApiRoutes.StorageHealthCheck' [/home/runner/work/Market-Data-Collector/Market-Data-Collector/src/MarketDataCollector.Contracts/MarketDataCollector.Contracts.csproj]
/home/runner/work/Market-Data-Collector/Market-Data-Collector/src/MarketDataCollector.Contracts/Api/UiApiRoutes.cs(109,25): warning CS1591: Missing XML comment for publicly visible type or member 'UiApiRoutes.StorageHealthOrphans' [/home/runner/work/Market-Data-Collector/Market-Data-Collector/src/MarketDataCollector.Contracts/MarketDataCollector.Contracts.csproj]
/home/runner/work/Market-Data-Collector/Market-Data-Collector/src/MarketDataCollector.Contracts/Api/UiApiRoutes.cs(110,25): warning CS1591: Missing XML comment for publicly visible type or member 'UiApiRoutes.StorageTiersMigrate' [/home/runner/work/Market-Data-Collector/Market-Data-Collector/src/MarketDataCollector.Contracts/MarketDataCollector.Contracts.csproj]
/home/runner/work/Market-Data-Collector/Market-Data-Collector/src/MarketDataCollector.Contracts/Api/UiApiRoutes.cs(111,25): warning CS1591: Missing XML comment for publicly visible type or member 'UiApiRoutes.StorageTiersStatistics' [/home/runner/work/Market-Data-Collector/Market-Data-Collector/src/MarketDataCollector.Contracts/MarketDataCollector.Contracts.csproj]
/home/runner/work/Market-Data-Collector/Market-Data-Collector/src/MarketDataCollector.Contracts/Api/UiApiRoutes.cs(112,25): warning CS1591: Missing XML comment for publicly visible type or member 'UiApiRoutes.StorageTiersPlan' [/home/runner/work/Market-Data-Collector/Market-Data-Collector/src/MarketDataCollector.Contracts/MarketDataCollector.Contracts.csproj]
/home/runner/work/Market-Data-Collector/Market-Data-Collector/src/MarketDataCollector.Contracts/Api/UiApiRoutes.cs(113,25): warning CS1591: Missing XML comment for publicly visible type or member 'UiApiRoutes.StorageMaintenanceDefrag' [/home/runner/work/Market-Data-Collector/Market-Data-Collector/src/MarketDataCollector.Contracts/MarketDataCollector.Contracts.csproj]
/home/runner/work/Market-Data-Collector/Market-Data-Collector/src/MarketDataCollector.Contracts/Api/UiApiRoutes.cs(116,25): warning CS1591: Missing XML comment for publicly visible type or member 'UiApiRoutes.StorageQualitySummary' [/home/runner/work/Market-Data-Collector/Market-Data-Collector/src/MarketDataCollector.Contracts/MarketDataCollector.Contracts.csproj]
/home/runner/work/Market-Data-Collector/Market-Data-Collector/src/MarketDataCollector.Contracts/Api/UiApiRoutes.cs(117,25): warning CS1591: Missing XML comment for publicly visible type or member 'UiApiRoutes.StorageQualityScores' [/home/runner/work/Market-Data-Collector/Market-Data-Collector/src/MarketDataCollector.Contracts/MarketDataCollector.Contracts.csproj]
/home/runner/work/Market-Data-Collector/Market-Data-Collector/src/MarketDataCollector.Contracts/Api/UiApiRoutes.cs(118,25): warning CS1591: Missing XML comment for publicly visible type or member 'UiApiRoutes.StorageQualitySymbol' [/home/runner/work/Market-Data-Collector/Market-Data-Collector/src/MarketDataCollector.Contracts/MarketDataCollector.Contracts.csproj]
/home/runner/work/Market-Data-Collector/Market-Data-Collector/src/MarketDataCollector.Contracts/Api/UiApiRoutes.cs(119,25): warning CS1591: Missing XML comment for publicly visible type or member 'UiApiRoutes.StorageQualityAlerts' [/home/runner/work/Market-Data-Collector/Market-Data-Collector/src/MarketDataCollector.Contracts/MarketDataCollector.Contracts.csproj]
/home/runner/work/Market-Data-Collector/Market-Data-Collector/src/MarketDataCollector.Contracts/Api/UiApiRoutes.cs(120,25): warning CS1591: Missing XML comment for publicly visible type or member 'UiApiRoutes.StorageQualityAlertAcknowledge' [/home/runner/work/Market-Data-Collector/Market-Data-Collector/src/MarketDataCollector.Contracts/MarketDataCollector.Contracts.csproj]
/home/runner/work/Market-Data-Collector/Market-Data-Collector/src/MarketDataCollector.Contracts/Api/UiApiRoutes.cs(121,25): warning CS1591: Missing XML comment for publicly visible type or member 'UiApiRoutes.StorageQualityRankings' [/home/runner/work/Market-Data-Collector/Market-Data-Collector/src/MarketDataCollector.Contracts/MarketDataCollector.Contracts.csproj]
/home/runner/work/Market-Data-Collector/Market-Data-Collector/src/MarketDataCollector.Contracts/Api/UiApiRoutes.cs(122,25): warning CS1591: Missing XML comment for publicly visible type or member 'UiApiRoutes.StorageQualityTrends' [/home/runner/work/Market-Data-Collector/Market-Data-Collector/src/MarketDataCollector.Contracts/MarketDataCollector.Contracts.csproj]
/home/runner/work/Market-Data-Collector/Market-Data-Collector/src/MarketDataCollector.Contracts/Api/UiApiRoutes.cs(123,25): warning CS1591: Missing XML comment for publicly visible type or member 'UiApiRoutes.StorageQualityAnomalies' [/home/runner/work/Market-Data-Collector/Market-Data-Collector/src/MarketDataCollector.Contracts/MarketDataCollector.Contracts.csproj]
/home/runner/work/Market-Data-Collector/Market-Data-Collector/src/MarketDataCollector.Contracts/Api/UiApiRoutes.cs(124,25): warning CS1591: Missing XML comment for publicly visible type or member 'UiApiRoutes.StorageQualityCheck' [/home/runner/work/Market-Data-Collector/Market-Data-Collector/src/MarketDataCollector.Contracts/MarketDataCollector.Contracts.csproj]
/home/runner/work/Market-Data-Collector/Market-Data-Collector/src/MarketDataCollector.Contracts/Api/UiApiRoutes.cs(127,25): warning CS1591: Missing XML comment for publicly visible type or member 'UiApiRoutes.DiagnosticsDryRun' [/home/runner/work/Market-Data-Collector/Market-Data-Collector/src/MarketDataCollector.Contracts/MarketDataCollector.Contracts.csproj]
/home/runner/work/Market-Data-Collector/Market-Data-Collector/src/MarketDataCollector.Contracts/Api/UiApiRoutes.cs(128,25): warning CS1591: Missing XML comment for publicly visible type or member 'UiApiRoutes.DiagnosticsProviders' [/home/runner/work/Market-Data-Collector/Market-Data-Collector/src/MarketDataCollector.Contracts/MarketDataCollector.Contracts.csproj]
/home/runner/work/Market-Data-Collector/Market-Data-Collector/src/MarketDataCollector.Contracts/Api/UiApiRoutes.cs(129,25): warning CS1591: Missing XML comment for publicly visible type or member 'UiApiRoutes.DiagnosticsStorage' [/home/runner/work/Market-Data-Collector/Market-Data-Collector/src/MarketDataCollector.Contracts/MarketDataCollector.Contracts.csproj]
/home/runner/work/Market-Data-Collector/Market-Data-Collector/src/MarketDataCollector.Contracts/Api/UiApiRoutes.cs(130,25): warning CS1591: Missing XML comment for publicly visible type or member 'UiApiRoutes.DiagnosticsConfig' [/home/runner/work/Market-Data-Collector/Market-Data-Collector/src/MarketDataCollector.Contracts/MarketDataCollector.Contracts.csproj]
/home/runner/work/Market-Data-Collector/Market-Data-Collector/src/MarketDataCollector.Contracts/Api/UiApiRoutes.cs(131,25): warning CS1591: Missing XML comment for publicly visible type or member 'UiApiRoutes.DiagnosticsBundle' [/home/runner/work/Market-Data-Collector/Market-Data-Collector/src/MarketDataCollector.Contracts/MarketDataCollector.Contracts.csproj]
/home/runner/work/Market-Data-Collector/Market-Data-Collector/src/MarketDataCollector.Contracts/Api/UiApiRoutes.cs(132,25): warning CS1591: Missing XML comment for publicly visible type or member 'UiApiRoutes.DiagnosticsMetrics' [/home/runner/work/Market-Data-Collector/Market-Data-Collector/src/MarketDataCollector.Contracts/MarketDataCollector.Contracts.csproj]
/home/runner/work/Market-Data-Collector/Market-Data-Collector/src/MarketDataCollector.Contracts/Api/UiApiRoutes.cs(133,25): warning CS1591: Missing XML comment for publicly visible type or member 'UiApiRoutes.DiagnosticsValidate' [/home/runner/work/Market-Data-Collector/Market-Data-Collector/src/MarketDataCollector.Contracts/MarketDataCollector.Contracts.csproj]
/home/runner/work/Market-Data-Collector/Market-Data-Collector/src/MarketDataCollector.Contracts/Api/UiApiRoutes.cs(134,25): warning CS1591: Missing XML comment for publicly visible type or member 'UiApiRoutes.DiagnosticsProviderTest' [/home/runner/work/Market-Data-Collector/Market-Data-Collector/src/MarketDataCollector.Contracts/MarketDataCollector.Contracts.csproj]
/home/runner/work/Market-Data-Collector/Market-Data-Collector/src/MarketDataCollector.Contracts/Api/UiApiRoutes.cs(135,25): warning CS1591: Missing XML comment for publicly visible type or member 'UiApiRoutes.DiagnosticsQuickCheck' [/home/runner/work/Market-Data-Collector/Market-Data-Collector/src/MarketDataCollector.Contracts/MarketDataCollector.Contracts.csproj]
/home/runner/work/Market-Data-Collector/Market-Data-Collector/src/MarketDataCollector.Contracts/Api/UiApiRoutes.cs(136,25): warning CS1591: Missing XML comment for publicly visible type or member 'UiApiRoutes.DiagnosticsShowConfig' [/home/runner/work/Market-Data-Collector/Market-Data-Collector/src/MarketDataCollector.Contracts/MarketDataCollector.Contracts.csproj]
/home/runner/work/Market-Data-Collector/Market-Data-Collector/src/MarketDataCollector.Contracts/Api/UiApiRoutes.cs(137,25): warning CS1591: Missing XML comment for publicly visible type or member 'UiApiRoutes.DiagnosticsErrorCodes' [/home/runner/work/Market-Data-Collector/Market-Data-Collector/src/MarketDataCollector.Contracts/MarketDataCollector.Contracts.csproj]
/home/runner/work/Market-Data-Collector/Market-Data-Collector/src/MarketDataCollector.Contracts/Api/UiApiRoutes.cs(138,25): warning CS1591: Missing XML comment for publicly visible type or member 'UiApiRoutes.DiagnosticsSelftest' [/home/runner/work/Market-Data-Collector/Market-Data-Collector/src/MarketDataCollector.Contracts/MarketDataCollector.Contracts.csproj]
/home/runner/work/Market-Data-Collector/Market-Data-Collector/src/MarketDataCollector.Contracts/Api/UiApiRoutes.cs(139,25): warning CS1591: Missing XML comment for publicly visible type or member 'UiApiRoutes.DiagnosticsValidateCredentials' [/home/runner/work/Market-Data-Collector/Market-Data-Collector/src/MarketDataCollector.Contracts/MarketDataCollector.Contracts.csproj]
/home/runner/work/Market-Data-Collector/Market-Data-Collector/src/MarketDataCollector.Contracts/Api/UiApiRoutes.cs(140,25): warning CS1591: Missing XML comment for publicly visible type or member 'UiApiRoutes.DiagnosticsTestConnectivity' [/home/runner/work/Market-Data-Collector/Market-Data-Collector/src/MarketDataCollector.Contracts/MarketDataCollector.Contracts.csproj]
/home/runner/work/Market-Data-Collector/Market-Data-Collector/src/MarketDataCollector.Contracts/Api/UiApiRoutes.cs(141,25): warning CS1591: Missing XML comment for publicly visible type or member 'UiApiRoutes.DiagnosticsValidateConfig' [/home/runner/work/Market-Data-Collector/Market-Data-Collector/src/MarketDataCollector.Contracts/MarketDataCollector.Contracts.csproj]
/home/runner/work/Market-Data-Collector/Market-Data-Collector/src/MarketDataCollector.Contracts/Api/UiApiRoutes.cs(144,25): warning CS1591: Missing XML comment for publicly visible type or member 'UiApiRoutes.AdminMaintenanceSchedule' [/home/runner/work/Market-Data-Collector/Market-Data-Collector/src/MarketDataCollector.Contracts/MarketDataCollector.Contracts.csproj]
/home/runner/work/Market-Data-Collector/Market-Data-Collector/src/MarketDataCollector.Contracts/Api/UiApiRoutes.cs(145,25): warning CS1591: Missing XML comment for publicly visible type or member 'UiApiRoutes.AdminMaintenanceRun' [/home/runner/work/Market-Data-Collector/Market-Data-Collector/src/MarketDataCollector.Contracts/MarketDataCollector.Contracts.csproj]
/home/runner/work/Market-Data-Collector/Market-Data-Collector/src/MarketDataCollector.Contracts/Api/UiApiRoutes.cs(146,25): warning CS1591: Missing XML comment for publicly visible type or member 'UiApiRoutes.AdminMaintenanceRunById' [/home/runner/work/Market-Data-Collector/Market-Data-Collector/src/MarketDataCollector.Contracts/MarketDataCollector.Contracts.csproj]
/home/runner/work/Market-Data-Collector/Market-Data-Collector/src/MarketDataCollector.Contracts/Api/UiApiRoutes.cs(147,25): warning CS1591: Missing XML comment for publicly visible type or member 'UiApiRoutes.AdminMaintenanceHistory' [/home/runner/work/Market-Data-Collector/Market-Data-Collector/src/MarketDataCollector.Contracts/MarketDataCollector.Contracts.csproj]
/home/runner/work/Market-Data-Collector/Market-Data-Collector/src/MarketDataCollector.Contracts/Api/UiApiRoutes.cs(148,25): warning CS1591: Missing XML comment for publicly visible type or member 'UiApiRoutes.AdminStorageTiers' [/home/runner/work/Market-Data-Collector/Market-Data-Collector/src/MarketDataCollector.Contracts/MarketDataCollector.Contracts.csproj]
/home/runner/work/Market-Data-Collector/Market-Data-Collector/src/MarketDataCollector.Contracts/Api/UiApiRoutes.cs(149,25): warning CS1591: Missing XML comment for publicly visible type or member 'UiApiRoutes.AdminStorageMigrate' [/home/runner/work/Market-Data-Collector/Market-Data-Collector/src/MarketDataCollector.Contracts/MarketDataCollector.Contracts.csproj]
/home/runner/work/Market-Data-Collector/Market-Data-Collector/src/MarketDataCollector.Contracts/Api/UiApiRoutes.cs(150,25): warning CS1591: Missing XML comment for publicly visible type or member 'UiApiRoutes.AdminStorageUsage' [/home/runner/work/Market-Data-Collector/Market-Data-Collector/src/MarketDataCollector.Contracts/MarketDataCollector.Contracts.csproj]
/home/runner/work/Market-Data-Collector/Market-Data-Collector/src/MarketDataCollector.Contracts/Api/UiApiRoutes.cs(151,25): warning CS1591: Missing XML comment for publicly visible type or member 'UiApiRoutes.AdminRetention' [/home/runner/work/Market-Data-Collector/Market-Data-Collector/src/MarketDataCollector.Contracts/MarketDataCollector.Contracts.csproj]
/home/runner/work/Market-Data-Collector/Market-Data-Collector/src/MarketDataCollector.Contracts/Api/UiApiRoutes.cs(152,25): warning CS1591: Missing XML comment for publicly visible type or member 'UiApiRoutes.AdminRetentionDelete' [/home/runner/work/Market-Data-Collector/Market-Data-Collector/src/MarketDataCollector.Contracts/MarketDataCollector.Contracts.csproj]
/home/runner/work/Market-Data-Collector/Market-Data-Collector/src/MarketDataCollector.Contracts/Api/UiApiRoutes.cs(153,25): warning CS1591: Missing XML comment for publicly visible type or member 'UiApiRoutes.AdminRetentionApply' [/home/runner/work/Market-Data-Collector/Market-Data-Collector/src/MarketDataCollector.Contracts/MarketDataCollector.Contracts.csproj]
/home/runner/work/Market-Data-Collector/Market-Data-Collector/src/MarketDataCollector.Contracts/Api/UiApiRoutes.cs(154,25): warning CS1591: Missing XML comment for publicly visible type or member 'UiApiRoutes.AdminCleanupPreview' [/home/runner/work/Market-Data-Collector/Market-Data-Collector/src/MarketDataCollector.Contracts/MarketDataCollector.Contracts.csproj]
/home/runner/work/Market-Data-Collector/Market-Data-Collector/src/MarketDataCollector.Contracts/Api/UiApiRoutes.cs(155,25): warning CS1591: Missing XML comment for publicly visible type or member 'UiApiRoutes.AdminCleanupExecute' [/home/runner/work/Market-Data-Collector/Market-Data-Collector/src/MarketDataCollector.Contracts/MarketDataCollector.Contracts.csproj]
/home/runner/work/Market-Data-Collector/Market-Data-Collector/src/MarketDataCollector.Contracts/Api/UiApiRoutes.cs(156,25): warning CS1591: Missing XML comment for publicly visible type or member 'UiApiRoutes.AdminStoragePermissions' [/home/runner/work/Market-Data-Collector/Market-Data-Collector/src/MarketDataCollector.Contracts/MarketDataCollector.Contracts.csproj]
/home/runner/work/Market-Data-Collector/Market-Data-Collector/src/MarketDataCollector.Contracts/Api/UiApiRoutes.cs(157,25): warning CS1591: Missing XML comment for publicly visible type or member 'UiApiRoutes.AdminSelftest' [/home/runner/work/Market-Data-Collector/Market-Data-Collector/src/MarketDataCollector.Contracts/MarketDataCollector.Contracts.csproj]
/home/runner/work/Market-Data-Collector/Market-Data-Collector/src/MarketDataCollector.Contracts/Api/UiApiRoutes.cs(158,25): warning CS1591: Missing XML comment for publicly visible type or member 'UiApiRoutes.AdminErrorCodes' [/home/runner/work/Market-Data-Collector/Market-Data-Collector/src/MarketDataCollector.Contracts/MarketDataCollector.Contracts.csproj]
/home/runner/work/Market-Data-Collector/Market-Data-Collector/src/MarketDataCollector.Contracts/Api/UiApiRoutes.cs(159,25): warning CS1591: Missing XML comment for publicly visible type or member 'UiApiRoutes.AdminShowConfig' [/home/runner/work/Market-Data-Collector/Market-Data-Collector/src/MarketDataCollector.Contracts/MarketDataCollector.Contracts.csproj]
/home/runner/work/Market-Data-Collector/Market-Data-Collector/src/MarketDataCollector.Contracts/Api/UiApiRoutes.cs(160,25): warning CS1591: Missing XML comment for publicly visible type or member 'UiApiRoutes.AdminQuickCheck' [/home/runner/work/Market-Data-Collector/Market-Data-Collector/src/MarketDataCollector.Contracts/MarketDataCollector.Contracts.csproj]
/home/runner/work/Market-Data-Collector/Market-Data-Collector/src/MarketDataCollector.Contracts/Api/UiApiRoutes.cs(163,25): warning CS1591: Missing XML comment for publicly visible type or member 'UiApiRoutes.MaintenanceSchedules' [/home/runner/work/Market-Data-Collector/Market-Data-Collector/src/MarketDataCollector.Contracts/MarketDataCollector.Contracts.csproj]
/home/runner/work/Market-Data-Collector/Market-Data-Collector/src/MarketDataCollector.Contracts/Api/UiApiRoutes.cs(164,25): warning CS1591: Missing XML comment for publicly visible type or member 'UiApiRoutes.MaintenanceSchedulesById' [/home/runner/work/Market-Data-Collector/Market-Data-Collector/src/MarketDataCollector.Contracts/MarketDataCollector.Contracts.csproj]
/home/runner/work/Market-Data-Collector/Market-Data-Collector/src/MarketDataCollector.Contracts/Api/UiApiRoutes.cs(165,25): warning CS1591: Missing XML comment for publicly visible type or member 'UiApiRoutes.MaintenanceSchedulesDelete' [/home/runner/work/Market-Data-Collector/Market-Data-Collector/src/MarketDataCollector.Contracts/MarketDataCollector.Contracts.csproj]
/home/runner/work/Market-Data-Collector/Market-Data-Collector/src/MarketDataCollector.Contracts/Api/UiApiRoutes.cs(166,25): warning CS1591: Missing XML comment for publicly visible type or member 'UiApiRoutes.MaintenanceSchedulesEnable' [/home/runner/work/Market-Data-Collector/Market-Data-Collector/src/MarketDataCollector.Contracts/MarketDataCollector.Contracts.csproj]
/home/runner/work/Market-Data-Collector/Market-Data-Collector/src/MarketDataCollector.Contracts/Api/UiApiRoutes.cs(167,25): warning CS1591: Missing XML comment for publicly visible type or member 'UiApiRoutes.MaintenanceSchedulesDisable' [/home/runner/work/Market-Data-Collector/Market-Data-Collector/src/MarketDataCollector.Contracts/MarketDataCollector.Contracts.csproj]
/home/runner/work/Market-Data-Collector/Market-Data-Collector/src/MarketDataCollector.Contracts/Api/UiApiRoutes.cs(168,25): warning CS1591: Missing XML comment for publicly visible type or member 'UiApiRoutes.MaintenanceSchedulesRun' [/home/runner/work/Market-Data-Collector/Market-Data-Collector/src/MarketDataCollector.Contracts/MarketDataCollector.Contracts.csproj]
/home/runner/work/Market-Data-Collector/Market-Data-Collector/src/MarketDataCollector.Contracts/Api/UiApiRoutes.cs(169,25): warning CS1591: Missing XML comment for publicly visible type or member 'UiApiRoutes.MaintenanceSchedulesHistory' [/home/runner/work/Market-Data-Collector/Market-Data-Collector/src/MarketDataCollector.Contracts/MarketDataCollector.Contracts.csproj]
/home/runner/work/Market-Data-Collector/Market-Data-Collector/src/MarketDataCollector.Contracts/Api/UiApiRoutes.cs(172,25): warning CS1591: Missing XML comment for publicly visible type or member 'UiApiRoutes.SchedulesCronValidate' [/home/runner/work/Market-Data-Collector/Market-Data-Collector/src/MarketDataCollector.Contracts/MarketDataCollector.Contracts.csproj]
/home/runner/work/Market-Data-Collector/Market-Data-Collector/src/MarketDataCollector.Contracts/Api/UiApiRoutes.cs(173,25): warning CS1591: Missing XML comment for publicly visible type or member 'UiApiRoutes.SchedulesCronNextRuns' [/home/runner/work/Market-Data-Collector/Market-Data-Collector/src/MarketDataCollector.Contracts/MarketDataCollector.Contracts.csproj]
/home/runner/work/Market-Data-Collector/Market-Data-Collector/src/MarketDataCollector.Contracts/Api/UiApiRoutes.cs(176,25): warning CS1591: Missing XML comment for publicly visible type or member 'UiApiRoutes.AnalyticsGaps' [/home/runner/work/Market-Data-Collector/Market-Data-Collector/src/MarketDataCollector.Contracts/MarketDataCollector.Contracts.csproj]
/home/runner/work/Market-Data-Collector/Market-Data-Collector/src/MarketDataCollector.Contracts/Api/UiApiRoutes.cs(177,25): warning CS1591: Missing XML comment for publicly visible type or member 'UiApiRoutes.AnalyticsGapsRepair' [/home/runner/work/Market-Data-Collector/Market-Data-Collector/src/MarketDataCollector.Contracts/MarketDataCollector.Contracts.csproj]
/home/runner/work/Market-Data-Collector/Market-Data-Collector/src/MarketDataCollector.Contracts/Api/UiApiRoutes.cs(178,25): warning CS1591: Missing XML comment for publicly visible type or member 'UiApiRoutes.AnalyticsCompare' [/home/runner/work/Market-Data-Collector/Market-Data-Collector/src/MarketDataCollector.Contracts/MarketDataCollector.Contracts.csproj]
/home/runner/work/Market-Data-Collector/Market-Data-Collector/src/MarketDataCollector.Contracts/Api/UiApiRoutes.cs(179,25): warning CS1591: Missing XML comment for publicly visible type or member 'UiApiRoutes.AnalyticsLatency' [/home/runner/work/Market-Data-Collector/Market-Data-Collector/src/MarketDataCollector.Contracts/MarketDataCollector.Contracts.csproj]
/home/runner/work/Market-Data-Collector/Market-Data-Collector/src/MarketDataCollector.Contracts/Api/UiApiRoutes.cs(180,25): warning CS1591: Missing XML comment for publicly visible type or member 'UiApiRoutes.AnalyticsLatencyStats' [/home/runner/work/Market-Data-Collector/Market-Data-Collector/src/MarketDataCollector.Contracts/MarketDataCollector.Contracts.csproj]
/home/runner/work/Market-Data-Collector/Market-Data-Collector/src/MarketDataCollector.Contracts/Api/UiApiRoutes.cs(181,25): warning CS1591: Missing XML comment for publicly visible type or member 'UiApiRoutes.AnalyticsAnomalies' [/home/runner/work/Market-Data-Collector/Market-Data-Collector/src/MarketDataCollector.Contracts/MarketDataCollector.Contracts.csproj]
/home/runner/work/Market-Data-Collector/Market-Data-Collector/src/MarketDataCollector.Contracts/Api/UiApiRoutes.cs(182,25): warning CS1591: Missing XML comment for publicly visible type or member 'UiApiRoutes.AnalyticsQualityReport' [/home/runner/work/Market-Data-Collector/Market-Data-Collector/src/MarketDataCollector.Contracts/MarketDataCollector.Contracts.csproj]
/home/runner/work/Market-Data-Collector/Market-Data-Collector/src/MarketDataCollector.Contracts/Api/UiApiRoutes.cs(183,25): warning CS1591: Missing XML comment for publicly visible type or member 'UiApiRoutes.AnalyticsCompleteness' [/home/runner/work/Market-Data-Collector/Market-Data-Collector/src/MarketDataCollector.Contracts/MarketDataCollector.Contracts.csproj]
/home/runner/work/Market-Data-Collector/Market-Data-Collector/src/MarketDataCollector.Contracts/Api/UiApiRoutes.cs(184,25): warning CS1591: Missing XML comment for publicly visible type or member 'UiApiRoutes.AnalyticsThroughput' [/home/runner/work/Market-Data-Collector/Market-Data-Collector/src/MarketDataCollector.Contracts/MarketDataCollector.Contracts.csproj]
/home/runner/work/Market-Data-Collector/Market-Data-Collector/src/MarketDataCollector.Contracts/Api/UiApiRoutes.cs(185,25): warning CS1591: Missing XML comment for publicly visible type or member 'UiApiRoutes.AnalyticsRateLimits' [/home/runner/work/Market-Data-Collector/Market-Data-Collector/src/MarketDataCollector.Contracts/MarketDataCollector.Contracts.csproj]
/home/runner/work/Market-Data-Collector/Market-Data-Collector/src/MarketDataCollector.Contracts/Api/UiApiRoutes.cs(188,25): warning CS1591: Missing XML comment for publicly visible type or member 'UiApiRoutes.HealthSummary' [/home/runner/work/Market-Data-Collector/Market-Data-Collector/src/MarketDataCollector.Contracts/MarketDataCollector.Contracts.csproj]
/home/runner/work/Market-Data-Collector/Market-Data-Collector/src/MarketDataCollector.Contracts/Api/UiApiRoutes.cs(189,25): warning CS1591: Missing XML comment for publicly visible type or member 'UiApiRoutes.HealthProviders' [/home/runner/work/Market-Data-Collector/Market-Data-Collector/src/MarketDataCollector.Contracts/MarketDataCollector.Contracts.csproj]
/home/runner/work/Market-Data-Collector/Market-Data-Collector/src/MarketDataCollector.Contracts/Api/UiApiRoutes.cs(190,25): warning CS1591: Missing XML comment for publicly visible type or member 'UiApiRoutes.HealthProviderDiagnostics' [/home/runner/work/Market-Data-Collector/Market-Data-Collector/src/MarketDataCollector.Contracts/MarketDataCollector.Contracts.csproj]
/home/runner/work/Market-Data-Collector/Market-Data-Collector/src/MarketDataCollector.Contracts/Api/UiApiRoutes.cs(191,25): warning CS1591: Missing XML comment for publicly visible type or member 'UiApiRoutes.HealthStorage' [/home/runner/work/Market-Data-Collector/Market-Data-Collector/src/MarketDataCollector.Contracts/MarketDataCollector.Contracts.csproj]
/home/runner/work/Market-Data-Collector/Market-Data-Collector/src/MarketDataCollector.Contracts/Api/UiApiRoutes.cs(192,25): warning CS1591: Missing XML comment for publicly visible type or member 'UiApiRoutes.HealthEvents' [/home/runner/work/Market-Data-Collector/Market-Data-Collector/src/MarketDataCollector.Contracts/MarketDataCollector.Contracts.csproj]
/home/runner/work/Market-Data-Collector/Market-Data-Collector/src/MarketDataCollector.Contracts/Api/UiApiRoutes.cs(193,25): warning CS1591: Missing XML comment for publicly visible type or member 'UiApiRoutes.HealthMetrics' [/home/runner/work/Market-Data-Collector/Market-Data-Collector/src/MarketDataCollector.Contracts/MarketDataCollector.Contracts.csproj]
/home/runner/work/Market-Data-Collector/Market-Data-Collector/src/MarketDataCollector.Contracts/Api/UiApiRoutes.cs(194,25): warning CS1591: Missing XML comment for publicly visible type or member 'UiApiRoutes.HealthProviderTest' [/home/runner/work/Market-Data-Collector/Market-Data-Collector/src/MarketDataCollector.Contracts/MarketDataCollector.Contracts.csproj]
/home/runner/work/Market-Data-Collector/Market-Data-Collector/src/MarketDataCollector.Contracts/Api/UiApiRoutes.cs(195,25): warning CS1591: Missing XML comment for publicly visible type or member 'UiApiRoutes.HealthDiagnosticsBundle' [/home/runner/work/Market-Data-Collector/Market-Data-Collector/src/MarketDataCollector.Contracts/MarketDataCollector.Contracts.csproj]
/home/runner/work/Market-Data-Collector/Market-Data-Collector/src/MarketDataCollector.Contracts/Api/UiApiRoutes.cs(198,25): warning CS1591: Missing XML comment for publicly visible type or member 'UiApiRoutes.MessagingConfig' [/home/runner/work/Market-Data-Collector/Market-Data-Collector/src/MarketDataCollector.Contracts/MarketDataCollector.Contracts.csproj]
/home/runner/work/Market-Data-Collector/Market-Data-Collector/src/MarketDataCollector.Contracts/Api/UiApiRoutes.cs(199,25): warning CS1591: Missing XML comment for publicly visible type or member 'UiApiRoutes.MessagingStatus' [/home/runner/work/Market-Data-Collector/Market-Data-Collector/src/MarketDataCollector.Contracts/MarketDataCollector.Contracts.csproj]
/home/runner/work/Market-Data-Collector/Market-Data-Collector/src/MarketDataCollector.Contracts/Api/UiApiRoutes.cs(200,25): warning CS1591: Missing XML comment for publicly visible type or member 'UiApiRoutes.MessagingStats' [/home/runner/work/Market-Data-Collector/Market-Data-Collector/src/MarketDataCollector.Contracts/MarketDataCollector.Contracts.csproj]
/home/runner/work/Market-Data-Collector/Market-Data-Collector/src/MarketDataCollector.Contracts/Api/UiApiRoutes.cs(201,25): warning CS1591: Missing XML comment for publicly visible type or member 'UiApiRoutes.MessagingActivity' [/home/runner/work/Market-Data-Collector/Market-Data-Collector/src/MarketDataCollector.Contracts/MarketDataCollector.Contracts.csproj]
/home/runner/work/Market-Data-Collector/Market-Data-Collector/src/MarketDataCollector.Contracts/Api/UiApiRoutes.cs(202,25): warning CS1591: Missing XML comment for publicly visible type or member 'UiApiRoutes.MessagingConsumers' [/home/runner/work/Market-Data-Collector/Market-Data-Collector/src/MarketDataCollector.Contracts/MarketDataCollector.Contracts.csproj]
/home/runner/work/Market-Data-Collector/Market-Data-Collector/src/MarketDataCollector.Contracts/Api/UiApiRoutes.cs(203,25): warning CS1591: Missing XML comment for publicly visible type or member 'UiApiRoutes.MessagingEndpoints' [/home/runner/work/Market-Data-Collector/Market-Data-Collector/src/MarketDataCollector.Contracts/MarketDataCollector.Contracts.csproj]
/home/runner/work/Market-Data-Collector/Market-Data-Collector/src/MarketDataCollector.Contracts/Api/UiApiRoutes.cs(204,25): warning CS1591: Missing XML comment for publicly visible type or member 'UiApiRoutes.MessagingTest' [/home/runner/work/Market-Data-Collector/Market-Data-Collector/src/MarketDataCollector.Contracts/MarketDataCollector.Contracts.csproj]
/home/runner/work/Market-Data-Collector/Market-Data-Collector/src/MarketDataCollector.Contracts/Api/UiApiRoutes.cs(205,25): warning CS1591: Missing XML comment for publicly visible type or member 'UiApiRoutes.MessagingPublishing' [/home/runner/work/Market-Data-Collector/Market-Data-Collector/src/MarketDataCollector.Contracts/MarketDataCollector.Contracts.csproj]
/home/runner/work/Market-Data-Collector/Market-Data-Collector/src/MarketDataCollector.Contracts/Api/UiApiRoutes.cs(206,25): warning CS1591: Missing XML comment for publicly visible type or member 'UiApiRoutes.MessagingQueuePurge' [/home/runner/work/Market-Data-Collector/Market-Data-Collector/src/MarketDataCollector.Contracts/MarketDataCollector.Contracts.csproj]
/home/runner/work/Market-Data-Collector/Market-Data-Collector/src/MarketDataCollector.Contracts/Api/UiApiRoutes.cs(207,25): warning CS1591: Missing XML comment for publicly visible type or member 'UiApiRoutes.MessagingErrors' [/home/runner/work/Market-Data-Collector/Market-Data-Collector/src/MarketDataCollector.Contracts/MarketDataCollector.Contracts.csproj]
/home/runner/work/Market-Data-Collector/Market-Data-Collector/src/MarketDataCollector.Contracts/Api/UiApiRoutes.cs(208,25): warning CS1591: Missing XML comment for publicly visible type or member 'UiApiRoutes.MessagingErrorRetry' [/home/runner/work/Market-Data-Collector/Market-Data-Collector/src/MarketDataCollector.Contracts/MarketDataCollector.Contracts.csproj]
/home/runner/work/Market-Data-Collector/Market-Data-Collector/src/MarketDataCollector.Contracts/Api/UiApiRoutes.cs(211,25): warning CS1591: Missing XML comment for publicly visible type or member 'UiApiRoutes.AlignmentCreate' [/home/runner/work/Market-Data-Collector/Market-Data-Collector/src/MarketDataCollector.Contracts/MarketDataCollector.Contracts.csproj]
/home/runner/work/Market-Data-Collector/Market-Data-Collector/src/MarketDataCollector.Contracts/Api/UiApiRoutes.cs(212,25): warning CS1591: Missing XML comment for publicly visible type or member 'UiApiRoutes.AlignmentPreview' [/home/runner/work/Market-Data-Collector/Market-Data-Collector/src/MarketDataCollector.Contracts/MarketDataCollector.Contracts.csproj]
/home/runner/work/Market-Data-Collector/Market-Data-Collector/src/MarketDataCollector.Contracts/Api/UiApiRoutes.cs(215,25): warning CS1591: Missing XML comment for publicly visible type or member 'UiApiRoutes.SamplingCreate' [/home/runner/work/Market-Data-Collector/Market-Data-Collector/src/MarketDataCollector.Contracts/MarketDataCollector.Contracts.csproj]
/home/runner/work/Market-Data-Collector/Market-Data-Collector/src/MarketDataCollector.Contracts/Api/UiApiRoutes.cs(216,25): warning CS1591: Missing XML comment for publicly visible type or member 'UiApiRoutes.SamplingEstimate' [/home/runner/work/Market-Data-Collector/Market-Data-Collector/src/MarketDataCollector.Contracts/MarketDataCollector.Contracts.csproj]
/home/runner/work/Market-Data-Collector/Market-Data-Collector/src/MarketDataCollector.Contracts/Api/UiApiRoutes.cs(217,25): warning CS1591: Missing XML comment for publicly visible type or member 'UiApiRoutes.SamplingSaved' [/home/runner/work/Market-Data-Collector/Market-Data-Collector/src/MarketDataCollector.Contracts/MarketDataCollector.Contracts.csproj]
/home/runner/work/Market-Data-Collector/Market-Data-Collector/src/MarketDataCollector.Contracts/Api/UiApiRoutes.cs(218,25): warning CS1591: Missing XML comment for publicly visible type or member 'UiApiRoutes.SamplingById' [/home/runner/work/Market-Data-Collector/Market-Data-Collector/src/MarketDataCollector.Contracts/MarketDataCollector.Contracts.csproj]
/home/runner/work/Market-Data-Collector/Market-Data-Collector/src/MarketDataCollector.Contracts/Api/UiApiRoutes.cs(221,25): warning CS1591: Missing XML comment for publicly visible type or member 'UiApiRoutes.DataTrades' [/home/runner/work/Market-Data-Collector/Market-Data-Collector/src/MarketDataCollector.Contracts/MarketDataCollector.Contracts.csproj]
/home/runner/work/Market-Data-Collector/Market-Data-Collector/src/MarketDataCollector.Contracts/Api/UiApiRoutes.cs(222,25): warning CS1591: Missing XML comment for publicly visible type or member 'UiApiRoutes.DataQuotes' [/home/runner/work/Market-Data-Collector/Market-Data-Collector/src/MarketDataCollector.Contracts/MarketDataCollector.Contracts.csproj]
/home/runner/work/Market-Data-Collector/Market-Data-Collector/src/MarketDataCollector.Contracts/Api/UiApiRoutes.cs(223,25): warning CS1591: Missing XML comment for publicly visible type or member 'UiApiRoutes.DataOrderbook' [/home/runner/work/Market-Data-Collector/Market-Data-Collector/src/MarketDataCollector.Contracts/MarketDataCollector.Contracts.csproj]
/home/runner/work/Market-Data-Collector/Market-Data-Collector/src/MarketDataCollector.Contracts/Api/UiApiRoutes.cs(224,25): warning CS1591: Missing XML comment for publicly visible type or member 'UiApiRoutes.DataBbo' [/home/runner/work/Market-Data-Collector/Market-Data-Collector/src/MarketDataCollector.Contracts/MarketDataCollector.Contracts.csproj]
/home/runner/work/Market-Data-Collector/Market-Data-Collector/src/MarketDataCollector.Contracts/Api/UiApiRoutes.cs(225,25): warning CS1591: Missing XML comment for publicly visible type or member 'UiApiRoutes.DataOrderflow' [/home/runner/work/Market-Data-Collector/Market-Data-Collector/src/MarketDataCollector.Contracts/MarketDataCollector.Contracts.csproj]
/home/runner/work/Market-Data-Collector/Market-Data-Collector/src/MarketDataCollector.Contracts/Api/UiApiRoutes.cs(226,25): warning CS1591: Missing XML comment for publicly visible type or member 'UiApiRoutes.DataHealth' [/home/runner/work/Market-Data-Collector/Market-Data-Collector/src/MarketDataCollector.Contracts/MarketDataCollector.Contracts.csproj]
/home/runner/work/Market-Data-Collector/Market-Data-Collector/src/MarketDataCollector.Contracts/Api/UiApiRoutes.cs(229,25): warning CS1591: Missing XML comment for publicly visible type or member 'UiApiRoutes.SubscriptionsActive' [/home/runner/work/Market-Data-Collector/Market-Data-Collector/src/MarketDataCollector.Contracts/MarketDataCollector.Contracts.csproj]
/home/runner/work/Market-Data-Collector/Market-Data-Collector/src/MarketDataCollector.Contracts/Api/UiApiRoutes.cs(230,25): warning CS1591: Missing XML comment for publicly visible type or member 'UiApiRoutes.SubscriptionsSubscribe' [/home/runner/work/Market-Data-Collector/Market-Data-Collector/src/MarketDataCollector.Contracts/MarketDataCollector.Contracts.csproj]
/home/runner/work/Market-Data-Collector/Market-Data-Collector/src/MarketDataCollector.Contracts/Api/UiApiRoutes.cs(231,25): warning CS1591: Missing XML comment for publicly visible type or member 'UiApiRoutes.SubscriptionsUnsubscribe' [/home/runner/work/Market-Data-Collector/Market-Data-Collector/src/MarketDataCollector.Contracts/MarketDataCollector.Contracts.csproj]
/home/runner/work/Market-Data-Collector/Market-Data-Collector/src/MarketDataCollector.Contracts/Api/UiApiRoutes.cs(234,25): warning CS1591: Missing XML comment for publicly visible type or member 'UiApiRoutes.ReplayFiles' [/home/runner/work/Market-Data-Collector/Market-Data-Collector/src/MarketDataCollector.Contracts/MarketDataCollector.Contracts.csproj]
/home/runner/work/Market-Data-Collector/Market-Data-Collector/src/MarketDataCollector.Contracts/Api/UiApiRoutes.cs(235,25): warning CS1591: Missing XML comment for publicly visible type or member 'UiApiRoutes.ReplayStart' [/home/runner/work/Market-Data-Collector/Market-Data-Collector/src/MarketDataCollector.Contracts/MarketDataCollector.Contracts.csproj]
/home/runner/work/Market-Data-Collector/Market-Data-Collector/src/MarketDataCollector.Contracts/Api/UiApiRoutes.cs(236,25): warning CS1591: Missing XML comment for publicly visible type or member 'UiApiRoutes.ReplayPause' [/home/runner/work/Market-Data-Collector/Market-Data-Collector/src/MarketDataCollector.Contracts/MarketDataCollector.Contracts.csproj]
/home/runner/work/Market-Data-Collector/Market-Data-Collector/src/MarketDataCollector.Contracts/Api/UiApiRoutes.cs(237,25): warning CS1591: Missing XML comment for publicly visible type or member 'UiApiRoutes.ReplayResume' [/home/runner/work/Market-Data-Collector/Market-Data-Collector/src/MarketDataCollector.Contracts/MarketDataCollector.Contracts.csproj]
/home/runner/work/Market-Data-Collector/Market-Data-Collector/src/MarketDataCollector.Contracts/Api/UiApiRoutes.cs(238,25): warning CS1591: Missing XML comment for publicly visible type or member 'UiApiRoutes.ReplayStop' [/home/runner/work/Market-Data-Collector/Market-Data-Collector/src/MarketDataCollector.Contracts/MarketDataCollector.Contracts.csproj]
/home/runner/work/Market-Data-Collector/Market-Data-Collector/src/MarketDataCollector.Contracts/Api/UiApiRoutes.cs(239,25): warning CS1591: Missing XML comment for publicly visible type or member 'UiApiRoutes.ReplaySeek' [/home/runner/work/Market-Data-Collector/Market-Data-Collector/src/MarketDataCollector.Contracts/MarketDataCollector.Contracts.csproj]
/home/runner/work/Market-Data-Collector/Market-Data-Collector/src/MarketDataCollector.Contracts/Api/UiApiRoutes.cs(240,25): warning CS1591: Missing XML comment for publicly visible type or member 'UiApiRoutes.ReplaySpeed' [/home/runner/work/Market-Data-Collector/Market-Data-Collector/src/MarketDataCollector.Contracts/MarketDataCollector.Contracts.csproj]
/home/runner/work/Market-Data-Collector/Market-Data-Collector/src/MarketDataCollector.Contracts/Api/UiApiRoutes.cs(241,25): warning CS1591: Missing XML comment for publicly visible type or member 'UiApiRoutes.ReplayStatus' [/home/runner/work/Market-Data-Collector/Market-Data-Collector/src/MarketDataCollector.Contracts/MarketDataCollector.Contracts.csproj]
/home/runner/work/Market-Data-Collector/Market-Data-Collector/src/MarketDataCollector.Contracts/Api/UiApiRoutes.cs(242,25): warning CS1591: Missing XML comment for publicly visible type or member 'UiApiRoutes.ReplayPreview' [/home/runner/work/Market-Data-Collector/Market-Data-Collector/src/MarketDataCollector.Contracts/MarketDataCollector.Contracts.csproj]
/home/runner/work/Market-Data-Collector/Market-Data-Collector/src/MarketDataCollector.Contracts/Api/UiApiRoutes.cs(243,25): warning CS1591: Missing XML comment for publicly visible type or member 'UiApiRoutes.ReplayStats' [/home/runner/work/Market-Data-Collector/Market-Data-Collector/src/MarketDataCollector.Contracts/MarketDataCollector.Contracts.csproj]
/home/runner/work/Market-Data-Collector/Market-Data-Collector/src/MarketDataCollector.Contracts/Api/UiApiRoutes.cs(246,25): warning CS1591: Missing XML comment for publicly visible type or member 'UiApiRoutes.ExportAnalysis' [/home/runner/work/Market-Data-Collector/Market-Data-Collector/src/MarketDataCollector.Contracts/MarketDataCollector.Contracts.csproj]
/home/runner/work/Market-Data-Collector/Market-Data-Collector/src/MarketDataCollector.Contracts/Api/UiApiRoutes.cs(247,25): warning CS1591: Missing XML comment for publicly visible type or member 'UiApiRoutes.ExportFormats' [/home/runner/work/Market-Data-Collector/Market-Data-Collector/src/MarketDataCollector.Contracts/MarketDataCollector.Contracts.csproj]
/home/runner/work/Market-Data-Collector/Market-Data-Collector/src/MarketDataCollector.Contracts/Api/UiApiRoutes.cs(248,25): warning CS1591: Missing XML comment for publicly visible type or member 'UiApiRoutes.ExportQualityReport' [/home/runner/work/Market-Data-Collector/Market-Data-Collector/src/MarketDataCollector.Contracts/MarketDataCollector.Contracts.csproj]
/home/runner/work/Market-Data-Collector/Market-Data-Collector/src/MarketDataCollector.Contracts/Api/UiApiRoutes.cs(249,25): warning CS1591: Missing XML comment for publicly visible type or member 'UiApiRoutes.ExportOrderflow' [/home/runner/work/Market-Data-Collector/Market-Data-Collector/src/MarketDataCollector.Contracts/MarketDataCollector.Contracts.csproj]
/home/runner/work/Market-Data-Collector/Market-Data-Collector/src/MarketDataCollector.Contracts/Api/UiApiRoutes.cs(250,25): warning CS1591: Missing XML comment for publicly visible type or member 'UiApiRoutes.ExportIntegrity' [/home/runner/work/Market-Data-Collector/Market-Data-Collector/src/MarketDataCollector.Contracts/MarketDataCollector.Contracts.csproj]
/home/runner/work/Market-Data-Collector/Market-Data-Collector/src/MarketDataCollector.Contracts/Api/UiApiRoutes.cs(251,25): warning CS1591: Missing XML comment for publicly visible type or member 'UiApiRoutes.ExportResearchPackage' [/home/runner/work/Market-Data-Collector/Market-Data-Collector/src/MarketDataCollector.Contracts/MarketDataCollector.Contracts.csproj]
/home/runner/work/Market-Data-Collector/Market-Data-Collector/src/MarketDataCollector.Contracts/Api/UiApiRoutes.cs(254,25): warning CS1591: Missing XML comment for publicly visible type or member 'UiApiRoutes.LeanStatus' [/home/runner/work/Market-Data-Collector/Market-Data-Collector/src/MarketDataCollector.Contracts/MarketDataCollector.Contracts.csproj]
/home/runner/work/Market-Data-Collector/Market-Data-Collector/src/MarketDataCollector.Contracts/Api/UiApiRoutes.cs(255,25): warning CS1591: Missing XML comment for publicly visible type or member 'UiApiRoutes.LeanConfig' [/home/runner/work/Market-Data-Collector/Market-Data-Collector/src/MarketDataCollector.Contracts/MarketDataCollector.Contracts.csproj]
/home/runner/work/Market-Data-Collector/Market-Data-Collector/src/MarketDataCollector.Contracts/Api/UiApiRoutes.cs(256,25): warning CS1591: Missing XML comment for publicly visible type or member 'UiApiRoutes.LeanVerify' [/home/runner/work/Market-Data-Collector/Market-Data-Collector/src/MarketDataCollector.Contracts/MarketDataCollector.Contracts.csproj]
/home/runner/work/Market-Data-Collector/Market-Data-Collector/src/MarketDataCollector.Contracts/Api/UiApiRoutes.cs(257,25): warning CS1591: Missing XML comment for publicly visible type or member 'UiApiRoutes.LeanAlgorithms' [/home/runner/work/Market-Data-Collector/Market-Data-Collector/src/MarketDataCollector.Contracts/MarketDataCollector.Contracts.csproj]
/home/runner/work/Market-Data-Collector/Market-Data-Collector/src/MarketDataCollector.Contracts/Api/UiApiRoutes.cs(258,25): warning CS1591: Missing XML comment for publicly visible type or member 'UiApiRoutes.LeanSync' [/home/runner/work/Market-Data-Collector/Market-Data-Collector/src/MarketDataCollector.Contracts/MarketDataCollector.Contracts.csproj]
/home/runner/work/Market-Data-Collector/Market-Data-Collector/src/MarketDataCollector.Contracts/Api/UiApiRoutes.cs(259,25): warning CS1591: Missing XML comment for publicly visible type or member 'UiApiRoutes.LeanSyncStatus' [/home/runner/work/Market-Data-Collector/Market-Data-Collector/src/MarketDataCollector.Contracts/MarketDataCollector.Contracts.csproj]
/home/runner/work/Market-Data-Collector/Market-Data-Collector/src/MarketDataCollector.Contracts/Api/UiApiRoutes.cs(260,25): warning CS1591: Missing XML comment for publicly visible type or member 'UiApiRoutes.LeanBacktestStart' [/home/runner/work/Market-Data-Collector/Market-Data-Collector/src/MarketDataCollector.Contracts/MarketDataCollector.Contracts.csproj]
/home/runner/work/Market-Data-Collector/Market-Data-Collector/src/MarketDataCollector.Contracts/Api/UiApiRoutes.cs(261,25): warning CS1591: Missing XML comment for publicly visible type or member 'UiApiRoutes.LeanBacktestStatus' [/home/runner/work/Market-Data-Collector/Market-Data-Collector/src/MarketDataCollector.Contracts/MarketDataCollector.Contracts.csproj]
/home/runner/work/Market-Data-Collector/Market-Data-Collector/src/MarketDataCollector.Contracts/Api/UiApiRoutes.cs(262,25): warning CS1591: Missing XML comment for publicly visible type or member 'UiApiRoutes.LeanBacktestResults' [/home/runner/work/Market-Data-Collector/Market-Data-Collector/src/MarketDataCollector.Contracts/MarketDataCollector.Contracts.csproj]
/home/runner/work/Market-Data-Collector/Market-Data-Collector/src/MarketDataCollector.Contracts/Api/UiApiRoutes.cs(263,25): warning CS1591: Missing XML comment for publicly visible type or member 'UiApiRoutes.LeanBacktestStop' [/home/runner/work/Market-Data-Collector/Market-Data-Collector/src/MarketDataCollector.Contracts/MarketDataCollector.Contracts.csproj]
/home/runner/work/Market-Data-Collector/Market-Data-Collector/src/MarketDataCollector.Contracts/Api/UiApiRoutes.cs(264,25): warning CS1591: Missing XML comment for publicly visible type or member 'UiApiRoutes.LeanBacktestHistory' [/home/runner/work/Market-Data-Collector/Market-Data-Collector/src/MarketDataCollector.Contracts/MarketDataCollector.Contracts.csproj]
/home/runner/work/Market-Data-Collector/Market-Data-Collector/src/MarketDataCollector.Contracts/Api/UiApiRoutes.cs(265,25): warning CS1591: Missing XML comment for publicly visible type or member 'UiApiRoutes.LeanBacktestDelete' [/home/runner/work/Market-Data-Collector/Market-Data-Collector/src/MarketDataCollector.Contracts/MarketDataCollector.Contracts.csproj]
/home/runner/work/Market-Data-Collector/Market-Data-Collector/src/MarketDataCollector.Contracts/Api/UiApiRoutes.cs(268,25): warning CS1591: Missing XML comment for publicly visible type or member 'UiApiRoutes.IndicesConstituents' [/home/runner/work/Market-Data-Collector/Market-Data-Collector/src/MarketDataCollector.Contracts/MarketDataCollector.Contracts.csproj]
/home/runner/work/Market-Data-Collector/Market-Data-Collector/src/MarketDataCollector.Contracts/Api/UiDashboardModels.cs(185,19): warning CS1591: Missing XML comment for publicly visible type or member 'ProviderTemplateOutput.ProviderId' [/home/runner/work/Market-Data-Collector/Market-Data-Collector/src/MarketDataCollector.Contracts/MarketDataCollector.Contracts.csproj]
/home/runner/work/Market-Data-Collector/Market-Data-Collector/src/MarketDataCollector.Contracts/Api/UiDashboardModels.cs(188,19): warning CS1591: Missing XML comment for publicly visible type or member 'ProviderTemplateOutput.DisplayName' [/home/runner/work/Market-Data-Collector/Market-Data-Collector/src/MarketDataCollector.Contracts/MarketDataCollector.Contracts.csproj]
/home/runner/work/Market-Data-Collector/Market-Data-Collector/src/MarketDataCollector.Contracts/Api/UiDashboardModels.cs(191,19): warning CS1591: Missing XML comment for publicly visible type or member 'ProviderTemplateOutput.Description' [/home/runner/work/Market-Data-Collector/Market-Data-Collector/src/MarketDataCollector.Contracts/MarketDataCollector.Contracts.csproj]
/home/runner/work/Market-Data-Collector/Market-Data-Collector/src/MarketDataCollector.Contracts/Api/UiDashboardModels.cs(194,19): warning CS1591: Missing XML comment for publicly visible type or member 'ProviderTemplateOutput.ProviderType' [/home/runner/work/Market-Data-Collector/Market-Data-Collector/src/MarketDataCollector.Contracts/MarketDataCollector.Contracts.csproj]
/home/runner/work/Market-Data-Collector/Market-Data-Collector/src/MarketDataCollector.Contracts/Api/UiDashboardModels.cs(198,17): warning CS1591: Missing XML comment for publicly visible type or member 'ProviderTemplateOutput.IsEnabled' [/home/runner/work/Market-Data-Collector/Market-Data-Collector/src/MarketDataCollector.Contracts/MarketDataCollector.Contracts.csproj]
/home/runner/work/Market-Data-Collector/Market-Data-Collector/src/MarketDataCollector.Contracts/Api/UiDashboardModels.cs(201,17): warning CS1591: Missing XML comment for publicly visible type or member 'ProviderTemplateOutput.IsConnected' [/home/runner/work/Market-Data-Collector/Market-Data-Collector/src/MarketDataCollector.Contracts/MarketDataCollector.Contracts.csproj]
/home/runner/work/Market-Data-Collector/Market-Data-Collector/src/MarketDataCollector.Contracts/Api/UiDashboardModels.cs(204,17): warning CS1591: Missing XML comment for publicly visible type or member 'ProviderTemplateOutput.IsHealthy' [/home/runner/work/Market-Data-Collector/Market-Data-Collector/src/MarketDataCollector.Contracts/MarketDataCollector.Contracts.csproj]
/home/runner/work/Market-Data-Collector/Market-Data-Collector/src/MarketDataCollector.Contracts/Api/UiDashboardModels.cs(208,17): warning CS1591: Missing XML comment for publicly visible type or member 'ProviderTemplateOutput.RequiresCredentials' [/home/runner/work/Market-Data-Collector/Market-Data-Collector/src/MarketDataCollector.Contracts/MarketDataCollector.Contracts.csproj]
/home/runner/work/Market-Data-Collector/Market-Data-Collector/src/MarketDataCollector.Contracts/Api/UiDashboardModels.cs(211,17): warning CS1591: Missing XML comment for publicly visible type or member 'ProviderTemplateOutput.HasValidCredentials' [/home/runner/work/Market-Data-Collector/Market-Data-Collector/src/MarketDataCollector.Contracts/MarketDataCollector.Contracts.csproj]
/home/runner/work/Market-Data-Collector/Market-Data-Collector/src/MarketDataCollector.Contracts/Api/UiDashboardModels.cs(214,36): warning CS1591: Missing XML comment for publicly visible type or member 'ProviderTemplateOutput.CredentialFields' [/home/runner/work/Market-Data-Collector/Market-Data-Collector/src/MarketDataCollector.Contracts/MarketDataCollector.Contracts.csproj]
/home/runner/work/Market-Data-Collector/Market-Data-Collector/src/MarketDataCollector.Contracts/Api/UiDashboardModels.cs(218,37): warning CS1591: Missing XML comment for publicly visible type or member 'ProviderTemplateOutput.Capabilities' [/home/runner/work/Market-Data-Collector/Market-Data-Collector/src/MarketDataCollector.Contracts/MarketDataCollector.Contracts.csproj]
/home/runner/work/Market-Data-Collector/Market-Data-Collector/src/MarketDataCollector.Contracts/Api/UiDashboardModels.cs(222,21): warning CS1591: Missing XML comment for publicly visible type or member 'ProviderTemplateOutput.Notes' [/home/runner/work/Market-Data-Collector/Market-Data-Collector/src/MarketDataCollector.Contracts/MarketDataCollector.Contracts.csproj]
/home/runner/work/Market-Data-Collector/Market-Data-Collector/src/MarketDataCollector.Contracts/Api/UiDashboardModels.cs(225,21): warning CS1591: Missing XML comment for publicly visible type or member 'ProviderTemplateOutput.Warnings' [/home/runner/work/Market-Data-Collector/Market-Data-Collector/src/MarketDataCollector.Contracts/MarketDataCollector.Contracts.csproj]
/home/runner/work/Market-Data-Collector/Market-Data-Collector/src/MarketDataCollector.Contracts/Api/UiDashboardModels.cs(229,37): warning CS1591: Missing XML comment for publicly visible type or member 'ProviderTemplateOutput.RateLimit' [/home/runner/work/Market-Data-Collector/Market-Data-Collector/src/MarketDataCollector.Contracts/MarketDataCollector.Contracts.csproj]
/home/runner/work/Market-Data-Collector/Market-Data-Collector/src/MarketDataCollector.Contracts/Api/UiDashboardModels.cs(233,21): warning CS1591: Missing XML comment for publicly visible type or member 'ProviderTemplateOutput.SupportedMarkets' [/home/runner/work/Market-Data-Collector/Market-Data-Collector/src/MarketDataCollector.Contracts/MarketDataCollector.Contracts.csproj]
/home/runner/work/Market-Data-Collector/Market-Data-Collector/src/MarketDataCollector.Contracts/Api/UiDashboardModels.cs(236,21): warning CS1591: Missing XML comment for publicly visible type or member 'ProviderTemplateOutput.DataTypes' [/home/runner/work/Market-Data-Collector/Market-Data-Collector/src/MarketDataCollector.Contracts/MarketDataCollector.Contracts.csproj]
/home/runner/work/Market-Data-Collector/Market-Data-Collector/src/MarketDataCollector.Contracts/Api/UiDashboardModels.cs(295,19): warning CS1591: Missing XML comment for publicly visible type or member 'CredentialFieldOutput.Name' [/home/runner/work/Market-Data-Collector/Market-Data-Collector/src/MarketDataCollector.Contracts/MarketDataCollector.Contracts.csproj]
/home/runner/work/Market-Data-Collector/Market-Data-Collector/src/MarketDataCollector.Contracts/Api/UiDashboardModels.cs(298,19): warning CS1591: Missing XML comment for publicly visible type or member 'CredentialFieldOutput.DisplayName' [/home/runner/work/Market-Data-Collector/Market-Data-Collector/src/MarketDataCollector.Contracts/MarketDataCollector.Contracts.csproj]
/home/runner/work/Market-Data-Collector/Market-Data-Collector/src/MarketDataCollector.Contracts/Api/UiDashboardModels.cs(301,20): warning CS1591: Missing XML comment for publicly visible type or member 'CredentialFieldOutput.EnvironmentVariable' [/home/runner/work/Market-Data-Collector/Market-Data-Collector/src/MarketDataCollector.Contracts/MarketDataCollector.Contracts.csproj]
/home/runner/work/Market-Data-Collector/Market-Data-Collector/src/MarketDataCollector.Contracts/Api/UiDashboardModels.cs(304,17): warning CS1591: Missing XML comment for publicly visible type or member 'CredentialFieldOutput.Required' [/home/runner/work/Market-Data-Collector/Market-Data-Collector/src/MarketDataCollector.Contracts/MarketDataCollector.Contracts.csproj]
/home/runner/work/Market-Data-Collector/Market-Data-Collector/src/MarketDataCollector.Contracts/Api/UiDashboardModels.cs(307,20): warning CS1591: Missing XML comment for publicly visible type or member 'CredentialFieldOutput.DefaultValue' [/home/runner/work/Market-Data-Collector/Market-Data-Collector/src/MarketDataCollector.Contracts/MarketDataCollector.Contracts.csproj]
/home/runner/work/Market-Data-Collector/Market-Data-Collector/src/MarketDataCollector.Contracts/Api/UiDashboardModels.cs(310,17): warning CS1591: Missing XML comment for publicly visible type or member 'CredentialFieldOutput.HasValue' [/home/runner/work/Market-Data-Collector/Market-Data-Collector/src/MarketDataCollector.Contracts/MarketDataCollector.Contracts.csproj]
/home/runner/work/Market-Data-Collector/Market-Data-Collector/src/MarketDataCollector.Contracts/Api/UiDashboardModels.cs(319,17): warning CS1591: Missing XML comment for publicly visible type or member 'ProviderCapabilityOutput.SupportsStreaming' [/home/runner/work/Market-Data-Collector/Market-Data-Collector/src/MarketDataCollector.Contracts/MarketDataCollector.Contracts.csproj]
/home/runner/work/Market-Data-Collector/Market-Data-Collector/src/MarketDataCollector.Contracts/Api/UiDashboardModels.cs(322,17): warning CS1591: Missing XML comment for publicly visible type or member 'ProviderCapabilityOutput.SupportsMarketDepth' [/home/runner/work/Market-Data-Collector/Market-Data-Collector/src/MarketDataCollector.Contracts/MarketDataCollector.Contracts.csproj]
/home/runner/work/Market-Data-Collector/Market-Data-Collector/src/MarketDataCollector.Contracts/Api/UiDashboardModels.cs(325,17): warning CS1591: Missing XML comment for publicly visible type or member 'ProviderCapabilityOutput.MaxDepthLevels' [/home/runner/work/Market-Data-Collector/Market-Data-Collector/src/MarketDataCollector.Contracts/MarketDataCollector.Contracts.csproj]
/home/runner/work/Market-Data-Collector/Market-Data-Collector/src/MarketDataCollector.Contracts/Api/UiDashboardModels.cs(328,17): warning CS1591: Missing XML comment for publicly visible type or member 'ProviderCapabilityOutput.SupportsAdjustedPrices' [/home/runner/work/Market-Data-Collector/Market-Data-Collector/src/MarketDataCollector.Contracts/MarketDataCollector.Contracts.csproj]
/home/runner/work/Market-Data-Collector/Market-Data-Collector/src/MarketDataCollector.Contracts/Api/UiDashboardModels.cs(331,17): warning CS1591: Missing XML comment for publicly visible type or member 'ProviderCapabilityOutput.SupportsDividends' [/home/runner/work/Market-Data-Collector/Market-Data-Collector/src/MarketDataCollector.Contracts/MarketDataCollector.Contracts.csproj]
/home/runner/work/Market-Data-Collector/Market-Data-Collector/src/MarketDataCollector.Contracts/Api/UiDashboardModels.cs(334,17): warning CS1591: Missing XML comment for publicly visible type or member 'ProviderCapabilityOutput.SupportsSplits' [/home/runner/work/Market-Data-Collector/Market-Data-Collector/src/MarketDataCollector.Contracts/MarketDataCollector.Contracts.csproj]
/home/runner/work/Market-Data-Collector/Market-Data-Collector/src/MarketDataCollector.Contracts/Api/UiDashboardModels.cs(337,17): warning CS1591: Missing XML comment for publicly visible type or member 'ProviderCapabilityOutput.SupportsIntraday' [/home/runner/work/Market-Data-Collector/Market-Data-Collector/src/MarketDataCollector.Contracts/MarketDataCollector.Contracts.csproj]
/home/runner/work/Market-Data-Collector/Market-Data-Collector/src/MarketDataCollector.Contracts/Api/UiDashboardModels.cs(340,17): warning CS1591: Missing XML comment for publicly visible type or member 'ProviderCapabilityOutput.SupportsTrades' [/home/runner/work/Market-Data-Collector/Market-Data-Collector/src/MarketDataCollector.Contracts/MarketDataCollector.Contracts.csproj]
/home/runner/work/Market-Data-Collector/Market-Data-Collector/src/MarketDataCollector.Contracts/Api/UiDashboardModels.cs(343,17): warning CS1591: Missing XML comment for publicly visible type or member 'ProviderCapabilityOutput.SupportsQuotes' [/home/runner/work/Market-Data-Collector/Market-Data-Collector/src/MarketDataCollector.Contracts/MarketDataCollector.Contracts.csproj]
/home/runner/work/Market-Data-Collector/Market-Data-Collector/src/MarketDataCollector.Contracts/Api/UiDashboardModels.cs(346,17): warning CS1591: Missing XML comment for publicly visible type or member 'ProviderCapabilityOutput.SupportsAuctions' [/home/runner/work/Market-Data-Collector/Market-Data-Collector/src/MarketDataCollector.Contracts/MarketDataCollector.Contracts.csproj]
/home/runner/work/Market-Data-Collector/Market-Data-Collector/src/MarketDataCollector.Contracts/Api/UiDashboardModels.cs(355,16): warning CS1591: Missing XML comment for publicly visible type or member 'ProviderRateLimitOutput.MaxRequestsPerWindow' [/home/runner/work/Market-Data-Collector/Market-Data-Collector/src/MarketDataCollector.Contracts/MarketDataCollector.Contracts.csproj]
/home/runner/work/Market-Data-Collector/Market-Data-Collector/src/MarketDataCollector.Contracts/Api/UiDashboardModels.cs(358,16): warning CS1591: Missing XML comment for publicly visible type or member 'ProviderRateLimitOutput.WindowSeconds' [/home/runner/work/Market-Data-Collector/Market-Data-Collector/src/MarketDataCollector.Contracts/MarketDataCollector.Contracts.csproj]
/home/runner/work/Market-Data-Collector/Market-Data-Collector/src/MarketDataCollector.Contracts/Api/UiDashboardModels.cs(361,16): warning CS1591: Missing XML comment for publicly visible type or member 'ProviderRateLimitOutput.MinDelayMs' [/home/runner/work/Market-Data-Collector/Market-Data-Collector/src/MarketDataCollector.Contracts/MarketDataCollector.Contracts.csproj]
/home/runner/work/Market-Data-Collector/Market-Data-Collector/src/MarketDataCollector.Contracts/Api/UiDashboardModels.cs(364,19): warning CS1591: Missing XML comment for publicly visible type or member 'ProviderRateLimitOutput.Description' [/home/runner/work/Market-Data-Collector/Market-Data-Collector/src/MarketDataCollector.Contracts/MarketDataCollector.Contracts.csproj]
/home/runner/work/Market-Data-Collector/Market-Data-Collector/src/MarketDataCollector.Contracts/Archive/ArchiveHealthModels.cs(10,25): warning CS1591: Missing XML comment for publicly visible type or member 'ArchiveHealthSeverity.Info' [/home/runner/work/Market-Data-Collector/Market-Data-Collector/src/MarketDataCollector.Contracts/MarketDataCollector.Contracts.csproj]
/home/runner/work/Market-Data-Collector/Market-Data-Collector/src/MarketDataCollector.Contracts/Archive/ArchiveHealthModels.cs(11,25): warning CS1591: Missing XML comment for publicly visible type or member 'ArchiveHealthSeverity.Warning' [/home/runner/work/Market-Data-Collector/Market-Data-Collector/src/MarketDataCollector.Contracts/MarketDataCollector.Contracts.csproj]
/home/runner/work/Market-Data-Collector/Market-Data-Collector/src/MarketDataCollector.Contracts/Archive/ArchiveHealthModels.cs(12,25): warning CS1591: Missing XML comment for publicly visible type or member 'ArchiveHealthSeverity.Critical' [/home/runner/work/Market-Data-Collector/Market-Data-Collector/src/MarketDataCollector.Contracts/MarketDataCollector.Contracts.csproj]
/home/runner/work/Market-Data-Collector/Market-Data-Collector/src/MarketDataCollector.Contracts/Archive/ArchiveHealthModels.cs(20,25): warning CS1591: Missing XML comment for publicly visible type or member 'ArchiveHealthStatusValues.Healthy' [/home/runner/work/Market-Data-Collector/Market-Data-Collector/src/MarketDataCollector.Contracts/MarketDataCollector.Contracts.csproj]
/home/runner/work/Market-Data-Collector/Market-Data-Collector/src/MarketDataCollector.Contracts/Archive/ArchiveHealthModels.cs(21,25): warning CS1591: Missing XML comment for publicly visible type or member 'ArchiveHealthStatusValues.Warning' [/home/runner/work/Market-Data-Collector/Market-Data-Collector/src/MarketDataCollector.Contracts/MarketDataCollector.Contracts.csproj]
/home/runner/work/Market-Data-Collector/Market-Data-Collector/src/MarketDataCollector.Contracts/Archive/ArchiveHealthModels.cs(22,25): warning CS1591: Missing XML comment for publicly visible type or member 'ArchiveHealthStatusValues.Critical' [/home/runner/work/Market-Data-Collector/Market-Data-Collector/src/MarketDataCollector.Contracts/MarketDataCollector.Contracts.csproj]
/home/runner/work/Market-Data-Collector/Market-Data-Collector/src/MarketDataCollector.Contracts/Archive/ArchiveHealthModels.cs(23,25): warning CS1591: Missing XML comment for publicly visible type or member 'ArchiveHealthStatusValues.Unknown' [/home/runner/work/Market-Data-Collector/Market-Data-Collector/src/MarketDataCollector.Contracts/MarketDataCollector.Contracts.csproj]
/home/runner/work/Market-Data-Collector/Market-Data-Collector/src/MarketDataCollector.Contracts/Archive/ArchiveHealthModels.cs(31,25): warning CS1591: Missing XML comment for publicly visible type or member 'ArchiveIssueCategory.Integrity' [/home/runner/work/Market-Data-Collector/Market-Data-Collector/src/MarketDataCollector.Contracts/MarketDataCollector.Contracts.csproj]
/home/runner/work/Market-Data-Collector/Market-Data-Collector/src/MarketDataCollector.Contracts/Archive/ArchiveHealthModels.cs(32,25): warning CS1591: Missing XML comment for publicly visible type or member 'ArchiveIssueCategory.Completeness' [/home/runner/work/Market-Data-Collector/Market-Data-Collector/src/MarketDataCollector.Contracts/MarketDataCollector.Contracts.csproj]
/home/runner/work/Market-Data-Collector/Market-Data-Collector/src/MarketDataCollector.Contracts/Archive/ArchiveHealthModels.cs(33,25): warning CS1591: Missing XML comment for publicly visible type or member 'ArchiveIssueCategory.Storage' [/home/runner/work/Market-Data-Collector/Market-Data-Collector/src/MarketDataCollector.Contracts/MarketDataCollector.Contracts.csproj]
/home/runner/work/Market-Data-Collector/Market-Data-Collector/src/MarketDataCollector.Contracts/Archive/ArchiveHealthModels.cs(34,25): warning CS1591: Missing XML comment for publicly visible type or member 'ArchiveIssueCategory.Performance' [/home/runner/work/Market-Data-Collector/Market-Data-Collector/src/MarketDataCollector.Contracts/MarketDataCollector.Contracts.csproj]
/home/runner/work/Market-Data-Collector/Market-Data-Collector/src/MarketDataCollector.Contracts/Archive/ArchiveHealthModels.cs(42,25): warning CS1591: Missing XML comment for publicly visible type or member 'VerificationJobType.Full' [/home/runner/work/Market-Data-Collector/Market-Data-Collector/src/MarketDataCollector.Contracts/MarketDataCollector.Contracts.csproj]
/home/runner/work/Market-Data-Collector/Market-Data-Collector/src/MarketDataCollector.Contracts/Archive/ArchiveHealthModels.cs(43,25): warning CS1591: Missing XML comment for publicly visible type or member 'VerificationJobType.Incremental' [/home/runner/work/Market-Data-Collector/Market-Data-Collector/src/MarketDataCollector.Contracts/MarketDataCollector.Contracts.csproj]
/home/runner/work/Market-Data-Collector/Market-Data-Collector/src/MarketDataCollector.Contracts/Archive/ArchiveHealthModels.cs(44,25): warning CS1591: Missing XML comment for publicly visible type or member 'VerificationJobType.Selective' [/home/runner/work/Market-Data-Collector/Market-Data-Collector/src/MarketDataCollector.Contracts/MarketDataCollector.Contracts.csproj]
/home/runner/work/Market-Data-Collector/Market-Data-Collector/src/MarketDataCollector.Contracts/Archive/ArchiveHealthModels.cs(52,25): warning CS1591: Missing XML comment for publicly visible type or member 'VerificationJobStatus.Pending' [/home/runner/work/Market-Data-Collector/Market-Data-Collector/src/MarketDataCollector.Contracts/MarketDataCollector.Contracts.csproj]
/home/runner/work/Market-Data-Collector/Market-Data-Collector/src/MarketDataCollector.Contracts/Archive/ArchiveHealthModels.cs(53,25): warning CS1591: Missing XML comment for publicly visible type or member 'VerificationJobStatus.Running' [/home/runner/work/Market-Data-Collector/Market-Data-Collector/src/MarketDataCollector.Contracts/MarketDataCollector.Contracts.csproj]
/home/runner/work/Market-Data-Collector/Market-Data-Collector/src/MarketDataCollector.Contracts/Archive/ArchiveHealthModels.cs(54,25): warning CS1591: Missing XML comment for publicly visible type or member 'VerificationJobStatus.Completed' [/home/runner/work/Market-Data-Collector/Market-Data-Collector/src/MarketDataCollector.Contracts/MarketDataCollector.Contracts.csproj]
/home/runner/work/Market-Data-Collector/Market-Data-Collector/src/MarketDataCollector.Contracts/Archive/ArchiveHealthModels.cs(55,25): warning CS1591: Missing XML comment for publicly visible type or member 'VerificationJobStatus.Failed' [/home/runner/work/Market-Data-Collector/Market-Data-Collector/src/MarketDataCollector.Contracts/MarketDataCollector.Contracts.csproj]
/home/runner/work/Market-Data-Collector/Market-Data-Collector/src/MarketDataCollector.Contracts/Archive/ArchiveHealthModels.cs(56,25): warning CS1591: Missing XML comment for publicly visible type or member 'VerificationJobStatus.Cancelled' [/home/runner/work/Market-Data-Collector/Market-Data-Collector/src/MarketDataCollector.Contracts/MarketDataCollector.Contracts.csproj]
/home/runner/work/Market-Data-Collector/Market-Data-Collector/src/MarketDataCollector.Contracts/Archive/ArchiveHealthModels.cs(65,19): warning CS1591: Missing XML comment for publicly visible type or member 'ArchiveHealthStatus.OverallHealthScore' [/home/runner/work/Market-Data-Collector/Market-Data-Collector/src/MarketDataCollector.Contracts/MarketDataCollector.Contracts.csproj]
/home/runner/work/Market-Data-Collector/Market-Data-Collector/src/MarketDataCollector.Contracts/Archive/ArchiveHealthModels.cs(68,19): warning CS1591: Missing XML comment for publicly visible type or member 'ArchiveHealthStatus.Status' [/home/runner/work/Market-Data-Collector/Market-Data-Collector/src/MarketDataCollector.Contracts/MarketDataCollector.Contracts.csproj]
/home/runner/work/Market-Data-Collector/Market-Data-Collector/src/MarketDataCollector.Contracts/Archive/ArchiveHealthModels.cs(71,22): warning CS1591: Missing XML comment for publicly visible type or member 'ArchiveHealthStatus.LastFullVerificationAt' [/home/runner/work/Market-Data-Collector/Market-Data-Collector/src/MarketDataCollector.Contracts/MarketDataCollector.Contracts.csproj]
/home/runner/work/Market-Data-Collector/Market-Data-Collector/src/MarketDataCollector.Contracts/Archive/ArchiveHealthModels.cs(74,17): warning CS1591: Missing XML comment for publicly visible type or member 'ArchiveHealthStatus.LastVerificationDurationMinutes' [/home/runner/work/Market-Data-Collector/Market-Data-Collector/src/MarketDataCollector.Contracts/MarketDataCollector.Contracts.csproj]
/home/runner/work/Market-Data-Collector/Market-Data-Collector/src/MarketDataCollector.Contracts/Archive/ArchiveHealthModels.cs(77,16): warning CS1591: Missing XML comment for publicly visible type or member 'ArchiveHealthStatus.TotalFiles' [/home/runner/work/Market-Data-Collector/Market-Data-Collector/src/MarketDataCollector.Contracts/MarketDataCollector.Contracts.csproj]
/home/runner/work/Market-Data-Collector/Market-Data-Collector/src/MarketDataCollector.Contracts/Archive/ArchiveHealthModels.cs(80,16): warning CS1591: Missing XML comment for publicly visible type or member 'ArchiveHealthStatus.VerifiedFiles' [/home/runner/work/Market-Data-Collector/Market-Data-Collector/src/MarketDataCollector.Contracts/MarketDataCollector.Contracts.csproj]
/home/runner/work/Market-Data-Collector/Market-Data-Collector/src/MarketDataCollector.Contracts/Archive/ArchiveHealthModels.cs(83,16): warning CS1591: Missing XML comment for publicly visible type or member 'ArchiveHealthStatus.PendingFiles' [/home/runner/work/Market-Data-Collector/Market-Data-Collector/src/MarketDataCollector.Contracts/MarketDataCollector.Contracts.csproj]
/home/runner/work/Market-Data-Collector/Market-Data-Collector/src/MarketDataCollector.Contracts/Archive/ArchiveHealthModels.cs(86,16): warning CS1591: Missing XML comment for publicly visible type or member 'ArchiveHealthStatus.FailedFiles' [/home/runner/work/Market-Data-Collector/Market-Data-Collector/src/MarketDataCollector.Contracts/MarketDataCollector.Contracts.csproj]
/home/runner/work/Market-Data-Collector/Market-Data-Collector/src/MarketDataCollector.Contracts/Archive/ArchiveHealthModels.cs(89,17): warning CS1591: Missing XML comment for publicly visible type or member 'ArchiveHealthStatus.TotalSizeBytes' [/home/runner/work/Market-Data-Collector/Market-Data-Collector/src/MarketDataCollector.Contracts/MarketDataCollector.Contracts.csproj]
/home/runner/work/Market-Data-Collector/Market-Data-Collector/src/MarketDataCollector.Contracts/Archive/ArchiveHealthModels.cs(92,17): warning CS1591: Missing XML comment for publicly visible type or member 'ArchiveHealthStatus.VerifiedSizeBytes' [/home/runner/work/Market-Data-Collector/Market-Data-Collector/src/MarketDataCollector.Contracts/MarketDataCollector.Contracts.csproj]
/home/runner/work/Market-Data-Collector/Market-Data-Collector/src/MarketDataCollector.Contracts/Archive/ArchiveHealthModels.cs(95,28): warning CS1591: Missing XML comment for publicly visible type or member 'ArchiveHealthStatus.Issues' [/home/runner/work/Market-Data-Collector/Market-Data-Collector/src/MarketDataCollector.Contracts/MarketDataCollector.Contracts.csproj]
/home/runner/work/Market-Data-Collector/Market-Data-Collector/src/MarketDataCollector.Contracts/Archive/ArchiveHealthModels.cs(98,22): warning CS1591: Missing XML comment for publicly visible type or member 'ArchiveHealthStatus.Recommendations' [/home/runner/work/Market-Data-Collector/Market-Data-Collector/src/MarketDataCollector.Contracts/MarketDataCollector.Contracts.csproj]
/home/runner/work/Market-Data-Collector/Market-Data-Collector/src/MarketDataCollector.Contracts/Archive/ArchiveHealthModels.cs(101,21): warning CS1591: Missing XML comment for publicly visible type or member 'ArchiveHealthStatus.LastUpdated' [/home/runner/work/Market-Data-Collector/Market-Data-Collector/src/MarketDataCollector.Contracts/MarketDataCollector.Contracts.csproj]
/home/runner/work/Market-Data-Collector/Market-Data-Collector/src/MarketDataCollector.Contracts/Archive/ArchiveHealthModels.cs(104,31): warning CS1591: Missing XML comment for publicly visible type or member 'ArchiveHealthStatus.StorageHealthInfo' [/home/runner/work/Market-Data-Collector/Market-Data-Collector/src/MarketDataCollector.Contracts/MarketDataCollector.Contracts.csproj]
/home/runner/work/Market-Data-Collector/Market-Data-Collector/src/MarketDataCollector.Contracts/Archive/ArchiveHealthModels.cs(113,19): warning CS1591: Missing XML comment for publicly visible type or member 'ArchiveIssue.Id' [/home/runner/work/Market-Data-Collector/Market-Data-Collector/src/MarketDataCollector.Contracts/MarketDataCollector.Contracts.csproj]
/home/runner/work/Market-Data-Collector/Market-Data-Collector/src/MarketDataCollector.Contracts/Archive/ArchiveHealthModels.cs(116,19): warning CS1591: Missing XML comment for publicly visible type or member 'ArchiveIssue.Severity' [/home/runner/work/Market-Data-Collector/Market-Data-Collector/src/MarketDataCollector.Contracts/MarketDataCollector.Contracts.csproj]
/home/runner/work/Market-Data-Collector/Market-Data-Collector/src/MarketDataCollector.Contracts/Archive/ArchiveHealthModels.cs(119,19): warning CS1591: Missing XML comment for publicly visible type or member 'ArchiveIssue.Category' [/home/runner/work/Market-Data-Collector/Market-Data-Collector/src/MarketDataCollector.Contracts/MarketDataCollector.Contracts.csproj]
/home/runner/work/Market-Data-Collector/Market-Data-Collector/src/MarketDataCollector.Contracts/Archive/ArchiveHealthModels.cs(122,19): warning CS1591: Missing XML comment for publicly visible type or member 'ArchiveIssue.Message' [/home/runner/work/Market-Data-Collector/Market-Data-Collector/src/MarketDataCollector.Contracts/MarketDataCollector.Contracts.csproj]
/home/runner/work/Market-Data-Collector/Market-Data-Collector/src/MarketDataCollector.Contracts/Archive/ArchiveHealthModels.cs(125,22): warning CS1591: Missing XML comment for publicly visible type or member 'ArchiveIssue.AffectedFiles' [/home/runner/work/Market-Data-Collector/Market-Data-Collector/src/MarketDataCollector.Contracts/MarketDataCollector.Contracts.csproj]
/home/runner/work/Market-Data-Collector/Market-Data-Collector/src/MarketDataCollector.Contracts/Archive/ArchiveHealthModels.cs(128,22): warning CS1591: Missing XML comment for publicly visible type or member 'ArchiveIssue.AffectedSymbols' [/home/runner/work/Market-Data-Collector/Market-Data-Collector/src/MarketDataCollector.Contracts/MarketDataCollector.Contracts.csproj]
/home/runner/work/Market-Data-Collector/Market-Data-Collector/src/MarketDataCollector.Contracts/Archive/ArchiveHealthModels.cs(131,20): warning CS1591: Missing XML comment for publicly visible type or member 'ArchiveIssue.SuggestedAction' [/home/runner/work/Market-Data-Collector/Market-Data-Collector/src/MarketDataCollector.Contracts/MarketDataCollector.Contracts.csproj]
/home/runner/work/Market-Data-Collector/Market-Data-Collector/src/MarketDataCollector.Contracts/Archive/ArchiveHealthModels.cs(134,21): warning CS1591: Missing XML comment for publicly visible type or member 'ArchiveIssue.DetectedAt' [/home/runner/work/Market-Data-Collector/Market-Data-Collector/src/MarketDataCollector.Contracts/MarketDataCollector.Contracts.csproj]
/home/runner/work/Market-Data-Collector/Market-Data-Collector/src/MarketDataCollector.Contracts/Archive/ArchiveHealthModels.cs(137,22): warning CS1591: Missing XML comment for publicly visible type or member 'ArchiveIssue.ResolvedAt' [/home/runner/work/Market-Data-Collector/Market-Data-Collector/src/MarketDataCollector.Contracts/MarketDataCollector.Contracts.csproj]
/home/runner/work/Market-Data-Collector/Market-Data-Collector/src/MarketDataCollector.Contracts/Archive/ArchiveHealthModels.cs(140,17): warning CS1591: Missing XML comment for publicly visible type or member 'ArchiveIssue.IsAutoFixable' [/home/runner/work/Market-Data-Collector/Market-Data-Collector/src/MarketDataCollector.Contracts/MarketDataCollector.Contracts.csproj]
/home/runner/work/Market-Data-Collector/Market-Data-Collector/src/MarketDataCollector.Contracts/Archive/ArchiveHealthModels.cs(149,19): warning CS1591: Missing XML comment for publicly visible type or member 'StorageHealthInfo.DriveType' [/home/runner/work/Market-Data-Collector/Market-Data-Collector/src/MarketDataCollector.Contracts/MarketDataCollector.Contracts.csproj]
/home/runner/work/Market-Data-Collector/Market-Data-Collector/src/MarketDataCollector.Contracts/Archive/ArchiveHealthModels.cs(152,19): warning CS1591: Missing XML comment for publicly visible type or member 'StorageHealthInfo.HealthStatus' [/home/runner/work/Market-Data-Collector/Market-Data-Collector/src/MarketDataCollector.Contracts/MarketDataCollector.Contracts.csproj]
/home/runner/work/Market-Data-Collector/Market-Data-Collector/src/MarketDataCollector.Contracts/Archive/ArchiveHealthModels.cs(155,17): warning CS1591: Missing XML comment for publicly visible type or member 'StorageHealthInfo.TotalCapacity' [/home/runner/work/Market-Data-Collector/Market-Data-Collector/src/MarketDataCollector.Contracts/MarketDataCollector.Contracts.csproj]
/home/runner/work/Market-Data-Collector/Market-Data-Collector/src/MarketDataCollector.Contracts/Archive/ArchiveHealthModels.cs(158,17): warning CS1591: Missing XML comment for publicly visible type or member 'StorageHealthInfo.FreeSpace' [/home/runner/work/Market-Data-Collector/Market-Data-Collector/src/MarketDataCollector.Contracts/MarketDataCollector.Contracts.csproj]
/home/runner/work/Market-Data-Collector/Market-Data-Collector/src/MarketDataCollector.Contracts/Archive/ArchiveHealthModels.cs(161,19): warning CS1591: Missing XML comment for publicly visible type or member 'StorageHealthInfo.UsedPercent' [/home/runner/work/Market-Data-Collector/Market-Data-Collector/src/MarketDataCollector.Contracts/MarketDataCollector.Contracts.csproj]
/home/runner/work/Market-Data-Collector/Market-Data-Collector/src/MarketDataCollector.Contracts/Archive/ArchiveHealthModels.cs(164,20): warning CS1591: Missing XML comment for publicly visible type or member 'StorageHealthInfo.AverageWriteLatencyMs' [/home/runner/work/Market-Data-Collector/Market-Data-Collector/src/MarketDataCollector.Contracts/MarketDataCollector.Contracts.csproj]
/home/runner/work/Market-Data-Collector/Market-Data-Collector/src/MarketDataCollector.Contracts/Archive/ArchiveHealthModels.cs(167,20): warning CS1591: Missing XML comment for publicly visible type or member 'StorageHealthInfo.ReadSpeedMbps' [/home/runner/work/Market-Data-Collector/Market-Data-Collector/src/MarketDataCollector.Contracts/MarketDataCollector.Contracts.csproj]
/home/runner/work/Market-Data-Collector/Market-Data-Collector/src/MarketDataCollector.Contracts/Archive/ArchiveHealthModels.cs(170,20): warning CS1591: Missing XML comment for publicly visible type or member 'StorageHealthInfo.WriteSpeedMbps' [/home/runner/work/Market-Data-Collector/Market-Data-Collector/src/MarketDataCollector.Contracts/MarketDataCollector.Contracts.csproj]
/home/runner/work/Market-Data-Collector/Market-Data-Collector/src/MarketDataCollector.Contracts/Archive/ArchiveHealthModels.cs(173,17): warning CS1591: Missing XML comment for publicly visible type or member 'StorageHealthInfo.DaysUntilFull' [/home/runner/work/Market-Data-Collector/Market-Data-Collector/src/MarketDataCollector.Contracts/MarketDataCollector.Contracts.csproj]
/home/runner/work/Market-Data-Collector/Market-Data-Collector/src/MarketDataCollector.Contracts/Archive/ArchiveHealthModels.cs(182,19): warning CS1591: Missing XML comment for publicly visible type or member 'VerificationJob.Id' [/home/runner/work/Market-Data-Collector/Market-Data-Collector/src/MarketDataCollector.Contracts/MarketDataCollector.Contracts.csproj]
/home/runner/work/Market-Data-Collector/Market-Data-Collector/src/MarketDataCollector.Contracts/Archive/ArchiveHealthModels.cs(185,19): warning CS1591: Missing XML comment for publicly visible type or member 'VerificationJob.Type' [/home/runner/work/Market-Data-Collector/Market-Data-Collector/src/MarketDataCollector.Contracts/MarketDataCollector.Contracts.csproj]
/home/runner/work/Market-Data-Collector/Market-Data-Collector/src/MarketDataCollector.Contracts/Archive/ArchiveHealthModels.cs(188,19): warning CS1591: Missing XML comment for publicly visible type or member 'VerificationJob.Status' [/home/runner/work/Market-Data-Collector/Market-Data-Collector/src/MarketDataCollector.Contracts/MarketDataCollector.Contracts.csproj]
/home/runner/work/Market-Data-Collector/Market-Data-Collector/src/MarketDataCollector.Contracts/Archive/ArchiveHealthModels.cs(191,22): warning CS1591: Missing XML comment for publicly visible type or member 'VerificationJob.StartedAt' [/home/runner/work/Market-Data-Collector/Market-Data-Collector/src/MarketDataCollector.Contracts/MarketDataCollector.Contracts.csproj]
/home/runner/work/Market-Data-Collector/Market-Data-Collector/src/MarketDataCollector.Contracts/Archive/ArchiveHealthModels.cs(194,22): warning CS1591: Missing XML comment for publicly visible type or member 'VerificationJob.CompletedAt' [/home/runner/work/Market-Data-Collector/Market-Data-Collector/src/MarketDataCollector.Contracts/MarketDataCollector.Contracts.csproj]
/home/runner/work/Market-Data-Collector/Market-Data-Collector/src/MarketDataCollector.Contracts/Archive/ArchiveHealthModels.cs(197,16): warning CS1591: Missing XML comment for publicly visible type or member 'VerificationJob.TotalFiles' [/home/runner/work/Market-Data-Collector/Market-Data-Collector/src/MarketDataCollector.Contracts/MarketDataCollector.Contracts.csproj]
/home/runner/work/Market-Data-Collector/Market-Data-Collector/src/MarketDataCollector.Contracts/Archive/ArchiveHealthModels.cs(200,16): warning CS1591: Missing XML comment for publicly visible type or member 'VerificationJob.ProcessedFiles' [/home/runner/work/Market-Data-Collector/Market-Data-Collector/src/MarketDataCollector.Contracts/MarketDataCollector.Contracts.csproj]
/home/runner/work/Market-Data-Collector/Market-Data-Collector/src/MarketDataCollector.Contracts/Archive/ArchiveHealthModels.cs(203,16): warning CS1591: Missing XML comment for publicly visible type or member 'VerificationJob.FailedFiles' [/home/runner/work/Market-Data-Collector/Market-Data-Collector/src/MarketDataCollector.Contracts/MarketDataCollector.Contracts.csproj]
/home/runner/work/Market-Data-Collector/Market-Data-Collector/src/MarketDataCollector.Contracts/Archive/ArchiveHealthModels.cs(206,19): warning CS1591: Missing XML comment for publicly visible type or member 'VerificationJob.ProgressPercent' [/home/runner/work/Market-Data-Collector/Market-Data-Collector/src/MarketDataCollector.Contracts/MarketDataCollector.Contracts.csproj]
/home/runner/work/Market-Data-Collector/Market-Data-Collector/src/MarketDataCollector.Contracts/Archive/ArchiveHealthModels.cs(209,17): warning CS1591: Missing XML comment for publicly visible type or member 'VerificationJob.EstimatedTimeRemainingSeconds' [/home/runner/work/Market-Data-Collector/Market-Data-Collector/src/MarketDataCollector.Contracts/MarketDataCollector.Contracts.csproj]
/home/runner/work/Market-Data-Collector/Market-Data-Collector/src/MarketDataCollector.Contracts/Archive/ArchiveHealthModels.cs(212,19): warning CS1591: Missing XML comment for publicly visible type or member 'VerificationJob.FilesPerSecond' [/home/runner/work/Market-Data-Collector/Market-Data-Collector/src/MarketDataCollector.Contracts/MarketDataCollector.Contracts.csproj]
/home/runner/work/Market-Data-Collector/Market-Data-Collector/src/MarketDataCollector.Contracts/Archive/ArchiveHealthModels.cs(215,22): warning CS1591: Missing XML comment for publicly visible type or member 'VerificationJob.Errors' [/home/runner/work/Market-Data-Collector/Market-Data-Collector/src/MarketDataCollector.Contracts/MarketDataCollector.Contracts.csproj]
/home/runner/work/Market-Data-Collector/Market-Data-Collector/src/MarketDataCollector.Contracts/Archive/ArchiveHealthModels.cs(224,17): warning CS1591: Missing XML comment for publicly visible type or member 'VerificationScheduleConfig.Enabled' [/home/runner/work/Market-Data-Collector/Market-Data-Collector/src/MarketDataCollector.Contracts/MarketDataCollector.Contracts.csproj]
/home/runner/work/Market-Data-Collector/Market-Data-Collector/src/MarketDataCollector.Contracts/Archive/ArchiveHealthModels.cs(227,19): warning CS1591: Missing XML comment for publicly visible type or member 'VerificationScheduleConfig.DailyVerificationTime' [/home/runner/work/Market-Data-Collector/Market-Data-Collector/src/MarketDataCollector.Contracts/MarketDataCollector.Contracts.csproj]
/home/runner/work/Market-Data-Collector/Market-Data-Collector/src/MarketDataCollector.Contracts/Archive/ArchiveHealthModels.cs(230,19): warning CS1591: Missing XML comment for publicly visible type or member 'VerificationScheduleConfig.DailyVerificationScope' [/home/runner/work/Market-Data-Collector/Market-Data-Collector/src/MarketDataCollector.Contracts/MarketDataCollector.Contracts.csproj]
/home/runner/work/Market-Data-Collector/Market-Data-Collector/src/MarketDataCollector.Contracts/Archive/ArchiveHealthModels.cs(233,16): warning CS1591: Missing XML comment for publicly visible type or member 'VerificationScheduleConfig.WeeklyFullVerificationDay' [/home/runner/work/Market-Data-Collector/Market-Data-Collector/src/MarketDataCollector.Contracts/MarketDataCollector.Contracts.csproj]
/home/runner/work/Market-Data-Collector/Market-Data-Collector/src/MarketDataCollector.Contracts/Archive/ArchiveHealthModels.cs(236,16): warning CS1591: Missing XML comment for publicly visible type or member 'VerificationScheduleConfig.MonthlyFullVerificationDay' [/home/runner/work/Market-Data-Collector/Market-Data-Collector/src/MarketDataCollector.Contracts/MarketDataCollector.Contracts.csproj]
/home/runner/work/Market-Data-Collector/Market-Data-Collector/src/MarketDataCollector.Contracts/Archive/ArchiveHealthModels.cs(239,17): warning CS1591: Missing XML comment for publicly visible type or member 'VerificationScheduleConfig.PauseDuringMarketHours' [/home/runner/work/Market-Data-Collector/Market-Data-Collector/src/MarketDataCollector.Contracts/MarketDataCollector.Contracts.csproj]
/home/runner/work/Market-Data-Collector/Market-Data-Collector/src/MarketDataCollector.Contracts/Archive/ArchiveHealthModels.cs(242,16): warning CS1591: Missing XML comment for publicly visible type or member 'VerificationScheduleConfig.MaxConcurrentVerifications' [/home/runner/work/Market-Data-Collector/Market-Data-Collector/src/MarketDataCollector.Contracts/MarketDataCollector.Contracts.csproj]
/home/runner/work/Market-Data-Collector/Market-Data-Collector/src/MarketDataCollector.Contracts/Configuration/AppConfigDto.cs(11,19): warning CS1591: Missing XML comment for publicly visible type or member 'AppConfigDto.DataRoot' [/home/runner/work/Market-Data-Collector/Market-Data-Collector/src/MarketDataCollector.Contracts/MarketDataCollector.Contracts.csproj]
/home/runner/work/Market-Data-Collector/Market-Data-Collector/src/MarketDataCollector.Contracts/Configuration/AppConfigDto.cs(14,17): warning CS1591: Missing XML comment for publicly visible type or member 'AppConfigDto.Compress' [/home/runner/work/Market-Data-Collector/Market-Data-Collector/src/MarketDataCollector.Contracts/MarketDataCollector.Contracts.csproj]
/home/runner/work/Market-Data-Collector/Market-Data-Collector/src/MarketDataCollector.Contracts/Configuration/AppConfigDto.cs(17,19): warning CS1591: Missing XML comment for publicly visible type or member 'AppConfigDto.DataSource' [/home/runner/work/Market-Data-Collector/Market-Data-Collector/src/MarketDataCollector.Contracts/MarketDataCollector.Contracts.csproj]
/home/runner/work/Market-Data-Collector/Market-Data-Collector/src/MarketDataCollector.Contracts/Configuration/AppConfigDto.cs(20,30): warning CS1591: Missing XML comment for publicly visible type or member 'AppConfigDto.Alpaca' [/home/runner/work/Market-Data-Collector/Market-Data-Collector/src/MarketDataCollector.Contracts/MarketDataCollector.Contracts.csproj]
/home/runner/work/Market-Data-Collector/Market-Data-Collector/src/MarketDataCollector.Contracts/Configuration/AppConfigDto.cs(23,34): warning CS1591: Missing XML comment for publicly visible type or member 'AppConfigDto.StockSharp' [/home/runner/work/Market-Data-Collector/Market-Data-Collector/src/MarketDataCollector.Contracts/MarketDataCollector.Contracts.csproj]
/home/runner/work/Market-Data-Collector/Market-Data-Collector/src/MarketDataCollector.Contracts/Configuration/AppConfigDto.cs(26,30): warning CS1591: Missing XML comment for publicly visible type or member 'AppConfigDto.Storage' [/home/runner/work/Market-Data-Collector/Market-Data-Collector/src/MarketDataCollector.Contracts/MarketDataCollector.Contracts.csproj]
/home/runner/work/Market-Data-Collector/Market-Data-Collector/src/MarketDataCollector.Contracts/Configuration/AppConfigDto.cs(29,31): warning CS1591: Missing XML comment for publicly visible type or member 'AppConfigDto.Symbols' [/home/runner/work/Market-Data-Collector/Market-Data-Collector/src/MarketDataCollector.Contracts/MarketDataCollector.Contracts.csproj]
/home/runner/work/Market-Data-Collector/Market-Data-Collector/src/MarketDataCollector.Contracts/Configuration/AppConfigDto.cs(32,31): warning CS1591: Missing XML comment for publicly visible type or member 'AppConfigDto.Backfill' [/home/runner/work/Market-Data-Collector/Market-Data-Collector/src/MarketDataCollector.Contracts/MarketDataCollector.Contracts.csproj]
/home/runner/work/Market-Data-Collector/Market-Data-Collector/src/MarketDataCollector.Contracts/Configuration/AppConfigDto.cs(35,34): warning CS1591: Missing XML comment for publicly visible type or member 'AppConfigDto.DataSources' [/home/runner/work/Market-Data-Collector/Market-Data-Collector/src/MarketDataCollector.Contracts/MarketDataCollector.Contracts.csproj]
/home/runner/work/Market-Data-Collector/Market-Data-Collector/src/MarketDataCollector.Contracts/Configuration/AppConfigDto.cs(38,35): warning CS1591: Missing XML comment for publicly visible type or member 'AppConfigDto.SymbolGroups' [/home/runner/work/Market-Data-Collector/Market-Data-Collector/src/MarketDataCollector.Contracts/MarketDataCollector.Contracts.csproj]
/home/runner/work/Market-Data-Collector/Market-Data-Collector/src/MarketDataCollector.Contracts/Configuration/AppConfigDto.cs(41,28): warning CS1591: Missing XML comment for publicly visible type or member 'AppConfigDto.Settings' [/home/runner/work/Market-Data-Collector/Market-Data-Collector/src/MarketDataCollector.Contracts/MarketDataCollector.Contracts.csproj]
/home/runner/work/Market-Data-Collector/Market-Data-Collector/src/MarketDataCollector.Contracts/Configuration/AppConfigDto.cs(50,20): warning CS1591: Missing XML comment for publicly visible type or member 'AlpacaOptionsDto.KeyId' [/home/runner/work/Market-Data-Collector/Market-Data-Collector/src/MarketDataCollector.Contracts/MarketDataCollector.Contracts.csproj]
/home/runner/work/Market-Data-Collector/Market-Data-Collector/src/MarketDataCollector.Contracts/Configuration/AppConfigDto.cs(53,20): warning CS1591: Missing XML comment for publicly visible type or member 'AlpacaOptionsDto.SecretKey' [/home/runner/work/Market-Data-Collector/Market-Data-Collector/src/MarketDataCollector.Contracts/MarketDataCollector.Contracts.csproj]
/home/runner/work/Market-Data-Collector/Market-Data-Collector/src/MarketDataCollector.Contracts/Configuration/AppConfigDto.cs(56,19): warning CS1591: Missing XML comment for publicly visible type or member 'AlpacaOptionsDto.Feed' [/home/runner/work/Market-Data-Collector/Market-Data-Collector/src/MarketDataCollector.Contracts/MarketDataCollector.Contracts.csproj]
/home/runner/work/Market-Data-Collector/Market-Data-Collector/src/MarketDataCollector.Contracts/Configuration/AppConfigDto.cs(59,17): warning CS1591: Missing XML comment for publicly visible type or member 'AlpacaOptionsDto.UseSandbox' [/home/runner/work/Market-Data-Collector/Market-Data-Collector/src/MarketDataCollector.Contracts/MarketDataCollector.Contracts.csproj]
/home/runner/work/Market-Data-Collector/Market-Data-Collector/src/MarketDataCollector.Contracts/Configuration/AppConfigDto.cs(62,17): warning CS1591: Missing XML comment for publicly visible type or member 'AlpacaOptionsDto.SubscribeQuotes' [/home/runner/work/Market-Data-Collector/Market-Data-Collector/src/MarketDataCollector.Contracts/MarketDataCollector.Contracts.csproj]
/home/runner/work/Market-Data-Collector/Market-Data-Collector/src/MarketDataCollector.Contracts/Configuration/AppConfigDto.cs(71,17): warning CS1591: Missing XML comment for publicly visible type or member 'StockSharpOptionsDto.Enabled' [/home/runner/work/Market-Data-Collector/Market-Data-Collector/src/MarketDataCollector.Contracts/MarketDataCollector.Contracts.csproj]
/home/runner/work/Market-Data-Collector/Market-Data-Collector/src/MarketDataCollector.Contracts/Configuration/AppConfigDto.cs(74,19): warning CS1591: Missing XML comment for publicly visible type or member 'StockSharpOptionsDto.ConnectorType' [/home/runner/work/Market-Data-Collector/Market-Data-Collector/src/MarketDataCollector.Contracts/MarketDataCollector.Contracts.csproj]
/home/runner/work/Market-Data-Collector/Market-Data-Collector/src/MarketDataCollector.Contracts/Configuration/AppConfigDto.cs(77,20): warning CS1591: Missing XML comment for publicly visible type or member 'StockSharpOptionsDto.AdapterType' [/home/runner/work/Market-Data-Collector/Market-Data-Collector/src/MarketDataCollector.Contracts/MarketDataCollector.Contracts.csproj]
/home/runner/work/Market-Data-Collector/Market-Data-Collector/src/MarketDataCollector.Contracts/Configuration/AppConfigDto.cs(80,20): warning CS1591: Missing XML comment for publicly visible type or member 'StockSharpOptionsDto.AdapterAssembly' [/home/runner/work/Market-Data-Collector/Market-Data-Collector/src/MarketDataCollector.Contracts/MarketDataCollector.Contracts.csproj]
/home/runner/work/Market-Data-Collector/Market-Data-Collector/src/MarketDataCollector.Contracts/Configuration/AppConfigDto.cs(83,40): warning CS1591: Missing XML comment for publicly visible type or member 'StockSharpOptionsDto.ConnectionParams' [/home/runner/work/Market-Data-Collector/Market-Data-Collector/src/MarketDataCollector.Contracts/MarketDataCollector.Contracts.csproj]
/home/runner/work/Market-Data-Collector/Market-Data-Collector/src/MarketDataCollector.Contracts/Configuration/AppConfigDto.cs(86,17): warning CS1591: Missing XML comment for publicly visible type or member 'StockSharpOptionsDto.UseBinaryStorage' [/home/runner/work/Market-Data-Collector/Market-Data-Collector/src/MarketDataCollector.Contracts/MarketDataCollector.Contracts.csproj]
/home/runner/work/Market-Data-Collector/Market-Data-Collector/src/MarketDataCollector.Contracts/Configuration/AppConfigDto.cs(89,19): warning CS1591: Missing XML comment for publicly visible type or member 'StockSharpOptionsDto.StoragePath' [/home/runner/work/Market-Data-Collector/Market-Data-Collector/src/MarketDataCollector.Contracts/MarketDataCollector.Contracts.csproj]
/home/runner/work/Market-Data-Collector/Market-Data-Collector/src/MarketDataCollector.Contracts/Configuration/AppConfigDto.cs(92,17): warning CS1591: Missing XML comment for publicly visible type or member 'StockSharpOptionsDto.EnableRealTime' [/home/runner/work/Market-Data-Collector/Market-Data-Collector/src/MarketDataCollector.Contracts/MarketDataCollector.Contracts.csproj]
/home/runner/work/Market-Data-Collector/Market-Data-Collector/src/MarketDataCollector.Contracts/Configuration/AppConfigDto.cs(95,17): warning CS1591: Missing XML comment for publicly visible type or member 'StockSharpOptionsDto.EnableHistorical' [/home/runner/work/Market-Data-Collector/Market-Data-Collector/src/MarketDataCollector.Contracts/MarketDataCollector.Contracts.csproj]
/home/runner/work/Market-Data-Collector/Market-Data-Collector/src/MarketDataCollector.Contracts/Configuration/AppConfigDto.cs(98,31): warning CS1591: Missing XML comment for publicly visible type or member 'StockSharpOptionsDto.Rithmic' [/home/runner/work/Market-Data-Collector/Market-Data-Collector/src/MarketDataCollector.Contracts/MarketDataCollector.Contracts.csproj]
/home/runner/work/Market-Data-Collector/Market-Data-Collector/src/MarketDataCollector.Contracts/Configuration/AppConfigDto.cs(101,30): warning CS1591: Missing XML comment for publicly visible type or member 'StockSharpOptionsDto.IQFeed' [/home/runner/work/Market-Data-Collector/Market-Data-Collector/src/MarketDataCollector.Contracts/MarketDataCollector.Contracts.csproj]
/home/runner/work/Market-Data-Collector/Market-Data-Collector/src/MarketDataCollector.Contracts/Configuration/AppConfigDto.cs(104,27): warning CS1591: Missing XML comment for publicly visible type or member 'StockSharpOptionsDto.CQG' [/home/runner/work/Market-Data-Collector/Market-Data-Collector/src/MarketDataCollector.Contracts/MarketDataCollector.Contracts.csproj]
/home/runner/work/Market-Data-Collector/Market-Data-Collector/src/MarketDataCollector.Contracts/Configuration/AppConfigDto.cs(107,36): warning CS1591: Missing XML comment for publicly visible type or member 'StockSharpOptionsDto.InteractiveBrokers' [/home/runner/work/Market-Data-Collector/Market-Data-Collector/src/MarketDataCollector.Contracts/MarketDataCollector.Contracts.csproj]
/home/runner/work/Market-Data-Collector/Market-Data-Collector/src/MarketDataCollector.Contracts/Configuration/AppConfigDto.cs(110,14): warning CS1591: Missing XML comment for publicly visible type or member 'RithmicOptionsDto' [/home/runner/work/Market-Data-Collector/Market-Data-Collector/src/MarketDataCollector.Contracts/MarketDataCollector.Contracts.csproj]
/home/runner/work/Market-Data-Collector/Market-Data-Collector/src/MarketDataCollector.Contracts/Configuration/AppConfigDto.cs(113,19): warning CS1591: Missing XML comment for publicly visible type or member 'RithmicOptionsDto.Server' [/home/runner/work/Market-Data-Collector/Market-Data-Collector/src/MarketDataCollector.Contracts/MarketDataCollector.Contracts.csproj]
/home/runner/work/Market-Data-Collector/Market-Data-Collector/src/MarketDataCollector.Contracts/Configuration/AppConfigDto.cs(116,20): warning CS1591: Missing XML comment for publicly visible type or member 'RithmicOptionsDto.UserName' [/home/runner/work/Market-Data-Collector/Market-Data-Collector/src/MarketDataCollector.Contracts/MarketDataCollector.Contracts.csproj]
/home/runner/work/Market-Data-Collector/Market-Data-Collector/src/MarketDataCollector.Contracts/Configuration/AppConfigDto.cs(119,20): warning CS1591: Missing XML comment for publicly visible type or member 'RithmicOptionsDto.Password' [/home/runner/work/Market-Data-Collector/Market-Data-Collector/src/MarketDataCollector.Contracts/MarketDataCollector.Contracts.csproj]
/home/runner/work/Market-Data-Collector/Market-Data-Collector/src/MarketDataCollector.Contracts/Configuration/AppConfigDto.cs(122,20): warning CS1591: Missing XML comment for publicly visible type or member 'RithmicOptionsDto.CertFile' [/home/runner/work/Market-Data-Collector/Market-Data-Collector/src/MarketDataCollector.Contracts/MarketDataCollector.Contracts.csproj]
/home/runner/work/Market-Data-Collector/Market-Data-Collector/src/MarketDataCollector.Contracts/Configuration/AppConfigDto.cs(125,17): warning CS1591: Missing XML comment for publicly visible type or member 'RithmicOptionsDto.UsePaperTrading' [/home/runner/work/Market-Data-Collector/Market-Data-Collector/src/MarketDataCollector.Contracts/MarketDataCollector.Contracts.csproj]
/home/runner/work/Market-Data-Collector/Market-Data-Collector/src/MarketDataCollector.Contracts/Configuration/AppConfigDto.cs(128,14): warning CS1591: Missing XML comment for publicly visible type or member 'IQFeedOptionsDto' [/home/runner/work/Market-Data-Collector/Market-Data-Collector/src/MarketDataCollector.Contracts/MarketDataCollector.Contracts.csproj]
/home/runner/work/Market-Data-Collector/Market-Data-Collector/src/MarketDataCollector.Contracts/Configuration/AppConfigDto.cs(131,19): warning CS1591: Missing XML comment for publicly visible type or member 'IQFeedOptionsDto.Host' [/home/runner/work/Market-Data-Collector/Market-Data-Collector/src/MarketDataCollector.Contracts/MarketDataCollector.Contracts.csproj]
/home/runner/work/Market-Data-Collector/Market-Data-Collector/src/MarketDataCollector.Contracts/Configuration/AppConfigDto.cs(134,16): warning CS1591: Missing XML comment for publicly visible type or member 'IQFeedOptionsDto.Level1Port' [/home/runner/work/Market-Data-Collector/Market-Data-Collector/src/MarketDataCollector.Contracts/MarketDataCollector.Contracts.csproj]
/home/runner/work/Market-Data-Collector/Market-Data-Collector/src/MarketDataCollector.Contracts/Configuration/AppConfigDto.cs(137,16): warning CS1591: Missing XML comment for publicly visible type or member 'IQFeedOptionsDto.Level2Port' [/home/runner/work/Market-Data-Collector/Market-Data-Collector/src/MarketDataCollector.Contracts/MarketDataCollector.Contracts.csproj]
/home/runner/work/Market-Data-Collector/Market-Data-Collector/src/MarketDataCollector.Contracts/Configuration/AppConfigDto.cs(140,16): warning CS1591: Missing XML comment for publicly visible type or member 'IQFeedOptionsDto.LookupPort' [/home/runner/work/Market-Data-Collector/Market-Data-Collector/src/MarketDataCollector.Contracts/MarketDataCollector.Contracts.csproj]
/home/runner/work/Market-Data-Collector/Market-Data-Collector/src/MarketDataCollector.Contracts/Configuration/AppConfigDto.cs(143,20): warning CS1591: Missing XML comment for publicly visible type or member 'IQFeedOptionsDto.ProductId' [/home/runner/work/Market-Data-Collector/Market-Data-Collector/src/MarketDataCollector.Contracts/MarketDataCollector.Contracts.csproj]
/home/runner/work/Market-Data-Collector/Market-Data-Collector/src/MarketDataCollector.Contracts/Configuration/AppConfigDto.cs(146,19): warning CS1591: Missing XML comment for publicly visible type or member 'IQFeedOptionsDto.ProductVersion' [/home/runner/work/Market-Data-Collector/Market-Data-Collector/src/MarketDataCollector.Contracts/MarketDataCollector.Contracts.csproj]
/home/runner/work/Market-Data-Collector/Market-Data-Collector/src/MarketDataCollector.Contracts/Configuration/AppConfigDto.cs(149,14): warning CS1591: Missing XML comment for publicly visible type or member 'CQGOptionsDto' [/home/runner/work/Market-Data-Collector/Market-Data-Collector/src/MarketDataCollector.Contracts/MarketDataCollector.Contracts.csproj]
/home/runner/work/Market-Data-Collector/Market-Data-Collector/src/MarketDataCollector.Contracts/Configuration/AppConfigDto.cs(152,20): warning CS1591: Missing XML comment for publicly visible type or member 'CQGOptionsDto.UserName' [/home/runner/work/Market-Data-Collector/Market-Data-Collector/src/MarketDataCollector.Contracts/MarketDataCollector.Contracts.csproj]
/home/runner/work/Market-Data-Collector/Market-Data-Collector/src/MarketDataCollector.Contracts/Configuration/AppConfigDto.cs(155,20): warning CS1591: Missing XML comment for publicly visible type or member 'CQGOptionsDto.Password' [/home/runner/work/Market-Data-Collector/Market-Data-Collector/src/MarketDataCollector.Contracts/MarketDataCollector.Contracts.csproj]
/home/runner/work/Market-Data-Collector/Market-Data-Collector/src/MarketDataCollector.Contracts/Configuration/AppConfigDto.cs(158,17): warning CS1591: Missing XML comment for publicly visible type or member 'CQGOptionsDto.UseDemoServer' [/home/runner/work/Market-Data-Collector/Market-Data-Collector/src/MarketDataCollector.Contracts/MarketDataCollector.Contracts.csproj]
/home/runner/work/Market-Data-Collector/Market-Data-Collector/src/MarketDataCollector.Contracts/Configuration/AppConfigDto.cs(161,14): warning CS1591: Missing XML comment for publicly visible type or member 'StockSharpIBOptionsDto' [/home/runner/work/Market-Data-Collector/Market-Data-Collector/src/MarketDataCollector.Contracts/MarketDataCollector.Contracts.csproj]
/home/runner/work/Market-Data-Collector/Market-Data-Collector/src/MarketDataCollector.Contracts/Configuration/AppConfigDto.cs(164,19): warning CS1591: Missing XML comment for publicly visible type or member 'StockSharpIBOptionsDto.Host' [/home/runner/work/Market-Data-Collector/Market-Data-Collector/src/MarketDataCollector.Contracts/MarketDataCollector.Contracts.csproj]
/home/runner/work/Market-Data-Collector/Market-Data-Collector/src/MarketDataCollector.Contracts/Configuration/AppConfigDto.cs(167,16): warning CS1591: Missing XML comment for publicly visible type or member 'StockSharpIBOptionsDto.Port' [/home/runner/work/Market-Data-Collector/Market-Data-Collector/src/MarketDataCollector.Contracts/MarketDataCollector.Contracts.csproj]
/home/runner/work/Market-Data-Collector/Market-Data-Collector/src/MarketDataCollector.Contracts/Configuration/AppConfigDto.cs(170,16): warning CS1591: Missing XML comment for publicly visible type or member 'StockSharpIBOptionsDto.ClientId' [/home/runner/work/Market-Data-Collector/Market-Data-Collector/src/MarketDataCollector.Contracts/MarketDataCollector.Contracts.csproj]
/home/runner/work/Market-Data-Collector/Market-Data-Collector/src/MarketDataCollector.Contracts/Configuration/AppConfigDto.cs(179,19): warning CS1591: Missing XML comment for publicly visible type or member 'StorageConfigDto.NamingConvention' [/home/runner/work/Market-Data-Collector/Market-Data-Collector/src/MarketDataCollector.Contracts/MarketDataCollector.Contracts.csproj]
/home/runner/work/Market-Data-Collector/Market-Data-Collector/src/MarketDataCollector.Contracts/Configuration/AppConfigDto.cs(182,19): warning CS1591: Missing XML comment for publicly visible type or member 'StorageConfigDto.DatePartition' [/home/runner/work/Market-Data-Collector/Market-Data-Collector/src/MarketDataCollector.Contracts/MarketDataCollector.Contracts.csproj]
/home/runner/work/Market-Data-Collector/Market-Data-Collector/src/MarketDataCollector.Contracts/Configuration/AppConfigDto.cs(185,17): warning CS1591: Missing XML comment for publicly visible type or member 'StorageConfigDto.IncludeProvider' [/home/runner/work/Market-Data-Collector/Market-Data-Collector/src/MarketDataCollector.Contracts/MarketDataCollector.Contracts.csproj]
/home/runner/work/Market-Data-Collector/Market-Data-Collector/src/MarketDataCollector.Contracts/Configuration/AppConfigDto.cs(188,20): warning CS1591: Missing XML comment for publicly visible type or member 'StorageConfigDto.FilePrefix' [/home/runner/work/Market-Data-Collector/Market-Data-Collector/src/MarketDataCollector.Contracts/MarketDataCollector.Contracts.csproj]
/home/runner/work/Market-Data-Collector/Market-Data-Collector/src/MarketDataCollector.Contracts/Configuration/AppConfigDto.cs(191,20): warning CS1591: Missing XML comment for publicly visible type or member 'StorageConfigDto.Profile' [/home/runner/work/Market-Data-Collector/Market-Data-Collector/src/MarketDataCollector.Contracts/MarketDataCollector.Contracts.csproj]
/home/runner/work/Market-Data-Collector/Market-Data-Collector/src/MarketDataCollector.Contracts/Configuration/AppConfigDto.cs(194,17): warning CS1591: Missing XML comment for publicly visible type or member 'StorageConfigDto.RetentionDays' [/home/runner/work/Market-Data-Collector/Market-Data-Collector/src/MarketDataCollector.Contracts/MarketDataCollector.Contracts.csproj]
/home/runner/work/Market-Data-Collector/Market-Data-Collector/src/MarketDataCollector.Contracts/Configuration/AppConfigDto.cs(197,18): warning CS1591: Missing XML comment for publicly visible type or member 'StorageConfigDto.MaxTotalMegabytes' [/home/runner/work/Market-Data-Collector/Market-Data-Collector/src/MarketDataCollector.Contracts/MarketDataCollector.Contracts.csproj]
/home/runner/work/Market-Data-Collector/Market-Data-Collector/src/MarketDataCollector.Contracts/Configuration/AppConfigDto.cs(206,19): warning CS1591: Missing XML comment for publicly visible type or member 'SymbolConfigDto.Symbol' [/home/runner/work/Market-Data-Collector/Market-Data-Collector/src/MarketDataCollector.Contracts/MarketDataCollector.Contracts.csproj]
/home/runner/work/Market-Data-Collector/Market-Data-Collector/src/MarketDataCollector.Contracts/Configuration/AppConfigDto.cs(209,17): warning CS1591: Missing XML comment for publicly visible type or member 'SymbolConfigDto.SubscribeTrades' [/home/runner/work/Market-Data-Collector/Market-Data-Collector/src/MarketDataCollector.Contracts/MarketDataCollector.Contracts.csproj]
/home/runner/work/Market-Data-Collector/Market-Data-Collector/src/MarketDataCollector.Contracts/Configuration/AppConfigDto.cs(212,17): warning CS1591: Missing XML comment for publicly visible type or member 'SymbolConfigDto.SubscribeDepth' [/home/runner/work/Market-Data-Collector/Market-Data-Collector/src/MarketDataCollector.Contracts/MarketDataCollector.Contracts.csproj]
/home/runner/work/Market-Data-Collector/Market-Data-Collector/src/MarketDataCollector.Contracts/Configuration/AppConfigDto.cs(215,16): warning CS1591: Missing XML comment for publicly visible type or member 'SymbolConfigDto.DepthLevels' [/home/runner/work/Market-Data-Collector/Market-Data-Collector/src/MarketDataCollector.Contracts/MarketDataCollector.Contracts.csproj]
/home/runner/work/Market-Data-Collector/Market-Data-Collector/src/MarketDataCollector.Contracts/Configuration/AppConfigDto.cs(218,19): warning CS1591: Missing XML comment for publicly visible type or member 'SymbolConfigDto.SecurityType' [/home/runner/work/Market-Data-Collector/Market-Data-Collector/src/MarketDataCollector.Contracts/MarketDataCollector.Contracts.csproj]
/home/runner/work/Market-Data-Collector/Market-Data-Collector/src/MarketDataCollector.Contracts/Configuration/AppConfigDto.cs(221,19): warning CS1591: Missing XML comment for publicly visible type or member 'SymbolConfigDto.Exchange' [/home/runner/work/Market-Data-Collector/Market-Data-Collector/src/MarketDataCollector.Contracts/MarketDataCollector.Contracts.csproj]
/home/runner/work/Market-Data-Collector/Market-Data-Collector/src/MarketDataCollector.Contracts/Configuration/AppConfigDto.cs(224,19): warning CS1591: Missing XML comment for publicly visible type or member 'SymbolConfigDto.Currency' [/home/runner/work/Market-Data-Collector/Market-Data-Collector/src/MarketDataCollector.Contracts/MarketDataCollector.Contracts.csproj]
/home/runner/work/Market-Data-Collector/Market-Data-Collector/src/MarketDataCollector.Contracts/Configuration/AppConfigDto.cs(227,20): warning CS1591: Missing XML comment for publicly visible type or member 'SymbolConfigDto.PrimaryExchange' [/home/runner/work/Market-Data-Collector/Market-Data-Collector/src/MarketDataCollector.Contracts/MarketDataCollector.Contracts.csproj]
/home/runner/work/Market-Data-Collector/Market-Data-Collector/src/MarketDataCollector.Contracts/Configuration/AppConfigDto.cs(230,20): warning CS1591: Missing XML comment for publicly visible type or member 'SymbolConfigDto.LocalSymbol' [/home/runner/work/Market-Data-Collector/Market-Data-Collector/src/MarketDataCollector.Contracts/MarketDataCollector.Contracts.csproj]
/home/runner/work/Market-Data-Collector/Market-Data-Collector/src/MarketDataCollector.Contracts/Configuration/AppConfigDto.cs(239,17): warning CS1591: Missing XML comment for publicly visible type or member 'BackfillConfigDto.Enabled' [/home/runner/work/Market-Data-Collector/Market-Data-Collector/src/MarketDataCollector.Contracts/MarketDataCollector.Contracts.csproj]
/home/runner/work/Market-Data-Collector/Market-Data-Collector/src/MarketDataCollector.Contracts/Configuration/AppConfigDto.cs(242,19): warning CS1591: Missing XML comment for publicly visible type or member 'BackfillConfigDto.Provider' [/home/runner/work/Market-Data-Collector/Market-Data-Collector/src/MarketDataCollector.Contracts/MarketDataCollector.Contracts.csproj]
/home/runner/work/Market-Data-Collector/Market-Data-Collector/src/MarketDataCollector.Contracts/Configuration/AppConfigDto.cs(245,22): warning CS1591: Missing XML comment for publicly visible type or member 'BackfillConfigDto.Symbols' [/home/runner/work/Market-Data-Collector/Market-Data-Collector/src/MarketDataCollector.Contracts/MarketDataCollector.Contracts.csproj]
/home/runner/work/Market-Data-Collector/Market-Data-Collector/src/MarketDataCollector.Contracts/Configuration/AppConfigDto.cs(248,20): warning CS1591: Missing XML comment for publicly visible type or member 'BackfillConfigDto.From' [/home/runner/work/Market-Data-Collector/Market-Data-Collector/src/MarketDataCollector.Contracts/MarketDataCollector.Contracts.csproj]
/home/runner/work/Market-Data-Collector/Market-Data-Collector/src/MarketDataCollector.Contracts/Configuration/AppConfigDto.cs(251,20): warning CS1591: Missing XML comment for publicly visible type or member 'BackfillConfigDto.To' [/home/runner/work/Market-Data-Collector/Market-Data-Collector/src/MarketDataCollector.Contracts/MarketDataCollector.Contracts.csproj]
/home/runner/work/Market-Data-Collector/Market-Data-Collector/src/MarketDataCollector.Contracts/Configuration/AppConfigDto.cs(254,17): warning CS1591: Missing XML comment for publicly visible type or member 'BackfillConfigDto.EnableFallback' [/home/runner/work/Market-Data-Collector/Market-Data-Collector/src/MarketDataCollector.Contracts/MarketDataCollector.Contracts.csproj]
/home/runner/work/Market-Data-Collector/Market-Data-Collector/src/MarketDataCollector.Contracts/Configuration/AppConfigDto.cs(257,17): warning CS1591: Missing XML comment for publicly visible type or member 'BackfillConfigDto.EnableSymbolResolution' [/home/runner/work/Market-Data-Collector/Market-Data-Collector/src/MarketDataCollector.Contracts/MarketDataCollector.Contracts.csproj]
/home/runner/work/Market-Data-Collector/Market-Data-Collector/src/MarketDataCollector.Contracts/Configuration/AppConfigDto.cs(266,35): warning CS1591: Missing XML comment for publicly visible type or member 'DataSourcesConfigDto.Sources' [/home/runner/work/Market-Data-Collector/Market-Data-Collector/src/MarketDataCollector.Contracts/MarketDataCollector.Contracts.csproj]
/home/runner/work/Market-Data-Collector/Market-Data-Collector/src/MarketDataCollector.Contracts/Configuration/AppConfigDto.cs(269,20): warning CS1591: Missing XML comment for publicly visible type or member 'DataSourcesConfigDto.DefaultRealTimeSourceId' [/home/runner/work/Market-Data-Collector/Market-Data-Collector/src/MarketDataCollector.Contracts/MarketDataCollector.Contracts.csproj]
/home/runner/work/Market-Data-Collector/Market-Data-Collector/src/MarketDataCollector.Contracts/Configuration/AppConfigDto.cs(272,20): warning CS1591: Missing XML comment for publicly visible type or member 'DataSourcesConfigDto.DefaultHistoricalSourceId' [/home/runner/work/Market-Data-Collector/Market-Data-Collector/src/MarketDataCollector.Contracts/MarketDataCollector.Contracts.csproj]
/home/runner/work/Market-Data-Collector/Market-Data-Collector/src/MarketDataCollector.Contracts/Configuration/AppConfigDto.cs(275,17): warning CS1591: Missing XML comment for publicly visible type or member 'DataSourcesConfigDto.EnableFailover' [/home/runner/work/Market-Data-Collector/Market-Data-Collector/src/MarketDataCollector.Contracts/MarketDataCollector.Contracts.csproj]
/home/runner/work/Market-Data-Collector/Market-Data-Collector/src/MarketDataCollector.Contracts/Configuration/AppConfigDto.cs(278,16): warning CS1591: Missing XML comment for publicly visible type or member 'DataSourcesConfigDto.FailoverTimeoutSeconds' [/home/runner/work/Market-Data-Collector/Market-Data-Collector/src/MarketDataCollector.Contracts/MarketDataCollector.Contracts.csproj]
/home/runner/work/Market-Data-Collector/Market-Data-Collector/src/MarketDataCollector.Contracts/Configuration/AppConfigDto.cs(287,19): warning CS1591: Missing XML comment for publicly visible type or member 'DataSourceConfigDto.Id' [/home/runner/work/Market-Data-Collector/Market-Data-Collector/src/MarketDataCollector.Contracts/MarketDataCollector.Contracts.csproj]
/home/runner/work/Market-Data-Collector/Market-Data-Collector/src/MarketDataCollector.Contracts/Configuration/AppConfigDto.cs(290,19): warning CS1591: Missing XML comment for publicly visible type or member 'DataSourceConfigDto.Name' [/home/runner/work/Market-Data-Collector/Market-Data-Collector/src/MarketDataCollector.Contracts/MarketDataCollector.Contracts.csproj]
/home/runner/work/Market-Data-Collector/Market-Data-Collector/src/MarketDataCollector.Contracts/Configuration/AppConfigDto.cs(293,19): warning CS1591: Missing XML comment for publicly visible type or member 'DataSourceConfigDto.Provider' [/home/runner/work/Market-Data-Collector/Market-Data-Collector/src/MarketDataCollector.Contracts/MarketDataCollector.Contracts.csproj]
/home/runner/work/Market-Data-Collector/Market-Data-Collector/src/MarketDataCollector.Contracts/Configuration/AppConfigDto.cs(296,17): warning CS1591: Missing XML comment for publicly visible type or member 'DataSourceConfigDto.Enabled' [/home/runner/work/Market-Data-Collector/Market-Data-Collector/src/MarketDataCollector.Contracts/MarketDataCollector.Contracts.csproj]
/home/runner/work/Market-Data-Collector/Market-Data-Collector/src/MarketDataCollector.Contracts/Configuration/AppConfigDto.cs(299,19): warning CS1591: Missing XML comment for publicly visible type or member 'DataSourceConfigDto.Type' [/home/runner/work/Market-Data-Collector/Market-Data-Collector/src/MarketDataCollector.Contracts/MarketDataCollector.Contracts.csproj]
/home/runner/work/Market-Data-Collector/Market-Data-Collector/src/MarketDataCollector.Contracts/Configuration/AppConfigDto.cs(302,16): warning CS1591: Missing XML comment for publicly visible type or member 'DataSourceConfigDto.Priority' [/home/runner/work/Market-Data-Collector/Market-Data-Collector/src/MarketDataCollector.Contracts/MarketDataCollector.Contracts.csproj]
/home/runner/work/Market-Data-Collector/Market-Data-Collector/src/MarketDataCollector.Contracts/Configuration/AppConfigDto.cs(305,20): warning CS1591: Missing XML comment for publicly visible type or member 'DataSourceConfigDto.Description' [/home/runner/work/Market-Data-Collector/Market-Data-Collector/src/MarketDataCollector.Contracts/MarketDataCollector.Contracts.csproj]
/home/runner/work/Market-Data-Collector/Market-Data-Collector/src/MarketDataCollector.Contracts/Configuration/AppConfigDto.cs(308,22): warning CS1591: Missing XML comment for publicly visible type or member 'DataSourceConfigDto.Tags' [/home/runner/work/Market-Data-Collector/Market-Data-Collector/src/MarketDataCollector.Contracts/MarketDataCollector.Contracts.csproj]
/home/runner/work/Market-Data-Collector/Market-Data-Collector/src/MarketDataCollector.Contracts/Configuration/AppConfigDto.cs(311,30): warning CS1591: Missing XML comment for publicly visible type or member 'DataSourceConfigDto.Alpaca' [/home/runner/work/Market-Data-Collector/Market-Data-Collector/src/MarketDataCollector.Contracts/MarketDataCollector.Contracts.csproj]
/home/runner/work/Market-Data-Collector/Market-Data-Collector/src/MarketDataCollector.Contracts/Configuration/AppConfigDto.cs(314,31): warning CS1591: Missing XML comment for publicly visible type or member 'DataSourceConfigDto.Polygon' [/home/runner/work/Market-Data-Collector/Market-Data-Collector/src/MarketDataCollector.Contracts/MarketDataCollector.Contracts.csproj]
/home/runner/work/Market-Data-Collector/Market-Data-Collector/src/MarketDataCollector.Contracts/Configuration/AppConfigDto.cs(317,26): warning CS1591: Missing XML comment for publicly visible type or member 'DataSourceConfigDto.IB' [/home/runner/work/Market-Data-Collector/Market-Data-Collector/src/MarketDataCollector.Contracts/MarketDataCollector.Contracts.csproj]
/home/runner/work/Market-Data-Collector/Market-Data-Collector/src/MarketDataCollector.Contracts/Configuration/AppConfigDto.cs(320,22): warning CS1591: Missing XML comment for publicly visible type or member 'DataSourceConfigDto.Symbols' [/home/runner/work/Market-Data-Collector/Market-Data-Collector/src/MarketDataCollector.Contracts/MarketDataCollector.Contracts.csproj]
/home/runner/work/Market-Data-Collector/Market-Data-Collector/src/MarketDataCollector.Contracts/Configuration/AppConfigDto.cs(329,20): warning CS1591: Missing XML comment for publicly visible type or member 'PolygonOptionsDto.ApiKey' [/home/runner/work/Market-Data-Collector/Market-Data-Collector/src/MarketDataCollector.Contracts/MarketDataCollector.Contracts.csproj]
/home/runner/work/Market-Data-Collector/Market-Data-Collector/src/MarketDataCollector.Contracts/Configuration/AppConfigDto.cs(332,17): warning CS1591: Missing XML comment for publicly visible type or member 'PolygonOptionsDto.UseDelayed' [/home/runner/work/Market-Data-Collector/Market-Data-Collector/src/MarketDataCollector.Contracts/MarketDataCollector.Contracts.csproj]
/home/runner/work/Market-Data-Collector/Market-Data-Collector/src/MarketDataCollector.Contracts/Configuration/AppConfigDto.cs(335,19): warning CS1591: Missing XML comment for publicly visible type or member 'PolygonOptionsDto.Feed' [/home/runner/work/Market-Data-Collector/Market-Data-Collector/src/MarketDataCollector.Contracts/MarketDataCollector.Contracts.csproj]
/home/runner/work/Market-Data-Collector/Market-Data-Collector/src/MarketDataCollector.Contracts/Configuration/AppConfigDto.cs(338,17): warning CS1591: Missing XML comment for publicly visible type or member 'PolygonOptionsDto.SubscribeTrades' [/home/runner/work/Market-Data-Collector/Market-Data-Collector/src/MarketDataCollector.Contracts/MarketDataCollector.Contracts.csproj]
/home/runner/work/Market-Data-Collector/Market-Data-Collector/src/MarketDataCollector.Contracts/Configuration/AppConfigDto.cs(341,17): warning CS1591: Missing XML comment for publicly visible type or member 'PolygonOptionsDto.SubscribeQuotes' [/home/runner/work/Market-Data-Collector/Market-Data-Collector/src/MarketDataCollector.Contracts/MarketDataCollector.Contracts.csproj]
/home/runner/work/Market-Data-Collector/Market-Data-Collector/src/MarketDataCollector.Contracts/Configuration/AppConfigDto.cs(344,17): warning CS1591: Missing XML comment for publicly visible type or member 'PolygonOptionsDto.SubscribeAggregates' [/home/runner/work/Market-Data-Collector/Market-Data-Collector/src/MarketDataCollector.Contracts/MarketDataCollector.Contracts.csproj]
/home/runner/work/Market-Data-Collector/Market-Data-Collector/src/MarketDataCollector.Contracts/Configuration/AppConfigDto.cs(353,19): warning CS1591: Missing XML comment for publicly visible type or member 'IBOptionsDto.Host' [/home/runner/work/Market-Data-Collector/Market-Data-Collector/src/MarketDataCollector.Contracts/MarketDataCollector.Contracts.csproj]
/home/runner/work/Market-Data-Collector/Market-Data-Collector/src/MarketDataCollector.Contracts/Configuration/AppConfigDto.cs(356,16): warning CS1591: Missing XML comment for publicly visible type or member 'IBOptionsDto.Port' [/home/runner/work/Market-Data-Collector/Market-Data-Collector/src/MarketDataCollector.Contracts/MarketDataCollector.Contracts.csproj]
/home/runner/work/Market-Data-Collector/Market-Data-Collector/src/MarketDataCollector.Contracts/Configuration/AppConfigDto.cs(359,16): warning CS1591: Missing XML comment for publicly visible type or member 'IBOptionsDto.ClientId' [/home/runner/work/Market-Data-Collector/Market-Data-Collector/src/MarketDataCollector.Contracts/MarketDataCollector.Contracts.csproj]
/home/runner/work/Market-Data-Collector/Market-Data-Collector/src/MarketDataCollector.Contracts/Configuration/AppConfigDto.cs(362,17): warning CS1591: Missing XML comment for publicly visible type or member 'IBOptionsDto.UsePaperTrading' [/home/runner/work/Market-Data-Collector/Market-Data-Collector/src/MarketDataCollector.Contracts/MarketDataCollector.Contracts.csproj]
/home/runner/work/Market-Data-Collector/Market-Data-Collector/src/MarketDataCollector.Contracts/Configuration/AppConfigDto.cs(365,17): warning CS1591: Missing XML comment for publicly visible type or member 'IBOptionsDto.SubscribeDepth' [/home/runner/work/Market-Data-Collector/Market-Data-Collector/src/MarketDataCollector.Contracts/MarketDataCollector.Contracts.csproj]
/home/runner/work/Market-Data-Collector/Market-Data-Collector/src/MarketDataCollector.Contracts/Configuration/AppConfigDto.cs(368,16): warning CS1591: Missing XML comment for publicly visible type or member 'IBOptionsDto.DepthLevels' [/home/runner/work/Market-Data-Collector/Market-Data-Collector/src/MarketDataCollector.Contracts/MarketDataCollector.Contracts.csproj]
/home/runner/work/Market-Data-Collector/Market-Data-Collector/src/MarketDataCollector.Contracts/Configuration/AppConfigDto.cs(371,17): warning CS1591: Missing XML comment for publicly visible type or member 'IBOptionsDto.TickByTick' [/home/runner/work/Market-Data-Collector/Market-Data-Collector/src/MarketDataCollector.Contracts/MarketDataCollector.Contracts.csproj]
/home/runner/work/Market-Data-Collector/Market-Data-Collector/src/MarketDataCollector.Contracts/Configuration/AppConfigDto.cs(380,30): warning CS1591: Missing XML comment for publicly visible type or member 'SymbolGroupsConfigDto.Groups' [/home/runner/work/Market-Data-Collector/Market-Data-Collector/src/MarketDataCollector.Contracts/MarketDataCollector.Contracts.csproj]
/home/runner/work/Market-Data-Collector/Market-Data-Collector/src/MarketDataCollector.Contracts/Configuration/AppConfigDto.cs(383,20): warning CS1591: Missing XML comment for publicly visible type or member 'SymbolGroupsConfigDto.DefaultGroupId' [/home/runner/work/Market-Data-Collector/Market-Data-Collector/src/MarketDataCollector.Contracts/MarketDataCollector.Contracts.csproj]
/home/runner/work/Market-Data-Collector/Market-Data-Collector/src/MarketDataCollector.Contracts/Configuration/AppConfigDto.cs(386,17): warning CS1591: Missing XML comment for publicly visible type or member 'SymbolGroupsConfigDto.ShowUngroupedSymbols' [/home/runner/work/Market-Data-Collector/Market-Data-Collector/src/MarketDataCollector.Contracts/MarketDataCollector.Contracts.csproj]
/home/runner/work/Market-Data-Collector/Market-Data-Collector/src/MarketDataCollector.Contracts/Configuration/AppConfigDto.cs(389,19): warning CS1591: Missing XML comment for publicly visible type or member 'SymbolGroupsConfigDto.SortBy' [/home/runner/work/Market-Data-Collector/Market-Data-Collector/src/MarketDataCollector.Contracts/MarketDataCollector.Contracts.csproj]
/home/runner/work/Market-Data-Collector/Market-Data-Collector/src/MarketDataCollector.Contracts/Configuration/AppConfigDto.cs(392,19): warning CS1591: Missing XML comment for publicly visible type or member 'SymbolGroupsConfigDto.ViewMode' [/home/runner/work/Market-Data-Collector/Market-Data-Collector/src/MarketDataCollector.Contracts/MarketDataCollector.Contracts.csproj]
/home/runner/work/Market-Data-Collector/Market-Data-Collector/src/MarketDataCollector.Contracts/Configuration/AppConfigDto.cs(401,19): warning CS1591: Missing XML comment for publicly visible type or member 'SymbolGroupDto.Id' [/home/runner/work/Market-Data-Collector/Market-Data-Collector/src/MarketDataCollector.Contracts/MarketDataCollector.Contracts.csproj]
/home/runner/work/Market-Data-Collector/Market-Data-Collector/src/MarketDataCollector.Contracts/Configuration/AppConfigDto.cs(404,19): warning CS1591: Missing XML comment for publicly visible type or member 'SymbolGroupDto.Name' [/home/runner/work/Market-Data-Collector/Market-Data-Collector/src/MarketDataCollector.Contracts/MarketDataCollector.Contracts.csproj]
/home/runner/work/Market-Data-Collector/Market-Data-Collector/src/MarketDataCollector.Contracts/Configuration/AppConfigDto.cs(407,20): warning CS1591: Missing XML comment for publicly visible type or member 'SymbolGroupDto.Description' [/home/runner/work/Market-Data-Collector/Market-Data-Collector/src/MarketDataCollector.Contracts/MarketDataCollector.Contracts.csproj]
/home/runner/work/Market-Data-Collector/Market-Data-Collector/src/MarketDataCollector.Contracts/Configuration/AppConfigDto.cs(410,19): warning CS1591: Missing XML comment for publicly visible type or member 'SymbolGroupDto.Color' [/home/runner/work/Market-Data-Collector/Market-Data-Collector/src/MarketDataCollector.Contracts/MarketDataCollector.Contracts.csproj]
/home/runner/work/Market-Data-Collector/Market-Data-Collector/src/MarketDataCollector.Contracts/Configuration/AppConfigDto.cs(413,19): warning CS1591: Missing XML comment for publicly visible type or member 'SymbolGroupDto.Icon' [/home/runner/work/Market-Data-Collector/Market-Data-Collector/src/MarketDataCollector.Contracts/MarketDataCollector.Contracts.csproj]
/home/runner/work/Market-Data-Collector/Market-Data-Collector/src/MarketDataCollector.Contracts/Configuration/AppConfigDto.cs(416,21): warning CS1591: Missing XML comment for publicly visible type or member 'SymbolGroupDto.Symbols' [/home/runner/work/Market-Data-Collector/Market-Data-Collector/src/MarketDataCollector.Contracts/MarketDataCollector.Contracts.csproj]
/home/runner/work/Market-Data-Collector/Market-Data-Collector/src/MarketDataCollector.Contracts/Configuration/AppConfigDto.cs(419,17): warning CS1591: Missing XML comment for publicly visible type or member 'SymbolGroupDto.IsExpanded' [/home/runner/work/Market-Data-Collector/Market-Data-Collector/src/MarketDataCollector.Contracts/MarketDataCollector.Contracts.csproj]
/home/runner/work/Market-Data-Collector/Market-Data-Collector/src/MarketDataCollector.Contracts/Configuration/AppConfigDto.cs(422,16): warning CS1591: Missing XML comment for publicly visible type or member 'SymbolGroupDto.SortOrder' [/home/runner/work/Market-Data-Collector/Market-Data-Collector/src/MarketDataCollector.Contracts/MarketDataCollector.Contracts.csproj]
/home/runner/work/Market-Data-Collector/Market-Data-Collector/src/MarketDataCollector.Contracts/Configuration/AppConfigDto.cs(425,21): warning CS1591: Missing XML comment for publicly visible type or member 'SymbolGroupDto.CreatedAt' [/home/runner/work/Market-Data-Collector/Market-Data-Collector/src/MarketDataCollector.Contracts/MarketDataCollector.Contracts.csproj]
/home/runner/work/Market-Data-Collector/Market-Data-Collector/src/MarketDataCollector.Contracts/Configuration/AppConfigDto.cs(428,21): warning CS1591: Missing XML comment for publicly visible type or member 'SymbolGroupDto.UpdatedAt' [/home/runner/work/Market-Data-Collector/Market-Data-Collector/src/MarketDataCollector.Contracts/MarketDataCollector.Contracts.csproj]
/home/runner/work/Market-Data-Collector/Market-Data-Collector/src/MarketDataCollector.Contracts/Configuration/AppConfigDto.cs(431,22): warning CS1591: Missing XML comment for publicly visible type or member 'SymbolGroupDto.Tags' [/home/runner/work/Market-Data-Collector/Market-Data-Collector/src/MarketDataCollector.Contracts/MarketDataCollector.Contracts.csproj]
/home/runner/work/Market-Data-Collector/Market-Data-Collector/src/MarketDataCollector.Contracts/Configuration/AppConfigDto.cs(434,35): warning CS1591: Missing XML comment for publicly visible type or member 'SymbolGroupDto.SmartCriteria' [/home/runner/work/Market-Data-Collector/Market-Data-Collector/src/MarketDataCollector.Contracts/MarketDataCollector.Contracts.csproj]
/home/runner/work/Market-Data-Collector/Market-Data-Collector/src/MarketDataCollector.Contracts/Configuration/AppConfigDto.cs(443,17): warning CS1591: Missing XML comment for publicly visible type or member 'SmartGroupCriteriaDto.IsSmartGroup' [/home/runner/work/Market-Data-Collector/Market-Data-Collector/src/MarketDataCollector.Contracts/MarketDataCollector.Contracts.csproj]
/home/runner/work/Market-Data-Collector/Market-Data-Collector/src/MarketDataCollector.Contracts/Configuration/AppConfigDto.cs(446,20): warning CS1591: Missing XML comment for publicly visible type or member 'SmartGroupCriteriaDto.SectorFilter' [/home/runner/work/Market-Data-Collector/Market-Data-Collector/src/MarketDataCollector.Contracts/MarketDataCollector.Contracts.csproj]
/home/runner/work/Market-Data-Collector/Market-Data-Collector/src/MarketDataCollector.Contracts/Configuration/AppConfigDto.cs(449,20): warning CS1591: Missing XML comment for publicly visible type or member 'SmartGroupCriteriaDto.IndustryFilter' [/home/runner/work/Market-Data-Collector/Market-Data-Collector/src/MarketDataCollector.Contracts/MarketDataCollector.Contracts.csproj]
/home/runner/work/Market-Data-Collector/Market-Data-Collector/src/MarketDataCollector.Contracts/Configuration/AppConfigDto.cs(452,20): warning CS1591: Missing XML comment for publicly visible type or member 'SmartGroupCriteriaDto.ExchangeFilter' [/home/runner/work/Market-Data-Collector/Market-Data-Collector/src/MarketDataCollector.Contracts/MarketDataCollector.Contracts.csproj]
/home/runner/work/Market-Data-Collector/Market-Data-Collector/src/MarketDataCollector.Contracts/Configuration/AppConfigDto.cs(455,21): warning CS1591: Missing XML comment for publicly visible type or member 'SmartGroupCriteriaDto.MinPrice' [/home/runner/work/Market-Data-Collector/Market-Data-Collector/src/MarketDataCollector.Contracts/MarketDataCollector.Contracts.csproj]
/home/runner/work/Market-Data-Collector/Market-Data-Collector/src/MarketDataCollector.Contracts/Configuration/AppConfigDto.cs(458,21): warning CS1591: Missing XML comment for publicly visible type or member 'SmartGroupCriteriaDto.MaxPrice' [/home/runner/work/Market-Data-Collector/Market-Data-Collector/src/MarketDataCollector.Contracts/MarketDataCollector.Contracts.csproj]
/home/runner/work/Market-Data-Collector/Market-Data-Collector/src/MarketDataCollector.Contracts/Configuration/AppConfigDto.cs(461,22): warning CS1591: Missing XML comment for publicly visible type or member 'SmartGroupCriteriaDto.TagsFilter' [/home/runner/work/Market-Data-Collector/Market-Data-Collector/src/MarketDataCollector.Contracts/MarketDataCollector.Contracts.csproj]
/home/runner/work/Market-Data-Collector/Market-Data-Collector/src/MarketDataCollector.Contracts/Configuration/AppConfigDto.cs(470,22): warning CS1591: Missing XML comment for publicly visible type or member 'ExtendedSymbolConfigDto.GroupIds' [/home/runner/work/Market-Data-Collector/Market-Data-Collector/src/MarketDataCollector.Contracts/MarketDataCollector.Contracts.csproj]
/home/runner/work/Market-Data-Collector/Market-Data-Collector/src/MarketDataCollector.Contracts/Configuration/AppConfigDto.cs(473,22): warning CS1591: Missing XML comment for publicly visible type or member 'ExtendedSymbolConfigDto.Tags' [/home/runner/work/Market-Data-Collector/Market-Data-Collector/src/MarketDataCollector.Contracts/MarketDataCollector.Contracts.csproj]
/home/runner/work/Market-Data-Collector/Market-Data-Collector/src/MarketDataCollector.Contracts/Configuration/AppConfigDto.cs(476,20): warning CS1591: Missing XML comment for publicly visible type or member 'ExtendedSymbolConfigDto.Notes' [/home/runner/work/Market-Data-Collector/Market-Data-Collector/src/MarketDataCollector.Contracts/MarketDataCollector.Contracts.csproj]
/home/runner/work/Market-Data-Collector/Market-Data-Collector/src/MarketDataCollector.Contracts/Configuration/AppConfigDto.cs(479,21): warning CS1591: Missing XML comment for publicly visible type or member 'ExtendedSymbolConfigDto.AddedAt' [/home/runner/work/Market-Data-Collector/Market-Data-Collector/src/MarketDataCollector.Contracts/MarketDataCollector.Contracts.csproj]
/home/runner/work/Market-Data-Collector/Market-Data-Collector/src/MarketDataCollector.Contracts/Configuration/AppConfigDto.cs(482,21): warning CS1591: Missing XML comment for publicly visible type or member 'ExtendedSymbolConfigDto.LastModified' [/home/runner/work/Market-Data-Collector/Market-Data-Collector/src/MarketDataCollector.Contracts/MarketDataCollector.Contracts.csproj]
/home/runner/work/Market-Data-Collector/Market-Data-Collector/src/MarketDataCollector.Contracts/Configuration/AppConfigDto.cs(485,17): warning CS1591: Missing XML comment for publicly visible type or member 'ExtendedSymbolConfigDto.IsFavorite' [/home/runner/work/Market-Data-Collector/Market-Data-Collector/src/MarketDataCollector.Contracts/MarketDataCollector.Contracts.csproj]
/home/runner/work/Market-Data-Collector/Market-Data-Collector/src/MarketDataCollector.Contracts/Configuration/AppConfigDto.cs(488,20): warning CS1591: Missing XML comment for publicly visible type or member 'ExtendedSymbolConfigDto.CustomColor' [/home/runner/work/Market-Data-Collector/Market-Data-Collector/src/MarketDataCollector.Contracts/MarketDataCollector.Contracts.csproj]
/home/runner/work/Market-Data-Collector/Market-Data-Collector/src/MarketDataCollector.Contracts/Configuration/AppConfigDto.cs(497,19): warning CS1591: Missing XML comment for publicly visible type or member 'AppSettingsDto.Theme' [/home/runner/work/Market-Data-Collector/Market-Data-Collector/src/MarketDataCollector.Contracts/MarketDataCollector.Contracts.csproj]
/home/runner/work/Market-Data-Collector/Market-Data-Collector/src/MarketDataCollector.Contracts/Configuration/AppConfigDto.cs(500,19): warning CS1591: Missing XML comment for publicly visible type or member 'AppSettingsDto.AccentColor' [/home/runner/work/Market-Data-Collector/Market-Data-Collector/src/MarketDataCollector.Contracts/MarketDataCollector.Contracts.csproj]
/home/runner/work/Market-Data-Collector/Market-Data-Collector/src/MarketDataCollector.Contracts/Configuration/AppConfigDto.cs(503,17): warning CS1591: Missing XML comment for publicly visible type or member 'AppSettingsDto.CompactMode' [/home/runner/work/Market-Data-Collector/Market-Data-Collector/src/MarketDataCollector.Contracts/MarketDataCollector.Contracts.csproj]
/home/runner/work/Market-Data-Collector/Market-Data-Collector/src/MarketDataCollector.Contracts/Configuration/AppConfigDto.cs(506,17): warning CS1591: Missing XML comment for publicly visible type or member 'AppSettingsDto.NotificationsEnabled' [/home/runner/work/Market-Data-Collector/Market-Data-Collector/src/MarketDataCollector.Contracts/MarketDataCollector.Contracts.csproj]
/home/runner/work/Market-Data-Collector/Market-Data-Collector/src/MarketDataCollector.Contracts/Configuration/AppConfigDto.cs(509,17): warning CS1591: Missing XML comment for publicly visible type or member 'AppSettingsDto.AutoReconnectEnabled' [/home/runner/work/Market-Data-Collector/Market-Data-Collector/src/MarketDataCollector.Contracts/MarketDataCollector.Contracts.csproj]
/home/runner/work/Market-Data-Collector/Market-Data-Collector/src/MarketDataCollector.Contracts/Configuration/AppConfigDto.cs(512,16): warning CS1591: Missing XML comment for publicly visible type or member 'AppSettingsDto.MaxReconnectAttempts' [/home/runner/work/Market-Data-Collector/Market-Data-Collector/src/MarketDataCollector.Contracts/MarketDataCollector.Contracts.csproj]
/home/runner/work/Market-Data-Collector/Market-Data-Collector/src/MarketDataCollector.Contracts/Configuration/AppConfigDto.cs(515,16): warning CS1591: Missing XML comment for publicly visible type or member 'AppSettingsDto.StatusRefreshIntervalSeconds' [/home/runner/work/Market-Data-Collector/Market-Data-Collector/src/MarketDataCollector.Contracts/MarketDataCollector.Contracts.csproj]
/home/runner/work/Market-Data-Collector/Market-Data-Collector/src/MarketDataCollector.Contracts/Credentials/CredentialModels.cs(68,19): warning CS1591: Missing XML comment for publicly visible type or member 'CredentialInfo.Name' [/home/runner/work/Market-Data-Collector/Market-Data-Collector/src/MarketDataCollector.Contracts/MarketDataCollector.Contracts.csproj]
/home/runner/work/Market-Data-Collector/Market-Data-Collector/src/MarketDataCollector.Contracts/Credentials/CredentialModels.cs(71,19): warning CS1591: Missing XML comment for publicly visible type or member 'CredentialInfo.Resource' [/home/runner/work/Market-Data-Collector/Market-Data-Collector/src/MarketDataCollector.Contracts/MarketDataCollector.Contracts.csproj]
/home/runner/work/Market-Data-Collector/Market-Data-Collector/src/MarketDataCollector.Contracts/Credentials/CredentialModels.cs(74,19): warning CS1591: Missing XML comment for publicly visible type or member 'CredentialInfo.Status' [/home/runner/work/Market-Data-Collector/Market-Data-Collector/src/MarketDataCollector.Contracts/MarketDataCollector.Contracts.csproj]
/home/runner/work/Market-Data-Collector/Market-Data-Collector/src/MarketDataCollector.Contracts/Credentials/CredentialModels.cs(77,27): warning CS1591: Missing XML comment for publicly visible type or member 'CredentialInfo.CredentialType' [/home/runner/work/Market-Data-Collector/Market-Data-Collector/src/MarketDataCollector.Contracts/MarketDataCollector.Contracts.csproj]
/home/runner/work/Market-Data-Collector/Market-Data-Collector/src/MarketDataCollector.Contracts/Credentials/CredentialModels.cs(80,22): warning CS1591: Missing XML comment for publicly visible type or member 'CredentialInfo.ExpiresAt' [/home/runner/work/Market-Data-Collector/Market-Data-Collector/src/MarketDataCollector.Contracts/MarketDataCollector.Contracts.csproj]
/home/runner/work/Market-Data-Collector/Market-Data-Collector/src/MarketDataCollector.Contracts/Credentials/CredentialModels.cs(83,22): warning CS1591: Missing XML comment for publicly visible type or member 'CredentialInfo.LastAuthenticatedAt' [/home/runner/work/Market-Data-Collector/Market-Data-Collector/src/MarketDataCollector.Contracts/MarketDataCollector.Contracts.csproj]
/home/runner/work/Market-Data-Collector/Market-Data-Collector/src/MarketDataCollector.Contracts/Credentials/CredentialModels.cs(86,22): warning CS1591: Missing XML comment for publicly visible type or member 'CredentialInfo.LastTestedAt' [/home/runner/work/Market-Data-Collector/Market-Data-Collector/src/MarketDataCollector.Contracts/MarketDataCollector.Contracts.csproj]
/home/runner/work/Market-Data-Collector/Market-Data-Collector/src/MarketDataCollector.Contracts/Credentials/CredentialModels.cs(89,33): warning CS1591: Missing XML comment for publicly visible type or member 'CredentialInfo.TestStatus' [/home/runner/work/Market-Data-Collector/Market-Data-Collector/src/MarketDataCollector.Contracts/MarketDataCollector.Contracts.csproj]
/home/runner/work/Market-Data-Collector/Market-Data-Collector/src/MarketDataCollector.Contracts/Credentials/CredentialModels.cs(92,17): warning CS1591: Missing XML comment for publicly visible type or member 'CredentialInfo.IsExpiringSoon' [/home/runner/work/Market-Data-Collector/Market-Data-Collector/src/MarketDataCollector.Contracts/MarketDataCollector.Contracts.csproj]
/home/runner/work/Market-Data-Collector/Market-Data-Collector/src/MarketDataCollector.Contracts/Credentials/CredentialModels.cs(97,17): warning CS1591: Missing XML comment for publicly visible type or member 'CredentialInfo.IsExpired' [/home/runner/work/Market-Data-Collector/Market-Data-Collector/src/MarketDataCollector.Contracts/MarketDataCollector.Contracts.csproj]
/home/runner/work/Market-Data-Collector/Market-Data-Collector/src/MarketDataCollector.Contracts/Credentials/CredentialModels.cs(100,17): warning CS1591: Missing XML comment for publicly visible type or member 'CredentialInfo.CanAutoRefresh' [/home/runner/work/Market-Data-Collector/Market-Data-Collector/src/MarketDataCollector.Contracts/MarketDataCollector.Contracts.csproj]
/home/runner/work/Market-Data-Collector/Market-Data-Collector/src/MarketDataCollector.Contracts/Credentials/CredentialModels.cs(103,20): warning CS1591: Missing XML comment for publicly visible type or member 'CredentialInfo.RefreshToken' [/home/runner/work/Market-Data-Collector/Market-Data-Collector/src/MarketDataCollector.Contracts/MarketDataCollector.Contracts.csproj]
/home/runner/work/Market-Data-Collector/Market-Data-Collector/src/MarketDataCollector.Contracts/Credentials/CredentialModels.cs(161,17): warning CS1591: Missing XML comment for publicly visible type or member 'CredentialTestResult.Success' [/home/runner/work/Market-Data-Collector/Market-Data-Collector/src/MarketDataCollector.Contracts/MarketDataCollector.Contracts.csproj]
/home/runner/work/Market-Data-Collector/Market-Data-Collector/src/MarketDataCollector.Contracts/Credentials/CredentialModels.cs(164,19): warning CS1591: Missing XML comment for publicly visible type or member 'CredentialTestResult.Message' [/home/runner/work/Market-Data-Collector/Market-Data-Collector/src/MarketDataCollector.Contracts/MarketDataCollector.Contracts.csproj]
/home/runner/work/Market-Data-Collector/Market-Data-Collector/src/MarketDataCollector.Contracts/Credentials/CredentialModels.cs(167,21): warning CS1591: Missing XML comment for publicly visible type or member 'CredentialTestResult.TestedAt' [/home/runner/work/Market-Data-Collector/Market-Data-Collector/src/MarketDataCollector.Contracts/MarketDataCollector.Contracts.csproj]
/home/runner/work/Market-Data-Collector/Market-Data-Collector/src/MarketDataCollector.Contracts/Credentials/CredentialModels.cs(170,17): warning CS1591: Missing XML comment for publicly visible type or member 'CredentialTestResult.ResponseTimeMs' [/home/runner/work/Market-Data-Collector/Market-Data-Collector/src/MarketDataCollector.Contracts/MarketDataCollector.Contracts.csproj]
/home/runner/work/Market-Data-Collector/Market-Data-Collector/src/MarketDataCollector.Contracts/Credentials/CredentialModels.cs(173,20): warning CS1591: Missing XML comment for publicly visible type or member 'CredentialTestResult.ServerInfo' [/home/runner/work/Market-Data-Collector/Market-Data-Collector/src/MarketDataCollector.Contracts/MarketDataCollector.Contracts.csproj]
/home/runner/work/Market-Data-Collector/Market-Data-Collector/src/MarketDataCollector.Contracts/Credentials/CredentialModels.cs(176,22): warning CS1591: Missing XML comment for publicly visible type or member 'CredentialTestResult.ExpiresAt' [/home/runner/work/Market-Data-Collector/Market-Data-Collector/src/MarketDataCollector.Contracts/MarketDataCollector.Contracts.csproj]
/home/runner/work/Market-Data-Collector/Market-Data-Collector/src/MarketDataCollector.Contracts/Credentials/CredentialModels.cs(179,22): warning CS1591: Missing XML comment for publicly visible type or member 'CredentialTestResult.Scopes' [/home/runner/work/Market-Data-Collector/Market-Data-Collector/src/MarketDataCollector.Contracts/MarketDataCollector.Contracts.csproj]
/home/runner/work/Market-Data-Collector/Market-Data-Collector/src/MarketDataCollector.Contracts/Credentials/CredentialModels.cs(213,19): warning CS1591: Missing XML comment for publicly visible type or member 'CredentialMetadata.Resource' [/home/runner/work/Market-Data-Collector/Market-Data-Collector/src/MarketDataCollector.Contracts/MarketDataCollector.Contracts.csproj]
/home/runner/work/Market-Data-Collector/Market-Data-Collector/src/MarketDataCollector.Contracts/Credentials/CredentialModels.cs(216,27): warning CS1591: Missing XML comment for publicly visible type or member 'CredentialMetadata.CredentialType' [/home/runner/work/Market-Data-Collector/Market-Data-Collector/src/MarketDataCollector.Contracts/MarketDataCollector.Contracts.csproj]
/home/runner/work/Market-Data-Collector/Market-Data-Collector/src/MarketDataCollector.Contracts/Credentials/CredentialModels.cs(219,21): warning CS1591: Missing XML comment for publicly visible type or member 'CredentialMetadata.CreatedAt' [/home/runner/work/Market-Data-Collector/Market-Data-Collector/src/MarketDataCollector.Contracts/MarketDataCollector.Contracts.csproj]
/home/runner/work/Market-Data-Collector/Market-Data-Collector/src/MarketDataCollector.Contracts/Credentials/CredentialModels.cs(222,22): warning CS1591: Missing XML comment for publicly visible type or member 'CredentialMetadata.ExpiresAt' [/home/runner/work/Market-Data-Collector/Market-Data-Collector/src/MarketDataCollector.Contracts/MarketDataCollector.Contracts.csproj]
/home/runner/work/Market-Data-Collector/Market-Data-Collector/src/MarketDataCollector.Contracts/Credentials/CredentialModels.cs(225,22): warning CS1591: Missing XML comment for publicly visible type or member 'CredentialMetadata.LastAuthenticatedAt' [/home/runner/work/Market-Data-Collector/Market-Data-Collector/src/MarketDataCollector.Contracts/MarketDataCollector.Contracts.csproj]
/home/runner/work/Market-Data-Collector/Market-Data-Collector/src/MarketDataCollector.Contracts/Credentials/CredentialModels.cs(228,22): warning CS1591: Missing XML comment for publicly visible type or member 'CredentialMetadata.LastTestedAt' [/home/runner/work/Market-Data-Collector/Market-Data-Collector/src/MarketDataCollector.Contracts/MarketDataCollector.Contracts.csproj]
/home/runner/work/Market-Data-Collector/Market-Data-Collector/src/MarketDataCollector.Contracts/Credentials/CredentialModels.cs(231,33): warning CS1591: Missing XML comment for publicly visible type or member 'CredentialMetadata.TestStatus' [/home/runner/work/Market-Data-Collector/Market-Data-Collector/src/MarketDataCollector.Contracts/MarketDataCollector.Contracts.csproj]
/home/runner/work/Market-Data-Collector/Market-Data-Collector/src/MarketDataCollector.Contracts/Credentials/CredentialModels.cs(234,20): warning CS1591: Missing XML comment for publicly visible type or member 'CredentialMetadata.RefreshToken' [/home/runner/work/Market-Data-Collector/Market-Data-Collector/src/MarketDataCollector.Contracts/MarketDataCollector.Contracts.csproj]
/home/runner/work/Market-Data-Collector/Market-Data-Collector/src/MarketDataCollector.Contracts/Credentials/CredentialModels.cs(237,20): warning CS1591: Missing XML comment for publicly visible type or member 'CredentialMetadata.TokenEndpoint' [/home/runner/work/Market-Data-Collector/Market-Data-Collector/src/MarketDataCollector.Contracts/MarketDataCollector.Contracts.csproj]
/home/runner/work/Market-Data-Collector/Market-Data-Collector/src/MarketDataCollector.Contracts/Credentials/CredentialModels.cs(240,20): warning CS1591: Missing XML comment for publicly visible type or member 'CredentialMetadata.ClientId' [/home/runner/work/Market-Data-Collector/Market-Data-Collector/src/MarketDataCollector.Contracts/MarketDataCollector.Contracts.csproj]
/home/runner/work/Market-Data-Collector/Market-Data-Collector/src/MarketDataCollector.Contracts/Credentials/CredentialModels.cs(243,17): warning CS1591: Missing XML comment for publicly visible type or member 'CredentialMetadata.AutoRefreshEnabled' [/home/runner/work/Market-Data-Collector/Market-Data-Collector/src/MarketDataCollector.Contracts/MarketDataCollector.Contracts.csproj]
/home/runner/work/Market-Data-Collector/Market-Data-Collector/src/MarketDataCollector.Contracts/Credentials/CredentialModels.cs(246,22): warning CS1591: Missing XML comment for publicly visible type or member 'CredentialMetadata.LastRefreshAttemptAt' [/home/runner/work/Market-Data-Collector/Market-Data-Collector/src/MarketDataCollector.Contracts/MarketDataCollector.Contracts.csproj]
/home/runner/work/Market-Data-Collector/Market-Data-Collector/src/MarketDataCollector.Contracts/Credentials/CredentialModels.cs(249,16): warning CS1591: Missing XML comment for publicly visible type or member 'CredentialMetadata.RefreshFailureCount' [/home/runner/work/Market-Data-Collector/Market-Data-Collector/src/MarketDataCollector.Contracts/MarketDataCollector.Contracts.csproj]
/home/runner/work/Market-Data-Collector/Market-Data-Collector/src/MarketDataCollector.Contracts/Credentials/CredentialModels.cs(258,19): warning CS1591: Missing XML comment for publicly visible type or member 'OAuthTokenResponse.AccessToken' [/home/runner/work/Market-Data-Collector/Market-Data-Collector/src/MarketDataCollector.Contracts/MarketDataCollector.Contracts.csproj]
/home/runner/work/Market-Data-Collector/Market-Data-Collector/src/MarketDataCollector.Contracts/Credentials/CredentialModels.cs(261,19): warning CS1591: Missing XML comment for publicly visible type or member 'OAuthTokenResponse.TokenType' [/home/runner/work/Market-Data-Collector/Market-Data-Collector/src/MarketDataCollector.Contracts/MarketDataCollector.Contracts.csproj]
/home/runner/work/Market-Data-Collector/Market-Data-Collector/src/MarketDataCollector.Contracts/Credentials/CredentialModels.cs(264,16): warning CS1591: Missing XML comment for publicly visible type or member 'OAuthTokenResponse.ExpiresInSeconds' [/home/runner/work/Market-Data-Collector/Market-Data-Collector/src/MarketDataCollector.Contracts/MarketDataCollector.Contracts.csproj]
/home/runner/work/Market-Data-Collector/Market-Data-Collector/src/MarketDataCollector.Contracts/Credentials/CredentialModels.cs(267,20): warning CS1591: Missing XML comment for publicly visible type or member 'OAuthTokenResponse.RefreshToken' [/home/runner/work/Market-Data-Collector/Market-Data-Collector/src/MarketDataCollector.Contracts/MarketDataCollector.Contracts.csproj]
/home/runner/work/Market-Data-Collector/Market-Data-Collector/src/MarketDataCollector.Contracts/Credentials/CredentialModels.cs(270,20): warning CS1591: Missing XML comment for publicly visible type or member 'OAuthTokenResponse.Scope' [/home/runner/work/Market-Data-Collector/Market-Data-Collector/src/MarketDataCollector.Contracts/MarketDataCollector.Contracts.csproj]
/home/runner/work/Market-Data-Collector/Market-Data-Collector/src/MarketDataCollector.Contracts/Credentials/CredentialModels.cs(287,19): warning CS1591: Missing XML comment for publicly visible type or member 'OAuthProviderConfig.ProviderId' [/home/runner/work/Market-Data-Collector/Market-Data-Collector/src/MarketDataCollector.Contracts/MarketDataCollector.Contracts.csproj]
/home/runner/work/Market-Data-Collector/Market-Data-Collector/src/MarketDataCollector.Contracts/Credentials/CredentialModels.cs(290,19): warning CS1591: Missing XML comment for publicly visible type or member 'OAuthProviderConfig.DisplayName' [/home/runner/work/Market-Data-Collector/Market-Data-Collector/src/MarketDataCollector.Contracts/MarketDataCollector.Contracts.csproj]
/home/runner/work/Market-Data-Collector/Market-Data-Collector/src/MarketDataCollector.Contracts/Credentials/CredentialModels.cs(293,19): warning CS1591: Missing XML comment for publicly visible type or member 'OAuthProviderConfig.TokenEndpoint' [/home/runner/work/Market-Data-Collector/Market-Data-Collector/src/MarketDataCollector.Contracts/MarketDataCollector.Contracts.csproj]
/home/runner/work/Market-Data-Collector/Market-Data-Collector/src/MarketDataCollector.Contracts/Credentials/CredentialModels.cs(296,19): warning CS1591: Missing XML comment for publicly visible type or member 'OAuthProviderConfig.ClientId' [/home/runner/work/Market-Data-Collector/Market-Data-Collector/src/MarketDataCollector.Contracts/MarketDataCollector.Contracts.csproj]
/home/runner/work/Market-Data-Collector/Market-Data-Collector/src/MarketDataCollector.Contracts/Credentials/CredentialModels.cs(299,20): warning CS1591: Missing XML comment for publicly visible type or member 'OAuthProviderConfig.ClientSecret' [/home/runner/work/Market-Data-Collector/Market-Data-Collector/src/MarketDataCollector.Contracts/MarketDataCollector.Contracts.csproj]
/home/runner/work/Market-Data-Collector/Market-Data-Collector/src/MarketDataCollector.Contracts/Credentials/CredentialModels.cs(302,22): warning CS1591: Missing XML comment for publicly visible type or member 'OAuthProviderConfig.Scopes' [/home/runner/work/Market-Data-Collector/Market-Data-Collector/src/MarketDataCollector.Contracts/MarketDataCollector.Contracts.csproj]
/home/runner/work/Market-Data-Collector/Market-Data-Collector/src/MarketDataCollector.Contracts/Credentials/CredentialModels.cs(305,16): warning CS1591: Missing XML comment for publicly visible type or member 'OAuthProviderConfig.AutoRefreshThresholdMinutes' [/home/runner/work/Market-Data-Collector/Market-Data-Collector/src/MarketDataCollector.Contracts/MarketDataCollector.Contracts.csproj]
/home/runner/work/Market-Data-Collector/Market-Data-Collector/src/MarketDataCollector/Domain/Collectors/TradeDataCollector.cs(162,17): warning CS8602: Dereference of a possibly null reference. [/home/runner/work/Market-Data-Collector/Market-Data-Collector/src/MarketDataCollector/MarketDataCollector.csproj]
/home/runner/work/Market-Data-Collector/Market-Data-Collector/src/MarketDataCollector/Storage/Sinks/ParquetStorageSink.cs(181,44): warning CS8600: Converting null literal or possible null value to non-nullable type. [/home/runner/work/Market-Data-Collector/Market-Data-Collector/src/MarketDataCollector/MarketDataCollector.csproj]
/home/runner/work/Market-Data-Collector/Market-Data-Collector/src/MarketDataCollector/Storage/Sinks/ParquetStorageSink.cs(191,108): warning CS8602: Dereference of a possibly null reference. [/home/runner/work/Market-Data-Collector/Market-Data-Collector/src/MarketDataCollector/MarketDataCollector.csproj]
/home/runner/work/Market-Data-Collector/Market-Data-Collector/src/MarketDataCollector/Storage/Sinks/ParquetStorageSink.cs(192,108): warning CS8602: Dereference of a possibly null reference. [/home/runner/work/Market-Data-Collector/Market-Data-Collector/src/MarketDataCollector/MarketDataCollector.csproj]
/home/runner/work/Market-Data-Collector/Market-Data-Collector/src/MarketDataCollector/Storage/Sinks/ParquetStorageSink.cs(193,108): warning CS8602: Dereference of a possibly null reference. [/home/runner/work/Market-Data-Collector/Market-Data-Collector/src/MarketDataCollector/MarketDataCollector.csproj]
/home/runner/work/Market-Data-Collector/Market-Data-Collector/src/MarketDataCollector/Storage/Sinks/ParquetStorageSink.cs(194,108): warning CS8602: Dereference of a possibly null reference. [/home/runner/work/Market-Data-Collector/Market-Data-Collector/src/MarketDataCollector/MarketDataCollector.csproj]
/home/runner/work/Market-Data-Collector/Market-Data-Collector/src/MarketDataCollector/Storage/Sinks/ParquetStorageSink.cs(195,108): warning CS8602: Dereference of a possibly null reference. [/home/runner/work/Market-Data-Collector/Market-Data-Collector/src/MarketDataCollector/MarketDataCollector.csproj]
/home/runner/work/Market-Data-Collector/Market-Data-Collector/src/MarketDataCollector/Storage/Sinks/ParquetStorageSink.cs(203,44): warning CS8600: Converting null literal or possible null value to non-nullable type. [/home/runner/work/Market-Data-Collector/Market-Data-Collector/src/MarketDataCollector/MarketDataCollector.csproj]
/home/runner/work/Market-Data-Collector/Market-Data-Collector/src/MarketDataCollector/Storage/Sinks/ParquetStorageSink.cs(213,108): warning CS8602: Dereference of a possibly null reference. [/home/runner/work/Market-Data-Collector/Market-Data-Collector/src/MarketDataCollector/MarketDataCollector.csproj]
/home/runner/work/Market-Data-Collector/Market-Data-Collector/src/MarketDataCollector/Storage/Sinks/ParquetStorageSink.cs(214,108): warning CS8602: Dereference of a possibly null reference. [/home/runner/work/Market-Data-Collector/Market-Data-Collector/src/MarketDataCollector/MarketDataCollector.csproj]
/home/runner/work/Market-Data-Collector/Market-Data-Collector/src/MarketDataCollector/Storage/Sinks/ParquetStorageSink.cs(215,108): warning CS8602: Dereference of a possibly null reference. [/home/runner/work/Market-Data-Collector/Market-Data-Collector/src/MarketDataCollector/MarketDataCollector.csproj]
/home/runner/work/Market-Data-Collector/Market-Data-Collector/src/MarketDataCollector/Storage/Sinks/ParquetStorageSink.cs(216,108): warning CS8602: Dereference of a possibly null reference. [/home/runner/work/Market-Data-Collector/Market-Data-Collector/src/MarketDataCollector/MarketDataCollector.csproj]
/home/runner/work/Market-Data-Collector/Market-Data-Collector/src/MarketDataCollector/Storage/Sinks/ParquetStorageSink.cs(217,108): warning CS8602: Dereference of a possibly null reference. [/home/runner/work/Market-Data-Collector/Market-Data-Collector/src/MarketDataCollector/MarketDataCollector.csproj]
/home/runner/work/Market-Data-Collector/Market-Data-Collector/src/MarketDataCollector/Storage/Sinks/ParquetStorageSink.cs(218,108): warning CS8602: Dereference of a possibly null reference. [/home/runner/work/Market-Data-Collector/Market-Data-Collector/src/MarketDataCollector/MarketDataCollector.csproj]
/home/runner/work/Market-Data-Collector/Market-Data-Collector/src/MarketDataCollector/Storage/Sinks/ParquetStorageSink.cs(265,42): warning CS8600: Converting null literal or possible null value to non-nullable type. [/home/runner/work/Market-Data-Collector/Market-Data-Collector/src/MarketDataCollector/MarketDataCollector.csproj]
/home/runner/work/Market-Data-Collector/Market-Data-Collector/src/MarketDataCollector/Storage/Sinks/ParquetStorageSink.cs(275,104): warning CS8602: Dereference of a possibly null reference. [/home/runner/work/Market-Data-Collector/Market-Data-Collector/src/MarketDataCollector/MarketDataCollector.csproj]
/home/runner/work/Market-Data-Collector/Market-Data-Collector/src/MarketDataCollector/Storage/Sinks/ParquetStorageSink.cs(276,104): warning CS8602: Dereference of a possibly null reference. [/home/runner/work/Market-Data-Collector/Market-Data-Collector/src/MarketDataCollector/MarketDataCollector.csproj]
/home/runner/work/Market-Data-Collector/Market-Data-Collector/src/MarketDataCollector/Storage/Sinks/ParquetStorageSink.cs(277,104): warning CS8602: Dereference of a possibly null reference. [/home/runner/work/Market-Data-Collector/Market-Data-Collector/src/MarketDataCollector/MarketDataCollector.csproj]
/home/runner/work/Market-Data-Collector/Market-Data-Collector/src/MarketDataCollector/Storage/Sinks/ParquetStorageSink.cs(278,104): warning CS8602: Dereference of a possibly null reference. [/home/runner/work/Market-Data-Collector/Market-Data-Collector/src/MarketDataCollector/MarketDataCollector.csproj]
/home/runner/work/Market-Data-Collector/Market-Data-Collector/src/MarketDataCollector/Storage/Sinks/ParquetStorageSink.cs(279,104): warning CS8602: Dereference of a possibly null reference. [/home/runner/work/Market-Data-Collector/Market-Data-Collector/src/MarketDataCollector/MarketDataCollector.csproj]
/home/runner/work/Market-Data-Collector/Market-Data-Collector/src/MarketDataCollector/Storage/Sinks/ParquetStorageSink.cs(280,104): warning CS8602: Dereference of a possibly null reference. [/home/runner/work/Market-Data-Collector/Market-Data-Collector/src/MarketDataCollector/MarketDataCollector.csproj]
    674 Warning(s)
    0 Error(s)

Time Elapsed 00:00:57.73
